================================================================================
TRAINING FOLD 0
================================================================================
📁 Using paths from config:
   Fold dir: /mnt/bigdata/capstone/brats_gnn_segmentation/data/cv_folds_v2
   Output dir: checkpoints/pos_weight_search/pw_4
Using device: cuda

Loading fold data...
Creating datasets...
📊 Dataset initialized: 61411 graphs from 720 patients
📊 Dataset initialized: 6819 graphs from 80 patients
📊 Dataset initialized: 17079 graphs from 200 patients

Dataset sizes:
  Train: 61411 graphs
  Val:   6819 graphs
  Test:  17079 graphs
  Input features: 15

Initializing model...
  Total parameters: 439,041
  torch.compile() enabled (default mode)
  Loss: BCE(pos_weight=4.0) + DiceLoss (0.5 + 0.5)

Starting training for 50 epochs...
================================================================================
Epoch 1/50 (24.7s)
  Train - Loss: 0.3988, Dice: 0.5825, Acc: 0.9459
  Val   - Loss: 0.2607, Dice: 0.8163, Acc: 0.9797
  ✓ Best model saved (Val Dice: 0.8163)
Epoch 2/50 (21.0s)
  Train - Loss: 0.1877, Dice: 0.8259, Acc: 0.9805
  Val   - Loss: 0.3682, Dice: 0.6433, Acc: 0.9454
Epoch 3/50 (21.1s)
  Train - Loss: 0.1563, Dice: 0.8566, Acc: 0.9840
  Val   - Loss: 0.2397, Dice: 0.8567, Acc: 0.9865
  ✓ Best model saved (Val Dice: 0.8567)
Epoch 4/50 (20.9s)
  Train - Loss: 0.1412, Dice: 0.8699, Acc: 0.9854
  Val   - Loss: 0.2317, Dice: 0.8554, Acc: 0.9840
Epoch 5/50 (20.8s)
  Train - Loss: 0.1343, Dice: 0.8767, Acc: 0.9862
  Val   - Loss: 0.2078, Dice: 0.8705, Acc: 0.9876
  ✓ Best model saved (Val Dice: 0.8705)
Epoch 6/50 (20.8s)
  Train - Loss: 0.1278, Dice: 0.8829, Acc: 0.9869
  Val   - Loss: 0.2168, Dice: 0.8752, Acc: 0.9873
  ✓ Best model saved (Val Dice: 0.8752)
Epoch 7/50 (21.2s)
  Train - Loss: 0.1227, Dice: 0.8872, Acc: 0.9874
  Val   - Loss: 0.1853, Dice: 0.8900, Acc: 0.9887
  ✓ Best model saved (Val Dice: 0.8900)
Epoch 8/50 (21.2s)
  Train - Loss: 0.1193, Dice: 0.8896, Acc: 0.9877
  Val   - Loss: 0.2235, Dice: 0.8515, Acc: 0.9832
Epoch 9/50 (20.8s)
  Train - Loss: 0.1161, Dice: 0.8932, Acc: 0.9881
  Val   - Loss: 0.2077, Dice: 0.8789, Acc: 0.9878
Epoch 10/50 (21.0s)
  Train - Loss: 0.1131, Dice: 0.8948, Acc: 0.9882
  Val   - Loss: 0.2061, Dice: 0.8839, Acc: 0.9881
Epoch 11/50 (20.9s)
  Train - Loss: 0.1110, Dice: 0.8969, Acc: 0.9885
  Val   - Loss: 0.1867, Dice: 0.8881, Acc: 0.9885
Epoch 12/50 (21.0s)
  Train - Loss: 0.1091, Dice: 0.8985, Acc: 0.9886
  Val   - Loss: 0.2354, Dice: 0.8529, Acc: 0.9836
Epoch 13/50 (21.1s)
  Train - Loss: 0.1060, Dice: 0.9009, Acc: 0.9889
  Val   - Loss: 0.1958, Dice: 0.8900, Acc: 0.9887
Epoch 14/50 (21.1s)
  Train - Loss: 0.1048, Dice: 0.9019, Acc: 0.9890
  Val   - Loss: 0.1855, Dice: 0.8909, Acc: 0.9889
  ✓ Best model saved (Val Dice: 0.8909)
Epoch 15/50 (21.1s)
  Train - Loss: 0.1028, Dice: 0.9035, Acc: 0.9892
  Val   - Loss: 0.1980, Dice: 0.8851, Acc: 0.9883
Epoch 16/50 (20.7s)
  Train - Loss: 0.1010, Dice: 0.9054, Acc: 0.9894
  Val   - Loss: 0.1998, Dice: 0.8794, Acc: 0.9880
Epoch 17/50 (20.8s)
  Train - Loss: 0.0993, Dice: 0.9066, Acc: 0.9895
  Val   - Loss: 0.2234, Dice: 0.8489, Acc: 0.9835
Epoch 18/50 (21.1s)
  Train - Loss: 0.0975, Dice: 0.9082, Acc: 0.9897
  Val   - Loss: 0.1765, Dice: 0.8880, Acc: 0.9884
Epoch 19/50 (21.2s)
  Train - Loss: 0.0963, Dice: 0.9093, Acc: 0.9899
  Val   - Loss: 0.1796, Dice: 0.8933, Acc: 0.9894
  ✓ Best model saved (Val Dice: 0.8933)
Epoch 20/50 (20.7s)
  Train - Loss: 0.0941, Dice: 0.9113, Acc: 0.9901
  Val   - Loss: 0.1784, Dice: 0.8889, Acc: 0.9888
Epoch 21/50 (21.0s)
  Train - Loss: 0.0930, Dice: 0.9118, Acc: 0.9901
  Val   - Loss: 0.1800, Dice: 0.8925, Acc: 0.9893
Epoch 22/50 (20.6s)
  Train - Loss: 0.0906, Dice: 0.9140, Acc: 0.9904
  Val   - Loss: 0.1824, Dice: 0.8890, Acc: 0.9889
Epoch 23/50 (21.1s)
  Train - Loss: 0.0897, Dice: 0.9143, Acc: 0.9904
  Val   - Loss: 0.1787, Dice: 0.8938, Acc: 0.9894
  ✓ Best model saved (Val Dice: 0.8938)
Epoch 24/50 (21.0s)
  Train - Loss: 0.0874, Dice: 0.9169, Acc: 0.9907
  Val   - Loss: 0.1799, Dice: 0.8841, Acc: 0.9878
Epoch 25/50 (21.3s)
  Train - Loss: 0.0862, Dice: 0.9173, Acc: 0.9907
  Val   - Loss: 0.1797, Dice: 0.8892, Acc: 0.9890
Epoch 26/50 (21.1s)
  Train - Loss: 0.0845, Dice: 0.9194, Acc: 0.9910
  Val   - Loss: 0.1771, Dice: 0.8916, Acc: 0.9888
Epoch 27/50 (21.1s)
  Train - Loss: 0.0832, Dice: 0.9199, Acc: 0.9910
  Val   - Loss: 0.1723, Dice: 0.8936, Acc: 0.9889
Epoch 28/50 (21.0s)
  Train - Loss: 0.0816, Dice: 0.9215, Acc: 0.9912
  Val   - Loss: 0.1732, Dice: 0.8987, Acc: 0.9898
  ✓ Best model saved (Val Dice: 0.8987)
Epoch 29/50 (22.8s)
  Train - Loss: 0.0791, Dice: 0.9236, Acc: 0.9914
  Val   - Loss: 0.1800, Dice: 0.8832, Acc: 0.9876
Epoch 30/50 (21.2s)
  Train - Loss: 0.0774, Dice: 0.9253, Acc: 0.9916
  Val   - Loss: 0.1754, Dice: 0.8965, Acc: 0.9894
Epoch 31/50 (20.8s)
  Train - Loss: 0.0754, Dice: 0.9269, Acc: 0.9918
  Val   - Loss: 0.1706, Dice: 0.8971, Acc: 0.9894
Epoch 32/50 (21.1s)
  Train - Loss: 0.0738, Dice: 0.9282, Acc: 0.9919
  Val   - Loss: 0.1784, Dice: 0.8950, Acc: 0.9892
Epoch 33/50 (21.2s)
  Train - Loss: 0.0727, Dice: 0.9290, Acc: 0.9920
  Val   - Loss: 0.1718, Dice: 0.8959, Acc: 0.9893
Epoch 34/50 (20.6s)
  Train - Loss: 0.0711, Dice: 0.9309, Acc: 0.9922
  Val   - Loss: 0.1718, Dice: 0.8957, Acc: 0.9895
Epoch 35/50 (20.7s)
  Train - Loss: 0.0694, Dice: 0.9322, Acc: 0.9924
  Val   - Loss: 0.1813, Dice: 0.8928, Acc: 0.9893
Epoch 36/50 (20.9s)
  Train - Loss: 0.0675, Dice: 0.9346, Acc: 0.9926
  Val   - Loss: 0.1730, Dice: 0.8976, Acc: 0.9896
Epoch 37/50 (20.8s)
  Train - Loss: 0.0659, Dice: 0.9357, Acc: 0.9928
  Val   - Loss: 0.1784, Dice: 0.8989, Acc: 0.9898
  ✓ Best model saved (Val Dice: 0.8989)
Epoch 38/50 (21.1s)
  Train - Loss: 0.0650, Dice: 0.9366, Acc: 0.9929
  Val   - Loss: 0.1736, Dice: 0.8994, Acc: 0.9899
  ✓ Best model saved (Val Dice: 0.8994)
Epoch 39/50 (20.5s)
  Train - Loss: 0.0635, Dice: 0.9377, Acc: 0.9930
  Val   - Loss: 0.1744, Dice: 0.8975, Acc: 0.9897
Epoch 40/50 (21.3s)
  Train - Loss: 0.0622, Dice: 0.9384, Acc: 0.9931
  Val   - Loss: 0.1757, Dice: 0.8980, Acc: 0.9897
Epoch 41/50 (20.7s)
  Train - Loss: 0.0610, Dice: 0.9402, Acc: 0.9933
  Val   - Loss: 0.1757, Dice: 0.8994, Acc: 0.9898
Epoch 42/50 (20.9s)
  Train - Loss: 0.0600, Dice: 0.9410, Acc: 0.9934
  Val   - Loss: 0.1775, Dice: 0.8980, Acc: 0.9897
Epoch 43/50 (20.6s)
  Train - Loss: 0.0593, Dice: 0.9412, Acc: 0.9934
  Val   - Loss: 0.1761, Dice: 0.8960, Acc: 0.9893
Epoch 44/50 (20.8s)
  Train - Loss: 0.0587, Dice: 0.9422, Acc: 0.9935
  Val   - Loss: 0.1787, Dice: 0.8975, Acc: 0.9896
Epoch 45/50 (21.1s)
  Train - Loss: 0.0579, Dice: 0.9424, Acc: 0.9935
  Val   - Loss: 0.1811, Dice: 0.8962, Acc: 0.9895
Epoch 46/50 (20.6s)
  Train - Loss: 0.0574, Dice: 0.9435, Acc: 0.9936
  Val   - Loss: 0.1774, Dice: 0.8981, Acc: 0.9896
Epoch 47/50 (21.3s)
  Train - Loss: 0.0571, Dice: 0.9439, Acc: 0.9937
  Val   - Loss: 0.1779, Dice: 0.8968, Acc: 0.9895
Epoch 48/50 (20.9s)
  Train - Loss: 0.0571, Dice: 0.9433, Acc: 0.9936
  Val   - Loss: 0.1791, Dice: 0.8971, Acc: 0.9896
Epoch 49/50 (21.5s)
  Train - Loss: 0.0570, Dice: 0.9439, Acc: 0.9937
  Val   - Loss: 0.1783, Dice: 0.8960, Acc: 0.9895
Epoch 50/50 (22.1s)
  Train - Loss: 0.0569, Dice: 0.9437, Acc: 0.9937
  Val   - Loss: 0.1778, Dice: 0.8979, Acc: 0.9896
================================================================================
Training complete! Total time: 17.6 minutes
Best validation Dice: 0.8994

Evaluating on test set...
Test Results:
  Dice:        0.8898
  Accuracy:    0.9878
  Sensitivity: 0.8624
  Specificity: 0.9954
  Precision:   0.9190

✅ Results saved to checkpoints/pos_weight_search/pw_4/fold_0/results.json
================================================================================

✅ Fold training complete!
