================================================================================
TRAINING FOLD 0
================================================================================
📁 Using paths from config:
   Fold dir: /mnt/bigdata/capstone/brats_gnn_segmentation/data/cv_folds_v2
   Output dir: checkpoints/pos_weight_search/pw_6
Using device: cuda

Loading fold data...
Creating datasets...
📊 Dataset initialized: 61411 graphs from 720 patients
📊 Dataset initialized: 6819 graphs from 80 patients
📊 Dataset initialized: 17079 graphs from 200 patients

Dataset sizes:
  Train: 61411 graphs
  Val:   6819 graphs
  Test:  17079 graphs
  Input features: 15

Initializing model...
  Total parameters: 439,041
  torch.compile() enabled (default mode)
  Loss: BCE(pos_weight=6.0) + DiceLoss (0.5 + 0.5)

Starting training for 50 epochs...
================================================================================
Epoch 1/50 (24.2s)
  Train - Loss: 0.4436, Dice: 0.5483, Acc: 0.9330
  Val   - Loss: 0.3049, Dice: 0.7918, Acc: 0.9760
  ✓ Best model saved (Val Dice: 0.7918)
Epoch 2/50 (21.8s)
  Train - Loss: 0.2171, Dice: 0.8171, Acc: 0.9788
  Val   - Loss: 0.4132, Dice: 0.6073, Acc: 0.9367
Epoch 3/50 (21.9s)
  Train - Loss: 0.1834, Dice: 0.8481, Acc: 0.9826
  Val   - Loss: 0.2703, Dice: 0.8618, Acc: 0.9858
  ✓ Best model saved (Val Dice: 0.8618)
Epoch 4/50 (21.2s)
  Train - Loss: 0.1648, Dice: 0.8643, Acc: 0.9845
  Val   - Loss: 0.2348, Dice: 0.8581, Acc: 0.9843
Epoch 5/50 (21.5s)
  Train - Loss: 0.1555, Dice: 0.8716, Acc: 0.9854
  Val   - Loss: 0.2549, Dice: 0.8458, Acc: 0.9830
Epoch 6/50 (23.3s)
  Train - Loss: 0.1475, Dice: 0.8779, Acc: 0.9861
  Val   - Loss: 0.2233, Dice: 0.8849, Acc: 0.9885
  ✓ Best model saved (Val Dice: 0.8849)
Epoch 7/50 (22.9s)
  Train - Loss: 0.1415, Dice: 0.8829, Acc: 0.9867
  Val   - Loss: 0.2456, Dice: 0.8737, Acc: 0.9878
Epoch 8/50 (22.5s)
  Train - Loss: 0.1374, Dice: 0.8857, Acc: 0.9870
  Val   - Loss: 0.2459, Dice: 0.8547, Acc: 0.9836
Epoch 9/50 (22.9s)
  Train - Loss: 0.1340, Dice: 0.8880, Acc: 0.9873
  Val   - Loss: 0.2276, Dice: 0.8814, Acc: 0.9879
Epoch 10/50 (23.4s)
  Train - Loss: 0.1301, Dice: 0.8915, Acc: 0.9877
  Val   - Loss: 0.2072, Dice: 0.8868, Acc: 0.9881
  ✓ Best model saved (Val Dice: 0.8868)
Epoch 11/50 (23.3s)
  Train - Loss: 0.1272, Dice: 0.8927, Acc: 0.9878
  Val   - Loss: 0.2815, Dice: 0.7956, Acc: 0.9750
Epoch 12/50 (22.9s)
  Train - Loss: 0.1248, Dice: 0.8948, Acc: 0.9880
  Val   - Loss: 0.2294, Dice: 0.8705, Acc: 0.9860
Epoch 13/50 (22.5s)
  Train - Loss: 0.1209, Dice: 0.8974, Acc: 0.9883
  Val   - Loss: 0.2374, Dice: 0.8747, Acc: 0.9867
Epoch 14/50 (23.2s)
  Train - Loss: 0.1189, Dice: 0.8991, Acc: 0.9885
  Val   - Loss: 0.2242, Dice: 0.8797, Acc: 0.9874
Epoch 15/50 (23.6s)
  Train - Loss: 0.1165, Dice: 0.9004, Acc: 0.9887
  Val   - Loss: 0.2018, Dice: 0.8883, Acc: 0.9882
  ✓ Best model saved (Val Dice: 0.8883)
Epoch 16/50 (23.0s)
  Train - Loss: 0.1146, Dice: 0.9020, Acc: 0.9889
  Val   - Loss: 0.2228, Dice: 0.8907, Acc: 0.9892
  ✓ Best model saved (Val Dice: 0.8907)
Epoch 17/50 (22.8s)
  Train - Loss: 0.1127, Dice: 0.9026, Acc: 0.9889
  Val   - Loss: 0.2170, Dice: 0.8816, Acc: 0.9874
Epoch 18/50 (23.8s)
  Train - Loss: 0.1103, Dice: 0.9050, Acc: 0.9892
  Val   - Loss: 0.1997, Dice: 0.8932, Acc: 0.9890
  ✓ Best model saved (Val Dice: 0.8932)
Epoch 19/50 (23.6s)
  Train - Loss: 0.1087, Dice: 0.9058, Acc: 0.9893
  Val   - Loss: 0.2350, Dice: 0.8652, Acc: 0.9853
Epoch 20/50 (23.7s)
  Train - Loss: 0.1068, Dice: 0.9070, Acc: 0.9894
  Val   - Loss: 0.2056, Dice: 0.8883, Acc: 0.9885
Epoch 21/50 (23.5s)
  Train - Loss: 0.1047, Dice: 0.9091, Acc: 0.9896
  Val   - Loss: 0.2109, Dice: 0.8934, Acc: 0.9892
  ✓ Best model saved (Val Dice: 0.8934)
Epoch 22/50 (23.5s)
  Train - Loss: 0.1019, Dice: 0.9110, Acc: 0.9899
  Val   - Loss: 0.1964, Dice: 0.8986, Acc: 0.9896
  ✓ Best model saved (Val Dice: 0.8986)
Epoch 23/50 (23.6s)
  Train - Loss: 0.1006, Dice: 0.9119, Acc: 0.9900
  Val   - Loss: 0.1990, Dice: 0.8967, Acc: 0.9892
Epoch 24/50 (23.5s)
  Train - Loss: 0.0985, Dice: 0.9129, Acc: 0.9901
  Val   - Loss: 0.2243, Dice: 0.8631, Acc: 0.9850
Epoch 25/50 (23.4s)
  Train - Loss: 0.0966, Dice: 0.9144, Acc: 0.9902
  Val   - Loss: 0.2054, Dice: 0.8962, Acc: 0.9895
Epoch 26/50 (23.6s)
  Train - Loss: 0.0944, Dice: 0.9163, Acc: 0.9905
  Val   - Loss: 0.2076, Dice: 0.8867, Acc: 0.9880
Epoch 27/50 (23.4s)
  Train - Loss: 0.0926, Dice: 0.9172, Acc: 0.9906
  Val   - Loss: 0.2015, Dice: 0.8827, Acc: 0.9875
Epoch 28/50 (22.5s)
  Train - Loss: 0.0903, Dice: 0.9191, Acc: 0.9908
  Val   - Loss: 0.2059, Dice: 0.8965, Acc: 0.9895
Epoch 29/50 (25.4s)
  Train - Loss: 0.0876, Dice: 0.9213, Acc: 0.9910
  Val   - Loss: 0.2035, Dice: 0.8847, Acc: 0.9877
Epoch 30/50 (23.4s)
  Train - Loss: 0.0858, Dice: 0.9222, Acc: 0.9911
  Val   - Loss: 0.2070, Dice: 0.8929, Acc: 0.9890
Epoch 31/50 (22.9s)
  Train - Loss: 0.0837, Dice: 0.9242, Acc: 0.9913
  Val   - Loss: 0.1982, Dice: 0.8964, Acc: 0.9892
Epoch 32/50 (22.4s)
  Train - Loss: 0.0815, Dice: 0.9260, Acc: 0.9916
  Val   - Loss: 0.2012, Dice: 0.8915, Acc: 0.9886
Epoch 33/50 (22.4s)
  Train - Loss: 0.0802, Dice: 0.9264, Acc: 0.9916
  Val   - Loss: 0.2091, Dice: 0.8949, Acc: 0.9892
Epoch 34/50 (23.5s)
  Train - Loss: 0.0774, Dice: 0.9288, Acc: 0.9919
  Val   - Loss: 0.2038, Dice: 0.8944, Acc: 0.9889
Epoch 35/50 (23.3s)
  Train - Loss: 0.0756, Dice: 0.9302, Acc: 0.9920
  Val   - Loss: 0.2062, Dice: 0.8948, Acc: 0.9891
Epoch 36/50 (23.4s)
  Train - Loss: 0.0736, Dice: 0.9322, Acc: 0.9923
  Val   - Loss: 0.2064, Dice: 0.8976, Acc: 0.9895
Epoch 37/50 (22.9s)
  Train - Loss: 0.0715, Dice: 0.9336, Acc: 0.9924
  Val   - Loss: 0.2099, Dice: 0.8962, Acc: 0.9894
Epoch 38/50 (22.9s)
  Train - Loss: 0.0702, Dice: 0.9349, Acc: 0.9926
  Val   - Loss: 0.2060, Dice: 0.8991, Acc: 0.9897
  ✓ Best model saved (Val Dice: 0.8991)
Epoch 39/50 (23.5s)
  Train - Loss: 0.0686, Dice: 0.9364, Acc: 0.9928
  Val   - Loss: 0.2156, Dice: 0.8962, Acc: 0.9895
Epoch 40/50 (23.1s)
  Train - Loss: 0.0663, Dice: 0.9376, Acc: 0.9929
  Val   - Loss: 0.2103, Dice: 0.8976, Acc: 0.9895
Epoch 41/50 (23.2s)
  Train - Loss: 0.0656, Dice: 0.9386, Acc: 0.9930
  Val   - Loss: 0.2122, Dice: 0.8966, Acc: 0.9894
Epoch 42/50 (23.4s)
  Train - Loss: 0.0644, Dice: 0.9392, Acc: 0.9931
  Val   - Loss: 0.2095, Dice: 0.8958, Acc: 0.9893
Epoch 43/50 (23.5s)
  Train - Loss: 0.0634, Dice: 0.9403, Acc: 0.9932
  Val   - Loss: 0.2094, Dice: 0.8949, Acc: 0.9891
Epoch 44/50 (23.3s)
  Train - Loss: 0.0626, Dice: 0.9410, Acc: 0.9933
  Val   - Loss: 0.2159, Dice: 0.8954, Acc: 0.9893
Epoch 45/50 (22.4s)
  Train - Loss: 0.0621, Dice: 0.9413, Acc: 0.9933
  Val   - Loss: 0.2140, Dice: 0.8958, Acc: 0.9893
Epoch 46/50 (22.2s)
  Train - Loss: 0.0611, Dice: 0.9424, Acc: 0.9934
  Val   - Loss: 0.2140, Dice: 0.8962, Acc: 0.9893
Epoch 47/50 (22.3s)
  Train - Loss: 0.0609, Dice: 0.9425, Acc: 0.9934
  Val   - Loss: 0.2153, Dice: 0.8958, Acc: 0.9893
Epoch 48/50 (22.1s)
  Train - Loss: 0.0605, Dice: 0.9428, Acc: 0.9935
  Val   - Loss: 0.2147, Dice: 0.8969, Acc: 0.9894
Epoch 49/50 (22.9s)
  Train - Loss: 0.0605, Dice: 0.9431, Acc: 0.9935
  Val   - Loss: 0.2144, Dice: 0.8957, Acc: 0.9893
Epoch 50/50 (22.9s)
  Train - Loss: 0.0601, Dice: 0.9428, Acc: 0.9935
  Val   - Loss: 0.2111, Dice: 0.8976, Acc: 0.9894
================================================================================
Training complete! Total time: 19.2 minutes
Best validation Dice: 0.8991

Evaluating on test set...
Test Results:
  Dice:        0.8884
  Accuracy:    0.9875
  Sensitivity: 0.8708
  Specificity: 0.9946
  Precision:   0.9067

✅ Results saved to checkpoints/pos_weight_search/pw_6/fold_0/results.json
================================================================================

✅ Fold training complete!
