================================================================================
TRAINING FOLD 0
================================================================================
📁 Using paths from config:
   Fold dir: /mnt/bigdata/capstone/brats_gnn_segmentation/data/cv_folds_v2
   Output dir: checkpoints/pos_weight_search/pw_8
Using device: cuda

Loading fold data...
Creating datasets...
📊 Dataset initialized: 61411 graphs from 720 patients
📊 Dataset initialized: 6819 graphs from 80 patients
📊 Dataset initialized: 17079 graphs from 200 patients

Dataset sizes:
  Train: 61411 graphs
  Val:   6819 graphs
  Test:  17079 graphs
  Input features: 15

Initializing model...
  Total parameters: 439,041
  torch.compile() enabled (default mode)
  Loss: BCE(pos_weight=8.0) + DiceLoss (0.5 + 0.5)

Starting training for 50 epochs...
================================================================================
Epoch 1/50 (25.4s)
  Train - Loss: 0.4815, Dice: 0.5170, Acc: 0.9200
  Val   - Loss: 0.3233, Dice: 0.7805, Acc: 0.9738
  ✓ Best model saved (Val Dice: 0.7805)
Epoch 2/50 (22.1s)
  Train - Loss: 0.2421, Dice: 0.8074, Acc: 0.9770
  Val   - Loss: 0.3147, Dice: 0.8258, Acc: 0.9810
  ✓ Best model saved (Val Dice: 0.8258)
Epoch 3/50 (22.2s)
  Train - Loss: 0.2034, Dice: 0.8417, Acc: 0.9815
  Val   - Loss: 0.2918, Dice: 0.8746, Acc: 0.9873
  ✓ Best model saved (Val Dice: 0.8746)
Epoch 4/50 (22.1s)
  Train - Loss: 0.1848, Dice: 0.8566, Acc: 0.9833
  Val   - Loss: 0.2544, Dice: 0.8736, Acc: 0.9870
Epoch 5/50 (22.1s)
  Train - Loss: 0.1750, Dice: 0.8644, Acc: 0.9842
  Val   - Loss: 0.2699, Dice: 0.8754, Acc: 0.9874
  ✓ Best model saved (Val Dice: 0.8754)
Epoch 6/50 (22.1s)
  Train - Loss: 0.1664, Dice: 0.8717, Acc: 0.9851
  Val   - Loss: 0.2492, Dice: 0.8788, Acc: 0.9873
  ✓ Best model saved (Val Dice: 0.8788)
Epoch 7/50 (22.1s)
  Train - Loss: 0.1595, Dice: 0.8764, Acc: 0.9857
  Val   - Loss: 0.2654, Dice: 0.8814, Acc: 0.9884
  ✓ Best model saved (Val Dice: 0.8814)
Epoch 8/50 (22.1s)
  Train - Loss: 0.1544, Dice: 0.8797, Acc: 0.9861
  Val   - Loss: 0.2631, Dice: 0.8596, Acc: 0.9844
Epoch 9/50 (22.1s)
  Train - Loss: 0.1505, Dice: 0.8824, Acc: 0.9864
  Val   - Loss: 0.2592, Dice: 0.8677, Acc: 0.9860
Epoch 10/50 (22.1s)
  Train - Loss: 0.1461, Dice: 0.8848, Acc: 0.9867
  Val   - Loss: 0.2298, Dice: 0.8939, Acc: 0.9891
  ✓ Best model saved (Val Dice: 0.8939)
Epoch 11/50 (22.2s)
  Train - Loss: 0.1423, Dice: 0.8873, Acc: 0.9870
  Val   - Loss: 0.3287, Dice: 0.7547, Acc: 0.9683
Epoch 12/50 (22.1s)
  Train - Loss: 0.1396, Dice: 0.8896, Acc: 0.9873
  Val   - Loss: 0.2433, Dice: 0.8859, Acc: 0.9880
Epoch 13/50 (22.1s)
  Train - Loss: 0.1354, Dice: 0.8924, Acc: 0.9876
  Val   - Loss: 0.2391, Dice: 0.8928, Acc: 0.9890
Epoch 14/50 (22.1s)
  Train - Loss: 0.1330, Dice: 0.8933, Acc: 0.9877
  Val   - Loss: 0.2377, Dice: 0.8956, Acc: 0.9892
  ✓ Best model saved (Val Dice: 0.8956)
Epoch 15/50 (22.2s)
  Train - Loss: 0.1307, Dice: 0.8947, Acc: 0.9878
  Val   - Loss: 0.2308, Dice: 0.8775, Acc: 0.9867
Epoch 16/50 (22.2s)
  Train - Loss: 0.1277, Dice: 0.8968, Acc: 0.9881
  Val   - Loss: 0.2457, Dice: 0.8898, Acc: 0.9888
Epoch 17/50 (22.0s)
  Train - Loss: 0.1253, Dice: 0.8983, Acc: 0.9883
  Val   - Loss: 0.2709, Dice: 0.8253, Acc: 0.9796
Epoch 18/50 (22.1s)
  Train - Loss: 0.1224, Dice: 0.9012, Acc: 0.9886
  Val   - Loss: 0.2355, Dice: 0.8813, Acc: 0.9874
Epoch 19/50 (22.2s)
  Train - Loss: 0.1207, Dice: 0.9017, Acc: 0.9887
  Val   - Loss: 0.2320, Dice: 0.8738, Acc: 0.9862
Epoch 20/50 (20.9s)
  Train - Loss: 0.1180, Dice: 0.9034, Acc: 0.9889
  Val   - Loss: 0.2345, Dice: 0.8904, Acc: 0.9887
Epoch 21/50 (20.6s)
  Train - Loss: 0.1165, Dice: 0.9040, Acc: 0.9889
  Val   - Loss: 0.2456, Dice: 0.8921, Acc: 0.9892
Epoch 22/50 (20.7s)
  Train - Loss: 0.1127, Dice: 0.9069, Acc: 0.9893
  Val   - Loss: 0.2349, Dice: 0.8755, Acc: 0.9865
Epoch 23/50 (21.1s)
  Train - Loss: 0.1111, Dice: 0.9069, Acc: 0.9893
  Val   - Loss: 0.2267, Dice: 0.8951, Acc: 0.9893
Epoch 24/50 (20.7s)
  Train - Loss: 0.1085, Dice: 0.9090, Acc: 0.9895
  Val   - Loss: 0.2455, Dice: 0.8880, Acc: 0.9886
Epoch 25/50 (21.0s)
  Train - Loss: 0.1059, Dice: 0.9106, Acc: 0.9897
  Val   - Loss: 0.2266, Dice: 0.8933, Acc: 0.9889
Epoch 26/50 (20.6s)
  Train - Loss: 0.1040, Dice: 0.9120, Acc: 0.9898
  Val   - Loss: 0.2330, Dice: 0.8805, Acc: 0.9871
Epoch 27/50 (20.7s)
  Train - Loss: 0.1025, Dice: 0.9122, Acc: 0.9899
  Val   - Loss: 0.2301, Dice: 0.8976, Acc: 0.9897
  ✓ Best model saved (Val Dice: 0.8976)
Epoch 28/50 (20.4s)
  Train - Loss: 0.0996, Dice: 0.9147, Acc: 0.9901
  Val   - Loss: 0.2342, Dice: 0.8890, Acc: 0.9883
Epoch 29/50 (22.9s)
  Train - Loss: 0.0964, Dice: 0.9158, Acc: 0.9903
  Val   - Loss: 0.2290, Dice: 0.8922, Acc: 0.9887
Epoch 30/50 (20.8s)
  Train - Loss: 0.0937, Dice: 0.9180, Acc: 0.9905
  Val   - Loss: 0.2293, Dice: 0.8836, Acc: 0.9876
Epoch 31/50 (21.1s)
  Train - Loss: 0.0916, Dice: 0.9202, Acc: 0.9908
  Val   - Loss: 0.2268, Dice: 0.8915, Acc: 0.9886
Epoch 32/50 (20.4s)
  Train - Loss: 0.0889, Dice: 0.9217, Acc: 0.9910
  Val   - Loss: 0.2286, Dice: 0.8919, Acc: 0.9886
Epoch 33/50 (20.6s)
  Train - Loss: 0.0873, Dice: 0.9228, Acc: 0.9911
  Val   - Loss: 0.2352, Dice: 0.8963, Acc: 0.9893
Epoch 34/50 (20.8s)
  Train - Loss: 0.0853, Dice: 0.9242, Acc: 0.9913
  Val   - Loss: 0.2327, Dice: 0.8961, Acc: 0.9893
Epoch 35/50 (20.7s)
  Train - Loss: 0.0827, Dice: 0.9260, Acc: 0.9915
  Val   - Loss: 0.2376, Dice: 0.8941, Acc: 0.9889
Epoch 36/50 (20.7s)
  Train - Loss: 0.0801, Dice: 0.9284, Acc: 0.9917
  Val   - Loss: 0.2543, Dice: 0.8921, Acc: 0.9889
Epoch 37/50 (20.8s)
  Train - Loss: 0.0778, Dice: 0.9293, Acc: 0.9919
  Val   - Loss: 0.2422, Dice: 0.8941, Acc: 0.9890
Epoch 38/50 (20.6s)
  Train - Loss: 0.0763, Dice: 0.9310, Acc: 0.9921
  Val   - Loss: 0.2487, Dice: 0.8955, Acc: 0.9893
Epoch 39/50 (21.2s)
  Train - Loss: 0.0742, Dice: 0.9326, Acc: 0.9922
  Val   - Loss: 0.2444, Dice: 0.8932, Acc: 0.9889
Epoch 40/50 (20.9s)
  Train - Loss: 0.0725, Dice: 0.9331, Acc: 0.9923
  Val   - Loss: 0.2435, Dice: 0.8955, Acc: 0.9892
Epoch 41/50 (20.5s)
  Train - Loss: 0.0711, Dice: 0.9345, Acc: 0.9924
  Val   - Loss: 0.2527, Dice: 0.8954, Acc: 0.9892
Epoch 42/50 (21.1s)
  Train - Loss: 0.0696, Dice: 0.9357, Acc: 0.9926
  Val   - Loss: 0.2472, Dice: 0.8933, Acc: 0.9889
Epoch 43/50 (20.8s)
  Train - Loss: 0.0686, Dice: 0.9362, Acc: 0.9926
  Val   - Loss: 0.2464, Dice: 0.8936, Acc: 0.9889
Epoch 44/50 (20.8s)
  Train - Loss: 0.0677, Dice: 0.9375, Acc: 0.9928
  Val   - Loss: 0.2558, Dice: 0.8941, Acc: 0.9891
Epoch 45/50 (20.8s)
  Train - Loss: 0.0669, Dice: 0.9374, Acc: 0.9928
  Val   - Loss: 0.2538, Dice: 0.8945, Acc: 0.9891
Epoch 46/50 (20.7s)
  Train - Loss: 0.0660, Dice: 0.9385, Acc: 0.9929
  Val   - Loss: 0.2516, Dice: 0.8951, Acc: 0.9891
Epoch 47/50 (20.9s)
  Train - Loss: 0.0659, Dice: 0.9386, Acc: 0.9929
  Val   - Loss: 0.2531, Dice: 0.8946, Acc: 0.9891
Epoch 48/50 (20.6s)
  Train - Loss: 0.0653, Dice: 0.9387, Acc: 0.9929
  Val   - Loss: 0.2539, Dice: 0.8949, Acc: 0.9891
Epoch 49/50 (21.8s)
  Train - Loss: 0.0656, Dice: 0.9391, Acc: 0.9930
  Val   - Loss: 0.2547, Dice: 0.8937, Acc: 0.9890
Epoch 50/50 (21.6s)
  Train - Loss: 0.0653, Dice: 0.9387, Acc: 0.9929
  Val   - Loss: 0.2496, Dice: 0.8940, Acc: 0.9890
================================================================================
Training complete! Total time: 17.9 minutes
Best validation Dice: 0.8976

Evaluating on test set...
Test Results:
  Dice:        0.8863
  Accuracy:    0.9872
  Sensitivity: 0.8778
  Specificity: 0.9938
  Precision:   0.8950

✅ Results saved to checkpoints/pos_weight_search/pw_8/fold_0/results.json
================================================================================

✅ Fold training complete!
