nohup: ignoring input
/mnt/bigdata/capstone/.env/lib/python3.12/site-packages/torch_geometric/typing.py:68: UserWarning: An issue occurred while importing 'pyg-lib'. Disabling its usage. Stacktrace: /mnt/bigdata/capstone/.env/lib/python3.12/site-packages/libpyg.so: undefined symbol: _ZN2at4_ops11multinomial4callERKNS_6TensorElbSt8optionalINS_9GeneratorEE
  warnings.warn(f"An issue occurred while importing 'pyg-lib'. "
/mnt/bigdata/capstone/.env/lib/python3.12/site-packages/torch_geometric/typing.py:124: UserWarning: An issue occurred while importing 'torch-sparse'. Disabling its usage. Stacktrace: /mnt/bigdata/capstone/.env/lib/python3.12/site-packages/libpyg.so: undefined symbol: _ZN2at4_ops11multinomial4callERKNS_6TensorElbSt8optionalINS_9GeneratorEE
  warnings.warn(f"An issue occurred while importing 'torch-sparse'. "
/mnt/bigdata/capstone/brats_gnn_segmentation/scripts/run_ablation_study.py:340: FutureWarning: `torch.cuda.amp.GradScaler(args...)` is deprecated. Please use `torch.amp.GradScaler('cuda', args...)` instead.
  scaler = torch.cuda.amp.GradScaler() if device == 'cuda' else None

╔══════════════════════════════════════════════════════════════════════════════╗
║                         ABLATION STUDY                                        ║
║                    GNN Architecture Analysis                                 ║
╚══════════════════════════════════════════════════════════════════════════════╝

Device: cuda
Fold: 0
Epochs: 25
Batch Size: 96

Testing 8 configurations...

================================================================================
ABLATION: Baseline (5 layers, 256D, GraphSAGE)
================================================================================

Loading data for fold 0...
  Train: 900 graphs from 900 patients
  Val:   100 graphs from 100 patients
  Test:  251 graphs from 251 patients

Loading graphs into memory...
📊 Dataset initialized: 76679 graphs from 900 patients
📊 Dataset initialized: 8629 graphs from 100 patients
📊 Dataset initialized: 21544 graphs from 251 patients

Creating model...
  Layers: 5
  Hidden: 256
  Type:   sage
  Edges:  True
  Parameters: 437,505
  Using mixed precision training (FP16)...

Training for 25 epochs...
/mnt/bigdata/capstone/brats_gnn_segmentation/scripts/run_ablation_study.py:200: FutureWarning: `torch.cuda.amp.autocast(args...)` is deprecated. Please use `torch.amp.autocast('cuda', args...)` instead.
  with torch.cuda.amp.autocast(enabled=(scaler is not None)):
Epoch  1/25: Train Loss=nan, Dice=0.0299 | Val Loss=nan, Dice=0.0032 | Time=214.1s
Epoch  2/25: Train Loss=nan, Dice=0.0026 | Val Loss=nan, Dice=0.0032 | Time=214.8s
Epoch  3/25: Train Loss=nan, Dice=0.0026 | Val Loss=nan, Dice=0.0032 | Time=215.8s
Epoch  4/25: Train Loss=nan, Dice=0.0026 | Val Loss=nan, Dice=0.0032 | Time=215.4s
Epoch  5/25: Train Loss=nan, Dice=0.0026 | Val Loss=nan, Dice=0.0032 | Time=210.5s
Epoch  6/25: Train Loss=nan, Dice=0.0026 | Val Loss=nan, Dice=0.0032 | Time=218.4s

Early stopping at epoch 6

Evaluating on test set...

================================================================================
RESULTS: Baseline (5 layers, 256D, GraphSAGE)
================================================================================
  Best Val Dice:  0.0032 (epoch 1)
  Test Dice:      0.0032
  Parameters:     437,505
  Training Time:  21.5 min
================================================================================

================================================================================
ABLATION: 3 Layers (vs 5)
================================================================================

Loading data for fold 0...
  Train: 900 graphs from 900 patients
  Val:   100 graphs from 100 patients
  Test:  251 graphs from 251 patients

Loading graphs into memory...
📊 Dataset initialized: 76679 graphs from 900 patients
📊 Dataset initialized: 8629 graphs from 100 patients
📊 Dataset initialized: 21544 graphs from 251 patients

Creating model...
  Layers: 3
  Hidden: 256
  Type:   sage
  Edges:  True
  Parameters: 173,825
  Using mixed precision training (FP16)...

Training for 25 epochs...
Epoch  1/25: Train Loss=nan, Dice=0.0262 | Val Loss=nan, Dice=0.0032 | Time=210.9s
Epoch  2/25: Train Loss=nan, Dice=0.0026 | Val Loss=nan, Dice=0.0032 | Time=211.9s
Epoch  3/25: Train Loss=nan, Dice=0.0026 | Val Loss=nan, Dice=0.0032 | Time=211.8s
Epoch  4/25: Train Loss=nan, Dice=0.0026 | Val Loss=nan, Dice=0.0032 | Time=212.1s
Epoch  5/25: Train Loss=nan, Dice=0.0026 | Val Loss=nan, Dice=0.0032 | Time=211.7s
Epoch  6/25: Train Loss=nan, Dice=0.0026 | Val Loss=nan, Dice=0.0032 | Time=212.9s

Early stopping at epoch 6

Evaluating on test set...

================================================================================
RESULTS: 3 Layers (vs 5)
================================================================================
  Best Val Dice:  0.0032 (epoch 1)
  Test Dice:      0.0032
  Parameters:     173,825
  Training Time:  21.2 min
================================================================================

================================================================================
ABLATION: 4 Layers (vs 5)
================================================================================

Loading data for fold 0...
  Train: 900 graphs from 900 patients
  Val:   100 graphs from 100 patients
  Test:  251 graphs from 251 patients

Loading graphs into memory...
📊 Dataset initialized: 76679 graphs from 900 patients
📊 Dataset initialized: 8629 graphs from 100 patients
📊 Dataset initialized: 21544 graphs from 251 patients

Creating model...
  Layers: 4
  Hidden: 256
  Type:   sage
  Edges:  True
  Parameters: 305,665
  Using mixed precision training (FP16)...

Training for 25 epochs...
Epoch  1/25: Train Loss=nan, Dice=0.0366 | Val Loss=nan, Dice=0.0032 | Time=210.7s
Epoch  2/25: Train Loss=nan, Dice=0.0026 | Val Loss=nan, Dice=0.0032 | Time=212.3s
Epoch  3/25: Train Loss=nan, Dice=0.0026 | Val Loss=nan, Dice=0.0032 | Time=212.4s
Epoch  4/25: Train Loss=nan, Dice=0.0026 | Val Loss=nan, Dice=0.0032 | Time=212.1s
Epoch  5/25: Train Loss=nan, Dice=0.0026 | Val Loss=nan, Dice=0.0032 | Time=211.9s
Epoch  6/25: Train Loss=nan, Dice=0.0026 | Val Loss=nan, Dice=0.0032 | Time=211.7s

Early stopping at epoch 6

Evaluating on test set...

================================================================================
RESULTS: 4 Layers (vs 5)
================================================================================
  Best Val Dice:  0.0032 (epoch 1)
  Test Dice:      0.0032
  Parameters:     305,665
  Training Time:  21.2 min
================================================================================

================================================================================
ABLATION: 6 Layers (vs 5)
================================================================================

Loading data for fold 0...
  Train: 900 graphs from 900 patients
  Val:   100 graphs from 100 patients
  Test:  251 graphs from 251 patients

Loading graphs into memory...
📊 Dataset initialized: 76679 graphs from 900 patients
📊 Dataset initialized: 8629 graphs from 100 patients
📊 Dataset initialized: 21544 graphs from 251 patients

Creating model...
  Layers: 6
  Hidden: 256
  Type:   sage
  Edges:  True
  Parameters: 569,345
  Using mixed precision training (FP16)...

Training for 25 epochs...
Epoch  1/25: Train Loss=nan, Dice=0.0103 | Val Loss=nan, Dice=0.0032 | Time=210.4s
Epoch  2/25: Train Loss=nan, Dice=0.0026 | Val Loss=nan, Dice=0.0032 | Time=213.3s
Epoch  3/25: Train Loss=nan, Dice=0.0026 | Val Loss=nan, Dice=0.0032 | Time=212.8s
Epoch  4/25: Train Loss=nan, Dice=0.0026 | Val Loss=nan, Dice=0.0032 | Time=212.4s
Epoch  5/25: Train Loss=nan, Dice=0.0026 | Val Loss=nan, Dice=0.0032 | Time=212.3s
Epoch  6/25: Train Loss=nan, Dice=0.0026 | Val Loss=nan, Dice=0.0032 | Time=213.0s

Early stopping at epoch 6

Evaluating on test set...

================================================================================
RESULTS: 6 Layers (vs 5)
================================================================================
  Best Val Dice:  0.0032 (epoch 1)
  Test Dice:      0.0032
  Parameters:     569,345
  Training Time:  21.2 min
================================================================================

================================================================================
ABLATION: Hidden Dim 128 (vs 256)
================================================================================

Loading data for fold 0...
  Train: 900 graphs from 900 patients
  Val:   100 graphs from 100 patients
  Test:  251 graphs from 251 patients

Loading graphs into memory...
📊 Dataset initialized: 76679 graphs from 900 patients
📊 Dataset initialized: 8629 graphs from 100 patients
📊 Dataset initialized: 21544 graphs from 251 patients

Creating model...
  Layers: 5
  Hidden: 128
  Type:   sage
  Edges:  True
  Parameters: 121,601
  Using mixed precision training (FP16)...

Training for 25 epochs...
Epoch  1/25: Train Loss=nan, Dice=0.0358 | Val Loss=nan, Dice=0.0032 | Time=210.9s
Epoch  2/25: Train Loss=nan, Dice=0.0026 | Val Loss=nan, Dice=0.0032 | Time=211.7s
Epoch  3/25: Train Loss=nan, Dice=0.0026 | Val Loss=nan, Dice=0.0032 | Time=212.2s
Epoch  4/25: Train Loss=nan, Dice=0.0026 | Val Loss=nan, Dice=0.0032 | Time=212.0s
Epoch  5/25: Train Loss=nan, Dice=0.0026 | Val Loss=nan, Dice=0.0032 | Time=211.2s
Epoch  6/25: Train Loss=nan, Dice=0.0026 | Val Loss=nan, Dice=0.0032 | Time=212.0s

Early stopping at epoch 6

Evaluating on test set...

================================================================================
RESULTS: Hidden Dim 128 (vs 256)
================================================================================
  Best Val Dice:  0.0032 (epoch 1)
  Test Dice:      0.0032
  Parameters:     121,601
  Training Time:  21.2 min
================================================================================

================================================================================
ABLATION: Hidden Dim 512 (vs 256)
================================================================================

Loading data for fold 0...
  Train: 900 graphs from 900 patients
  Val:   100 graphs from 100 patients
  Test:  251 graphs from 251 patients

Loading graphs into memory...
📊 Dataset initialized: 76679 graphs from 900 patients
📊 Dataset initialized: 8629 graphs from 100 patients
📊 Dataset initialized: 21544 graphs from 251 patients

Creating model...
  Layers: 5
  Hidden: 512
  Type:   sage
  Edges:  True
  Parameters: 1,659,137
  Using mixed precision training (FP16)...

Training for 25 epochs...
Epoch  1/25: Train Loss=nan, Dice=0.0147 | Val Loss=nan, Dice=0.0032 | Time=211.1s
Epoch  2/25: Train Loss=nan, Dice=0.0026 | Val Loss=nan, Dice=0.0032 | Time=212.4s
Epoch  3/25: Train Loss=nan, Dice=0.0026 | Val Loss=nan, Dice=0.0032 | Time=212.8s
Epoch  4/25: Train Loss=nan, Dice=0.0026 | Val Loss=nan, Dice=0.0032 | Time=212.1s
Epoch  5/25: Train Loss=nan, Dice=0.0026 | Val Loss=nan, Dice=0.0032 | Time=211.3s
Epoch  6/25: Train Loss=nan, Dice=0.0026 | Val Loss=nan, Dice=0.0032 | Time=212.7s

Early stopping at epoch 6

Evaluating on test set...

================================================================================
RESULTS: Hidden Dim 512 (vs 256)
================================================================================
  Best Val Dice:  0.0032 (epoch 1)
  Test Dice:      0.0032
  Parameters:     1,659,137
  Training Time:  21.2 min
================================================================================

================================================================================
ABLATION: GAT (vs GraphSAGE)
================================================================================

Loading data for fold 0...
  Train: 900 graphs from 900 patients
  Val:   100 graphs from 100 patients
  Test:  251 graphs from 251 patients

Loading graphs into memory...
📊 Dataset initialized: 76679 graphs from 900 patients
📊 Dataset initialized: 8629 graphs from 100 patients
📊 Dataset initialized: 21544 graphs from 251 patients

Creating model...
  Layers: 5
  Hidden: 256
  Type:   gat
  Edges:  True
  Parameters: 223,617
  Using mixed precision training (FP16)...

Training for 25 epochs...
Epoch  1/25: Train Loss=nan, Dice=0.0046 | Val Loss=nan, Dice=0.0032 | Time=212.0s
Epoch  2/25: Train Loss=nan, Dice=0.0026 | Val Loss=nan, Dice=0.0032 | Time=213.4s
Epoch  3/25: Train Loss=nan, Dice=0.0026 | Val Loss=nan, Dice=0.0032 | Time=213.9s
Epoch  4/25: Train Loss=nan, Dice=0.0026 | Val Loss=nan, Dice=0.0032 | Time=212.7s
Epoch  5/25: Train Loss=nan, Dice=0.0026 | Val Loss=nan, Dice=0.0032 | Time=213.7s
Epoch  6/25: Train Loss=nan, Dice=0.0026 | Val Loss=nan, Dice=0.0032 | Time=214.8s

Early stopping at epoch 6

Evaluating on test set...

================================================================================
RESULTS: GAT (vs GraphSAGE)
================================================================================
  Best Val Dice:  0.0032 (epoch 1)
  Test Dice:      0.0032
  Parameters:     223,617
  Training Time:  21.3 min
================================================================================

================================================================================
ABLATION: Without Edge Features
================================================================================

Loading data for fold 0...
  Train: 900 graphs from 900 patients
  Val:   100 graphs from 100 patients
  Test:  251 graphs from 251 patients

Loading graphs into memory...
📊 Dataset initialized: 76679 graphs from 900 patients
📊 Dataset initialized: 8629 graphs from 100 patients
📊 Dataset initialized: 21544 graphs from 251 patients

Creating model...
  Layers: 5
  Hidden: 256
  Type:   sage
  Edges:  False
  Parameters: 437,505
  Using mixed precision training (FP16)...

Training for 25 epochs...
Epoch  1/25: Train Loss=nan, Dice=0.0320 | Val Loss=nan, Dice=0.0032 | Time=209.9s
Epoch  2/25: Train Loss=nan, Dice=0.0026 | Val Loss=nan, Dice=0.0032 | Time=211.3s
Epoch  3/25: Train Loss=nan, Dice=0.0026 | Val Loss=nan, Dice=0.0032 | Time=210.8s
Epoch  4/25: Train Loss=nan, Dice=0.0026 | Val Loss=nan, Dice=0.0032 | Time=210.9s
Epoch  5/25: Train Loss=nan, Dice=0.0026 | Val Loss=nan, Dice=0.0032 | Time=210.8s
Epoch  6/25: Train Loss=nan, Dice=0.0026 | Val Loss=nan, Dice=0.0032 | Time=211.2s

Early stopping at epoch 6

Evaluating on test set...

================================================================================
RESULTS: Without Edge Features
================================================================================
  Best Val Dice:  0.0032 (epoch 1)
  Test Dice:      0.0032
  Parameters:     437,505
  Training Time:  21.1 min
================================================================================

================================================================================
ABLATION STUDY SUMMARY
================================================================================
Configuration                        Params   Val Dice  Test Dice   Time (min)
--------------------------------------------------------------------------------
Baseline (5 layers, 256D, GraphSAGE)      437,505     0.0032     0.0032         21.5
3 Layers (vs 5)                     173,825     0.0032     0.0032         21.2
4 Layers (vs 5)                     305,665     0.0032     0.0032         21.2
6 Layers (vs 5)                     569,345     0.0032     0.0032         21.2
Hidden Dim 128 (vs 256)             121,601     0.0032     0.0032         21.2
Hidden Dim 512 (vs 256)           1,659,137     0.0032     0.0032         21.2
GAT (vs GraphSAGE)                  223,617     0.0032     0.0032         21.3
Without Edge Features               437,505     0.0032     0.0032         21.1
--------------------------------------------------------------------------------

Baseline Test Dice: 0.0032

Relative Performance:
Configuration                      Δ Dice   % Change
--------------------------------------------------------------------------------
3 Layers (vs 5)                   +0.0000     +0.00%
4 Layers (vs 5)                   +0.0000     +0.00%
6 Layers (vs 5)                   +0.0000     +0.00%
Hidden Dim 128 (vs 256)           +0.0000     +0.00%
Hidden Dim 512 (vs 256)           +0.0000     +0.00%
GAT (vs GraphSAGE)                +0.0000     +0.00%
Without Edge Features             +0.0000     +0.00%

✅ Ablation study complete!
   Results saved to: research_results/ablation_study
