nohup: ignoring input
/mnt/bigdata/capstone/.env/lib/python3.12/site-packages/torch_geometric/typing.py:68: UserWarning: An issue occurred while importing 'pyg-lib'. Disabling its usage. Stacktrace: /mnt/bigdata/capstone/.env/lib/python3.12/site-packages/libpyg.so: undefined symbol: _ZN2at4_ops11multinomial4callERKNS_6TensorElbSt8optionalINS_9GeneratorEE
  warnings.warn(f"An issue occurred while importing 'pyg-lib'. "
/mnt/bigdata/capstone/.env/lib/python3.12/site-packages/torch_geometric/typing.py:124: UserWarning: An issue occurred while importing 'torch-sparse'. Disabling its usage. Stacktrace: /mnt/bigdata/capstone/.env/lib/python3.12/site-packages/libpyg.so: undefined symbol: _ZN2at4_ops11multinomial4callERKNS_6TensorElbSt8optionalINS_9GeneratorEE
  warnings.warn(f"An issue occurred while importing 'torch-sparse'. "

╔══════════════════════════════════════════════════════════════════════════════╗
║                         ABLATION STUDY                                        ║
║                    GNN Architecture Analysis                                 ║
╚══════════════════════════════════════════════════════════════════════════════╝

Device: cuda
Fold: 0
Epochs: 30
Batch Size: 32

Testing 8 configurations...

================================================================================
ABLATION: Baseline (5 layers, 256D, GraphSAGE)
================================================================================

Loading data for fold 0...
  Train: 900 graphs from 900 patients
  Val:   100 graphs from 100 patients
  Test:  251 graphs from 251 patients

Loading graphs into memory...
📊 Dataset initialized: 76679 graphs from 900 patients
📊 Dataset initialized: 8629 graphs from 100 patients
📊 Dataset initialized: 21544 graphs from 251 patients

Creating model...
  Layers: 5
  Hidden: 256
  Type:   sage
  Edges:  True
  Parameters: 437,505

Training for 30 epochs...
Epoch  1/30: Train Loss=1.0128, Dice=0.4122 | Val Loss=0.8604, Dice=0.4561 | Time=351.8s
Epoch  2/30: Train Loss=0.5299, Dice=0.7338 | Val Loss=0.4852, Dice=0.7033 | Time=358.3s
Epoch  3/30: Train Loss=0.3068, Dice=0.8355 | Val Loss=0.2092, Dice=0.8816 | Time=345.6s
Epoch  4/30: Train Loss=0.1878, Dice=0.8991 | Val Loss=0.1288, Dice=0.9195 | Time=357.2s
