/mnt/bigdata/capstone/.env/lib/python3.12/site-packages/torch_geometric/typing.py:68: UserWarning: An issue occurred while importing 'pyg-lib'. Disabling its usage. Stacktrace: /mnt/bigdata/capstone/.env/lib/python3.12/site-packages/libpyg.so: undefined symbol: _ZN2at4_ops11multinomial4callERKNS_6TensorElbSt8optionalINS_9GeneratorEE
  warnings.warn(f"An issue occurred while importing 'pyg-lib'. "
/mnt/bigdata/capstone/.env/lib/python3.12/site-packages/torch_geometric/typing.py:124: UserWarning: An issue occurred while importing 'torch-sparse'. Disabling its usage. Stacktrace: /mnt/bigdata/capstone/.env/lib/python3.12/site-packages/libpyg.so: undefined symbol: _ZN2at4_ops11multinomial4callERKNS_6TensorElbSt8optionalINS_9GeneratorEE
  warnings.warn(f"An issue occurred while importing 'torch-sparse'. "
================================================================================
TRAINING FOLD 2
================================================================================
Using device: cuda

Loading fold data...
Creating datasets...
📊 Dataset initialized: 76882 graphs from 901 patients
📊 Dataset initialized: 8774 graphs from 100 patients
📊 Dataset initialized: 21196 graphs from 250 patients

Dataset sizes:
  Train: 76882 graphs
  Val:   8774 graphs
  Test:  21196 graphs
  Input features: 12

Initializing model...
  Total parameters: 437,505

Starting training for 50 epochs...
================================================================================
Epoch 1/50 (341.3s)
  Train - Loss: 0.3957, Dice: 0.1827, Acc: 0.8830
  Val   - Loss: 0.1644, Dice: 0.7527, Acc: 0.9535
  ✓ Best model saved (Val Dice: 0.7527)
Epoch 2/50 (343.9s)
  Train - Loss: 0.1056, Dice: 0.8211, Acc: 0.9662
  Val   - Loss: 0.0672, Dice: 0.8959, Acc: 0.9796
  ✓ Best model saved (Val Dice: 0.8959)
Epoch 3/50 (344.5s)
  Train - Loss: 0.0521, Dice: 0.9087, Acc: 0.9820
  Val   - Loss: 0.0586, Dice: 0.9249, Acc: 0.9852
  ✓ Best model saved (Val Dice: 0.9249)
Epoch 4/50 (344.7s)
  Train - Loss: 0.0393, Dice: 0.9306, Acc: 0.9862
  Val   - Loss: 0.0221, Dice: 0.9576, Acc: 0.9915
  ✓ Best model saved (Val Dice: 0.9576)
Epoch 5/50 (343.0s)
  Train - Loss: 0.0270, Dice: 0.9516, Acc: 0.9903
  Val   - Loss: 0.0098, Dice: 0.9823, Acc: 0.9963
  ✓ Best model saved (Val Dice: 0.9823)
Epoch 6/50 (342.2s)
  Train - Loss: 0.0274, Dice: 0.9512, Acc: 0.9902
  Val   - Loss: 0.0140, Dice: 0.9741, Acc: 0.9947
Epoch 7/50 (341.6s)
  Train - Loss: 0.0203, Dice: 0.9629, Acc: 0.9925
  Val   - Loss: 0.0271, Dice: 0.9631, Acc: 0.9920
Epoch 8/50 (342.4s)
  Train - Loss: 0.0179, Dice: 0.9668, Acc: 0.9933
  Val   - Loss: 0.0739, Dice: 0.9276, Acc: 0.9858
Epoch 9/50 (341.9s)
  Train - Loss: 0.0150, Dice: 0.9716, Acc: 0.9943
  Val   - Loss: 0.0356, Dice: 0.9508, Acc: 0.9902
Epoch 10/50 (344.4s)
  Train - Loss: 0.0136, Dice: 0.9744, Acc: 0.9948
  Val   - Loss: 0.0106, Dice: 0.9828, Acc: 0.9964
  ✓ Best model saved (Val Dice: 0.9828)
Epoch 11/50 (343.8s)
  Train - Loss: 0.0115, Dice: 0.9783, Acc: 0.9956
  Val   - Loss: 0.0656, Dice: 0.9258, Acc: 0.9832
Epoch 12/50 (343.2s)
  Train - Loss: 0.0107, Dice: 0.9798, Acc: 0.9959
  Val   - Loss: 0.1037, Dice: 0.8596, Acc: 0.9659
Epoch 13/50 (344.0s)
  Train - Loss: 0.0098, Dice: 0.9813, Acc: 0.9962
  Val   - Loss: 0.0127, Dice: 0.9786, Acc: 0.9955
Epoch 14/50 (344.7s)
  Train - Loss: 0.0088, Dice: 0.9833, Acc: 0.9966
  Val   - Loss: 0.0335, Dice: 0.9636, Acc: 0.9926
Epoch 15/50 (341.9s)
  Train - Loss: 0.0135, Dice: 0.9767, Acc: 0.9953
  Val   - Loss: 0.0061, Dice: 0.9910, Acc: 0.9981
  ✓ Best model saved (Val Dice: 0.9910)
Epoch 16/50 (342.4s)
  Train - Loss: 0.0104, Dice: 0.9814, Acc: 0.9962
  Val   - Loss: 0.0040, Dice: 0.9933, Acc: 0.9986
  ✓ Best model saved (Val Dice: 0.9933)
Epoch 17/50 (344.2s)
  Train - Loss: 0.0075, Dice: 0.9857, Acc: 0.9971
  Val   - Loss: 0.0092, Dice: 0.9832, Acc: 0.9964
Epoch 18/50 (342.2s)
  Train - Loss: 0.0065, Dice: 0.9873, Acc: 0.9974
  Val   - Loss: 0.5343, Dice: 0.6028, Acc: 0.8618
Epoch 19/50 (341.0s)
  Train - Loss: 0.0063, Dice: 0.9876, Acc: 0.9975
  Val   - Loss: 0.0988, Dice: 0.8805, Acc: 0.9715
Epoch 20/50 (343.3s)
  Train - Loss: 0.0061, Dice: 0.9881, Acc: 0.9976
  Val   - Loss: 0.0151, Dice: 0.9799, Acc: 0.9958
Epoch 21/50 (341.9s)
  Train - Loss: 0.0056, Dice: 0.9889, Acc: 0.9978
  Val   - Loss: 0.0174, Dice: 0.9741, Acc: 0.9947
Epoch 22/50 (342.9s)
  Train - Loss: 0.0060, Dice: 0.9885, Acc: 0.9977
  Val   - Loss: 0.0084, Dice: 0.9832, Acc: 0.9965
Epoch 23/50 (343.2s)
  Train - Loss: 0.0052, Dice: 0.9898, Acc: 0.9979
  Val   - Loss: 0.0116, Dice: 0.9834, Acc: 0.9965
Epoch 24/50 (344.0s)
  Train - Loss: 0.0046, Dice: 0.9909, Acc: 0.9981
  Val   - Loss: 0.0689, Dice: 0.9111, Acc: 0.9815
Epoch 25/50 (343.6s)
  Train - Loss: 0.0048, Dice: 0.9907, Acc: 0.9981
  Val   - Loss: 0.0137, Dice: 0.9791, Acc: 0.9957
Epoch 26/50 (343.2s)
  Train - Loss: 0.0045, Dice: 0.9910, Acc: 0.9982
  Val   - Loss: 0.0024, Dice: 0.9963, Acc: 0.9992
  ✓ Best model saved (Val Dice: 0.9963)
Epoch 27/50 (343.1s)
  Train - Loss: 0.0040, Dice: 0.9918, Acc: 0.9983
  Val   - Loss: 0.0269, Dice: 0.9720, Acc: 0.9942
Epoch 28/50 (344.1s)
  Train - Loss: 0.0040, Dice: 0.9920, Acc: 0.9984
  Val   - Loss: 0.0063, Dice: 0.9890, Acc: 0.9977
Epoch 29/50 (343.9s)
  Train - Loss: 0.0039, Dice: 0.9922, Acc: 0.9984
  Val   - Loss: 0.0044, Dice: 0.9920, Acc: 0.9983
Epoch 30/50 (343.1s)
  Train - Loss: 0.0038, Dice: 0.9925, Acc: 0.9985
  Val   - Loss: 0.0064, Dice: 0.9876, Acc: 0.9974
Epoch 31/50 (344.0s)
  Train - Loss: 0.0036, Dice: 0.9928, Acc: 0.9985
  Val   - Loss: 0.0032, Dice: 0.9943, Acc: 0.9988
Epoch 32/50 (343.0s)
  Train - Loss: 0.0032, Dice: 0.9935, Acc: 0.9987
  Val   - Loss: 0.0187, Dice: 0.9765, Acc: 0.9952
Epoch 33/50 (342.9s)
  Train - Loss: 0.0032, Dice: 0.9935, Acc: 0.9987
  Val   - Loss: 0.0110, Dice: 0.9838, Acc: 0.9967
Epoch 34/50 (343.7s)
  Train - Loss: 0.0030, Dice: 0.9938, Acc: 0.9987
  Val   - Loss: 0.0051, Dice: 0.9900, Acc: 0.9979
Epoch 35/50 (346.3s)
  Train - Loss: 0.0030, Dice: 0.9940, Acc: 0.9988
  Val   - Loss: 0.0030, Dice: 0.9937, Acc: 0.9987
Epoch 36/50 (343.1s)
  Train - Loss: 0.0027, Dice: 0.9945, Acc: 0.9989
  Val   - Loss: 0.0202, Dice: 0.9754, Acc: 0.9950
Epoch 37/50 (343.5s)
  Train - Loss: 0.0025, Dice: 0.9949, Acc: 0.9990
  Val   - Loss: 0.0077, Dice: 0.9871, Acc: 0.9973
Epoch 38/50 (343.3s)
  Train - Loss: 0.0027, Dice: 0.9945, Acc: 0.9989
  Val   - Loss: 0.0083, Dice: 0.9858, Acc: 0.9971
Epoch 39/50 (342.1s)
  Train - Loss: 0.0023, Dice: 0.9952, Acc: 0.9990
  Val   - Loss: 0.0064, Dice: 0.9880, Acc: 0.9975
Epoch 40/50 (343.0s)
  Train - Loss: 0.0022, Dice: 0.9955, Acc: 0.9991
  Val   - Loss: 0.0093, Dice: 0.9853, Acc: 0.9970
Epoch 41/50 (342.0s)
  Train - Loss: 0.0022, Dice: 0.9956, Acc: 0.9991
  Val   - Loss: 0.0078, Dice: 0.9880, Acc: 0.9975
Epoch 42/50 (342.3s)
  Train - Loss: 0.0020, Dice: 0.9958, Acc: 0.9991
  Val   - Loss: 0.0088, Dice: 0.9868, Acc: 0.9973
Epoch 43/50 (344.0s)
  Train - Loss: 0.0019, Dice: 0.9961, Acc: 0.9992
  Val   - Loss: 0.0105, Dice: 0.9855, Acc: 0.9970
Epoch 44/50 (344.3s)
  Train - Loss: 0.0018, Dice: 0.9961, Acc: 0.9992
  Val   - Loss: 0.0087, Dice: 0.9870, Acc: 0.9973
Epoch 45/50 (341.2s)
  Train - Loss: 0.0018, Dice: 0.9964, Acc: 0.9993
  Val   - Loss: 0.0070, Dice: 0.9888, Acc: 0.9977
Epoch 46/50 (343.7s)
  Train - Loss: 0.0018, Dice: 0.9963, Acc: 0.9993
  Val   - Loss: 0.0064, Dice: 0.9890, Acc: 0.9977
Epoch 47/50 (342.8s)
  Train - Loss: 0.0017, Dice: 0.9964, Acc: 0.9993
  Val   - Loss: 0.0084, Dice: 0.9875, Acc: 0.9974
Epoch 48/50 (343.7s)
  Train - Loss: 0.0016, Dice: 0.9967, Acc: 0.9993
  Val   - Loss: 0.0085, Dice: 0.9876, Acc: 0.9974
Epoch 49/50 (344.0s)
  Train - Loss: 0.0017, Dice: 0.9966, Acc: 0.9993
  Val   - Loss: 0.0089, Dice: 0.9872, Acc: 0.9974
Epoch 50/50 (342.8s)
  Train - Loss: 0.0016, Dice: 0.9968, Acc: 0.9993
  Val   - Loss: 0.0075, Dice: 0.9885, Acc: 0.9976
================================================================================
Training complete! Total time: 286.0 minutes
Best validation Dice: 0.9963

Evaluating on test set...
Test Results:
  Dice:        0.9880
  Accuracy:    0.9976
  Sensitivity: 0.9764
  Specificity: 1.0000
  Precision:   1.0000

✅ Results saved to checkpoints/cv_experiments/fold_2/results.json
================================================================================

✅ Fold training complete!
