/mnt/bigdata/capstone/.env/lib/python3.12/site-packages/torch_geometric/typing.py:68: UserWarning: An issue occurred while importing 'pyg-lib'. Disabling its usage. Stacktrace: /mnt/bigdata/capstone/.env/lib/python3.12/site-packages/libpyg.so: undefined symbol: _ZN2at4_ops11multinomial4callERKNS_6TensorElbSt8optionalINS_9GeneratorEE
  warnings.warn(f"An issue occurred while importing 'pyg-lib'. "
/mnt/bigdata/capstone/.env/lib/python3.12/site-packages/torch_geometric/typing.py:124: UserWarning: An issue occurred while importing 'torch-sparse'. Disabling its usage. Stacktrace: /mnt/bigdata/capstone/.env/lib/python3.12/site-packages/libpyg.so: undefined symbol: _ZN2at4_ops11multinomial4callERKNS_6TensorElbSt8optionalINS_9GeneratorEE
  warnings.warn(f"An issue occurred while importing 'torch-sparse'. "
================================================================================
TRAINING FOLD 3
================================================================================
Using device: cuda

Loading fold data...
Creating datasets...
📊 Dataset initialized: 76708 graphs from 901 patients
📊 Dataset initialized: 8493 graphs from 100 patients
📊 Dataset initialized: 21651 graphs from 250 patients

Dataset sizes:
  Train: 76708 graphs
  Val:   8493 graphs
  Test:  21651 graphs
  Input features: 12

Initializing model...
  Total parameters: 437,505

Starting training for 50 epochs...
================================================================================
Epoch 1/50 (339.3s)
  Train - Loss: 0.3966, Dice: 0.1799, Acc: 0.8828
  Val   - Loss: 0.1644, Dice: 0.7259, Acc: 0.9547
  ✓ Best model saved (Val Dice: 0.7259)
Epoch 2/50 (341.9s)
  Train - Loss: 0.1041, Dice: 0.8254, Acc: 0.9669
  Val   - Loss: 0.0498, Dice: 0.9079, Acc: 0.9832
  ✓ Best model saved (Val Dice: 0.9079)
Epoch 3/50 (342.5s)
  Train - Loss: 0.0495, Dice: 0.9138, Acc: 0.9829
  Val   - Loss: 0.0245, Dice: 0.9567, Acc: 0.9918
  ✓ Best model saved (Val Dice: 0.9567)
Epoch 4/50 (340.7s)
  Train - Loss: 0.0476, Dice: 0.9165, Acc: 0.9835
  Val   - Loss: 0.0322, Dice: 0.9447, Acc: 0.9897
Epoch 5/50 (342.4s)
  Train - Loss: 0.0304, Dice: 0.9445, Acc: 0.9889
  Val   - Loss: 0.0264, Dice: 0.9586, Acc: 0.9922
  ✓ Best model saved (Val Dice: 0.9586)
Epoch 6/50 (339.8s)
  Train - Loss: 0.0251, Dice: 0.9544, Acc: 0.9908
  Val   - Loss: 0.0115, Dice: 0.9780, Acc: 0.9958
  ✓ Best model saved (Val Dice: 0.9780)
Epoch 7/50 (341.2s)
  Train - Loss: 0.0184, Dice: 0.9658, Acc: 0.9931
  Val   - Loss: 0.3831, Dice: 0.6372, Acc: 0.8889
Epoch 8/50 (340.7s)
  Train - Loss: 0.0160, Dice: 0.9705, Acc: 0.9940
  Val   - Loss: 0.0223, Dice: 0.9557, Acc: 0.9916
Epoch 9/50 (342.4s)
  Train - Loss: 0.0123, Dice: 0.9769, Acc: 0.9953
  Val   - Loss: 0.0956, Dice: 0.9058, Acc: 0.9832
Epoch 10/50 (341.0s)
  Train - Loss: 0.0133, Dice: 0.9756, Acc: 0.9950
  Val   - Loss: 0.0148, Dice: 0.9706, Acc: 0.9944
Epoch 11/50 (341.0s)
  Train - Loss: 0.0103, Dice: 0.9805, Acc: 0.9960
  Val   - Loss: 0.0111, Dice: 0.9774, Acc: 0.9957
Epoch 12/50 (341.2s)
  Train - Loss: 0.0096, Dice: 0.9820, Acc: 0.9963
  Val   - Loss: 0.0106, Dice: 0.9779, Acc: 0.9958
Epoch 13/50 (340.2s)
  Train - Loss: 0.0086, Dice: 0.9835, Acc: 0.9966
  Val   - Loss: 0.0191, Dice: 0.9695, Acc: 0.9939
Epoch 14/50 (342.6s)
  Train - Loss: 0.0084, Dice: 0.9843, Acc: 0.9968
  Val   - Loss: 0.1061, Dice: 0.9204, Acc: 0.9856
Epoch 15/50 (340.6s)
  Train - Loss: 0.0076, Dice: 0.9853, Acc: 0.9970
  Val   - Loss: 0.0818, Dice: 0.8479, Acc: 0.9674
Epoch 16/50 (341.6s)
  Train - Loss: 0.0074, Dice: 0.9856, Acc: 0.9971
  Val   - Loss: 0.1066, Dice: 0.8380, Acc: 0.9623
Epoch 17/50 (341.9s)
  Train - Loss: 0.0105, Dice: 0.9810, Acc: 0.9961
  Val   - Loss: 0.0040, Dice: 0.9929, Acc: 0.9986
  ✓ Best model saved (Val Dice: 0.9929)
Epoch 18/50 (341.5s)
  Train - Loss: 0.0062, Dice: 0.9879, Acc: 0.9975
  Val   - Loss: 0.0071, Dice: 0.9884, Acc: 0.9978
Epoch 19/50 (341.6s)
  Train - Loss: 0.0054, Dice: 0.9891, Acc: 0.9978
  Val   - Loss: 0.0248, Dice: 0.9583, Acc: 0.9922
Epoch 20/50 (341.9s)
  Train - Loss: 0.0065, Dice: 0.9890, Acc: 0.9978
  Val   - Loss: 0.0112, Dice: 0.9790, Acc: 0.9960
Epoch 21/50 (341.7s)
  Train - Loss: 0.0074, Dice: 0.9864, Acc: 0.9972
  Val   - Loss: 0.0047, Dice: 0.9909, Acc: 0.9982
Epoch 22/50 (342.4s)
  Train - Loss: 0.0071, Dice: 0.9865, Acc: 0.9972
  Val   - Loss: 0.0488, Dice: 0.9246, Acc: 0.9841
Epoch 23/50 (341.3s)
  Train - Loss: 0.0049, Dice: 0.9903, Acc: 0.9980
  Val   - Loss: 0.0136, Dice: 0.9775, Acc: 0.9957
Epoch 24/50 (342.7s)
  Train - Loss: 0.0047, Dice: 0.9907, Acc: 0.9981
  Val   - Loss: 0.0556, Dice: 0.9272, Acc: 0.9865
Epoch 25/50 (343.2s)
  Train - Loss: 0.0045, Dice: 0.9910, Acc: 0.9982
  Val   - Loss: 0.0060, Dice: 0.9895, Acc: 0.9980
Epoch 26/50 (340.0s)
  Train - Loss: 0.0044, Dice: 0.9911, Acc: 0.9982
  Val   - Loss: 0.0050, Dice: 0.9911, Acc: 0.9983
Epoch 27/50 (339.3s)
  Train - Loss: 0.0045, Dice: 0.9911, Acc: 0.9982
  Val   - Loss: 0.0664, Dice: 0.9206, Acc: 0.9832
Epoch 28/50 (343.1s)
  Train - Loss: 0.0043, Dice: 0.9914, Acc: 0.9982
  Val   - Loss: 0.0196, Dice: 0.9643, Acc: 0.9933
Epoch 29/50 (341.8s)
  Train - Loss: 0.0039, Dice: 0.9923, Acc: 0.9984
  Val   - Loss: 0.0043, Dice: 0.9911, Acc: 0.9982
Epoch 30/50 (341.4s)
  Train - Loss: 0.0036, Dice: 0.9926, Acc: 0.9985
  Val   - Loss: 0.0083, Dice: 0.9824, Acc: 0.9966
Epoch 31/50 (341.5s)
  Train - Loss: 0.0036, Dice: 0.9927, Acc: 0.9985
  Val   - Loss: 0.0077, Dice: 0.9898, Acc: 0.9980
Epoch 32/50 (341.4s)
  Train - Loss: 0.0033, Dice: 0.9932, Acc: 0.9986
  Val   - Loss: 0.0453, Dice: 0.9600, Acc: 0.9925
Epoch 33/50 (341.1s)
  Train - Loss: 0.0032, Dice: 0.9936, Acc: 0.9987
  Val   - Loss: 0.0066, Dice: 0.9855, Acc: 0.9972
Epoch 34/50 (342.0s)
  Train - Loss: 0.0032, Dice: 0.9935, Acc: 0.9987
  Val   - Loss: 0.0150, Dice: 0.9765, Acc: 0.9955
Epoch 35/50 (340.1s)
  Train - Loss: 0.0030, Dice: 0.9939, Acc: 0.9988
  Val   - Loss: 0.0130, Dice: 0.9783, Acc: 0.9958
Epoch 36/50 (340.7s)
  Train - Loss: 0.0028, Dice: 0.9944, Acc: 0.9989
  Val   - Loss: 0.0075, Dice: 0.9868, Acc: 0.9974
Epoch 37/50 (341.9s)
  Train - Loss: 0.0026, Dice: 0.9946, Acc: 0.9989
  Val   - Loss: 0.0054, Dice: 0.9883, Acc: 0.9977
Epoch 38/50 (343.3s)
  Train - Loss: 0.0025, Dice: 0.9950, Acc: 0.9990
  Val   - Loss: 0.0044, Dice: 0.9902, Acc: 0.9981
Epoch 39/50 (342.4s)
  Train - Loss: 0.0024, Dice: 0.9951, Acc: 0.9990
  Val   - Loss: 0.0027, Dice: 0.9945, Acc: 0.9989
  ✓ Best model saved (Val Dice: 0.9945)
Epoch 40/50 (341.7s)
  Train - Loss: 0.0023, Dice: 0.9952, Acc: 0.9990
  Val   - Loss: 0.0039, Dice: 0.9912, Acc: 0.9983
Epoch 41/50 (340.4s)
  Train - Loss: 0.0022, Dice: 0.9954, Acc: 0.9991
  Val   - Loss: 0.0114, Dice: 0.9817, Acc: 0.9965
Epoch 42/50 (340.6s)
  Train - Loss: 0.0021, Dice: 0.9957, Acc: 0.9991
  Val   - Loss: 0.0024, Dice: 0.9938, Acc: 0.9988
Epoch 43/50 (340.0s)
  Train - Loss: 0.0020, Dice: 0.9959, Acc: 0.9992
  Val   - Loss: 0.0070, Dice: 0.9871, Acc: 0.9975
Epoch 44/50 (341.2s)
  Train - Loss: 0.0020, Dice: 0.9959, Acc: 0.9992
  Val   - Loss: 0.0063, Dice: 0.9875, Acc: 0.9976
Epoch 45/50 (342.8s)
  Train - Loss: 0.0019, Dice: 0.9961, Acc: 0.9992
  Val   - Loss: 0.0069, Dice: 0.9872, Acc: 0.9975
Epoch 46/50 (340.9s)
  Train - Loss: 0.0018, Dice: 0.9963, Acc: 0.9992
  Val   - Loss: 0.0041, Dice: 0.9906, Acc: 0.9982
Epoch 47/50 (342.9s)
  Train - Loss: 0.0018, Dice: 0.9964, Acc: 0.9993
  Val   - Loss: 0.0054, Dice: 0.9887, Acc: 0.9978
Epoch 48/50 (341.8s)
  Train - Loss: 0.0017, Dice: 0.9964, Acc: 0.9993
  Val   - Loss: 0.0035, Dice: 0.9920, Acc: 0.9984
Epoch 49/50 (341.1s)
  Train - Loss: 0.0017, Dice: 0.9966, Acc: 0.9993
  Val   - Loss: 0.0045, Dice: 0.9901, Acc: 0.9981
Epoch 50/50 (340.5s)
  Train - Loss: 0.0017, Dice: 0.9966, Acc: 0.9993
  Val   - Loss: 0.0045, Dice: 0.9902, Acc: 0.9981
================================================================================
Training complete! Total time: 284.5 minutes
Best validation Dice: 0.9945

Evaluating on test set...
Test Results:
  Dice:        0.9910
  Accuracy:    0.9982
  Sensitivity: 0.9821
  Specificity: 1.0000
  Precision:   1.0000

✅ Results saved to checkpoints/cv_experiments/fold_3/results.json
================================================================================

✅ Fold training complete!
