nohup: ignoring input
/mnt/bigdata/capstone/.env/lib/python3.12/site-packages/torch_geometric/typing.py:68: UserWarning: An issue occurred while importing 'pyg-lib'. Disabling its usage. Stacktrace: /mnt/bigdata/capstone/.env/lib/python3.12/site-packages/libpyg.so: undefined symbol: _ZN2at4_ops11multinomial4callERKNS_6TensorElbSt8optionalINS_9GeneratorEE
  warnings.warn(f"An issue occurred while importing 'pyg-lib'. "
/mnt/bigdata/capstone/.env/lib/python3.12/site-packages/torch_geometric/typing.py:124: UserWarning: An issue occurred while importing 'torch-sparse'. Disabling its usage. Stacktrace: /mnt/bigdata/capstone/.env/lib/python3.12/site-packages/libpyg.so: undefined symbol: _ZN2at4_ops11multinomial4callERKNS_6TensorElbSt8optionalINS_9GeneratorEE
  warnings.warn(f"An issue occurred while importing 'torch-sparse'. "
/mnt/bigdata/capstone/brats_gnn_segmentation/scripts/rerun_undertrained_configs.py:323: FutureWarning: `torch.cuda.amp.GradScaler(args...)` is deprecated. Please use `torch.amp.GradScaler('cuda', args...)` instead.
  scaler = GradScaler() if base_config.get('use_amp', False) else None

╔══════════════════════════════════════════════════════════════════════════════╗
║                    RE-RUN UNDERTRAINED CONFIGS                               ║
║               With Proper Training Settings                                  ║
╚══════════════════════════════════════════════════════════════════════════════╝

MAXIMUM POWER Settings:
  Batch Size: 48 → Maximum stable for RTX 2060 (6GB)
  Mixed Precision: Enabled → ~1.5-2× faster training
  Workers: 8 → Maximum parallelism (16 cores)
  Prefetch: 4 → Aggressive data loading
  Patience: 10 → Proper convergence
  Max Epochs: 50 → Full training

================================================================================
STEP 1: Loading Data Splits
================================================================================
Note: Graphs already preprocessed in data/graphs/ directory
Loading fold 0 splits...
  Train: 900 graphs from 900 patients
  Val:   100 graphs from 100 patients
  Test:  251 graphs from 251 patients
  Note: Graphs already preprocessed in data/graphs

✅ Data splits loaded! Graphs will be read from disk during training.

================================================================================
STEP 2: Training Configs Sequentially
================================================================================
Running 4 configurations...
Expected time: ~3-4 hours total (45-60 min each with AMP)

Optimizations:
  • Mixed precision (AMP) → 1.5-2× speedup
  • Batch size 48 → Maximum GPU utilization
  • 8 workers + prefetch 4 → Zero data loading bottleneck
  • GPU should stay at 95-100% throughout training


================================================================================
CONFIG: Baseline (5 layers, 256D) - Fixed Training
================================================================================
📊 Dataset initialized: 76679 graphs from 900 patients
📊 Dataset initialized: 8629 graphs from 100 patients
📊 Dataset initialized: 21544 graphs from 251 patients

Model Architecture:
  Layers: 5
  Hidden: 256
  Type:   sage
  Parameters: 439,041

Training for up to 50 epochs (patience=10, with AMP)...
/mnt/bigdata/capstone/brats_gnn_segmentation/scripts/rerun_undertrained_configs.py:189: FutureWarning: `torch.cuda.amp.autocast(args...)` is deprecated. Please use `torch.amp.autocast('cuda', args...)` instead.
  with autocast(enabled=use_amp):
/mnt/bigdata/capstone/brats_gnn_segmentation/scripts/rerun_undertrained_configs.py:235: FutureWarning: `torch.cuda.amp.autocast(args...)` is deprecated. Please use `torch.amp.autocast('cuda', args...)` instead.
  with autocast(enabled=use_amp):
Epoch  1/50: Train Loss=1.0071, Dice=0.3200 | Val Loss=0.7757, Dice=0.4327 | Time=218.3s
  ✓ Best model saved (Val Dice: 0.4327)
Epoch  2/50: Train Loss=0.6350, Dice=0.5871 | Val Loss=0.5836, Dice=0.5881 | Time=214.2s
  ✓ Best model saved (Val Dice: 0.5881)
Epoch  3/50: Train Loss=0.4694, Dice=0.6936 | Val Loss=0.3516, Dice=0.7576 | Time=214.7s
  ✓ Best model saved (Val Dice: 0.7576)
Epoch  4/50: Train Loss=0.2947, Dice=0.8081 | Val Loss=0.3749, Dice=0.7360 | Time=214.1s
Epoch  5/50: Train Loss=0.2501, Dice=0.8367 | Val Loss=0.2512, Dice=0.8254 | Time=214.8s
  ✓ Best model saved (Val Dice: 0.8254)
Epoch  6/50: Train Loss=0.2172, Dice=0.8581 | Val Loss=0.2971, Dice=0.7893 | Time=214.1s
Epoch  7/50: Train Loss=0.2046, Dice=0.8667 | Val Loss=0.3844, Dice=0.7486 | Time=214.3s
Epoch  8/50: Train Loss=0.1960, Dice=0.8720 | Val Loss=0.2854, Dice=0.8027 | Time=214.5s
Epoch  9/50: Train Loss=0.1908, Dice=0.8752 | Val Loss=0.2535, Dice=0.8254 | Time=214.2s
  ✓ Best model saved (Val Dice: 0.8254)
Epoch 10/50: Train Loss=0.1846, Dice=0.8793 | Val Loss=0.2610, Dice=0.8140 | Time=214.4s
Epoch 11/50: Train Loss=0.1801, Dice=0.8825 | Val Loss=0.2896, Dice=0.8031 | Time=214.0s
Epoch 12/50: Train Loss=0.1767, Dice=0.8844 | Val Loss=0.2342, Dice=0.8464 | Time=213.9s
  ✓ Best model saved (Val Dice: 0.8464)
Epoch 13/50: Train Loss=0.1740, Dice=0.8861 | Val Loss=0.2275, Dice=0.8463 | Time=214.6s
Epoch 14/50: Train Loss=0.1699, Dice=0.8886 | Val Loss=0.2732, Dice=0.8092 | Time=214.5s
Epoch 15/50: Train Loss=0.1673, Dice=0.8902 | Val Loss=0.2216, Dice=0.8412 | Time=214.3s
Epoch 16/50: Train Loss=0.1639, Dice=0.8919 | Val Loss=0.2434, Dice=0.8341 | Time=214.9s
Epoch 17/50: Train Loss=0.1600, Dice=0.8945 | Val Loss=0.2133, Dice=0.8537 | Time=215.4s
  ✓ Best model saved (Val Dice: 0.8537)
Epoch 18/50: Train Loss=0.1587, Dice=0.8958 | Val Loss=0.2259, Dice=0.8496 | Time=214.5s
Epoch 19/50: Train Loss=0.1558, Dice=0.8973 | Val Loss=0.2171, Dice=0.8505 | Time=214.5s
Epoch 20/50: Train Loss=0.1540, Dice=0.8984 | Val Loss=0.2115, Dice=0.8527 | Time=215.4s
Epoch 21/50: Train Loss=0.1508, Dice=0.9005 | Val Loss=0.2198, Dice=0.8444 | Time=214.3s
Epoch 22/50: Train Loss=0.1490, Dice=0.9018 | Val Loss=0.2231, Dice=0.8441 | Time=214.8s
Epoch 23/50: Train Loss=0.1468, Dice=0.9030 | Val Loss=0.2160, Dice=0.8465 | Time=214.7s
Epoch 24/50: Train Loss=0.1446, Dice=0.9045 | Val Loss=0.2052, Dice=0.8565 | Time=213.9s
  ✓ Best model saved (Val Dice: 0.8565)
Epoch 25/50: Train Loss=0.1448, Dice=0.9040 | Val Loss=0.2520, Dice=0.8308 | Time=214.3s
Epoch 26/50: Train Loss=0.1415, Dice=0.9069 | Val Loss=0.2100, Dice=0.8555 | Time=214.5s
Epoch 27/50: Train Loss=0.1405, Dice=0.9070 | Val Loss=0.2038, Dice=0.8612 | Time=215.0s
  ✓ Best model saved (Val Dice: 0.8612)
Epoch 28/50: Train Loss=0.1392, Dice=0.9078 | Val Loss=0.1909, Dice=0.8662 | Time=214.4s
  ✓ Best model saved (Val Dice: 0.8662)
Epoch 29/50: Train Loss=0.1374, Dice=0.9091 | Val Loss=0.2050, Dice=0.8557 | Time=214.0s
Epoch 30/50: Train Loss=0.1355, Dice=0.9107 | Val Loss=0.2101, Dice=0.8550 | Time=215.0s
Epoch 31/50: Train Loss=0.1338, Dice=0.9117 | Val Loss=0.2008, Dice=0.8621 | Time=214.5s
Epoch 32/50: Train Loss=0.1321, Dice=0.9126 | Val Loss=0.1928, Dice=0.8647 | Time=214.2s
Epoch 33/50: Train Loss=0.1308, Dice=0.9134 | Val Loss=0.1868, Dice=0.8706 | Time=213.9s
  ✓ Best model saved (Val Dice: 0.8706)
Epoch 34/50: Train Loss=0.1289, Dice=0.9146 | Val Loss=0.1933, Dice=0.8629 | Time=214.6s
Epoch 35/50: Train Loss=0.1279, Dice=0.9154 | Val Loss=0.1881, Dice=0.8690 | Time=214.6s
Epoch 36/50: Train Loss=0.1265, Dice=0.9165 | Val Loss=0.1823, Dice=0.8766 | Time=214.7s
  ✓ Best model saved (Val Dice: 0.8766)
Epoch 37/50: Train Loss=0.1250, Dice=0.9176 | Val Loss=0.1847, Dice=0.8770 | Time=214.4s
  ✓ Best model saved (Val Dice: 0.8770)
Epoch 38/50: Train Loss=0.1239, Dice=0.9183 | Val Loss=0.1906, Dice=0.8690 | Time=215.1s
Epoch 39/50: Train Loss=0.1222, Dice=0.9196 | Val Loss=0.1820, Dice=0.8745 | Time=214.4s
Epoch 40/50: Train Loss=0.1212, Dice=0.9202 | Val Loss=0.1822, Dice=0.8784 | Time=214.1s
  ✓ Best model saved (Val Dice: 0.8784)
Epoch 41/50: Train Loss=0.1203, Dice=0.9209 | Val Loss=0.1817, Dice=0.8768 | Time=214.4s
Epoch 42/50: Train Loss=0.1195, Dice=0.9211 | Val Loss=0.1857, Dice=0.8665 | Time=214.8s
Epoch 43/50: Train Loss=0.1185, Dice=0.9219 | Val Loss=0.1880, Dice=0.8723 | Time=214.8s
Epoch 44/50: Train Loss=0.1177, Dice=0.9225 | Val Loss=0.1899, Dice=0.8694 | Time=214.7s
Epoch 45/50: Train Loss=0.1171, Dice=0.9229 | Val Loss=0.1845, Dice=0.8712 | Time=214.5s
Epoch 46/50: Train Loss=0.1169, Dice=0.9233 | Val Loss=0.1796, Dice=0.8783 | Time=214.7s
Epoch 47/50: Train Loss=0.1166, Dice=0.9233 | Val Loss=0.1822, Dice=0.8737 | Time=213.9s
Epoch 48/50: Train Loss=0.1165, Dice=0.9230 | Val Loss=0.1804, Dice=0.8790 | Time=215.0s
  ✓ Best model saved (Val Dice: 0.8790)
Epoch 49/50: Train Loss=0.1156, Dice=0.9240 | Val Loss=0.1827, Dice=0.8769 | Time=214.6s
Epoch 50/50: Train Loss=0.1156, Dice=0.9238 | Val Loss=0.1826, Dice=0.8740 | Time=216.3s

Evaluating on test set...

================================================================================
RESULTS: Baseline (5 layers, 256D) - Fixed Training
================================================================================
  Best Val Dice:  0.8790 (epoch 48)
  Test Dice:      0.8607
  Parameters:     439,041
  Training Time:  178.8 min
================================================================================

================================================================================
CONFIG: 6 Layers - Fixed Training
================================================================================
📊 Dataset initialized: 76679 graphs from 900 patients
📊 Dataset initialized: 8629 graphs from 100 patients
📊 Dataset initialized: 21544 graphs from 251 patients

Model Architecture:
  Layers: 6
  Hidden: 256
  Type:   sage
  Parameters: 570,881

Training for up to 50 epochs (patience=10, with AMP)...
Epoch  1/50: Train Loss=0.9725, Dice=0.3280 | Val Loss=0.7212, Dice=0.4889 | Time=215.9s
  ✓ Best model saved (Val Dice: 0.4889)
Epoch  2/50: Train Loss=0.5517, Dice=0.6425 | Val Loss=0.4589, Dice=0.6867 | Time=216.9s
  ✓ Best model saved (Val Dice: 0.6867)
Epoch  3/50: Train Loss=0.3986, Dice=0.7410 | Val Loss=0.3267, Dice=0.7766 | Time=217.8s
  ✓ Best model saved (Val Dice: 0.7766)
Epoch  4/50: Train Loss=0.3262, Dice=0.7866 | Val Loss=0.3078, Dice=0.7905 | Time=217.6s
  ✓ Best model saved (Val Dice: 0.7905)
Epoch  5/50: Train Loss=0.2689, Dice=0.8247 | Val Loss=0.2942, Dice=0.7948 | Time=217.1s
  ✓ Best model saved (Val Dice: 0.7948)
Epoch  6/50: Train Loss=0.2252, Dice=0.8533 | Val Loss=0.2774, Dice=0.8102 | Time=217.6s
  ✓ Best model saved (Val Dice: 0.8102)
Epoch  7/50: Train Loss=0.2121, Dice=0.8617 | Val Loss=0.3686, Dice=0.7419 | Time=217.2s
Epoch  8/50: Train Loss=0.2030, Dice=0.8673 | Val Loss=0.3281, Dice=0.7774 | Time=217.1s
Epoch  9/50: Train Loss=0.1964, Dice=0.8714 | Val Loss=0.3398, Dice=0.7661 | Time=217.7s
Epoch 10/50: Train Loss=0.1895, Dice=0.8757 | Val Loss=0.2380, Dice=0.8414 | Time=217.4s
  ✓ Best model saved (Val Dice: 0.8414)
Epoch 11/50: Train Loss=0.1833, Dice=0.8799 | Val Loss=0.2809, Dice=0.8060 | Time=217.9s
Epoch 12/50: Train Loss=0.1787, Dice=0.8827 | Val Loss=0.3048, Dice=0.7898 | Time=218.0s
Epoch 13/50: Train Loss=0.1747, Dice=0.8851 | Val Loss=0.2710, Dice=0.8154 | Time=217.3s
Epoch 14/50: Train Loss=0.1700, Dice=0.8883 | Val Loss=0.2241, Dice=0.8434 | Time=217.3s
  ✓ Best model saved (Val Dice: 0.8434)
Epoch 15/50: Train Loss=0.1679, Dice=0.8897 | Val Loss=0.2734, Dice=0.8079 | Time=217.0s
Epoch 16/50: Train Loss=0.1643, Dice=0.8917 | Val Loss=0.2929, Dice=0.7943 | Time=218.0s
Epoch 17/50: Train Loss=0.1608, Dice=0.8942 | Val Loss=0.2773, Dice=0.8050 | Time=217.6s
Epoch 18/50: Train Loss=0.1587, Dice=0.8955 | Val Loss=0.2578, Dice=0.8257 | Time=217.9s
Epoch 19/50: Train Loss=0.1563, Dice=0.8966 | Val Loss=0.2498, Dice=0.8293 | Time=218.5s
Epoch 20/50: Train Loss=0.1554, Dice=0.8973 | Val Loss=0.2291, Dice=0.8360 | Time=217.6s
Epoch 21/50: Train Loss=0.1522, Dice=0.8994 | Val Loss=0.2302, Dice=0.8435 | Time=217.0s
  ✓ Best model saved (Val Dice: 0.8435)
Epoch 22/50: Train Loss=0.1502, Dice=0.9009 | Val Loss=0.2105, Dice=0.8487 | Time=217.4s
  ✓ Best model saved (Val Dice: 0.8487)
Epoch 23/50: Train Loss=0.1484, Dice=0.9022 | Val Loss=0.2223, Dice=0.8479 | Time=217.2s
Epoch 24/50: Train Loss=0.1465, Dice=0.9033 | Val Loss=0.2111, Dice=0.8564 | Time=217.1s
  ✓ Best model saved (Val Dice: 0.8564)
Epoch 25/50: Train Loss=0.1443, Dice=0.9046 | Val Loss=0.1972, Dice=0.8669 | Time=218.1s
  ✓ Best model saved (Val Dice: 0.8669)
Epoch 26/50: Train Loss=0.1438, Dice=0.9049 | Val Loss=0.2018, Dice=0.8612 | Time=217.3s
Epoch 27/50: Train Loss=0.1417, Dice=0.9062 | Val Loss=0.1975, Dice=0.8639 | Time=217.4s
Epoch 28/50: Train Loss=0.1404, Dice=0.9070 | Val Loss=0.2051, Dice=0.8582 | Time=217.2s
Epoch 29/50: Train Loss=0.1379, Dice=0.9088 | Val Loss=0.2115, Dice=0.8472 | Time=217.5s
Epoch 30/50: Train Loss=0.1372, Dice=0.9090 | Val Loss=0.1937, Dice=0.8668 | Time=217.5s
Epoch 31/50: Train Loss=0.1353, Dice=0.9104 | Val Loss=0.2036, Dice=0.8667 | Time=217.6s
Epoch 32/50: Train Loss=0.1333, Dice=0.9117 | Val Loss=0.2171, Dice=0.8483 | Time=216.8s
Epoch 33/50: Train Loss=0.1324, Dice=0.9124 | Val Loss=0.2009, Dice=0.8599 | Time=217.8s
Epoch 34/50: Train Loss=0.1310, Dice=0.9133 | Val Loss=0.1864, Dice=0.8706 | Time=217.6s
  ✓ Best model saved (Val Dice: 0.8706)
Epoch 35/50: Train Loss=0.1304, Dice=0.9138 | Val Loss=0.1795, Dice=0.8778 | Time=217.8s
  ✓ Best model saved (Val Dice: 0.8778)
Epoch 36/50: Train Loss=0.1281, Dice=0.9151 | Val Loss=0.2111, Dice=0.8573 | Time=218.1s
Epoch 37/50: Train Loss=0.1270, Dice=0.9161 | Val Loss=0.1956, Dice=0.8611 | Time=218.5s
Epoch 38/50: Train Loss=0.1256, Dice=0.9170 | Val Loss=0.2084, Dice=0.8543 | Time=217.2s
Epoch 39/50: Train Loss=0.1247, Dice=0.9177 | Val Loss=0.1945, Dice=0.8673 | Time=217.8s
Epoch 40/50: Train Loss=0.1232, Dice=0.9185 | Val Loss=0.2005, Dice=0.8567 | Time=217.6s
Epoch 41/50: Train Loss=0.1219, Dice=0.9195 | Val Loss=0.1917, Dice=0.8652 | Time=216.9s
Epoch 42/50: Train Loss=0.1211, Dice=0.9199 | Val Loss=0.1981, Dice=0.8605 | Time=217.3s
Epoch 43/50: Train Loss=0.1204, Dice=0.9205 | Val Loss=0.1913, Dice=0.8709 | Time=217.3s
Epoch 44/50: Train Loss=0.1193, Dice=0.9211 | Val Loss=0.1951, Dice=0.8625 | Time=216.9s
Epoch 45/50: Train Loss=0.1189, Dice=0.9215 | Val Loss=0.1892, Dice=0.8651 | Time=217.5s

Early stopping at epoch 45 (no improvement for 10 epochs)

Evaluating on test set...

================================================================================
RESULTS: 6 Layers - Fixed Training
================================================================================
  Best Val Dice:  0.8778 (epoch 35)
  Test Dice:      0.8632
  Parameters:     570,881
  Training Time:  163.1 min
================================================================================

================================================================================
CONFIG: Hidden Dim 512 - Fixed Training
================================================================================
📊 Dataset initialized: 76679 graphs from 900 patients
📊 Dataset initialized: 8629 graphs from 100 patients
📊 Dataset initialized: 21544 graphs from 251 patients

Model Architecture:
  Layers: 5
  Hidden: 512
  Type:   sage
  Parameters: 1,662,209

Training for up to 50 epochs (patience=10, with AMP)...
Epoch  1/50: Train Loss=0.9676, Dice=0.4052 | Val Loss=0.7296, Dice=0.5006 | Time=216.2s
  ✓ Best model saved (Val Dice: 0.5006)
Epoch  2/50: Train Loss=0.6035, Dice=0.6183 | Val Loss=0.5506, Dice=0.6189 | Time=218.7s
  ✓ Best model saved (Val Dice: 0.6189)
Epoch  3/50: Train Loss=0.4117, Dice=0.7338 | Val Loss=0.3415, Dice=0.7639 | Time=220.2s
  ✓ Best model saved (Val Dice: 0.7639)
Epoch  4/50: Train Loss=0.2664, Dice=0.8281 | Val Loss=0.2677, Dice=0.8134 | Time=217.6s
  ✓ Best model saved (Val Dice: 0.8134)
Epoch  5/50: Train Loss=0.2262, Dice=0.8533 | Val Loss=0.2536, Dice=0.8201 | Time=218.1s
  ✓ Best model saved (Val Dice: 0.8201)
Epoch  6/50: Train Loss=0.2109, Dice=0.8626 | Val Loss=0.2457, Dice=0.8298 | Time=217.4s
  ✓ Best model saved (Val Dice: 0.8298)
Epoch  7/50: Train Loss=0.2021, Dice=0.8680 | Val Loss=0.2759, Dice=0.8120 | Time=217.8s
Epoch  8/50: Train Loss=0.1942, Dice=0.8739 | Val Loss=0.2347, Dice=0.8367 | Time=218.3s
  ✓ Best model saved (Val Dice: 0.8367)
Epoch  9/50: Train Loss=0.1876, Dice=0.8774 | Val Loss=0.2395, Dice=0.8317 | Time=217.6s
Epoch 10/50: Train Loss=0.1845, Dice=0.8790 | Val Loss=0.2459, Dice=0.8268 | Time=217.5s
Epoch 11/50: Train Loss=0.1795, Dice=0.8826 | Val Loss=0.2258, Dice=0.8377 | Time=216.9s
  ✓ Best model saved (Val Dice: 0.8377)
Epoch 12/50: Train Loss=0.1754, Dice=0.8847 | Val Loss=0.2929, Dice=0.7956 | Time=218.0s
Epoch 13/50: Train Loss=0.1702, Dice=0.8879 | Val Loss=0.2189, Dice=0.8488 | Time=217.6s
  ✓ Best model saved (Val Dice: 0.8488)
Epoch 14/50: Train Loss=0.1678, Dice=0.8895 | Val Loss=0.2758, Dice=0.8031 | Time=217.0s
Epoch 15/50: Train Loss=0.1634, Dice=0.8925 | Val Loss=0.2164, Dice=0.8475 | Time=217.8s
Epoch 16/50: Train Loss=0.1608, Dice=0.8939 | Val Loss=0.2118, Dice=0.8484 | Time=217.8s
Epoch 17/50: Train Loss=0.1577, Dice=0.8959 | Val Loss=0.2543, Dice=0.8228 | Time=217.9s
Epoch 18/50: Train Loss=0.1541, Dice=0.8981 | Val Loss=0.2263, Dice=0.8432 | Time=217.8s
Epoch 19/50: Train Loss=0.1517, Dice=0.8996 | Val Loss=0.2035, Dice=0.8577 | Time=218.1s
  ✓ Best model saved (Val Dice: 0.8577)
Epoch 20/50: Train Loss=0.1491, Dice=0.9014 | Val Loss=0.2138, Dice=0.8498 | Time=217.4s
Epoch 21/50: Train Loss=0.1467, Dice=0.9031 | Val Loss=0.2180, Dice=0.8433 | Time=217.7s
Epoch 22/50: Train Loss=0.1441, Dice=0.9046 | Val Loss=0.1990, Dice=0.8665 | Time=217.6s
  ✓ Best model saved (Val Dice: 0.8665)
Epoch 23/50: Train Loss=0.1422, Dice=0.9061 | Val Loss=0.2155, Dice=0.8549 | Time=218.2s
Epoch 24/50: Train Loss=0.1411, Dice=0.9067 | Val Loss=0.2319, Dice=0.8388 | Time=218.6s
Epoch 25/50: Train Loss=0.1384, Dice=0.9087 | Val Loss=0.2023, Dice=0.8621 | Time=218.0s
Epoch 26/50: Train Loss=0.1367, Dice=0.9095 | Val Loss=0.2262, Dice=0.8475 | Time=217.6s
Epoch 27/50: Train Loss=0.1338, Dice=0.9116 | Val Loss=0.2434, Dice=0.8337 | Time=218.0s
Epoch 28/50: Train Loss=0.1323, Dice=0.9125 | Val Loss=0.1991, Dice=0.8644 | Time=217.5s
Epoch 29/50: Train Loss=0.1302, Dice=0.9139 | Val Loss=0.1897, Dice=0.8724 | Time=217.8s
  ✓ Best model saved (Val Dice: 0.8724)
Epoch 30/50: Train Loss=0.1282, Dice=0.9155 | Val Loss=0.1886, Dice=0.8687 | Time=217.3s
Epoch 31/50: Train Loss=0.1265, Dice=0.9164 | Val Loss=0.2141, Dice=0.8544 | Time=217.8s
Epoch 32/50: Train Loss=0.1249, Dice=0.9177 | Val Loss=0.1856, Dice=0.8712 | Time=217.1s
Epoch 33/50: Train Loss=0.1228, Dice=0.9187 | Val Loss=0.1860, Dice=0.8674 | Time=218.9s
Epoch 34/50: Train Loss=0.1204, Dice=0.9209 | Val Loss=0.1862, Dice=0.8721 | Time=218.3s
Epoch 35/50: Train Loss=0.1183, Dice=0.9221 | Val Loss=0.1893, Dice=0.8687 | Time=218.0s
Epoch 36/50: Train Loss=0.1173, Dice=0.9226 | Val Loss=0.1875, Dice=0.8754 | Time=216.8s
  ✓ Best model saved (Val Dice: 0.8754)
Epoch 37/50: Train Loss=0.1151, Dice=0.9245 | Val Loss=0.1792, Dice=0.8764 | Time=217.9s
  ✓ Best model saved (Val Dice: 0.8764)
Epoch 38/50: Train Loss=0.1136, Dice=0.9254 | Val Loss=0.1850, Dice=0.8726 | Time=218.3s
Epoch 39/50: Train Loss=0.1125, Dice=0.9261 | Val Loss=0.1813, Dice=0.8791 | Time=217.3s
  ✓ Best model saved (Val Dice: 0.8791)
Epoch 40/50: Train Loss=0.1112, Dice=0.9271 | Val Loss=0.1833, Dice=0.8764 | Time=217.7s
Epoch 41/50: Train Loss=0.1089, Dice=0.9285 | Val Loss=0.1821, Dice=0.8767 | Time=217.4s
Epoch 42/50: Train Loss=0.1081, Dice=0.9294 | Val Loss=0.1828, Dice=0.8713 | Time=218.0s
Epoch 43/50: Train Loss=0.1072, Dice=0.9299 | Val Loss=0.1795, Dice=0.8813 | Time=218.0s
  ✓ Best model saved (Val Dice: 0.8813)
Epoch 44/50: Train Loss=0.1061, Dice=0.9308 | Val Loss=0.1784, Dice=0.8816 | Time=217.0s
  ✓ Best model saved (Val Dice: 0.8816)
Epoch 45/50: Train Loss=0.1052, Dice=0.9315 | Val Loss=0.1805, Dice=0.8778 | Time=217.9s
Epoch 46/50: Train Loss=0.1045, Dice=0.9318 | Val Loss=0.1805, Dice=0.8805 | Time=217.8s
Epoch 47/50: Train Loss=0.1043, Dice=0.9319 | Val Loss=0.1806, Dice=0.8789 | Time=217.5s
Epoch 48/50: Train Loss=0.1034, Dice=0.9326 | Val Loss=0.1802, Dice=0.8803 | Time=217.4s
Epoch 49/50: Train Loss=0.1033, Dice=0.9326 | Val Loss=0.1809, Dice=0.8790 | Time=216.7s
Epoch 50/50: Train Loss=0.1034, Dice=0.9327 | Val Loss=0.1793, Dice=0.8799 | Time=217.6s

Evaluating on test set...

================================================================================
RESULTS: Hidden Dim 512 - Fixed Training
================================================================================
  Best Val Dice:  0.8816 (epoch 44)
  Test Dice:      0.8654
  Parameters:     1,662,209
  Training Time:  181.5 min
================================================================================

================================================================================
CONFIG: GAT - Fixed Training
================================================================================
📊 Dataset initialized: 76679 graphs from 900 patients
📊 Dataset initialized: 8629 graphs from 100 patients
📊 Dataset initialized: 21544 graphs from 251 patients

Model Architecture:
  Layers: 5
  Hidden: 256
  Type:   gat
  Parameters: 224,385

Training for up to 50 epochs (patience=10, with AMP)...
Epoch  1/50: Train Loss=1.2190, Dice=0.2316 | Val Loss=0.9663, Dice=0.3891 | Time=217.0s
  ✓ Best model saved (Val Dice: 0.3891)
Epoch  2/50: Train Loss=0.8994, Dice=0.4709 | Val Loss=0.8634, Dice=0.3748 | Time=218.0s
Epoch  3/50: Train Loss=0.7207, Dice=0.5182 | Val Loss=0.9303, Dice=0.3099 | Time=218.8s
Epoch  4/50: Train Loss=0.6249, Dice=0.5737 | Val Loss=0.8834, Dice=0.4421 | Time=218.7s
  ✓ Best model saved (Val Dice: 0.4421)
Epoch  5/50: Train Loss=0.5492, Dice=0.6281 | Val Loss=0.6323, Dice=0.5581 | Time=217.6s
  ✓ Best model saved (Val Dice: 0.5581)
Epoch  6/50: Train Loss=0.4886, Dice=0.6746 | Val Loss=0.4330, Dice=0.7103 | Time=218.4s
  ✓ Best model saved (Val Dice: 0.7103)
Epoch  7/50: Train Loss=0.4207, Dice=0.7253 | Val Loss=0.4039, Dice=0.7294 | Time=218.8s
  ✓ Best model saved (Val Dice: 0.7294)
Epoch  8/50: Train Loss=0.3682, Dice=0.7625 | Val Loss=0.3665, Dice=0.7562 | Time=218.0s
  ✓ Best model saved (Val Dice: 0.7562)
Epoch  9/50: Train Loss=0.3618, Dice=0.7667 | Val Loss=0.3727, Dice=0.7521 | Time=218.0s
Epoch 10/50: Train Loss=0.3563, Dice=0.7699 | Val Loss=0.3619, Dice=0.7590 | Time=217.9s
  ✓ Best model saved (Val Dice: 0.7590)
Epoch 11/50: Train Loss=0.3516, Dice=0.7731 | Val Loss=0.3860, Dice=0.7442 | Time=218.0s
Epoch 12/50: Train Loss=0.3543, Dice=0.7714 | Val Loss=0.3697, Dice=0.7541 | Time=218.4s
Epoch 13/50: Train Loss=0.3426, Dice=0.7787 | Val Loss=0.5087, Dice=0.6575 | Time=218.4s
Epoch 14/50: Train Loss=0.3424, Dice=0.7792 | Val Loss=0.3915, Dice=0.7397 | Time=218.4s
Epoch 15/50: Train Loss=0.3336, Dice=0.7851 | Val Loss=0.3347, Dice=0.7839 | Time=218.6s
  ✓ Best model saved (Val Dice: 0.7839)
Epoch 16/50: Train Loss=0.3315, Dice=0.7867 | Val Loss=0.3816, Dice=0.7431 | Time=219.5s
Epoch 17/50: Train Loss=0.3239, Dice=0.7914 | Val Loss=0.3734, Dice=0.7402 | Time=218.3s
Epoch 18/50: Train Loss=0.3217, Dice=0.7926 | Val Loss=0.3417, Dice=0.7763 | Time=218.9s
Epoch 19/50: Train Loss=0.3193, Dice=0.7947 | Val Loss=0.3252, Dice=0.7807 | Time=218.6s
Epoch 20/50: Train Loss=0.3242, Dice=0.7906 | Val Loss=0.4892, Dice=0.6776 | Time=219.1s
Epoch 21/50: Train Loss=0.3131, Dice=0.7983 | Val Loss=0.3382, Dice=0.7666 | Time=218.5s
Epoch 22/50: Train Loss=0.3035, Dice=0.8045 | Val Loss=0.3235, Dice=0.7849 | Time=218.4s
  ✓ Best model saved (Val Dice: 0.7849)
Epoch 23/50: Train Loss=0.3052, Dice=0.8033 | Val Loss=0.3275, Dice=0.7807 | Time=218.9s
Epoch 24/50: Train Loss=0.3007, Dice=0.8056 | Val Loss=0.3587, Dice=0.7673 | Time=217.9s
Epoch 25/50: Train Loss=0.2979, Dice=0.8079 | Val Loss=0.3236, Dice=0.7855 | Time=217.8s
  ✓ Best model saved (Val Dice: 0.7855)
Epoch 26/50: Train Loss=0.2927, Dice=0.8115 | Val Loss=0.3091, Dice=0.7904 | Time=218.3s
  ✓ Best model saved (Val Dice: 0.7904)
Epoch 27/50: Train Loss=0.2861, Dice=0.8160 | Val Loss=0.3305, Dice=0.7777 | Time=217.7s
Epoch 28/50: Train Loss=0.2796, Dice=0.8205 | Val Loss=0.2947, Dice=0.7983 | Time=218.4s
  ✓ Best model saved (Val Dice: 0.7983)
Epoch 29/50: Train Loss=0.2802, Dice=0.8202 | Val Loss=0.3237, Dice=0.7815 | Time=218.4s
Epoch 30/50: Train Loss=0.2737, Dice=0.8244 | Val Loss=0.2992, Dice=0.7971 | Time=218.2s
Epoch 31/50: Train Loss=0.2707, Dice=0.8262 | Val Loss=0.2927, Dice=0.8012 | Time=218.0s
  ✓ Best model saved (Val Dice: 0.8012)
Epoch 32/50: Train Loss=0.2662, Dice=0.8295 | Val Loss=0.3032, Dice=0.7920 | Time=218.5s
Epoch 33/50: Train Loss=0.2640, Dice=0.8304 | Val Loss=0.2858, Dice=0.8029 | Time=218.8s
  ✓ Best model saved (Val Dice: 0.8029)
Epoch 34/50: Train Loss=0.2610, Dice=0.8324 | Val Loss=0.3179, Dice=0.7867 | Time=218.6s
Epoch 35/50: Train Loss=0.2589, Dice=0.8338 | Val Loss=0.2841, Dice=0.8054 | Time=218.7s
  ✓ Best model saved (Val Dice: 0.8054)
Epoch 36/50: Train Loss=0.2549, Dice=0.8364 | Val Loss=0.2859, Dice=0.8038 | Time=218.5s
Epoch 37/50: Train Loss=0.2522, Dice=0.8382 | Val Loss=0.2943, Dice=0.7988 | Time=222.3s
Epoch 38/50: Train Loss=0.2490, Dice=0.8405 | Val Loss=0.2833, Dice=0.8040 | Time=225.9s
Epoch 39/50: Train Loss=0.2490, Dice=0.8404 | Val Loss=0.2830, Dice=0.8074 | Time=218.1s
  ✓ Best model saved (Val Dice: 0.8074)
Epoch 40/50: Train Loss=0.2451, Dice=0.8431 | Val Loss=0.2888, Dice=0.8062 | Time=218.2s
Epoch 41/50: Train Loss=0.2447, Dice=0.8431 | Val Loss=0.2764, Dice=0.8117 | Time=217.8s
  ✓ Best model saved (Val Dice: 0.8117)
Epoch 42/50: Train Loss=0.2429, Dice=0.8443 | Val Loss=0.2771, Dice=0.8073 | Time=218.6s
Epoch 43/50: Train Loss=0.2416, Dice=0.8453 | Val Loss=0.2808, Dice=0.8114 | Time=217.5s
Epoch 44/50: Train Loss=0.2405, Dice=0.8459 | Val Loss=0.2787, Dice=0.8127 | Time=217.3s
  ✓ Best model saved (Val Dice: 0.8127)
Epoch 45/50: Train Loss=0.2380, Dice=0.8476 | Val Loss=0.2766, Dice=0.8120 | Time=218.1s
Epoch 46/50: Train Loss=0.2380, Dice=0.8476 | Val Loss=0.2789, Dice=0.8112 | Time=217.8s
Epoch 47/50: Train Loss=0.2372, Dice=0.8480 | Val Loss=0.2759, Dice=0.8117 | Time=217.8s
Epoch 48/50: Train Loss=0.2372, Dice=0.8479 | Val Loss=0.2756, Dice=0.8134 | Time=218.2s
  ✓ Best model saved (Val Dice: 0.8134)
Epoch 49/50: Train Loss=0.2361, Dice=0.8489 | Val Loss=0.2773, Dice=0.8149 | Time=219.4s
  ✓ Best model saved (Val Dice: 0.8149)
Epoch 50/50: Train Loss=0.2361, Dice=0.8486 | Val Loss=0.2745, Dice=0.8145 | Time=218.4s

Evaluating on test set...

================================================================================
RESULTS: GAT - Fixed Training
================================================================================
  Best Val Dice:  0.8149 (epoch 49)
  Test Dice:      0.8106
  Parameters:     224,385
  Training Time:  182.1 min
================================================================================

================================================================================
COMPARISON: Original vs Fixed Training
================================================================================
Config                        Original        Fixed     Improvement
--------------------------------------------------------------------------------

✅ Re-run complete!
   Results saved to: research_results/ablation_study_clean

📊 Summary:
   - All configs trained with proper settings (batch=32, patience=10, epochs=50)
   - Smaller batch size reduces disk I/O contention
   - GPU utilization should be ~95-100% (vs ~40% in original)
   - Expected: All configs should reach 89-91% Dice (clean data)
   - Note: Old 97-99% expectations were from LEAKED data (invalid)
