nohup: ignoring input
==========================================
PARALLEL TRAINING: Folds 1-4
==========================================
Hardware: RTX 2060 (6GB), 16 cores, 31GB RAM
Strategy: 4 folds in parallel with resource partitioning


Starting Fold 1...
  Fold 1 PID: 93774 (CPUs 0-2)
Starting Fold 2...
  Fold 2 PID: 93813 (CPUs 3-5)
Starting Fold 3...
  Fold 3 PID: 93847 (CPUs 6-8)
Starting Fold 4...
  Fold 4 PID: 93860 (CPUs 9-11)

==========================================
All 4 folds started!
==========================================
PIDs: 93774, 93813, 93847, 93860

Monitor progress:
  watch -n 10 'nvidia-smi; echo; tail -5 logs/train_binary_fold*.log'

Check specific fold:
  tail -f logs/train_binary_fold1.log

Expected completion: ~6-8 hours (vs 20 hours sequential)

Waiting for incomplete folds to finish...
✅ Fold 1 complete
✅ Fold 2 complete
✅ Fold 3 complete
✅ Fold 4 complete

==========================================
ALL TRAINING COMPLETE!
==========================================
Time to run ensemble: ./run_ensemble.sh
