================================================================================
TRAINING FOLD 0
================================================================================
📁 Using paths from config:
   Fold dir: /mnt/bigdata/capstone/brats_gnn_segmentation/data/cv_folds_v2
   Output dir: checkpoints/binary_v4
Using device: cuda

Loading fold data...
Creating datasets...
📊 Dataset initialized: 61411 graphs from 720 patients
📊 Dataset initialized: 6819 graphs from 80 patients
📊 Dataset initialized: 17079 graphs from 200 patients

Dataset sizes:
  Train: 61411 graphs
  Val:   6819 graphs
  Test:  17079 graphs
W0314 17:40:47.617000 16326 torch/_inductor/utils.py:1436] [0/0] Not enough SMs to use max_autotune_gemm mode
  Input features: 15

Initializing model...
  Total parameters: 439,041
  torch.compile() enabled (default mode)

Starting training for 50 epochs...
================================================================================
Epoch 1/50 (28.6s)
  Train - Loss: 0.3140, Dice: 0.6179, Acc: 0.9611
  Val   - Loss: 0.2949, Dice: 0.6963, Acc: 0.9594
  ✓ Best model saved (Val Dice: 0.6963)
Epoch 2/50 (20.7s)
  Train - Loss: 0.1301, Dice: 0.8293, Acc: 0.9820
  Val   - Loss: 0.1665, Dice: 0.8589, Acc: 0.9849
  ✓ Best model saved (Val Dice: 0.8589)
Epoch 3/50 (21.0s)
  Train - Loss: 0.1102, Dice: 0.8566, Acc: 0.9847
  Val   - Loss: 0.1526, Dice: 0.8519, Acc: 0.9862
Epoch 4/50 (20.6s)
  Train - Loss: 0.0986, Dice: 0.8717, Acc: 0.9862
  Val   - Loss: 0.1526, Dice: 0.8496, Acc: 0.9859
Epoch 5/50 (20.8s)
  Train - Loss: 0.0942, Dice: 0.8775, Acc: 0.9869
  Val   - Loss: 0.2012, Dice: 0.8204, Acc: 0.9797
Epoch 6/50 (21.0s)
  Train - Loss: 0.0901, Dice: 0.8827, Acc: 0.9874
  Val   - Loss: 0.1510, Dice: 0.8776, Acc: 0.9876
  ✓ Best model saved (Val Dice: 0.8776)
Epoch 7/50 (21.0s)
  Train - Loss: 0.0864, Dice: 0.8878, Acc: 0.9879
  Val   - Loss: 0.1309, Dice: 0.8622, Acc: 0.9871
Epoch 8/50 (21.0s)
  Train - Loss: 0.0846, Dice: 0.8897, Acc: 0.9881
  Val   - Loss: 0.1420, Dice: 0.8600, Acc: 0.9867
Epoch 9/50 (20.9s)
  Train - Loss: 0.0825, Dice: 0.8926, Acc: 0.9884
  Val   - Loss: 0.1369, Dice: 0.8692, Acc: 0.9875
Epoch 10/50 (20.9s)
  Train - Loss: 0.0807, Dice: 0.8948, Acc: 0.9886
  Val   - Loss: 0.1341, Dice: 0.8882, Acc: 0.9887
  ✓ Best model saved (Val Dice: 0.8882)
Epoch 11/50 (20.9s)
  Train - Loss: 0.0791, Dice: 0.8973, Acc: 0.9889
  Val   - Loss: 0.1638, Dice: 0.8643, Acc: 0.9852
Epoch 12/50 (20.4s)
  Train - Loss: 0.0785, Dice: 0.8977, Acc: 0.9890
  Val   - Loss: 0.1256, Dice: 0.8861, Acc: 0.9889
Epoch 13/50 (21.0s)
  Train - Loss: 0.0768, Dice: 0.8997, Acc: 0.9892
  Val   - Loss: 0.1266, Dice: 0.8930, Acc: 0.9892
  ✓ Best model saved (Val Dice: 0.8930)
Epoch 14/50 (20.8s)
  Train - Loss: 0.0756, Dice: 0.9018, Acc: 0.9894
  Val   - Loss: 0.1536, Dice: 0.8447, Acc: 0.9857
Epoch 15/50 (20.7s)
  Train - Loss: 0.0751, Dice: 0.9023, Acc: 0.9894
  Val   - Loss: 0.1663, Dice: 0.8640, Acc: 0.9854
Epoch 16/50 (20.7s)
  Train - Loss: 0.0738, Dice: 0.9043, Acc: 0.9896
  Val   - Loss: 0.1230, Dice: 0.8851, Acc: 0.9888
Epoch 17/50 (21.2s)
  Train - Loss: 0.0725, Dice: 0.9053, Acc: 0.9897
  Val   - Loss: 0.1198, Dice: 0.8875, Acc: 0.9889
Epoch 18/50 (20.7s)
  Train - Loss: 0.0719, Dice: 0.9063, Acc: 0.9898
  Val   - Loss: 0.1129, Dice: 0.8901, Acc: 0.9892
Epoch 19/50 (21.0s)
  Train - Loss: 0.0710, Dice: 0.9077, Acc: 0.9900
  Val   - Loss: 0.1203, Dice: 0.8817, Acc: 0.9887
Epoch 20/50 (20.3s)
  Train - Loss: 0.0697, Dice: 0.9090, Acc: 0.9901
  Val   - Loss: 0.1358, Dice: 0.8777, Acc: 0.9879
Epoch 21/50 (21.1s)
  Train - Loss: 0.0691, Dice: 0.9100, Acc: 0.9902
  Val   - Loss: 0.1187, Dice: 0.8938, Acc: 0.9894
  ✓ Best model saved (Val Dice: 0.8938)
Epoch 22/50 (20.9s)
  Train - Loss: 0.0677, Dice: 0.9120, Acc: 0.9904
  Val   - Loss: 0.1291, Dice: 0.8887, Acc: 0.9887
Epoch 23/50 (20.8s)
  Train - Loss: 0.0673, Dice: 0.9123, Acc: 0.9905
  Val   - Loss: 0.1284, Dice: 0.8839, Acc: 0.9884
Epoch 24/50 (20.9s)
  Train - Loss: 0.0663, Dice: 0.9134, Acc: 0.9906
  Val   - Loss: 0.1121, Dice: 0.8956, Acc: 0.9896
  ✓ Best model saved (Val Dice: 0.8956)
Epoch 25/50 (21.0s)
  Train - Loss: 0.0656, Dice: 0.9148, Acc: 0.9907
  Val   - Loss: 0.1189, Dice: 0.8862, Acc: 0.9889
Epoch 26/50 (20.7s)
  Train - Loss: 0.0647, Dice: 0.9162, Acc: 0.9909
  Val   - Loss: 0.1389, Dice: 0.8845, Acc: 0.9879
Epoch 27/50 (21.0s)
  Train - Loss: 0.0635, Dice: 0.9172, Acc: 0.9910
  Val   - Loss: 0.1270, Dice: 0.8855, Acc: 0.9886
Epoch 28/50 (20.8s)
  Train - Loss: 0.0630, Dice: 0.9186, Acc: 0.9911
  Val   - Loss: 0.1135, Dice: 0.8931, Acc: 0.9895
Epoch 29/50 (22.1s)
  Train - Loss: 0.0615, Dice: 0.9200, Acc: 0.9913
  Val   - Loss: 0.1239, Dice: 0.8925, Acc: 0.9890
Epoch 30/50 (21.0s)
  Train - Loss: 0.0608, Dice: 0.9209, Acc: 0.9914
  Val   - Loss: 0.1164, Dice: 0.8953, Acc: 0.9896
Epoch 31/50 (21.1s)
  Train - Loss: 0.0596, Dice: 0.9227, Acc: 0.9916
  Val   - Loss: 0.1134, Dice: 0.8938, Acc: 0.9895
Epoch 32/50 (21.2s)
  Train - Loss: 0.0589, Dice: 0.9237, Acc: 0.9917
  Val   - Loss: 0.1215, Dice: 0.8904, Acc: 0.9892
Epoch 33/50 (21.0s)
  Train - Loss: 0.0580, Dice: 0.9249, Acc: 0.9918
  Val   - Loss: 0.1207, Dice: 0.8959, Acc: 0.9893
  ✓ Best model saved (Val Dice: 0.8959)
Epoch 34/50 (20.5s)
  Train - Loss: 0.0571, Dice: 0.9259, Acc: 0.9919
  Val   - Loss: 0.1153, Dice: 0.8904, Acc: 0.9893
Epoch 35/50 (20.9s)
  Train - Loss: 0.0562, Dice: 0.9278, Acc: 0.9921
  Val   - Loss: 0.1146, Dice: 0.8910, Acc: 0.9894
Epoch 36/50 (20.6s)
  Train - Loss: 0.0554, Dice: 0.9287, Acc: 0.9922
  Val   - Loss: 0.1123, Dice: 0.8975, Acc: 0.9897
  ✓ Best model saved (Val Dice: 0.8975)
Epoch 37/50 (20.6s)
  Train - Loss: 0.0545, Dice: 0.9298, Acc: 0.9923
  Val   - Loss: 0.1140, Dice: 0.8941, Acc: 0.9896
Epoch 38/50 (21.0s)
  Train - Loss: 0.0538, Dice: 0.9309, Acc: 0.9924
  Val   - Loss: 0.1122, Dice: 0.8984, Acc: 0.9899
  ✓ Best model saved (Val Dice: 0.8984)
Epoch 39/50 (21.0s)
  Train - Loss: 0.0530, Dice: 0.9319, Acc: 0.9926
  Val   - Loss: 0.1130, Dice: 0.8907, Acc: 0.9893
Epoch 40/50 (20.5s)
  Train - Loss: 0.0523, Dice: 0.9327, Acc: 0.9926
  Val   - Loss: 0.1107, Dice: 0.8963, Acc: 0.9897
Epoch 41/50 (20.8s)
  Train - Loss: 0.0514, Dice: 0.9340, Acc: 0.9928
  Val   - Loss: 0.1113, Dice: 0.8948, Acc: 0.9896
Epoch 42/50 (20.8s)
  Train - Loss: 0.0511, Dice: 0.9346, Acc: 0.9928
  Val   - Loss: 0.1140, Dice: 0.8960, Acc: 0.9897
Epoch 43/50 (20.7s)
  Train - Loss: 0.0506, Dice: 0.9351, Acc: 0.9929
  Val   - Loss: 0.1126, Dice: 0.8980, Acc: 0.9898
Epoch 44/50 (20.9s)
  Train - Loss: 0.0502, Dice: 0.9356, Acc: 0.9930
  Val   - Loss: 0.1135, Dice: 0.8949, Acc: 0.9896
Epoch 45/50 (20.9s)
  Train - Loss: 0.0495, Dice: 0.9366, Acc: 0.9931
  Val   - Loss: 0.1139, Dice: 0.8935, Acc: 0.9895
Epoch 46/50 (20.7s)
  Train - Loss: 0.0495, Dice: 0.9365, Acc: 0.9931
  Val   - Loss: 0.1136, Dice: 0.8950, Acc: 0.9896
Epoch 47/50 (20.8s)
  Train - Loss: 0.0492, Dice: 0.9370, Acc: 0.9931
  Val   - Loss: 0.1147, Dice: 0.8944, Acc: 0.9895
Epoch 48/50 (21.4s)
  Train - Loss: 0.0490, Dice: 0.9377, Acc: 0.9932
  Val   - Loss: 0.1138, Dice: 0.8951, Acc: 0.9896
Epoch 49/50 (20.9s)
  Train - Loss: 0.0490, Dice: 0.9374, Acc: 0.9931
  Val   - Loss: 0.1135, Dice: 0.8939, Acc: 0.9895
Epoch 50/50 (21.0s)
  Train - Loss: 0.0488, Dice: 0.9376, Acc: 0.9932
  Val   - Loss: 0.1131, Dice: 0.8966, Acc: 0.9897
================================================================================
Training complete! Total time: 17.5 minutes
Best validation Dice: 0.8984

Evaluating on test set...
Test Results:
  Dice:        0.8891
  Accuracy:    0.9881
  Sensitivity: 0.8415
  Specificity: 0.9969
  Precision:   0.9424

✅ Results saved to checkpoints/binary_v4/fold_0/results.json
================================================================================

✅ Fold training complete!
