================================================================================
TRAINING FOLD 4
================================================================================
📁 Using paths from config:
   Fold dir: /mnt/bigdata/capstone/brats_gnn_segmentation/data/cv_folds_v2
   Output dir: checkpoints/binary_v4
Using device: cuda

Loading fold data...
Creating datasets...
📊 Dataset initialized: 61275 graphs from 720 patients
📊 Dataset initialized: 6872 graphs from 80 patients
📊 Dataset initialized: 17162 graphs from 200 patients

Dataset sizes:
  Train: 61275 graphs
  Val:   6872 graphs
  Test:  17162 graphs
W0314 18:54:22.710000 22021 torch/_inductor/utils.py:1436] [0/0] Not enough SMs to use max_autotune_gemm mode
  Input features: 15

Initializing model...
  Total parameters: 439,041
  torch.compile() enabled (default mode)

Starting training for 50 epochs...
================================================================================
Epoch 1/50 (28.1s)
  Train - Loss: 0.3187, Dice: 0.6105, Acc: 0.9607
  Val   - Loss: 0.2174, Dice: 0.8059, Acc: 0.9767
  ✓ Best model saved (Val Dice: 0.8059)
Epoch 2/50 (20.9s)
  Train - Loss: 0.1368, Dice: 0.8206, Acc: 0.9812
  Val   - Loss: 0.2109, Dice: 0.8265, Acc: 0.9784
  ✓ Best model saved (Val Dice: 0.8265)
Epoch 3/50 (20.9s)
  Train - Loss: 0.1163, Dice: 0.8488, Acc: 0.9840
  Val   - Loss: 0.1435, Dice: 0.8657, Acc: 0.9859
  ✓ Best model saved (Val Dice: 0.8657)
Epoch 4/50 (20.9s)
  Train - Loss: 0.1052, Dice: 0.8635, Acc: 0.9855
  Val   - Loss: 0.4672, Dice: 0.5260, Acc: 0.9031
Epoch 5/50 (20.8s)
  Train - Loss: 0.1005, Dice: 0.8694, Acc: 0.9861
  Val   - Loss: 0.1570, Dice: 0.8522, Acc: 0.9848
Epoch 6/50 (21.7s)
  Train - Loss: 0.0955, Dice: 0.8758, Acc: 0.9867
  Val   - Loss: 0.1413, Dice: 0.8713, Acc: 0.9864
  ✓ Best model saved (Val Dice: 0.8713)
Epoch 7/50 (22.6s)
  Train - Loss: 0.0920, Dice: 0.8804, Acc: 0.9872
  Val   - Loss: 0.1256, Dice: 0.8759, Acc: 0.9870
  ✓ Best model saved (Val Dice: 0.8759)
Epoch 8/50 (22.6s)
  Train - Loss: 0.0900, Dice: 0.8825, Acc: 0.9874
  Val   - Loss: 0.1364, Dice: 0.8760, Acc: 0.9870
  ✓ Best model saved (Val Dice: 0.8760)
Epoch 9/50 (22.4s)
  Train - Loss: 0.0885, Dice: 0.8843, Acc: 0.9876
  Val   - Loss: 0.1448, Dice: 0.8685, Acc: 0.9861
Epoch 10/50 (22.5s)
  Train - Loss: 0.0870, Dice: 0.8863, Acc: 0.9878
  Val   - Loss: 0.1305, Dice: 0.8709, Acc: 0.9864
Epoch 11/50 (22.9s)
  Train - Loss: 0.0852, Dice: 0.8889, Acc: 0.9881
  Val   - Loss: 0.1383, Dice: 0.8622, Acc: 0.9858
Epoch 12/50 (22.3s)
  Train - Loss: 0.0836, Dice: 0.8907, Acc: 0.9883
  Val   - Loss: 0.1317, Dice: 0.8769, Acc: 0.9869
  ✓ Best model saved (Val Dice: 0.8769)
Epoch 13/50 (22.2s)
  Train - Loss: 0.0823, Dice: 0.8927, Acc: 0.9885
  Val   - Loss: 0.1600, Dice: 0.8280, Acc: 0.9830
Epoch 14/50 (22.2s)
  Train - Loss: 0.0812, Dice: 0.8938, Acc: 0.9886
  Val   - Loss: 0.1296, Dice: 0.8720, Acc: 0.9867
Epoch 15/50 (22.2s)
  Train - Loss: 0.0799, Dice: 0.8958, Acc: 0.9888
  Val   - Loss: 0.1368, Dice: 0.8834, Acc: 0.9876
  ✓ Best model saved (Val Dice: 0.8834)
Epoch 16/50 (22.2s)
  Train - Loss: 0.0788, Dice: 0.8968, Acc: 0.9889
  Val   - Loss: 0.1370, Dice: 0.8643, Acc: 0.9860
Epoch 17/50 (22.1s)
  Train - Loss: 0.0777, Dice: 0.8986, Acc: 0.9891
  Val   - Loss: 0.1358, Dice: 0.8686, Acc: 0.9864
Epoch 18/50 (22.2s)
  Train - Loss: 0.0765, Dice: 0.9005, Acc: 0.9893
  Val   - Loss: 0.1321, Dice: 0.8838, Acc: 0.9871
  ✓ Best model saved (Val Dice: 0.8838)
Epoch 19/50 (22.3s)
  Train - Loss: 0.0756, Dice: 0.9015, Acc: 0.9894
  Val   - Loss: 0.1223, Dice: 0.9019, Acc: 0.9892
  ✓ Best model saved (Val Dice: 0.9019)
Epoch 20/50 (22.5s)
  Train - Loss: 0.0750, Dice: 0.9020, Acc: 0.9894
  Val   - Loss: 0.1287, Dice: 0.8722, Acc: 0.9869
Epoch 21/50 (23.5s)
  Train - Loss: 0.0740, Dice: 0.9034, Acc: 0.9896
  Val   - Loss: 0.1223, Dice: 0.8873, Acc: 0.9880
Epoch 22/50 (23.5s)
  Train - Loss: 0.0724, Dice: 0.9056, Acc: 0.9898
  Val   - Loss: 0.1263, Dice: 0.8829, Acc: 0.9876
Epoch 23/50 (23.6s)
  Train - Loss: 0.0714, Dice: 0.9067, Acc: 0.9899
  Val   - Loss: 0.1232, Dice: 0.8945, Acc: 0.9880
Epoch 24/50 (23.7s)
  Train - Loss: 0.0706, Dice: 0.9081, Acc: 0.9901
  Val   - Loss: 0.1173, Dice: 0.8955, Acc: 0.9888
Epoch 25/50 (23.5s)
  Train - Loss: 0.0697, Dice: 0.9090, Acc: 0.9902
  Val   - Loss: 0.1157, Dice: 0.9006, Acc: 0.9891
Epoch 26/50 (23.5s)
  Train - Loss: 0.0684, Dice: 0.9111, Acc: 0.9904
  Val   - Loss: 0.1188, Dice: 0.8900, Acc: 0.9882
Epoch 27/50 (23.3s)
  Train - Loss: 0.0676, Dice: 0.9124, Acc: 0.9905
  Val   - Loss: 0.1185, Dice: 0.9004, Acc: 0.9889
Epoch 28/50 (23.2s)
  Train - Loss: 0.0663, Dice: 0.9141, Acc: 0.9907
  Val   - Loss: 0.1152, Dice: 0.8988, Acc: 0.9889
Epoch 29/50 (21.9s)
  Train - Loss: 0.0652, Dice: 0.9159, Acc: 0.9909
  Val   - Loss: 0.1167, Dice: 0.8957, Acc: 0.9888
Epoch 30/50 (23.3s)
  Train - Loss: 0.0643, Dice: 0.9171, Acc: 0.9910
  Val   - Loss: 0.1211, Dice: 0.8884, Acc: 0.9882
Epoch 31/50 (21.4s)
  Train - Loss: 0.0633, Dice: 0.9177, Acc: 0.9911
  Val   - Loss: 0.1239, Dice: 0.8854, Acc: 0.9880
Epoch 32/50 (21.0s)
  Train - Loss: 0.0623, Dice: 0.9194, Acc: 0.9913
  Val   - Loss: 0.1125, Dice: 0.8987, Acc: 0.9890
Epoch 33/50 (20.7s)
  Train - Loss: 0.0612, Dice: 0.9209, Acc: 0.9914
  Val   - Loss: 0.1119, Dice: 0.9018, Acc: 0.9894
Epoch 34/50 (21.1s)
  Train - Loss: 0.0601, Dice: 0.9220, Acc: 0.9915
  Val   - Loss: 0.1139, Dice: 0.9023, Acc: 0.9893
  ✓ Best model saved (Val Dice: 0.9023)
Epoch 35/50 (21.6s)
  Train - Loss: 0.0594, Dice: 0.9236, Acc: 0.9917
  Val   - Loss: 0.1154, Dice: 0.8943, Acc: 0.9886
Epoch 36/50 (21.4s)
  Train - Loss: 0.0584, Dice: 0.9245, Acc: 0.9918
  Val   - Loss: 0.1119, Dice: 0.9014, Acc: 0.9893
Epoch 37/50 (21.2s)
  Train - Loss: 0.0577, Dice: 0.9256, Acc: 0.9919
  Val   - Loss: 0.1095, Dice: 0.9040, Acc: 0.9895
  ✓ Best model saved (Val Dice: 0.9040)
Epoch 38/50 (22.3s)
  Train - Loss: 0.0566, Dice: 0.9269, Acc: 0.9921
  Val   - Loss: 0.1178, Dice: 0.9024, Acc: 0.9892
Epoch 39/50 (20.8s)
  Train - Loss: 0.0561, Dice: 0.9277, Acc: 0.9921
  Val   - Loss: 0.1127, Dice: 0.9010, Acc: 0.9891
Epoch 40/50 (21.0s)
  Train - Loss: 0.0548, Dice: 0.9296, Acc: 0.9923
  Val   - Loss: 0.1095, Dice: 0.8993, Acc: 0.9891
Epoch 41/50 (21.2s)
  Train - Loss: 0.0543, Dice: 0.9309, Acc: 0.9925
  Val   - Loss: 0.1114, Dice: 0.9039, Acc: 0.9894
Epoch 42/50 (21.2s)
  Train - Loss: 0.0538, Dice: 0.9309, Acc: 0.9925
  Val   - Loss: 0.1115, Dice: 0.9035, Acc: 0.9894
Epoch 43/50 (21.7s)
  Train - Loss: 0.0531, Dice: 0.9318, Acc: 0.9926
  Val   - Loss: 0.1123, Dice: 0.8999, Acc: 0.9891
Epoch 44/50 (21.7s)
  Train - Loss: 0.0526, Dice: 0.9327, Acc: 0.9927
  Val   - Loss: 0.1107, Dice: 0.9025, Acc: 0.9893
Epoch 45/50 (21.2s)
  Train - Loss: 0.0522, Dice: 0.9331, Acc: 0.9927
  Val   - Loss: 0.1112, Dice: 0.9001, Acc: 0.9891
Epoch 46/50 (21.3s)
  Train - Loss: 0.0520, Dice: 0.9336, Acc: 0.9928
  Val   - Loss: 0.1103, Dice: 0.9014, Acc: 0.9892
Epoch 47/50 (22.4s)
  Train - Loss: 0.0516, Dice: 0.9340, Acc: 0.9928
  Val   - Loss: 0.1102, Dice: 0.9013, Acc: 0.9892
Epoch 48/50 (22.3s)
  Train - Loss: 0.0516, Dice: 0.9342, Acc: 0.9928
  Val   - Loss: 0.1101, Dice: 0.9020, Acc: 0.9892
Epoch 49/50 (22.1s)
  Train - Loss: 0.0510, Dice: 0.9348, Acc: 0.9929
  Val   - Loss: 0.1094, Dice: 0.9029, Acc: 0.9894
Epoch 50/50 (22.3s)
  Train - Loss: 0.0515, Dice: 0.9342, Acc: 0.9928
  Val   - Loss: 0.1115, Dice: 0.9003, Acc: 0.9891
================================================================================
Training complete! Total time: 18.5 minutes
Best validation Dice: 0.9040

Evaluating on test set...
Test Results:
  Dice:        0.9086
  Accuracy:    0.9901
  Sensitivity: 0.8799
  Specificity: 0.9966
  Precision:   0.9392

✅ Results saved to checkpoints/binary_v4/fold_4/results.json
================================================================================

✅ Fold training complete!
