================================================================================
TRAINING FOLD 1
================================================================================
📁 Using paths from config:
   Fold dir: /mnt/bigdata/capstone/brats_gnn_segmentation/data/cv_folds_v2
   Output dir: checkpoints/binary_v4
Using device: cuda

Loading fold data...
Creating datasets...
📊 Dataset initialized: 61603 graphs from 720 patients
📊 Dataset initialized: 6744 graphs from 80 patients
📊 Dataset initialized: 16962 graphs from 200 patients

Dataset sizes:
  Train: 61603 graphs
  Val:   6744 graphs
  Test:  16962 graphs
W0314 17:58:44.323000 17372 torch/_inductor/utils.py:1436] [0/0] Not enough SMs to use max_autotune_gemm mode
  Input features: 15

Initializing model...
  Total parameters: 439,041
  torch.compile() enabled (default mode)

Starting training for 50 epochs...
================================================================================
Epoch 1/50 (28.4s)
  Train - Loss: 0.3195, Dice: 0.6086, Acc: 0.9605
  Val   - Loss: 0.2009, Dice: 0.7859, Acc: 0.9803
  ✓ Best model saved (Val Dice: 0.7859)
Epoch 2/50 (20.6s)
  Train - Loss: 0.1359, Dice: 0.8225, Acc: 0.9813
  Val   - Loss: 0.1586, Dice: 0.8786, Acc: 0.9871
  ✓ Best model saved (Val Dice: 0.8786)
Epoch 3/50 (20.9s)
  Train - Loss: 0.1158, Dice: 0.8498, Acc: 0.9841
  Val   - Loss: 0.1636, Dice: 0.8727, Acc: 0.9860
Epoch 4/50 (20.7s)
  Train - Loss: 0.1052, Dice: 0.8638, Acc: 0.9854
  Val   - Loss: 0.1432, Dice: 0.8616, Acc: 0.9864
Epoch 5/50 (20.7s)
  Train - Loss: 0.0989, Dice: 0.8714, Acc: 0.9862
  Val   - Loss: 0.1490, Dice: 0.8778, Acc: 0.9872
Epoch 6/50 (21.0s)
  Train - Loss: 0.0959, Dice: 0.8756, Acc: 0.9867
  Val   - Loss: 0.1307, Dice: 0.8607, Acc: 0.9863
Epoch 7/50 (20.8s)
  Train - Loss: 0.0921, Dice: 0.8805, Acc: 0.9871
  Val   - Loss: 0.1300, Dice: 0.8720, Acc: 0.9873
Epoch 8/50 (21.0s)
  Train - Loss: 0.0895, Dice: 0.8840, Acc: 0.9875
  Val   - Loss: 0.1259, Dice: 0.8765, Acc: 0.9877
Epoch 9/50 (20.9s)
  Train - Loss: 0.0873, Dice: 0.8864, Acc: 0.9878
  Val   - Loss: 0.1410, Dice: 0.8723, Acc: 0.9870
Epoch 10/50 (20.9s)
  Train - Loss: 0.0857, Dice: 0.8888, Acc: 0.9880
  Val   - Loss: 0.1293, Dice: 0.8738, Acc: 0.9875
Epoch 11/50 (20.7s)
  Train - Loss: 0.0848, Dice: 0.8901, Acc: 0.9882
  Val   - Loss: 0.1329, Dice: 0.8658, Acc: 0.9868
Epoch 12/50 (20.9s)
  Train - Loss: 0.0829, Dice: 0.8922, Acc: 0.9884
  Val   - Loss: 0.1187, Dice: 0.8874, Acc: 0.9884
  ✓ Best model saved (Val Dice: 0.8874)
Epoch 13/50 (21.2s)
  Train - Loss: 0.0818, Dice: 0.8937, Acc: 0.9885
  Val   - Loss: 0.1114, Dice: 0.8949, Acc: 0.9891
  ✓ Best model saved (Val Dice: 0.8949)
Epoch 14/50 (21.4s)
  Train - Loss: 0.0802, Dice: 0.8959, Acc: 0.9887
  Val   - Loss: 0.1184, Dice: 0.8950, Acc: 0.9891
  ✓ Best model saved (Val Dice: 0.8950)
Epoch 15/50 (21.2s)
  Train - Loss: 0.0788, Dice: 0.8975, Acc: 0.9889
  Val   - Loss: 0.1255, Dice: 0.8910, Acc: 0.9882
Epoch 16/50 (21.3s)
  Train - Loss: 0.0776, Dice: 0.8989, Acc: 0.9891
  Val   - Loss: 0.1293, Dice: 0.8901, Acc: 0.9883
Epoch 17/50 (22.0s)
  Train - Loss: 0.0768, Dice: 0.8998, Acc: 0.9892
  Val   - Loss: 0.1134, Dice: 0.8964, Acc: 0.9892
  ✓ Best model saved (Val Dice: 0.8964)
Epoch 18/50 (21.2s)
  Train - Loss: 0.0756, Dice: 0.9018, Acc: 0.9894
  Val   - Loss: 0.1428, Dice: 0.8607, Acc: 0.9864
Epoch 19/50 (21.2s)
  Train - Loss: 0.0744, Dice: 0.9033, Acc: 0.9895
  Val   - Loss: 0.1172, Dice: 0.8815, Acc: 0.9882
Epoch 20/50 (21.1s)
  Train - Loss: 0.0732, Dice: 0.9050, Acc: 0.9897
  Val   - Loss: 0.1188, Dice: 0.8853, Acc: 0.9885
Epoch 21/50 (22.0s)
  Train - Loss: 0.0723, Dice: 0.9060, Acc: 0.9898
  Val   - Loss: 0.1337, Dice: 0.8733, Acc: 0.9874
Epoch 22/50 (22.1s)
  Train - Loss: 0.0715, Dice: 0.9068, Acc: 0.9899
  Val   - Loss: 0.1258, Dice: 0.8919, Acc: 0.9882
Epoch 23/50 (21.7s)
  Train - Loss: 0.0703, Dice: 0.9090, Acc: 0.9901
  Val   - Loss: 0.1237, Dice: 0.8949, Acc: 0.9891
Epoch 24/50 (21.2s)
  Train - Loss: 0.0693, Dice: 0.9103, Acc: 0.9903
  Val   - Loss: 0.1178, Dice: 0.8939, Acc: 0.9888
Epoch 25/50 (21.1s)
  Train - Loss: 0.0686, Dice: 0.9110, Acc: 0.9903
  Val   - Loss: 0.1138, Dice: 0.8914, Acc: 0.9890
Epoch 26/50 (20.9s)
  Train - Loss: 0.0676, Dice: 0.9126, Acc: 0.9905
  Val   - Loss: 0.1288, Dice: 0.8749, Acc: 0.9875
Epoch 27/50 (21.0s)
  Train - Loss: 0.0660, Dice: 0.9145, Acc: 0.9907
  Val   - Loss: 0.1159, Dice: 0.8918, Acc: 0.9889
Epoch 28/50 (21.4s)
  Train - Loss: 0.0654, Dice: 0.9153, Acc: 0.9908
  Val   - Loss: 0.1125, Dice: 0.8905, Acc: 0.9889
Epoch 29/50 (21.6s)
  Train - Loss: 0.0644, Dice: 0.9164, Acc: 0.9909
  Val   - Loss: 0.1129, Dice: 0.8988, Acc: 0.9893
  ✓ Best model saved (Val Dice: 0.8988)
Epoch 30/50 (23.0s)
  Train - Loss: 0.0632, Dice: 0.9182, Acc: 0.9911
  Val   - Loss: 0.1209, Dice: 0.8860, Acc: 0.9885
Epoch 31/50 (21.0s)
  Train - Loss: 0.0625, Dice: 0.9197, Acc: 0.9912
  Val   - Loss: 0.1144, Dice: 0.8899, Acc: 0.9888
Epoch 32/50 (20.5s)
  Train - Loss: 0.0612, Dice: 0.9212, Acc: 0.9914
  Val   - Loss: 0.1229, Dice: 0.8802, Acc: 0.9879
Epoch 33/50 (21.0s)
  Train - Loss: 0.0603, Dice: 0.9222, Acc: 0.9915
  Val   - Loss: 0.1182, Dice: 0.8900, Acc: 0.9888
Epoch 34/50 (20.8s)
  Train - Loss: 0.0594, Dice: 0.9235, Acc: 0.9917
  Val   - Loss: 0.1156, Dice: 0.8938, Acc: 0.9890
Epoch 35/50 (20.9s)
  Train - Loss: 0.0582, Dice: 0.9247, Acc: 0.9918
  Val   - Loss: 0.1169, Dice: 0.8938, Acc: 0.9891
Epoch 36/50 (21.0s)
  Train - Loss: 0.0573, Dice: 0.9264, Acc: 0.9920
  Val   - Loss: 0.1131, Dice: 0.8937, Acc: 0.9891
Epoch 37/50 (21.0s)
  Train - Loss: 0.0563, Dice: 0.9276, Acc: 0.9921
  Val   - Loss: 0.1096, Dice: 0.8917, Acc: 0.9889
Epoch 38/50 (20.8s)
  Train - Loss: 0.0557, Dice: 0.9284, Acc: 0.9922
  Val   - Loss: 0.1133, Dice: 0.8965, Acc: 0.9893
Epoch 39/50 (20.7s)
  Train - Loss: 0.0549, Dice: 0.9295, Acc: 0.9923
  Val   - Loss: 0.1125, Dice: 0.8993, Acc: 0.9893
  ✓ Best model saved (Val Dice: 0.8993)
Epoch 40/50 (20.9s)
  Train - Loss: 0.0540, Dice: 0.9305, Acc: 0.9924
  Val   - Loss: 0.1132, Dice: 0.8955, Acc: 0.9892
Epoch 41/50 (21.0s)
  Train - Loss: 0.0535, Dice: 0.9315, Acc: 0.9925
  Val   - Loss: 0.1112, Dice: 0.8987, Acc: 0.9894
Epoch 42/50 (20.9s)
  Train - Loss: 0.0529, Dice: 0.9324, Acc: 0.9926
  Val   - Loss: 0.1111, Dice: 0.8977, Acc: 0.9893
Epoch 43/50 (20.9s)
  Train - Loss: 0.0520, Dice: 0.9334, Acc: 0.9927
  Val   - Loss: 0.1091, Dice: 0.8980, Acc: 0.9894
Epoch 44/50 (20.9s)
  Train - Loss: 0.0519, Dice: 0.9337, Acc: 0.9928
  Val   - Loss: 0.1095, Dice: 0.8985, Acc: 0.9895
Epoch 45/50 (20.6s)
  Train - Loss: 0.0515, Dice: 0.9342, Acc: 0.9928
  Val   - Loss: 0.1082, Dice: 0.8989, Acc: 0.9895
Epoch 46/50 (21.3s)
  Train - Loss: 0.0514, Dice: 0.9344, Acc: 0.9928
  Val   - Loss: 0.1104, Dice: 0.8974, Acc: 0.9894
Epoch 47/50 (21.2s)
  Train - Loss: 0.0508, Dice: 0.9351, Acc: 0.9929
  Val   - Loss: 0.1098, Dice: 0.8993, Acc: 0.9896
Epoch 48/50 (21.2s)
  Train - Loss: 0.0504, Dice: 0.9357, Acc: 0.9930
  Val   - Loss: 0.1102, Dice: 0.8983, Acc: 0.9895
Epoch 49/50 (21.3s)
  Train - Loss: 0.0506, Dice: 0.9355, Acc: 0.9929
  Val   - Loss: 0.1108, Dice: 0.8979, Acc: 0.9894
Epoch 50/50 (21.7s)
  Train - Loss: 0.0504, Dice: 0.9354, Acc: 0.9929
  Val   - Loss: 0.1106, Dice: 0.8980, Acc: 0.9894
================================================================================
Training complete! Total time: 17.7 minutes
Best validation Dice: 0.8993

Evaluating on test set...
Test Results:
  Dice:        0.9071
  Accuracy:    0.9901
  Sensitivity: 0.8670
  Specificity: 0.9974
  Precision:   0.9512

✅ Results saved to checkpoints/binary_v4/fold_1/results.json
================================================================================

✅ Fold training complete!
