================================================================================
TRAINING FOLD 2
================================================================================
📁 Using paths from config:
   Fold dir: /mnt/bigdata/capstone/brats_gnn_segmentation/data/cv_folds_v2
   Output dir: checkpoints/binary_v4
Using device: cuda

Loading fold data...
Creating datasets...
📊 Dataset initialized: 61666 graphs from 720 patients
📊 Dataset initialized: 6610 graphs from 80 patients
📊 Dataset initialized: 17033 graphs from 200 patients

Dataset sizes:
  Train: 61666 graphs
  Val:   6610 graphs
  Test:  17033 graphs
W0314 18:16:54.067000 18781 torch/_inductor/utils.py:1436] [0/0] Not enough SMs to use max_autotune_gemm mode
  Input features: 15

Initializing model...
  Total parameters: 439,041
  torch.compile() enabled (default mode)

Starting training for 50 epochs...
================================================================================
Epoch 1/50 (28.4s)
  Train - Loss: 0.3189, Dice: 0.6110, Acc: 0.9596
  Val   - Loss: 0.1880, Dice: 0.8059, Acc: 0.9836
  ✓ Best model saved (Val Dice: 0.8059)
Epoch 2/50 (21.0s)
  Train - Loss: 0.1360, Dice: 0.8229, Acc: 0.9810
  Val   - Loss: 0.1545, Dice: 0.8356, Acc: 0.9862
  ✓ Best model saved (Val Dice: 0.8356)
Epoch 3/50 (21.5s)
  Train - Loss: 0.1131, Dice: 0.8536, Acc: 0.9841
  Val   - Loss: 0.1768, Dice: 0.7821, Acc: 0.9832
Epoch 4/50 (20.7s)
  Train - Loss: 0.1039, Dice: 0.8662, Acc: 0.9854
  Val   - Loss: 0.7769, Dice: 0.3307, Acc: 0.8219
Epoch 5/50 (21.4s)
  Train - Loss: 0.0990, Dice: 0.8727, Acc: 0.9861
  Val   - Loss: 0.1562, Dice: 0.8615, Acc: 0.9874
  ✓ Best model saved (Val Dice: 0.8615)
Epoch 6/50 (21.3s)
  Train - Loss: 0.0942, Dice: 0.8777, Acc: 0.9866
  Val   - Loss: 0.1454, Dice: 0.8423, Acc: 0.9869
Epoch 7/50 (20.9s)
  Train - Loss: 0.0909, Dice: 0.8824, Acc: 0.9871
  Val   - Loss: 0.2136, Dice: 0.8100, Acc: 0.9804
Epoch 8/50 (20.7s)
  Train - Loss: 0.0884, Dice: 0.8862, Acc: 0.9875
  Val   - Loss: 0.1381, Dice: 0.8718, Acc: 0.9884
  ✓ Best model saved (Val Dice: 0.8718)
Epoch 9/50 (20.6s)
  Train - Loss: 0.0862, Dice: 0.8884, Acc: 0.9878
  Val   - Loss: 0.1509, Dice: 0.8537, Acc: 0.9876
Epoch 10/50 (20.9s)
  Train - Loss: 0.0846, Dice: 0.8905, Acc: 0.9880
  Val   - Loss: 0.1651, Dice: 0.8563, Acc: 0.9865
Epoch 11/50 (20.8s)
  Train - Loss: 0.0829, Dice: 0.8926, Acc: 0.9882
  Val   - Loss: 0.1703, Dice: 0.7930, Acc: 0.9839
Epoch 12/50 (20.7s)
  Train - Loss: 0.0818, Dice: 0.8941, Acc: 0.9884
  Val   - Loss: 0.1444, Dice: 0.8348, Acc: 0.9866
Epoch 13/50 (20.8s)
  Train - Loss: 0.0807, Dice: 0.8961, Acc: 0.9886
  Val   - Loss: 0.1771, Dice: 0.8501, Acc: 0.9854
Epoch 14/50 (21.1s)
  Train - Loss: 0.0792, Dice: 0.8980, Acc: 0.9888
  Val   - Loss: 0.2021, Dice: 0.8273, Acc: 0.9828
Epoch 15/50 (20.9s)
  Train - Loss: 0.0782, Dice: 0.8993, Acc: 0.9889
  Val   - Loss: 0.1381, Dice: 0.8595, Acc: 0.9882
Epoch 16/50 (21.0s)
  Train - Loss: 0.0770, Dice: 0.9007, Acc: 0.9891
  Val   - Loss: 0.1244, Dice: 0.8654, Acc: 0.9886
Epoch 17/50 (20.7s)
  Train - Loss: 0.0757, Dice: 0.9022, Acc: 0.9892
  Val   - Loss: 0.1818, Dice: 0.8467, Acc: 0.9848
Epoch 18/50 (21.1s)
  Train - Loss: 0.0750, Dice: 0.9030, Acc: 0.9893
  Val   - Loss: 0.1211, Dice: 0.8750, Acc: 0.9892
  ✓ Best model saved (Val Dice: 0.8750)
Epoch 19/50 (20.8s)
  Train - Loss: 0.0737, Dice: 0.9048, Acc: 0.9895
  Val   - Loss: 0.1351, Dice: 0.8818, Acc: 0.9892
  ✓ Best model saved (Val Dice: 0.8818)
Epoch 20/50 (20.9s)
  Train - Loss: 0.0726, Dice: 0.9065, Acc: 0.9897
  Val   - Loss: 0.1417, Dice: 0.8646, Acc: 0.9880
Epoch 21/50 (21.1s)
  Train - Loss: 0.0721, Dice: 0.9070, Acc: 0.9897
  Val   - Loss: 0.1219, Dice: 0.8786, Acc: 0.9893
Epoch 22/50 (22.7s)
  Train - Loss: 0.0706, Dice: 0.9086, Acc: 0.9899
  Val   - Loss: 0.1237, Dice: 0.8721, Acc: 0.9889
Epoch 23/50 (22.6s)
  Train - Loss: 0.0698, Dice: 0.9104, Acc: 0.9901
  Val   - Loss: 0.1339, Dice: 0.8772, Acc: 0.9892
Epoch 24/50 (22.4s)
  Train - Loss: 0.0688, Dice: 0.9113, Acc: 0.9902
  Val   - Loss: 0.1273, Dice: 0.8615, Acc: 0.9883
Epoch 25/50 (22.5s)
  Train - Loss: 0.0679, Dice: 0.9125, Acc: 0.9903
  Val   - Loss: 0.1190, Dice: 0.8733, Acc: 0.9891
Epoch 26/50 (22.7s)
  Train - Loss: 0.0672, Dice: 0.9131, Acc: 0.9904
  Val   - Loss: 0.1243, Dice: 0.8760, Acc: 0.9894
Epoch 27/50 (23.0s)
  Train - Loss: 0.0659, Dice: 0.9149, Acc: 0.9906
  Val   - Loss: 0.1748, Dice: 0.8540, Acc: 0.9857
Epoch 28/50 (22.5s)
  Train - Loss: 0.0649, Dice: 0.9167, Acc: 0.9908
  Val   - Loss: 0.1176, Dice: 0.8795, Acc: 0.9895
Epoch 29/50 (22.5s)
  Train - Loss: 0.0638, Dice: 0.9183, Acc: 0.9909
  Val   - Loss: 0.1219, Dice: 0.8721, Acc: 0.9891
Epoch 30/50 (23.9s)
  Train - Loss: 0.0629, Dice: 0.9194, Acc: 0.9911
  Val   - Loss: 0.1227, Dice: 0.8852, Acc: 0.9897
  ✓ Best model saved (Val Dice: 0.8852)
Epoch 31/50 (22.3s)
  Train - Loss: 0.0621, Dice: 0.9203, Acc: 0.9912
  Val   - Loss: 0.1288, Dice: 0.8828, Acc: 0.9891
Epoch 32/50 (22.4s)
  Train - Loss: 0.0610, Dice: 0.9219, Acc: 0.9913
  Val   - Loss: 0.1172, Dice: 0.8823, Acc: 0.9896
Epoch 33/50 (22.2s)
  Train - Loss: 0.0598, Dice: 0.9230, Acc: 0.9915
  Val   - Loss: 0.1146, Dice: 0.8841, Acc: 0.9897
Epoch 34/50 (22.2s)
  Train - Loss: 0.0592, Dice: 0.9244, Acc: 0.9916
  Val   - Loss: 0.1157, Dice: 0.8857, Acc: 0.9899
  ✓ Best model saved (Val Dice: 0.8857)
Epoch 35/50 (22.4s)
  Train - Loss: 0.0581, Dice: 0.9255, Acc: 0.9917
  Val   - Loss: 0.1164, Dice: 0.8842, Acc: 0.9898
Epoch 36/50 (22.3s)
  Train - Loss: 0.0571, Dice: 0.9270, Acc: 0.9919
  Val   - Loss: 0.1168, Dice: 0.8868, Acc: 0.9899
  ✓ Best model saved (Val Dice: 0.8868)
Epoch 37/50 (22.2s)
  Train - Loss: 0.0564, Dice: 0.9280, Acc: 0.9920
  Val   - Loss: 0.1170, Dice: 0.8806, Acc: 0.9896
Epoch 38/50 (22.2s)
  Train - Loss: 0.0555, Dice: 0.9292, Acc: 0.9921
  Val   - Loss: 0.1156, Dice: 0.8852, Acc: 0.9899
Epoch 39/50 (22.4s)
  Train - Loss: 0.0543, Dice: 0.9303, Acc: 0.9923
  Val   - Loss: 0.1143, Dice: 0.8887, Acc: 0.9901
  ✓ Best model saved (Val Dice: 0.8887)
Epoch 40/50 (22.6s)
  Train - Loss: 0.0540, Dice: 0.9313, Acc: 0.9924
  Val   - Loss: 0.1149, Dice: 0.8877, Acc: 0.9900
Epoch 41/50 (22.6s)
  Train - Loss: 0.0533, Dice: 0.9322, Acc: 0.9925
  Val   - Loss: 0.1139, Dice: 0.8872, Acc: 0.9900
Epoch 42/50 (24.2s)
  Train - Loss: 0.0526, Dice: 0.9333, Acc: 0.9926
  Val   - Loss: 0.1138, Dice: 0.8876, Acc: 0.9900
Epoch 43/50 (23.0s)
  Train - Loss: 0.0522, Dice: 0.9338, Acc: 0.9926
  Val   - Loss: 0.1148, Dice: 0.8877, Acc: 0.9900
Epoch 44/50 (23.4s)
  Train - Loss: 0.0518, Dice: 0.9345, Acc: 0.9927
  Val   - Loss: 0.1146, Dice: 0.8871, Acc: 0.9900
Epoch 45/50 (24.2s)
  Train - Loss: 0.0516, Dice: 0.9345, Acc: 0.9927
  Val   - Loss: 0.1152, Dice: 0.8866, Acc: 0.9899
Epoch 46/50 (23.6s)
  Train - Loss: 0.0509, Dice: 0.9353, Acc: 0.9928
  Val   - Loss: 0.1146, Dice: 0.8839, Acc: 0.9898
Epoch 47/50 (23.1s)
  Train - Loss: 0.0507, Dice: 0.9358, Acc: 0.9929
  Val   - Loss: 0.1150, Dice: 0.8862, Acc: 0.9899
Epoch 48/50 (23.3s)
  Train - Loss: 0.0506, Dice: 0.9361, Acc: 0.9929
  Val   - Loss: 0.1146, Dice: 0.8861, Acc: 0.9899
Epoch 49/50 (23.5s)
  Train - Loss: 0.0506, Dice: 0.9359, Acc: 0.9929
  Val   - Loss: 0.1149, Dice: 0.8874, Acc: 0.9900
Epoch 50/50 (22.7s)
  Train - Loss: 0.0507, Dice: 0.9360, Acc: 0.9929
  Val   - Loss: 0.1146, Dice: 0.8859, Acc: 0.9899
================================================================================
Training complete! Total time: 18.5 minutes
Best validation Dice: 0.8887

Evaluating on test set...
Test Results:
  Dice:        0.9052
  Accuracy:    0.9899
  Sensitivity: 0.8693
  Specificity: 0.9970
  Precision:   0.9443

✅ Results saved to checkpoints/binary_v4/fold_2/results.json
================================================================================

✅ Fold training complete!
