================================================================================
TRAINING FOLD 3
================================================================================
📁 Using paths from config:
   Fold dir: /mnt/bigdata/capstone/brats_gnn_segmentation/data/cv_folds_v2
   Output dir: checkpoints/binary_v4
Using device: cuda

Loading fold data...
Creating datasets...
📊 Dataset initialized: 61384 graphs from 720 patients
📊 Dataset initialized: 6852 graphs from 80 patients
📊 Dataset initialized: 17073 graphs from 200 patients

Dataset sizes:
  Train: 61384 graphs
  Val:   6852 graphs
  Test:  17073 graphs
W0314 18:35:51.620000 20863 torch/_inductor/utils.py:1436] [0/0] Not enough SMs to use max_autotune_gemm mode
  Input features: 15

Initializing model...
  Total parameters: 439,041
  torch.compile() enabled (default mode)

Starting training for 50 epochs...
================================================================================
Epoch 1/50 (31.2s)
  Train - Loss: 0.3177, Dice: 0.6125, Acc: 0.9602
  Val   - Loss: 0.2061, Dice: 0.8103, Acc: 0.9812
  ✓ Best model saved (Val Dice: 0.8103)
Epoch 2/50 (23.0s)
  Train - Loss: 0.1345, Dice: 0.8236, Acc: 0.9812
  Val   - Loss: 0.2579, Dice: 0.7797, Acc: 0.9738
Epoch 3/50 (22.9s)
  Train - Loss: 0.1117, Dice: 0.8551, Acc: 0.9844
  Val   - Loss: 0.1722, Dice: 0.8252, Acc: 0.9841
  ✓ Best model saved (Val Dice: 0.8252)
Epoch 4/50 (23.0s)
  Train - Loss: 0.1014, Dice: 0.8682, Acc: 0.9857
  Val   - Loss: 0.1833, Dice: 0.8240, Acc: 0.9840
Epoch 5/50 (23.0s)
  Train - Loss: 0.0976, Dice: 0.8730, Acc: 0.9862
  Val   - Loss: 0.1619, Dice: 0.8309, Acc: 0.9846
  ✓ Best model saved (Val Dice: 0.8309)
Epoch 6/50 (22.0s)
  Train - Loss: 0.0919, Dice: 0.8804, Acc: 0.9870
  Val   - Loss: 0.1651, Dice: 0.8249, Acc: 0.9842
Epoch 7/50 (20.6s)
  Train - Loss: 0.0893, Dice: 0.8841, Acc: 0.9874
  Val   - Loss: 0.1582, Dice: 0.8588, Acc: 0.9859
  ✓ Best model saved (Val Dice: 0.8588)
Epoch 8/50 (21.4s)
  Train - Loss: 0.0861, Dice: 0.8874, Acc: 0.9877
  Val   - Loss: 0.1529, Dice: 0.8723, Acc: 0.9872
  ✓ Best model saved (Val Dice: 0.8723)
Epoch 9/50 (21.8s)
  Train - Loss: 0.0844, Dice: 0.8906, Acc: 0.9881
  Val   - Loss: 0.1483, Dice: 0.8537, Acc: 0.9863
Epoch 10/50 (21.3s)
  Train - Loss: 0.0821, Dice: 0.8930, Acc: 0.9883
  Val   - Loss: 0.1365, Dice: 0.8726, Acc: 0.9877
  ✓ Best model saved (Val Dice: 0.8726)
Epoch 11/50 (21.3s)
  Train - Loss: 0.0810, Dice: 0.8947, Acc: 0.9885
  Val   - Loss: 0.1696, Dice: 0.8102, Acc: 0.9831
Epoch 12/50 (21.1s)
  Train - Loss: 0.0797, Dice: 0.8961, Acc: 0.9886
  Val   - Loss: 0.1609, Dice: 0.8348, Acc: 0.9849
Epoch 13/50 (21.4s)
  Train - Loss: 0.0783, Dice: 0.8980, Acc: 0.9888
  Val   - Loss: 0.1546, Dice: 0.8701, Acc: 0.9871
Epoch 14/50 (21.0s)
  Train - Loss: 0.0773, Dice: 0.8994, Acc: 0.9890
  Val   - Loss: 0.1433, Dice: 0.8644, Acc: 0.9867
Epoch 15/50 (21.1s)
  Train - Loss: 0.0760, Dice: 0.9009, Acc: 0.9892
  Val   - Loss: 0.1435, Dice: 0.8526, Acc: 0.9863
Epoch 16/50 (20.9s)
  Train - Loss: 0.0753, Dice: 0.9013, Acc: 0.9892
  Val   - Loss: 0.1444, Dice: 0.8698, Acc: 0.9872
Epoch 17/50 (20.9s)
  Train - Loss: 0.0742, Dice: 0.9032, Acc: 0.9894
  Val   - Loss: 0.1608, Dice: 0.8480, Acc: 0.9854
Epoch 18/50 (20.9s)
  Train - Loss: 0.0736, Dice: 0.9048, Acc: 0.9896
  Val   - Loss: 0.1401, Dice: 0.8652, Acc: 0.9872
Epoch 19/50 (21.3s)
  Train - Loss: 0.0723, Dice: 0.9058, Acc: 0.9897
  Val   - Loss: 0.1423, Dice: 0.8736, Acc: 0.9874
  ✓ Best model saved (Val Dice: 0.8736)
Epoch 20/50 (21.0s)
  Train - Loss: 0.0711, Dice: 0.9079, Acc: 0.9899
  Val   - Loss: 0.1345, Dice: 0.8597, Acc: 0.9868
Epoch 21/50 (20.9s)
  Train - Loss: 0.0707, Dice: 0.9079, Acc: 0.9899
  Val   - Loss: 0.1319, Dice: 0.8770, Acc: 0.9879
  ✓ Best model saved (Val Dice: 0.8770)
Epoch 22/50 (21.2s)
  Train - Loss: 0.0690, Dice: 0.9101, Acc: 0.9901
  Val   - Loss: 0.1560, Dice: 0.8424, Acc: 0.9854
Epoch 23/50 (20.9s)
  Train - Loss: 0.0690, Dice: 0.9102, Acc: 0.9901
  Val   - Loss: 0.1360, Dice: 0.8630, Acc: 0.9871
Epoch 24/50 (21.1s)
  Train - Loss: 0.0678, Dice: 0.9122, Acc: 0.9903
  Val   - Loss: 0.1629, Dice: 0.8324, Acc: 0.9848
Epoch 25/50 (20.9s)
  Train - Loss: 0.0670, Dice: 0.9131, Acc: 0.9904
  Val   - Loss: 0.1381, Dice: 0.8759, Acc: 0.9878
Epoch 26/50 (21.3s)
  Train - Loss: 0.0654, Dice: 0.9149, Acc: 0.9906
  Val   - Loss: 0.1332, Dice: 0.8773, Acc: 0.9879
  ✓ Best model saved (Val Dice: 0.8773)
Epoch 27/50 (21.1s)
  Train - Loss: 0.0647, Dice: 0.9156, Acc: 0.9907
  Val   - Loss: 0.1458, Dice: 0.8499, Acc: 0.9861
Epoch 28/50 (21.0s)
  Train - Loss: 0.0638, Dice: 0.9176, Acc: 0.9909
  Val   - Loss: 0.1320, Dice: 0.8786, Acc: 0.9880
  ✓ Best model saved (Val Dice: 0.8786)
Epoch 29/50 (21.2s)
  Train - Loss: 0.0626, Dice: 0.9191, Acc: 0.9911
  Val   - Loss: 0.1403, Dice: 0.8788, Acc: 0.9877
  ✓ Best model saved (Val Dice: 0.8788)
Epoch 30/50 (22.3s)
  Train - Loss: 0.0614, Dice: 0.9205, Acc: 0.9912
  Val   - Loss: 0.1439, Dice: 0.8774, Acc: 0.9874
Epoch 31/50 (20.6s)
  Train - Loss: 0.0607, Dice: 0.9213, Acc: 0.9913
  Val   - Loss: 0.1349, Dice: 0.8713, Acc: 0.9877
Epoch 32/50 (20.9s)
  Train - Loss: 0.0597, Dice: 0.9230, Acc: 0.9915
  Val   - Loss: 0.1305, Dice: 0.8714, Acc: 0.9877
Epoch 33/50 (21.5s)
  Train - Loss: 0.0589, Dice: 0.9236, Acc: 0.9916
  Val   - Loss: 0.1406, Dice: 0.8521, Acc: 0.9863
Epoch 34/50 (21.2s)
  Train - Loss: 0.0578, Dice: 0.9254, Acc: 0.9918
  Val   - Loss: 0.1327, Dice: 0.8647, Acc: 0.9872
Epoch 35/50 (22.4s)
  Train - Loss: 0.0571, Dice: 0.9266, Acc: 0.9919
  Val   - Loss: 0.1297, Dice: 0.8716, Acc: 0.9878
Epoch 36/50 (23.0s)
  Train - Loss: 0.0562, Dice: 0.9276, Acc: 0.9920
  Val   - Loss: 0.1273, Dice: 0.8738, Acc: 0.9879
Epoch 37/50 (22.9s)
  Train - Loss: 0.0550, Dice: 0.9288, Acc: 0.9921
  Val   - Loss: 0.1306, Dice: 0.8786, Acc: 0.9880
Epoch 38/50 (23.0s)
  Train - Loss: 0.0544, Dice: 0.9302, Acc: 0.9923
  Val   - Loss: 0.1299, Dice: 0.8782, Acc: 0.9882
Epoch 39/50 (23.0s)
  Train - Loss: 0.0536, Dice: 0.9312, Acc: 0.9924
  Val   - Loss: 0.1306, Dice: 0.8824, Acc: 0.9884
  ✓ Best model saved (Val Dice: 0.8824)
Epoch 40/50 (22.4s)
  Train - Loss: 0.0531, Dice: 0.9319, Acc: 0.9925
  Val   - Loss: 0.1284, Dice: 0.8791, Acc: 0.9883
Epoch 41/50 (21.9s)
  Train - Loss: 0.0521, Dice: 0.9333, Acc: 0.9926
  Val   - Loss: 0.1288, Dice: 0.8775, Acc: 0.9882
Epoch 42/50 (21.5s)
  Train - Loss: 0.0515, Dice: 0.9340, Acc: 0.9927
  Val   - Loss: 0.1287, Dice: 0.8789, Acc: 0.9882
Epoch 43/50 (21.2s)
  Train - Loss: 0.0511, Dice: 0.9344, Acc: 0.9927
  Val   - Loss: 0.1265, Dice: 0.8813, Acc: 0.9883
Epoch 44/50 (21.5s)
  Train - Loss: 0.0503, Dice: 0.9359, Acc: 0.9929
  Val   - Loss: 0.1294, Dice: 0.8766, Acc: 0.9881
Epoch 45/50 (21.1s)
  Train - Loss: 0.0502, Dice: 0.9359, Acc: 0.9929
  Val   - Loss: 0.1271, Dice: 0.8799, Acc: 0.9883
Epoch 46/50 (21.0s)
  Train - Loss: 0.0498, Dice: 0.9365, Acc: 0.9930
  Val   - Loss: 0.1276, Dice: 0.8782, Acc: 0.9882
Epoch 47/50 (20.6s)
  Train - Loss: 0.0495, Dice: 0.9369, Acc: 0.9930
  Val   - Loss: 0.1283, Dice: 0.8800, Acc: 0.9883
Epoch 48/50 (20.9s)
  Train - Loss: 0.0495, Dice: 0.9371, Acc: 0.9930
  Val   - Loss: 0.1282, Dice: 0.8792, Acc: 0.9883
Epoch 49/50 (21.1s)
  Train - Loss: 0.0491, Dice: 0.9374, Acc: 0.9931
  Val   - Loss: 0.1283, Dice: 0.8822, Acc: 0.9885
Epoch 50/50 (21.1s)
  Train - Loss: 0.0492, Dice: 0.9372, Acc: 0.9931
  Val   - Loss: 0.1287, Dice: 0.8783, Acc: 0.9882
================================================================================
Training complete! Total time: 18.1 minutes
Best validation Dice: 0.8824

Evaluating on test set...
Test Results:
  Dice:        0.9028
  Accuracy:    0.9899
  Sensitivity: 0.8585
  Specificity: 0.9975
  Precision:   0.9519

✅ Results saved to checkpoints/binary_v4/fold_3/results.json
================================================================================

✅ Fold training complete!
