================================================================================
TRAINING FOLD 2
================================================================================
📁 Using paths from config:
   Fold dir: /mnt/bigdata/capstone/brats_gnn_segmentation/data/cv_folds_v2
   Output dir: checkpoints/binary_v5
Using device: cuda

Loading fold data...
Creating datasets...
📊 Dataset initialized: 61666 graphs from 720 patients
📊 Dataset initialized: 6610 graphs from 80 patients
📊 Dataset initialized: 17033 graphs from 200 patients

Dataset sizes:
  Train: 61666 graphs
  Val:   6610 graphs
  Test:  17033 graphs
  Input features: 15

Initializing model...
  Total parameters: 439,041
  torch.compile() enabled (default mode)

Starting training for 50 epochs...
================================================================================
Epoch 1/50 (25.2s)
  Train - Loss: 0.6204, Dice: 0.4193, Acc: 0.8659
  Val   - Loss: 0.4410, Dice: 0.6154, Acc: 0.9468
  ✓ Best model saved (Val Dice: 0.6154)
Epoch 2/50 (21.5s)
  Train - Loss: 0.3449, Dice: 0.7472, Acc: 0.9656
  Val   - Loss: 0.3562, Dice: 0.8023, Acc: 0.9797
  ✓ Best model saved (Val Dice: 0.8023)
Epoch 3/50 (21.5s)
  Train - Loss: 0.2939, Dice: 0.7948, Acc: 0.9734
  Val   - Loss: 0.3838, Dice: 0.8120, Acc: 0.9813
  ✓ Best model saved (Val Dice: 0.8120)
Epoch 4/50 (21.3s)
  Train - Loss: 0.2669, Dice: 0.8180, Acc: 0.9769
  Val   - Loss: 1.5369, Dice: 0.1878, Acc: 0.6084
Epoch 5/50 (21.3s)
  Train - Loss: 0.2518, Dice: 0.8272, Acc: 0.9781
  Val   - Loss: 0.3167, Dice: 0.8393, Acc: 0.9843
  ✓ Best model saved (Val Dice: 0.8393)
Epoch 6/50 (21.5s)
  Train - Loss: 0.2385, Dice: 0.8364, Acc: 0.9794
  Val   - Loss: 0.3408, Dice: 0.8618, Acc: 0.9876
  ✓ Best model saved (Val Dice: 0.8618)
Epoch 7/50 (21.6s)
  Train - Loss: 0.2298, Dice: 0.8426, Acc: 0.9803
  Val   - Loss: 0.3164, Dice: 0.8365, Acc: 0.9839
Epoch 8/50 (21.5s)
  Train - Loss: 0.2227, Dice: 0.8469, Acc: 0.9809
  Val   - Loss: 0.3065, Dice: 0.8037, Acc: 0.9791
Epoch 9/50 (21.6s)
  Train - Loss: 0.2165, Dice: 0.8506, Acc: 0.9814
  Val   - Loss: 0.3080, Dice: 0.8330, Acc: 0.9833
Epoch 10/50 (21.6s)
  Train - Loss: 0.2115, Dice: 0.8532, Acc: 0.9818
  Val   - Loss: 0.2999, Dice: 0.7734, Acc: 0.9743
Epoch 11/50 (21.8s)
  Train - Loss: 0.2054, Dice: 0.8565, Acc: 0.9822
  Val   - Loss: 0.3096, Dice: 0.8361, Acc: 0.9835
Epoch 12/50 (21.5s)
  Train - Loss: 0.2002, Dice: 0.8586, Acc: 0.9825
  Val   - Loss: 0.3293, Dice: 0.7707, Acc: 0.9740
Epoch 13/50 (21.3s)
  Train - Loss: 0.1958, Dice: 0.8609, Acc: 0.9828
  Val   - Loss: 0.2866, Dice: 0.8355, Acc: 0.9831
Epoch 14/50 (21.3s)
  Train - Loss: 0.1926, Dice: 0.8620, Acc: 0.9829
  Val   - Loss: 0.3027, Dice: 0.7856, Acc: 0.9761
Epoch 15/50 (21.8s)
  Train - Loss: 0.1877, Dice: 0.8647, Acc: 0.9833
  Val   - Loss: 0.2609, Dice: 0.8533, Acc: 0.9854
Epoch 16/50 (21.3s)
  Train - Loss: 0.1834, Dice: 0.8669, Acc: 0.9836
  Val   - Loss: 0.3496, Dice: 0.6779, Acc: 0.9575
Epoch 17/50 (21.3s)
  Train - Loss: 0.1802, Dice: 0.8688, Acc: 0.9838
  Val   - Loss: 0.2837, Dice: 0.8450, Acc: 0.9845
Epoch 18/50 (21.8s)
  Train - Loss: 0.1764, Dice: 0.8701, Acc: 0.9840
  Val   - Loss: 0.2716, Dice: 0.8425, Acc: 0.9841
Epoch 19/50 (21.4s)
  Train - Loss: 0.1724, Dice: 0.8734, Acc: 0.9844
  Val   - Loss: 0.2802, Dice: 0.8595, Acc: 0.9864
Epoch 20/50 (21.6s)
  Train - Loss: 0.1694, Dice: 0.8733, Acc: 0.9844
  Val   - Loss: 0.3098, Dice: 0.8518, Acc: 0.9860
Epoch 21/50 (21.7s)
  Train - Loss: 0.1650, Dice: 0.8753, Acc: 0.9846
  Val   - Loss: 0.2873, Dice: 0.8141, Acc: 0.9803
Epoch 22/50 (22.0s)
  Train - Loss: 0.1603, Dice: 0.8775, Acc: 0.9849
  Val   - Loss: 0.2975, Dice: 0.8553, Acc: 0.9860
Epoch 23/50 (21.3s)
  Train - Loss: 0.1573, Dice: 0.8794, Acc: 0.9852
  Val   - Loss: 0.2808, Dice: 0.8564, Acc: 0.9863
Epoch 24/50 (21.6s)
  Train - Loss: 0.1534, Dice: 0.8806, Acc: 0.9853
  Val   - Loss: 0.2810, Dice: 0.8369, Acc: 0.9834
Epoch 25/50 (21.6s)
  Train - Loss: 0.1495, Dice: 0.8823, Acc: 0.9855
  Val   - Loss: 0.3098, Dice: 0.8383, Acc: 0.9840
Epoch 26/50 (21.9s)
  Train - Loss: 0.1466, Dice: 0.8848, Acc: 0.9858
  Val   - Loss: 0.2856, Dice: 0.8622, Acc: 0.9869
  ✓ Best model saved (Val Dice: 0.8622)
Epoch 27/50 (21.5s)
  Train - Loss: 0.1424, Dice: 0.8866, Acc: 0.9861
  Val   - Loss: 0.2746, Dice: 0.8450, Acc: 0.9843
Epoch 28/50 (21.5s)
  Train - Loss: 0.1379, Dice: 0.8885, Acc: 0.9863
  Val   - Loss: 0.2733, Dice: 0.8230, Acc: 0.9814
Epoch 29/50 (21.5s)
  Train - Loss: 0.1348, Dice: 0.8907, Acc: 0.9866
  Val   - Loss: 0.2804, Dice: 0.8532, Acc: 0.9854
Epoch 30/50 (21.6s)
  Train - Loss: 0.1320, Dice: 0.8913, Acc: 0.9867
  Val   - Loss: 0.3042, Dice: 0.8130, Acc: 0.9803
Epoch 31/50 (23.2s)
  Train - Loss: 0.1282, Dice: 0.8940, Acc: 0.9870
  Val   - Loss: 0.2720, Dice: 0.8547, Acc: 0.9856
Epoch 32/50 (21.4s)
  Train - Loss: 0.1248, Dice: 0.8957, Acc: 0.9872
  Val   - Loss: 0.2846, Dice: 0.8588, Acc: 0.9863
Epoch 33/50 (21.5s)
  Train - Loss: 0.1211, Dice: 0.8976, Acc: 0.9875
  Val   - Loss: 0.2764, Dice: 0.8508, Acc: 0.9850
Epoch 34/50 (21.3s)
  Train - Loss: 0.1180, Dice: 0.8992, Acc: 0.9877
  Val   - Loss: 0.2894, Dice: 0.8540, Acc: 0.9856
Epoch 35/50 (21.4s)
  Train - Loss: 0.1142, Dice: 0.9017, Acc: 0.9880
  Val   - Loss: 0.2813, Dice: 0.8498, Acc: 0.9850
Epoch 36/50 (21.4s)
  Train - Loss: 0.1106, Dice: 0.9036, Acc: 0.9882
  Val   - Loss: 0.2760, Dice: 0.8413, Acc: 0.9838
Epoch 37/50 (21.3s)
  Train - Loss: 0.1085, Dice: 0.9054, Acc: 0.9884
  Val   - Loss: 0.3018, Dice: 0.8619, Acc: 0.9868
Epoch 38/50 (21.6s)
  Train - Loss: 0.1059, Dice: 0.9065, Acc: 0.9886
  Val   - Loss: 0.2892, Dice: 0.8626, Acc: 0.9867
  ✓ Best model saved (Val Dice: 0.8626)
Epoch 39/50 (21.9s)
  Train - Loss: 0.1021, Dice: 0.9090, Acc: 0.9889
  Val   - Loss: 0.2913, Dice: 0.8544, Acc: 0.9856
Epoch 40/50 (21.7s)
  Train - Loss: 0.1009, Dice: 0.9096, Acc: 0.9890
  Val   - Loss: 0.2869, Dice: 0.8590, Acc: 0.9861
Epoch 41/50 (21.6s)
  Train - Loss: 0.0982, Dice: 0.9111, Acc: 0.9892
  Val   - Loss: 0.3024, Dice: 0.8626, Acc: 0.9867
  ✓ Best model saved (Val Dice: 0.8626)
Epoch 42/50 (21.8s)
  Train - Loss: 0.0954, Dice: 0.9135, Acc: 0.9895
  Val   - Loss: 0.3023, Dice: 0.8605, Acc: 0.9864
Epoch 43/50 (21.4s)
  Train - Loss: 0.0948, Dice: 0.9141, Acc: 0.9896
  Val   - Loss: 0.2977, Dice: 0.8617, Acc: 0.9865
Epoch 44/50 (21.5s)
  Train - Loss: 0.0927, Dice: 0.9158, Acc: 0.9898
  Val   - Loss: 0.3028, Dice: 0.8603, Acc: 0.9864
Epoch 45/50 (21.2s)
  Train - Loss: 0.0918, Dice: 0.9158, Acc: 0.9898
  Val   - Loss: 0.3069, Dice: 0.8643, Acc: 0.9869
  ✓ Best model saved (Val Dice: 0.8643)
Epoch 46/50 (21.1s)
  Train - Loss: 0.0915, Dice: 0.9167, Acc: 0.9899
  Val   - Loss: 0.3088, Dice: 0.8644, Acc: 0.9870
  ✓ Best model saved (Val Dice: 0.8644)
Epoch 47/50 (21.4s)
  Train - Loss: 0.0905, Dice: 0.9171, Acc: 0.9899
  Val   - Loss: 0.3033, Dice: 0.8624, Acc: 0.9866
Epoch 48/50 (21.6s)
  Train - Loss: 0.0912, Dice: 0.9158, Acc: 0.9898
  Val   - Loss: 0.3063, Dice: 0.8633, Acc: 0.9868
Epoch 49/50 (21.2s)
  Train - Loss: 0.0898, Dice: 0.9176, Acc: 0.9900
  Val   - Loss: 0.3008, Dice: 0.8631, Acc: 0.9867
Epoch 50/50 (21.2s)
  Train - Loss: 0.0899, Dice: 0.9169, Acc: 0.9899
  Val   - Loss: 0.2991, Dice: 0.8615, Acc: 0.9865
================================================================================
Training complete! Total time: 18.0 minutes
Best validation Dice: 0.8644

Evaluating on test set...
Test Results:
  Dice:        0.8873
  Accuracy:    0.9870
  Sensitivity: 0.9231
  Specificity: 0.9908
  Precision:   0.8541

✅ Results saved to checkpoints/binary_v5/fold_2/results.json
================================================================================

✅ Fold training complete!
