================================================================================
TRAINING FOLD 4
================================================================================
📁 Using paths from config:
   Fold dir: /mnt/bigdata/capstone/brats_gnn_segmentation/data/cv_folds_v2
   Output dir: checkpoints/binary_v5
Using device: cuda

Loading fold data...
Creating datasets...
📊 Dataset initialized: 61275 graphs from 720 patients
📊 Dataset initialized: 6872 graphs from 80 patients
📊 Dataset initialized: 17162 graphs from 200 patients

Dataset sizes:
  Train: 61275 graphs
  Val:   6872 graphs
  Test:  17162 graphs
  Input features: 15

Initializing model...
  Total parameters: 439,041
  torch.compile() enabled (default mode)

Starting training for 50 epochs...
================================================================================
Epoch 1/50 (24.7s)
  Train - Loss: 0.6176, Dice: 0.4162, Acc: 0.8681
  Val   - Loss: 0.4363, Dice: 0.6984, Acc: 0.9549
  ✓ Best model saved (Val Dice: 0.6984)
Epoch 2/50 (21.4s)
  Train - Loss: 0.3446, Dice: 0.7452, Acc: 0.9661
  Val   - Loss: 0.3612, Dice: 0.7826, Acc: 0.9705
  ✓ Best model saved (Val Dice: 0.7826)
Epoch 3/50 (21.2s)
  Train - Loss: 0.2978, Dice: 0.7927, Acc: 0.9737
  Val   - Loss: 0.3518, Dice: 0.8348, Acc: 0.9793
  ✓ Best model saved (Val Dice: 0.8348)
Epoch 4/50 (21.5s)
  Train - Loss: 0.2705, Dice: 0.8142, Acc: 0.9769
  Val   - Loss: 0.3907, Dice: 0.8672, Acc: 0.9850
  ✓ Best model saved (Val Dice: 0.8672)
Epoch 5/50 (21.2s)
  Train - Loss: 0.2569, Dice: 0.8226, Acc: 0.9781
  Val   - Loss: 0.3843, Dice: 0.8342, Acc: 0.9797
Epoch 6/50 (21.1s)
  Train - Loss: 0.2429, Dice: 0.8327, Acc: 0.9795
  Val   - Loss: 0.3606, Dice: 0.7944, Acc: 0.9725
Epoch 7/50 (21.2s)
  Train - Loss: 0.2335, Dice: 0.8388, Acc: 0.9803
  Val   - Loss: 0.3274, Dice: 0.8088, Acc: 0.9748
Epoch 8/50 (21.3s)
  Train - Loss: 0.2255, Dice: 0.8432, Acc: 0.9809
  Val   - Loss: 0.3165, Dice: 0.8595, Acc: 0.9827
Epoch 9/50 (21.4s)
  Train - Loss: 0.2210, Dice: 0.8453, Acc: 0.9811
  Val   - Loss: 0.3681, Dice: 0.8252, Acc: 0.9779
Epoch 10/50 (21.1s)
  Train - Loss: 0.2143, Dice: 0.8497, Acc: 0.9817
  Val   - Loss: 0.3048, Dice: 0.8633, Acc: 0.9833
Epoch 11/50 (21.0s)
  Train - Loss: 0.2086, Dice: 0.8524, Acc: 0.9821
  Val   - Loss: 0.3313, Dice: 0.8783, Acc: 0.9859
  ✓ Best model saved (Val Dice: 0.8783)
Epoch 12/50 (21.4s)
  Train - Loss: 0.2032, Dice: 0.8547, Acc: 0.9824
  Val   - Loss: 0.3359, Dice: 0.8864, Acc: 0.9871
  ✓ Best model saved (Val Dice: 0.8864)
Epoch 13/50 (21.3s)
  Train - Loss: 0.1992, Dice: 0.8575, Acc: 0.9827
  Val   - Loss: 0.3520, Dice: 0.8854, Acc: 0.9871
Epoch 14/50 (21.1s)
  Train - Loss: 0.1940, Dice: 0.8594, Acc: 0.9830
  Val   - Loss: 0.3582, Dice: 0.8784, Acc: 0.9863
Epoch 15/50 (21.2s)
  Train - Loss: 0.1900, Dice: 0.8616, Acc: 0.9832
  Val   - Loss: 0.3024, Dice: 0.8737, Acc: 0.9848
Epoch 16/50 (21.3s)
  Train - Loss: 0.1860, Dice: 0.8635, Acc: 0.9835
  Val   - Loss: 0.2978, Dice: 0.8615, Acc: 0.9830
Epoch 17/50 (21.1s)
  Train - Loss: 0.1821, Dice: 0.8667, Acc: 0.9839
  Val   - Loss: 0.4223, Dice: 0.8747, Acc: 0.9864
Epoch 18/50 (21.5s)
  Train - Loss: 0.1778, Dice: 0.8676, Acc: 0.9840
  Val   - Loss: 0.2872, Dice: 0.8617, Acc: 0.9828
Epoch 19/50 (21.2s)
  Train - Loss: 0.1749, Dice: 0.8700, Acc: 0.9843
  Val   - Loss: 0.3030, Dice: 0.8942, Acc: 0.9878
  ✓ Best model saved (Val Dice: 0.8942)
Epoch 20/50 (21.2s)
  Train - Loss: 0.1702, Dice: 0.8706, Acc: 0.9844
  Val   - Loss: 0.3082, Dice: 0.8903, Acc: 0.9872
Epoch 21/50 (21.7s)
  Train - Loss: 0.1655, Dice: 0.8734, Acc: 0.9847
  Val   - Loss: 0.3382, Dice: 0.8386, Acc: 0.9796
Epoch 22/50 (21.1s)
  Train - Loss: 0.1622, Dice: 0.8750, Acc: 0.9849
  Val   - Loss: 0.2928, Dice: 0.8627, Acc: 0.9830
Epoch 23/50 (21.1s)
  Train - Loss: 0.1574, Dice: 0.8777, Acc: 0.9853
  Val   - Loss: 0.2818, Dice: 0.8655, Acc: 0.9835
Epoch 24/50 (21.3s)
  Train - Loss: 0.1549, Dice: 0.8785, Acc: 0.9854
  Val   - Loss: 0.3280, Dice: 0.8895, Acc: 0.9874
Epoch 25/50 (21.3s)
  Train - Loss: 0.1512, Dice: 0.8808, Acc: 0.9857
  Val   - Loss: 0.3295, Dice: 0.8788, Acc: 0.9859
Epoch 26/50 (21.2s)
  Train - Loss: 0.1461, Dice: 0.8837, Acc: 0.9860
  Val   - Loss: 0.2927, Dice: 0.8797, Acc: 0.9855
Epoch 27/50 (21.1s)
  Train - Loss: 0.1424, Dice: 0.8855, Acc: 0.9862
  Val   - Loss: 0.3073, Dice: 0.8349, Acc: 0.9787
Epoch 28/50 (21.3s)
  Train - Loss: 0.1387, Dice: 0.8868, Acc: 0.9864
  Val   - Loss: 0.2985, Dice: 0.8425, Acc: 0.9797
Epoch 29/50 (21.0s)
  Train - Loss: 0.1349, Dice: 0.8903, Acc: 0.9868
  Val   - Loss: 0.3064, Dice: 0.8804, Acc: 0.9857
Epoch 30/50 (23.1s)
  Train - Loss: 0.1310, Dice: 0.8919, Acc: 0.9870
  Val   - Loss: 0.2924, Dice: 0.8756, Acc: 0.9849
Epoch 31/50 (21.5s)
  Train - Loss: 0.1269, Dice: 0.8932, Acc: 0.9872
  Val   - Loss: 0.3050, Dice: 0.8898, Acc: 0.9870
Epoch 32/50 (21.1s)
  Train - Loss: 0.1235, Dice: 0.8959, Acc: 0.9875
  Val   - Loss: 0.3258, Dice: 0.8858, Acc: 0.9867
Epoch 33/50 (21.1s)
  Train - Loss: 0.1201, Dice: 0.8972, Acc: 0.9877
  Val   - Loss: 0.3265, Dice: 0.8826, Acc: 0.9861
Epoch 34/50 (21.3s)
  Train - Loss: 0.1167, Dice: 0.8994, Acc: 0.9880
  Val   - Loss: 0.3440, Dice: 0.8839, Acc: 0.9864
Epoch 35/50 (21.5s)
  Train - Loss: 0.1133, Dice: 0.9019, Acc: 0.9883
  Val   - Loss: 0.3434, Dice: 0.8911, Acc: 0.9874
Epoch 36/50 (21.4s)
  Train - Loss: 0.1103, Dice: 0.9035, Acc: 0.9885
  Val   - Loss: 0.3361, Dice: 0.8877, Acc: 0.9868
Epoch 37/50 (21.4s)
  Train - Loss: 0.1074, Dice: 0.9050, Acc: 0.9887
  Val   - Loss: 0.3480, Dice: 0.8895, Acc: 0.9871
Epoch 38/50 (21.3s)
  Train - Loss: 0.1043, Dice: 0.9065, Acc: 0.9888
  Val   - Loss: 0.3251, Dice: 0.8886, Acc: 0.9868
Epoch 39/50 (21.3s)
  Train - Loss: 0.1023, Dice: 0.9082, Acc: 0.9891
  Val   - Loss: 0.3408, Dice: 0.8856, Acc: 0.9864
Epoch 40/50 (21.5s)
  Train - Loss: 0.0987, Dice: 0.9109, Acc: 0.9894
  Val   - Loss: 0.3486, Dice: 0.8867, Acc: 0.9867
Epoch 41/50 (21.0s)
  Train - Loss: 0.0972, Dice: 0.9113, Acc: 0.9894
  Val   - Loss: 0.3370, Dice: 0.8800, Acc: 0.9856
Epoch 42/50 (21.4s)
  Train - Loss: 0.0952, Dice: 0.9126, Acc: 0.9896
  Val   - Loss: 0.3454, Dice: 0.8847, Acc: 0.9863
Epoch 43/50 (20.9s)
  Train - Loss: 0.0937, Dice: 0.9136, Acc: 0.9897
  Val   - Loss: 0.3546, Dice: 0.8851, Acc: 0.9864
Epoch 44/50 (21.3s)
  Train - Loss: 0.0928, Dice: 0.9148, Acc: 0.9899
  Val   - Loss: 0.3578, Dice: 0.8900, Acc: 0.9871
Epoch 45/50 (21.6s)
  Train - Loss: 0.0914, Dice: 0.9155, Acc: 0.9900
  Val   - Loss: 0.3514, Dice: 0.8872, Acc: 0.9867
Epoch 46/50 (21.2s)
  Train - Loss: 0.0916, Dice: 0.9159, Acc: 0.9900
  Val   - Loss: 0.3603, Dice: 0.8858, Acc: 0.9865
Epoch 47/50 (21.6s)
  Train - Loss: 0.0889, Dice: 0.9168, Acc: 0.9901
  Val   - Loss: 0.3579, Dice: 0.8882, Acc: 0.9868
Epoch 48/50 (21.2s)
  Train - Loss: 0.0884, Dice: 0.9180, Acc: 0.9903
  Val   - Loss: 0.3541, Dice: 0.8837, Acc: 0.9862
Epoch 49/50 (21.4s)
  Train - Loss: 0.0873, Dice: 0.9177, Acc: 0.9902
  Val   - Loss: 0.3575, Dice: 0.8887, Acc: 0.9869
Epoch 50/50 (22.4s)
  Train - Loss: 0.0888, Dice: 0.9183, Acc: 0.9903
  Val   - Loss: 0.3651, Dice: 0.8868, Acc: 0.9867
================================================================================
Training complete! Total time: 17.8 minutes
Best validation Dice: 0.8942

Evaluating on test set...
Test Results:
  Dice:        0.8923
  Accuracy:    0.9875
  Sensitivity: 0.9273
  Specificity: 0.9911
  Precision:   0.8598

✅ Results saved to checkpoints/binary_v5/fold_4/results.json
================================================================================

✅ Fold training complete!
