================================================================================
TRAINING FOLD 0
================================================================================
📁 Using paths from config:
   Fold dir: /mnt/bigdata/capstone/brats_gnn_segmentation/data/cv_folds_v2
   Output dir: checkpoints/binary_v5
Using device: cuda

Loading fold data...
Creating datasets...
📊 Dataset initialized: 61411 graphs from 720 patients
📊 Dataset initialized: 6819 graphs from 80 patients
📊 Dataset initialized: 17079 graphs from 200 patients

Dataset sizes:
  Train: 61411 graphs
  Val:   6819 graphs
  Test:  17079 graphs
  Input features: 15

Initializing model...
  Total parameters: 439,041
  torch.compile() enabled (default mode)

Starting training for 50 epochs...
================================================================================
Epoch 1/50 (25.1s)
  Train - Loss: 0.6001, Dice: 0.4252, Acc: 0.8712
  Val   - Loss: 0.4075, Dice: 0.7645, Acc: 0.9711
  ✓ Best model saved (Val Dice: 0.7645)
Epoch 2/50 (21.5s)
  Train - Loss: 0.3253, Dice: 0.7570, Acc: 0.9679
  Val   - Loss: 0.3939, Dice: 0.8035, Acc: 0.9774
  ✓ Best model saved (Val Dice: 0.8035)
Epoch 3/50 (21.2s)
  Train - Loss: 0.2777, Dice: 0.8024, Acc: 0.9750
  Val   - Loss: 0.4407, Dice: 0.8628, Acc: 0.9860
  ✓ Best model saved (Val Dice: 0.8628)
Epoch 4/50 (21.9s)
  Train - Loss: 0.2478, Dice: 0.8252, Acc: 0.9783
  Val   - Loss: 0.3476, Dice: 0.8066, Acc: 0.9770
Epoch 5/50 (21.7s)
  Train - Loss: 0.2361, Dice: 0.8348, Acc: 0.9796
  Val   - Loss: 0.3379, Dice: 0.8619, Acc: 0.9850
Epoch 6/50 (21.7s)
  Train - Loss: 0.2235, Dice: 0.8442, Acc: 0.9809
  Val   - Loss: 0.3400, Dice: 0.8218, Acc: 0.9790
Epoch 7/50 (21.4s)
  Train - Loss: 0.2141, Dice: 0.8500, Acc: 0.9817
  Val   - Loss: 0.3904, Dice: 0.8763, Acc: 0.9876
  ✓ Best model saved (Val Dice: 0.8763)
Epoch 8/50 (21.4s)
  Train - Loss: 0.2068, Dice: 0.8545, Acc: 0.9823
  Val   - Loss: 0.3140, Dice: 0.8212, Acc: 0.9786
Epoch 9/50 (21.7s)
  Train - Loss: 0.2008, Dice: 0.8569, Acc: 0.9826
  Val   - Loss: 0.3479, Dice: 0.8748, Acc: 0.9869
Epoch 10/50 (22.5s)
  Train - Loss: 0.1951, Dice: 0.8608, Acc: 0.9831
  Val   - Loss: 0.3331, Dice: 0.8833, Acc: 0.9878
  ✓ Best model saved (Val Dice: 0.8833)
Epoch 11/50 (22.4s)
  Train - Loss: 0.1903, Dice: 0.8622, Acc: 0.9833
  Val   - Loss: 0.3001, Dice: 0.8713, Acc: 0.9859
Epoch 12/50 (21.7s)
  Train - Loss: 0.1847, Dice: 0.8657, Acc: 0.9837
  Val   - Loss: 0.3421, Dice: 0.8698, Acc: 0.9859
Epoch 13/50 (21.6s)
  Train - Loss: 0.1807, Dice: 0.8677, Acc: 0.9840
  Val   - Loss: 0.3611, Dice: 0.8475, Acc: 0.9833
Epoch 14/50 (21.5s)
  Train - Loss: 0.1772, Dice: 0.8680, Acc: 0.9840
  Val   - Loss: 0.3025, Dice: 0.8724, Acc: 0.9859
Epoch 15/50 (21.7s)
  Train - Loss: 0.1733, Dice: 0.8704, Acc: 0.9843
  Val   - Loss: 0.3311, Dice: 0.8893, Acc: 0.9885
  ✓ Best model saved (Val Dice: 0.8893)
Epoch 16/50 (21.6s)
  Train - Loss: 0.1698, Dice: 0.8722, Acc: 0.9845
  Val   - Loss: 0.3056, Dice: 0.8689, Acc: 0.9855
Epoch 17/50 (21.5s)
  Train - Loss: 0.1669, Dice: 0.8739, Acc: 0.9847
  Val   - Loss: 0.3364, Dice: 0.8251, Acc: 0.9795
Epoch 18/50 (21.4s)
  Train - Loss: 0.1634, Dice: 0.8767, Acc: 0.9851
  Val   - Loss: 0.3520, Dice: 0.8661, Acc: 0.9856
Epoch 19/50 (21.6s)
  Train - Loss: 0.1607, Dice: 0.8772, Acc: 0.9852
  Val   - Loss: 0.3333, Dice: 0.8855, Acc: 0.9881
Epoch 20/50 (21.3s)
  Train - Loss: 0.1562, Dice: 0.8789, Acc: 0.9854
  Val   - Loss: 0.3071, Dice: 0.8843, Acc: 0.9877
Epoch 21/50 (21.6s)
  Train - Loss: 0.1533, Dice: 0.8809, Acc: 0.9856
  Val   - Loss: 0.3375, Dice: 0.8847, Acc: 0.9879
Epoch 22/50 (21.3s)
  Train - Loss: 0.1489, Dice: 0.8837, Acc: 0.9860
  Val   - Loss: 0.3040, Dice: 0.8710, Acc: 0.9858
Epoch 23/50 (21.6s)
  Train - Loss: 0.1466, Dice: 0.8841, Acc: 0.9860
  Val   - Loss: 0.3063, Dice: 0.8822, Acc: 0.9873
Epoch 24/50 (21.5s)
  Train - Loss: 0.1431, Dice: 0.8859, Acc: 0.9863
  Val   - Loss: 0.3240, Dice: 0.8524, Acc: 0.9833
Epoch 25/50 (21.8s)
  Train - Loss: 0.1399, Dice: 0.8864, Acc: 0.9863
  Val   - Loss: 0.3137, Dice: 0.8895, Acc: 0.9882
  ✓ Best model saved (Val Dice: 0.8895)
Epoch 26/50 (21.4s)
  Train - Loss: 0.1362, Dice: 0.8895, Acc: 0.9867
  Val   - Loss: 0.3266, Dice: 0.8467, Acc: 0.9825
Epoch 27/50 (21.5s)
  Train - Loss: 0.1326, Dice: 0.8914, Acc: 0.9869
  Val   - Loss: 0.3270, Dice: 0.8871, Acc: 0.9881
Epoch 28/50 (21.4s)
  Train - Loss: 0.1290, Dice: 0.8922, Acc: 0.9870
  Val   - Loss: 0.3377, Dice: 0.8840, Acc: 0.9876
Epoch 29/50 (23.2s)
  Train - Loss: 0.1246, Dice: 0.8956, Acc: 0.9875
  Val   - Loss: 0.3287, Dice: 0.8677, Acc: 0.9855
Epoch 30/50 (21.3s)
  Train - Loss: 0.1217, Dice: 0.8971, Acc: 0.9876
  Val   - Loss: 0.3193, Dice: 0.8774, Acc: 0.9866
Epoch 31/50 (21.3s)
  Train - Loss: 0.1189, Dice: 0.8997, Acc: 0.9880
  Val   - Loss: 0.3182, Dice: 0.8821, Acc: 0.9872
Epoch 32/50 (21.4s)
  Train - Loss: 0.1140, Dice: 0.9014, Acc: 0.9882
  Val   - Loss: 0.3178, Dice: 0.8621, Acc: 0.9844
Epoch 33/50 (21.3s)
  Train - Loss: 0.1131, Dice: 0.9022, Acc: 0.9883
  Val   - Loss: 0.3184, Dice: 0.8872, Acc: 0.9879
Epoch 34/50 (21.6s)
  Train - Loss: 0.1087, Dice: 0.9052, Acc: 0.9887
  Val   - Loss: 0.3417, Dice: 0.8885, Acc: 0.9880
Epoch 35/50 (21.2s)
  Train - Loss: 0.1059, Dice: 0.9064, Acc: 0.9888
  Val   - Loss: 0.3516, Dice: 0.8800, Acc: 0.9871
Epoch 36/50 (21.6s)
  Train - Loss: 0.1031, Dice: 0.9086, Acc: 0.9891
  Val   - Loss: 0.3512, Dice: 0.8791, Acc: 0.9869
Epoch 37/50 (21.5s)
  Train - Loss: 0.0998, Dice: 0.9106, Acc: 0.9893
  Val   - Loss: 0.3553, Dice: 0.8878, Acc: 0.9880
Epoch 38/50 (21.5s)
  Train - Loss: 0.0980, Dice: 0.9119, Acc: 0.9895
  Val   - Loss: 0.3665, Dice: 0.8948, Acc: 0.9889
  ✓ Best model saved (Val Dice: 0.8948)
Epoch 39/50 (21.5s)
  Train - Loss: 0.0948, Dice: 0.9142, Acc: 0.9898
  Val   - Loss: 0.3667, Dice: 0.8891, Acc: 0.9883
Epoch 40/50 (21.4s)
  Train - Loss: 0.0927, Dice: 0.9148, Acc: 0.9898
  Val   - Loss: 0.3587, Dice: 0.8869, Acc: 0.9879
Epoch 41/50 (21.7s)
  Train - Loss: 0.0909, Dice: 0.9170, Acc: 0.9901
  Val   - Loss: 0.3743, Dice: 0.8898, Acc: 0.9883
Epoch 42/50 (21.7s)
  Train - Loss: 0.0897, Dice: 0.9170, Acc: 0.9901
  Val   - Loss: 0.3628, Dice: 0.8855, Acc: 0.9877
Epoch 43/50 (21.9s)
  Train - Loss: 0.0878, Dice: 0.9184, Acc: 0.9903
  Val   - Loss: 0.3772, Dice: 0.8866, Acc: 0.9878
Epoch 44/50 (21.7s)
  Train - Loss: 0.0865, Dice: 0.9199, Acc: 0.9905
  Val   - Loss: 0.3810, Dice: 0.8893, Acc: 0.9882
Epoch 45/50 (21.7s)
  Train - Loss: 0.0853, Dice: 0.9201, Acc: 0.9905
  Val   - Loss: 0.3915, Dice: 0.8904, Acc: 0.9884
Epoch 46/50 (21.9s)
  Train - Loss: 0.0845, Dice: 0.9210, Acc: 0.9906
  Val   - Loss: 0.3889, Dice: 0.8893, Acc: 0.9883
Epoch 47/50 (21.4s)
  Train - Loss: 0.0843, Dice: 0.9210, Acc: 0.9906
  Val   - Loss: 0.3869, Dice: 0.8891, Acc: 0.9882
Epoch 48/50 (21.7s)
  Train - Loss: 0.0826, Dice: 0.9219, Acc: 0.9907
  Val   - Loss: 0.3919, Dice: 0.8908, Acc: 0.9884
Epoch 49/50 (22.2s)
  Train - Loss: 0.0830, Dice: 0.9224, Acc: 0.9908
  Val   - Loss: 0.3924, Dice: 0.8903, Acc: 0.9884
Epoch 50/50 (22.1s)
  Train - Loss: 0.0823, Dice: 0.9222, Acc: 0.9908
  Val   - Loss: 0.3846, Dice: 0.8896, Acc: 0.9882
================================================================================
Training complete! Total time: 18.1 minutes
Best validation Dice: 0.8948

Evaluating on test set...
Test Results:
  Dice:        0.8800
  Accuracy:    0.9861
  Sensitivity: 0.8952
  Specificity: 0.9916
  Precision:   0.8653

✅ Results saved to checkpoints/binary_v5/fold_0/results.json
================================================================================

✅ Fold training complete!
