================================================================================
TRAINING FOLD 3
================================================================================
📁 Using paths from config:
   Fold dir: /mnt/bigdata/capstone/brats_gnn_segmentation/data/cv_folds_v2
   Output dir: checkpoints/binary_v5
Using device: cuda

Loading fold data...
Creating datasets...
📊 Dataset initialized: 61384 graphs from 720 patients
📊 Dataset initialized: 6852 graphs from 80 patients
📊 Dataset initialized: 17073 graphs from 200 patients

Dataset sizes:
  Train: 61384 graphs
  Val:   6852 graphs
  Test:  17073 graphs
  Input features: 15

Initializing model...
  Total parameters: 439,041
  torch.compile() enabled (default mode)

Starting training for 50 epochs...
================================================================================
Epoch 1/50 (24.5s)
  Train - Loss: 0.6060, Dice: 0.4219, Acc: 0.8680
  Val   - Loss: 0.4866, Dice: 0.6797, Acc: 0.9567
  ✓ Best model saved (Val Dice: 0.6797)
Epoch 2/50 (21.4s)
  Train - Loss: 0.3321, Dice: 0.7509, Acc: 0.9664
  Val   - Loss: 0.4680, Dice: 0.8382, Acc: 0.9833
  ✓ Best model saved (Val Dice: 0.8382)
Epoch 3/50 (21.5s)
  Train - Loss: 0.2852, Dice: 0.7954, Acc: 0.9736
  Val   - Loss: 0.4817, Dice: 0.8264, Acc: 0.9817
Epoch 4/50 (21.5s)
  Train - Loss: 0.2529, Dice: 0.8205, Acc: 0.9773
  Val   - Loss: 0.4590, Dice: 0.7060, Acc: 0.9606
Epoch 5/50 (21.4s)
  Train - Loss: 0.2401, Dice: 0.8290, Acc: 0.9785
  Val   - Loss: 0.4137, Dice: 0.7243, Acc: 0.9635
Epoch 6/50 (21.3s)
  Train - Loss: 0.2285, Dice: 0.8377, Acc: 0.9798
  Val   - Loss: 0.4308, Dice: 0.8502, Acc: 0.9848
  ✓ Best model saved (Val Dice: 0.8502)
Epoch 7/50 (21.3s)
  Train - Loss: 0.2206, Dice: 0.8435, Acc: 0.9805
  Val   - Loss: 0.3808, Dice: 0.8487, Acc: 0.9838
Epoch 8/50 (21.3s)
  Train - Loss: 0.2120, Dice: 0.8480, Acc: 0.9812
  Val   - Loss: 0.3809, Dice: 0.8045, Acc: 0.9771
Epoch 9/50 (21.6s)
  Train - Loss: 0.2055, Dice: 0.8521, Acc: 0.9817
  Val   - Loss: 0.3682, Dice: 0.8292, Acc: 0.9808
Epoch 10/50 (21.3s)
  Train - Loss: 0.1998, Dice: 0.8554, Acc: 0.9821
  Val   - Loss: 0.3726, Dice: 0.8502, Acc: 0.9838
  ✓ Best model saved (Val Dice: 0.8502)
Epoch 11/50 (21.2s)
  Train - Loss: 0.1948, Dice: 0.8585, Acc: 0.9826
  Val   - Loss: 0.3888, Dice: 0.7642, Acc: 0.9707
Epoch 12/50 (21.7s)
  Train - Loss: 0.1902, Dice: 0.8616, Acc: 0.9830
  Val   - Loss: 0.4095, Dice: 0.8298, Acc: 0.9812
Epoch 13/50 (21.7s)
  Train - Loss: 0.1847, Dice: 0.8649, Acc: 0.9834
  Val   - Loss: 0.3671, Dice: 0.8559, Acc: 0.9845
  ✓ Best model saved (Val Dice: 0.8559)
Epoch 14/50 (21.3s)
  Train - Loss: 0.1820, Dice: 0.8663, Acc: 0.9836
  Val   - Loss: 0.3770, Dice: 0.8297, Acc: 0.9808
Epoch 15/50 (22.0s)
  Train - Loss: 0.1775, Dice: 0.8679, Acc: 0.9838
  Val   - Loss: 0.3685, Dice: 0.8430, Acc: 0.9826
Epoch 16/50 (21.4s)
  Train - Loss: 0.1746, Dice: 0.8695, Acc: 0.9840
  Val   - Loss: 0.3745, Dice: 0.8687, Acc: 0.9863
  ✓ Best model saved (Val Dice: 0.8687)
Epoch 17/50 (21.8s)
  Train - Loss: 0.1694, Dice: 0.8732, Acc: 0.9845
  Val   - Loss: 0.3990, Dice: 0.8507, Acc: 0.9842
Epoch 18/50 (21.4s)
  Train - Loss: 0.1662, Dice: 0.8744, Acc: 0.9846
  Val   - Loss: 0.3897, Dice: 0.8627, Acc: 0.9857
Epoch 19/50 (21.7s)
  Train - Loss: 0.1622, Dice: 0.8764, Acc: 0.9849
  Val   - Loss: 0.4062, Dice: 0.8621, Acc: 0.9858
Epoch 20/50 (21.4s)
  Train - Loss: 0.1591, Dice: 0.8784, Acc: 0.9852
  Val   - Loss: 0.3809, Dice: 0.8620, Acc: 0.9853
Epoch 21/50 (21.5s)
  Train - Loss: 0.1560, Dice: 0.8792, Acc: 0.9852
  Val   - Loss: 0.3925, Dice: 0.8246, Acc: 0.9799
Epoch 22/50 (21.8s)
  Train - Loss: 0.1502, Dice: 0.8826, Acc: 0.9857
  Val   - Loss: 0.4813, Dice: 0.8637, Acc: 0.9865
Epoch 23/50 (21.6s)
  Train - Loss: 0.1478, Dice: 0.8839, Acc: 0.9858
  Val   - Loss: 0.4991, Dice: 0.8550, Acc: 0.9853
Epoch 24/50 (21.1s)
  Train - Loss: 0.1446, Dice: 0.8838, Acc: 0.9858
  Val   - Loss: 0.4090, Dice: 0.8621, Acc: 0.9857
Epoch 25/50 (21.6s)
  Train - Loss: 0.1407, Dice: 0.8865, Acc: 0.9862
  Val   - Loss: 0.4020, Dice: 0.8402, Acc: 0.9824
Epoch 26/50 (21.3s)
  Train - Loss: 0.1380, Dice: 0.8889, Acc: 0.9865
  Val   - Loss: 0.3848, Dice: 0.8667, Acc: 0.9859
Epoch 27/50 (21.6s)
  Train - Loss: 0.1332, Dice: 0.8899, Acc: 0.9866
  Val   - Loss: 0.3787, Dice: 0.8516, Acc: 0.9838
Epoch 28/50 (21.5s)
  Train - Loss: 0.1294, Dice: 0.8932, Acc: 0.9870
  Val   - Loss: 0.4042, Dice: 0.8616, Acc: 0.9851
Epoch 29/50 (21.3s)
  Train - Loss: 0.1275, Dice: 0.8941, Acc: 0.9871
  Val   - Loss: 0.4326, Dice: 0.8678, Acc: 0.9862
Epoch 30/50 (23.5s)
  Train - Loss: 0.1235, Dice: 0.8965, Acc: 0.9874
  Val   - Loss: 0.4019, Dice: 0.8506, Acc: 0.9837
Epoch 31/50 (21.6s)
  Train - Loss: 0.1201, Dice: 0.8983, Acc: 0.9877
  Val   - Loss: 0.4281, Dice: 0.8661, Acc: 0.9860
Epoch 32/50 (21.3s)
  Train - Loss: 0.1169, Dice: 0.9001, Acc: 0.9879
  Val   - Loss: 0.4458, Dice: 0.8626, Acc: 0.9856
Epoch 33/50 (21.4s)
  Train - Loss: 0.1129, Dice: 0.9018, Acc: 0.9881
  Val   - Loss: 0.4448, Dice: 0.8698, Acc: 0.9864
  ✓ Best model saved (Val Dice: 0.8698)
Epoch 34/50 (21.6s)
  Train - Loss: 0.1100, Dice: 0.9033, Acc: 0.9883
  Val   - Loss: 0.4549, Dice: 0.8740, Acc: 0.9868
  ✓ Best model saved (Val Dice: 0.8740)
Epoch 35/50 (21.4s)
  Train - Loss: 0.1072, Dice: 0.9061, Acc: 0.9886
  Val   - Loss: 0.4852, Dice: 0.8716, Acc: 0.9869
Epoch 36/50 (21.3s)
  Train - Loss: 0.1046, Dice: 0.9068, Acc: 0.9887
  Val   - Loss: 0.4857, Dice: 0.8735, Acc: 0.9870
Epoch 37/50 (21.3s)
  Train - Loss: 0.1008, Dice: 0.9093, Acc: 0.9890
  Val   - Loss: 0.4836, Dice: 0.8655, Acc: 0.9859
Epoch 38/50 (21.3s)
  Train - Loss: 0.0986, Dice: 0.9108, Acc: 0.9892
  Val   - Loss: 0.4834, Dice: 0.8689, Acc: 0.9862
Epoch 39/50 (21.4s)
  Train - Loss: 0.0963, Dice: 0.9121, Acc: 0.9894
  Val   - Loss: 0.4882, Dice: 0.8657, Acc: 0.9857
Epoch 40/50 (21.7s)
  Train - Loss: 0.0938, Dice: 0.9141, Acc: 0.9896
  Val   - Loss: 0.4891, Dice: 0.8683, Acc: 0.9862
Epoch 41/50 (21.5s)
  Train - Loss: 0.0925, Dice: 0.9146, Acc: 0.9897
  Val   - Loss: 0.4931, Dice: 0.8690, Acc: 0.9864
Epoch 42/50 (22.1s)
  Train - Loss: 0.0908, Dice: 0.9161, Acc: 0.9899
  Val   - Loss: 0.4980, Dice: 0.8658, Acc: 0.9858
Epoch 43/50 (21.6s)
  Train - Loss: 0.0882, Dice: 0.9185, Acc: 0.9902
  Val   - Loss: 0.5007, Dice: 0.8673, Acc: 0.9860
Epoch 44/50 (21.4s)
  Train - Loss: 0.0877, Dice: 0.9181, Acc: 0.9902
  Val   - Loss: 0.5115, Dice: 0.8686, Acc: 0.9862
Epoch 45/50 (21.5s)
  Train - Loss: 0.0868, Dice: 0.9186, Acc: 0.9902
  Val   - Loss: 0.5053, Dice: 0.8680, Acc: 0.9861
Epoch 46/50 (21.5s)
  Train - Loss: 0.0853, Dice: 0.9197, Acc: 0.9903
  Val   - Loss: 0.5244, Dice: 0.8698, Acc: 0.9864
Epoch 47/50 (21.5s)
  Train - Loss: 0.0843, Dice: 0.9215, Acc: 0.9906
  Val   - Loss: 0.5174, Dice: 0.8672, Acc: 0.9860
Epoch 48/50 (21.7s)
  Train - Loss: 0.0844, Dice: 0.9210, Acc: 0.9905
  Val   - Loss: 0.5241, Dice: 0.8697, Acc: 0.9864
Epoch 49/50 (21.6s)
  Train - Loss: 0.0839, Dice: 0.9212, Acc: 0.9905
  Val   - Loss: 0.5098, Dice: 0.8676, Acc: 0.9860
Epoch 50/50 (22.8s)
  Train - Loss: 0.0834, Dice: 0.9219, Acc: 0.9906
  Val   - Loss: 0.5305, Dice: 0.8697, Acc: 0.9864
================================================================================
Training complete! Total time: 18.0 minutes
Best validation Dice: 0.8740

Evaluating on test set...
Test Results:
  Dice:        0.8925
  Accuracy:    0.9880
  Sensitivity: 0.9121
  Specificity: 0.9924
  Precision:   0.8737

✅ Results saved to checkpoints/binary_v5/fold_3/results.json
================================================================================

✅ Fold training complete!
