================================================================================
TRAINING FOLD 1
================================================================================
📁 Using paths from config:
   Fold dir: /mnt/bigdata/capstone/brats_gnn_segmentation/data/cv_folds_v2
   Output dir: checkpoints/binary_v5
Using device: cuda

Loading fold data...
Creating datasets...
📊 Dataset initialized: 61603 graphs from 720 patients
📊 Dataset initialized: 6744 graphs from 80 patients
📊 Dataset initialized: 16962 graphs from 200 patients

Dataset sizes:
  Train: 61603 graphs
  Val:   6744 graphs
  Test:  16962 graphs
  Input features: 15

Initializing model...
  Total parameters: 439,041
  torch.compile() enabled (default mode)

Starting training for 50 epochs...
================================================================================
Epoch 1/50 (24.3s)
  Train - Loss: 0.6193, Dice: 0.4155, Acc: 0.8671
  Val   - Loss: 0.3922, Dice: 0.7850, Acc: 0.9735
  ✓ Best model saved (Val Dice: 0.7850)
Epoch 2/50 (21.1s)
  Train - Loss: 0.3457, Dice: 0.7450, Acc: 0.9660
  Val   - Loss: 0.3511, Dice: 0.7958, Acc: 0.9742
  ✓ Best model saved (Val Dice: 0.7958)
Epoch 3/50 (21.6s)
  Train - Loss: 0.2980, Dice: 0.7883, Acc: 0.9729
  Val   - Loss: 0.3288, Dice: 0.7912, Acc: 0.9730
Epoch 4/50 (21.4s)
  Train - Loss: 0.2674, Dice: 0.8152, Acc: 0.9769
  Val   - Loss: 0.3784, Dice: 0.8670, Acc: 0.9860
  ✓ Best model saved (Val Dice: 0.8670)
Epoch 5/50 (21.3s)
  Train - Loss: 0.2532, Dice: 0.8250, Acc: 0.9783
  Val   - Loss: 0.3245, Dice: 0.8833, Acc: 0.9874
  ✓ Best model saved (Val Dice: 0.8833)
Epoch 6/50 (21.2s)
  Train - Loss: 0.2402, Dice: 0.8339, Acc: 0.9795
  Val   - Loss: 0.3250, Dice: 0.8772, Acc: 0.9864
Epoch 7/50 (21.3s)
  Train - Loss: 0.2305, Dice: 0.8400, Acc: 0.9803
  Val   - Loss: 0.3086, Dice: 0.8453, Acc: 0.9816
Epoch 8/50 (21.5s)
  Train - Loss: 0.2236, Dice: 0.8455, Acc: 0.9811
  Val   - Loss: 0.4095, Dice: 0.8725, Acc: 0.9870
Epoch 9/50 (21.3s)
  Train - Loss: 0.2171, Dice: 0.8479, Acc: 0.9814
  Val   - Loss: 0.3144, Dice: 0.8347, Acc: 0.9799
Epoch 10/50 (21.3s)
  Train - Loss: 0.2106, Dice: 0.8510, Acc: 0.9818
  Val   - Loss: 0.3166, Dice: 0.8858, Acc: 0.9875
  ✓ Best model saved (Val Dice: 0.8858)
Epoch 11/50 (21.0s)
  Train - Loss: 0.2047, Dice: 0.8550, Acc: 0.9823
  Val   - Loss: 0.3304, Dice: 0.8331, Acc: 0.9800
Epoch 12/50 (21.1s)
  Train - Loss: 0.1995, Dice: 0.8571, Acc: 0.9826
  Val   - Loss: 0.2868, Dice: 0.8580, Acc: 0.9833
Epoch 13/50 (21.1s)
  Train - Loss: 0.1951, Dice: 0.8597, Acc: 0.9829
  Val   - Loss: 0.3372, Dice: 0.8747, Acc: 0.9864
Epoch 14/50 (21.4s)
  Train - Loss: 0.1890, Dice: 0.8627, Acc: 0.9833
  Val   - Loss: 0.3211, Dice: 0.8752, Acc: 0.9860
Epoch 15/50 (21.5s)
  Train - Loss: 0.1844, Dice: 0.8651, Acc: 0.9836
  Val   - Loss: 0.4016, Dice: 0.6749, Acc: 0.9497
Epoch 16/50 (20.9s)
  Train - Loss: 0.1803, Dice: 0.8671, Acc: 0.9839
  Val   - Loss: 0.2842, Dice: 0.8622, Acc: 0.9839
Epoch 17/50 (21.0s)
  Train - Loss: 0.1767, Dice: 0.8693, Acc: 0.9842
  Val   - Loss: 0.2799, Dice: 0.8829, Acc: 0.9868
Epoch 18/50 (21.4s)
  Train - Loss: 0.1722, Dice: 0.8705, Acc: 0.9843
  Val   - Loss: 0.3003, Dice: 0.8490, Acc: 0.9820
Epoch 19/50 (21.4s)
  Train - Loss: 0.1679, Dice: 0.8730, Acc: 0.9846
  Val   - Loss: 0.2916, Dice: 0.8728, Acc: 0.9854
Epoch 20/50 (21.2s)
  Train - Loss: 0.1635, Dice: 0.8757, Acc: 0.9850
  Val   - Loss: 0.3367, Dice: 0.8805, Acc: 0.9871
Epoch 21/50 (21.3s)
  Train - Loss: 0.1603, Dice: 0.8765, Acc: 0.9851
  Val   - Loss: 0.3091, Dice: 0.8861, Acc: 0.9875
  ✓ Best model saved (Val Dice: 0.8861)
Epoch 22/50 (21.7s)
  Train - Loss: 0.1553, Dice: 0.8792, Acc: 0.9854
  Val   - Loss: 0.3144, Dice: 0.8173, Acc: 0.9770
Epoch 23/50 (21.5s)
  Train - Loss: 0.1511, Dice: 0.8805, Acc: 0.9855
  Val   - Loss: 0.2876, Dice: 0.8798, Acc: 0.9864
Epoch 24/50 (21.3s)
  Train - Loss: 0.1480, Dice: 0.8821, Acc: 0.9857
  Val   - Loss: 0.3033, Dice: 0.8671, Acc: 0.9848
Epoch 25/50 (21.1s)
  Train - Loss: 0.1448, Dice: 0.8837, Acc: 0.9859
  Val   - Loss: 0.3033, Dice: 0.8667, Acc: 0.9847
Epoch 26/50 (21.3s)
  Train - Loss: 0.1409, Dice: 0.8852, Acc: 0.9861
  Val   - Loss: 0.3100, Dice: 0.8480, Acc: 0.9818
Epoch 27/50 (21.5s)
  Train - Loss: 0.1369, Dice: 0.8880, Acc: 0.9865
  Val   - Loss: 0.3103, Dice: 0.8761, Acc: 0.9860
Epoch 28/50 (21.5s)
  Train - Loss: 0.1330, Dice: 0.8895, Acc: 0.9867
  Val   - Loss: 0.2878, Dice: 0.8789, Acc: 0.9862
Epoch 29/50 (22.7s)
  Train - Loss: 0.1301, Dice: 0.8918, Acc: 0.9870
  Val   - Loss: 0.3041, Dice: 0.8719, Acc: 0.9852
Epoch 30/50 (21.8s)
  Train - Loss: 0.1265, Dice: 0.8942, Acc: 0.9873
  Val   - Loss: 0.3137, Dice: 0.8817, Acc: 0.9867
Epoch 31/50 (21.4s)
  Train - Loss: 0.1224, Dice: 0.8959, Acc: 0.9875
  Val   - Loss: 0.3229, Dice: 0.8835, Acc: 0.9872
Epoch 32/50 (20.9s)
  Train - Loss: 0.1185, Dice: 0.8978, Acc: 0.9877
  Val   - Loss: 0.3104, Dice: 0.8766, Acc: 0.9859
Epoch 33/50 (21.3s)
  Train - Loss: 0.1159, Dice: 0.8996, Acc: 0.9879
  Val   - Loss: 0.3077, Dice: 0.8714, Acc: 0.9851
Epoch 34/50 (21.1s)
  Train - Loss: 0.1120, Dice: 0.9022, Acc: 0.9883
  Val   - Loss: 0.3166, Dice: 0.8684, Acc: 0.9849
Epoch 35/50 (21.0s)
  Train - Loss: 0.1085, Dice: 0.9031, Acc: 0.9884
  Val   - Loss: 0.3201, Dice: 0.8809, Acc: 0.9866
Epoch 36/50 (21.5s)
  Train - Loss: 0.1060, Dice: 0.9041, Acc: 0.9885
  Val   - Loss: 0.3220, Dice: 0.8858, Acc: 0.9872
Epoch 37/50 (21.3s)
  Train - Loss: 0.1036, Dice: 0.9063, Acc: 0.9888
  Val   - Loss: 0.3231, Dice: 0.8799, Acc: 0.9864
Epoch 38/50 (21.4s)
  Train - Loss: 0.1007, Dice: 0.9084, Acc: 0.9890
  Val   - Loss: 0.3304, Dice: 0.8799, Acc: 0.9863
Epoch 39/50 (21.7s)
  Train - Loss: 0.0982, Dice: 0.9094, Acc: 0.9891
  Val   - Loss: 0.3325, Dice: 0.8729, Acc: 0.9854
Epoch 40/50 (21.6s)
  Train - Loss: 0.0956, Dice: 0.9112, Acc: 0.9894
  Val   - Loss: 0.3428, Dice: 0.8832, Acc: 0.9869
Epoch 41/50 (21.2s)
  Train - Loss: 0.0934, Dice: 0.9127, Acc: 0.9896
  Val   - Loss: 0.3422, Dice: 0.8823, Acc: 0.9868
Epoch 42/50 (21.7s)
  Train - Loss: 0.0924, Dice: 0.9141, Acc: 0.9897
  Val   - Loss: 0.3441, Dice: 0.8801, Acc: 0.9865
Epoch 43/50 (21.2s)
  Train - Loss: 0.0904, Dice: 0.9154, Acc: 0.9899
  Val   - Loss: 0.3487, Dice: 0.8824, Acc: 0.9867
Epoch 44/50 (21.5s)
  Train - Loss: 0.0892, Dice: 0.9161, Acc: 0.9900
  Val   - Loss: 0.3513, Dice: 0.8847, Acc: 0.9871
Epoch 45/50 (21.5s)
  Train - Loss: 0.0878, Dice: 0.9172, Acc: 0.9901
  Val   - Loss: 0.3594, Dice: 0.8858, Acc: 0.9872
Epoch 46/50 (21.4s)
  Train - Loss: 0.0872, Dice: 0.9175, Acc: 0.9902
  Val   - Loss: 0.3617, Dice: 0.8835, Acc: 0.9870
Epoch 47/50 (21.2s)
  Train - Loss: 0.0863, Dice: 0.9189, Acc: 0.9903
  Val   - Loss: 0.3548, Dice: 0.8854, Acc: 0.9872
Epoch 48/50 (21.4s)
  Train - Loss: 0.0851, Dice: 0.9199, Acc: 0.9905
  Val   - Loss: 0.3582, Dice: 0.8850, Acc: 0.9871
Epoch 49/50 (22.0s)
  Train - Loss: 0.0857, Dice: 0.9189, Acc: 0.9903
  Val   - Loss: 0.3575, Dice: 0.8851, Acc: 0.9871
Epoch 50/50 (22.7s)
  Train - Loss: 0.0855, Dice: 0.9193, Acc: 0.9904
  Val   - Loss: 0.3581, Dice: 0.8837, Acc: 0.9869
================================================================================
Training complete! Total time: 17.9 minutes
Best validation Dice: 0.8861

Evaluating on test set...
Test Results:
  Dice:        0.8931
  Accuracy:    0.9877
  Sensitivity: 0.9188
  Specificity: 0.9918
  Precision:   0.8689

✅ Results saved to checkpoints/binary_v5/fold_1/results.json
================================================================================

✅ Fold training complete!
