/mnt/bigdata/capstone/.env/lib/python3.12/site-packages/torch_geometric/typing.py:68: UserWarning: An issue occurred while importing 'pyg-lib'. Disabling its usage. Stacktrace: /mnt/bigdata/capstone/.env/lib/python3.12/site-packages/libpyg.so: undefined symbol: _ZN2at4_ops11multinomial4callERKNS_6TensorElbSt8optionalINS_9GeneratorEE
  warnings.warn(f"An issue occurred while importing 'pyg-lib'. "
/mnt/bigdata/capstone/.env/lib/python3.12/site-packages/torch_geometric/typing.py:124: UserWarning: An issue occurred while importing 'torch-sparse'. Disabling its usage. Stacktrace: /mnt/bigdata/capstone/.env/lib/python3.12/site-packages/libpyg.so: undefined symbol: _ZN2at4_ops11multinomial4callERKNS_6TensorElbSt8optionalINS_9GeneratorEE
  warnings.warn(f"An issue occurred while importing 'torch-sparse'. "
================================================================================
TRAINING FOLD 2
================================================================================
📁 Using paths from config:
   Fold dir: /mnt/bigdata/capstone/brats_gnn_segmentation/data/cv_folds_v2
   Output dir: checkpoints/binary_v3
Using device: cuda

Loading fold data...
Creating datasets...
📊 Dataset initialized: 61666 graphs from 720 patients
📊 Dataset initialized: 6610 graphs from 80 patients
📊 Dataset initialized: 17033 graphs from 200 patients

Dataset sizes:
  Train: 61666 graphs
  Val:   6610 graphs
  Test:  17033 graphs
W0306 02:03:54.129000 208371 torch/_inductor/utils.py:1436] [0/0] Not enough SMs to use max_autotune_gemm mode
  Input features: 15

Initializing model...
  Total parameters: 439,041
  torch.compile() enabled (default mode)

Starting training for 50 epochs...
================================================================================
Epoch 1/50 (28.0s)
  Train - Loss: 0.1977, Dice: 0.4229, Acc: 0.9547
  Val   - Loss: 0.0608, Dice: 0.7540, Acc: 0.9800
  ✓ Best model saved (Val Dice: 0.7540)
Epoch 2/50 (20.1s)
  Train - Loss: 0.0616, Dice: 0.8083, Acc: 0.9798
  Val   - Loss: 0.0466, Dice: 0.8261, Acc: 0.9848
  ✓ Best model saved (Val Dice: 0.8261)
Epoch 3/50 (20.7s)
  Train - Loss: 0.0498, Dice: 0.8483, Acc: 0.9837
  Val   - Loss: 0.0380, Dice: 0.8374, Acc: 0.9866
  ✓ Best model saved (Val Dice: 0.8374)
Epoch 4/50 (20.7s)
  Train - Loss: 0.0438, Dice: 0.8675, Acc: 0.9856
  Val   - Loss: 0.0493, Dice: 0.8185, Acc: 0.9842
Epoch 5/50 (20.5s)
  Train - Loss: 0.0410, Dice: 0.8752, Acc: 0.9864
  Val   - Loss: 0.0363, Dice: 0.8441, Acc: 0.9871
  ✓ Best model saved (Val Dice: 0.8441)
Epoch 6/50 (20.3s)
  Train - Loss: 0.0390, Dice: 0.8799, Acc: 0.9869
  Val   - Loss: 0.0353, Dice: 0.8611, Acc: 0.9879
  ✓ Best model saved (Val Dice: 0.8611)
Epoch 7/50 (20.8s)
  Train - Loss: 0.0375, Dice: 0.8844, Acc: 0.9874
  Val   - Loss: 0.0337, Dice: 0.8634, Acc: 0.9882
  ✓ Best model saved (Val Dice: 0.8634)
Epoch 8/50 (20.0s)
  Train - Loss: 0.0363, Dice: 0.8879, Acc: 0.9878
  Val   - Loss: 0.0322, Dice: 0.8682, Acc: 0.9886
  ✓ Best model saved (Val Dice: 0.8682)
Epoch 9/50 (20.7s)
  Train - Loss: 0.0354, Dice: 0.8908, Acc: 0.9881
  Val   - Loss: 0.0371, Dice: 0.8660, Acc: 0.9875
Epoch 10/50 (20.6s)
  Train - Loss: 0.0344, Dice: 0.8925, Acc: 0.9883
  Val   - Loss: 0.0335, Dice: 0.8733, Acc: 0.9884
  ✓ Best model saved (Val Dice: 0.8733)
Epoch 11/50 (20.4s)
  Train - Loss: 0.0334, Dice: 0.8954, Acc: 0.9885
  Val   - Loss: 0.0315, Dice: 0.8711, Acc: 0.9889
Epoch 12/50 (20.2s)
  Train - Loss: 0.0325, Dice: 0.8973, Acc: 0.9887
  Val   - Loss: 0.0320, Dice: 0.8699, Acc: 0.9886
Epoch 13/50 (20.1s)
  Train - Loss: 0.0317, Dice: 0.9003, Acc: 0.9891
  Val   - Loss: 0.0290, Dice: 0.8837, Acc: 0.9897
  ✓ Best model saved (Val Dice: 0.8837)
Epoch 14/50 (20.3s)
  Train - Loss: 0.0310, Dice: 0.9015, Acc: 0.9892
  Val   - Loss: 0.0297, Dice: 0.8832, Acc: 0.9895
Epoch 15/50 (20.1s)
  Train - Loss: 0.0304, Dice: 0.9034, Acc: 0.9894
  Val   - Loss: 0.0321, Dice: 0.8622, Acc: 0.9884
Epoch 16/50 (20.5s)
  Train - Loss: 0.0297, Dice: 0.9047, Acc: 0.9895
  Val   - Loss: 0.0304, Dice: 0.8714, Acc: 0.9890
Epoch 17/50 (20.0s)
  Train - Loss: 0.0291, Dice: 0.9064, Acc: 0.9897
  Val   - Loss: 0.0287, Dice: 0.8844, Acc: 0.9896
  ✓ Best model saved (Val Dice: 0.8844)
Epoch 18/50 (20.3s)
  Train - Loss: 0.0286, Dice: 0.9078, Acc: 0.9898
  Val   - Loss: 0.0291, Dice: 0.8850, Acc: 0.9898
  ✓ Best model saved (Val Dice: 0.8850)
Epoch 19/50 (21.1s)
  Train - Loss: 0.0279, Dice: 0.9095, Acc: 0.9900
  Val   - Loss: 0.0325, Dice: 0.8761, Acc: 0.9888
Epoch 20/50 (20.1s)
  Train - Loss: 0.0273, Dice: 0.9115, Acc: 0.9902
  Val   - Loss: 0.0337, Dice: 0.8596, Acc: 0.9883
Epoch 21/50 (20.1s)
  Train - Loss: 0.0268, Dice: 0.9125, Acc: 0.9903
  Val   - Loss: 0.0312, Dice: 0.8756, Acc: 0.9894
Epoch 22/50 (20.3s)
  Train - Loss: 0.0261, Dice: 0.9142, Acc: 0.9905
  Val   - Loss: 0.0286, Dice: 0.8834, Acc: 0.9896
Epoch 23/50 (20.3s)
  Train - Loss: 0.0256, Dice: 0.9162, Acc: 0.9907
  Val   - Loss: 0.0294, Dice: 0.8837, Acc: 0.9897
Epoch 24/50 (20.0s)
  Train - Loss: 0.0250, Dice: 0.9177, Acc: 0.9909
  Val   - Loss: 0.0289, Dice: 0.8836, Acc: 0.9897
Epoch 25/50 (20.2s)
  Train - Loss: 0.0245, Dice: 0.9182, Acc: 0.9909
  Val   - Loss: 0.0299, Dice: 0.8781, Acc: 0.9894
Epoch 26/50 (20.6s)
  Train - Loss: 0.0239, Dice: 0.9204, Acc: 0.9912
  Val   - Loss: 0.0290, Dice: 0.8823, Acc: 0.9896
Epoch 27/50 (20.3s)
  Train - Loss: 0.0234, Dice: 0.9216, Acc: 0.9913
  Val   - Loss: 0.0294, Dice: 0.8879, Acc: 0.9900
  ✓ Best model saved (Val Dice: 0.8879)
Epoch 28/50 (20.3s)
  Train - Loss: 0.0228, Dice: 0.9231, Acc: 0.9915
  Val   - Loss: 0.0307, Dice: 0.8761, Acc: 0.9893
Epoch 29/50 (20.4s)
  Train - Loss: 0.0222, Dice: 0.9249, Acc: 0.9916
  Val   - Loss: 0.0293, Dice: 0.8876, Acc: 0.9899
Epoch 30/50 (20.6s)
  Train - Loss: 0.0217, Dice: 0.9258, Acc: 0.9917
  Val   - Loss: 0.0300, Dice: 0.8861, Acc: 0.9897
Epoch 31/50 (22.2s)
  Train - Loss: 0.0213, Dice: 0.9272, Acc: 0.9919
  Val   - Loss: 0.0314, Dice: 0.8813, Acc: 0.9891
Epoch 32/50 (20.5s)
  Train - Loss: 0.0208, Dice: 0.9294, Acc: 0.9921
  Val   - Loss: 0.0315, Dice: 0.8779, Acc: 0.9893
Epoch 33/50 (20.7s)
  Train - Loss: 0.0203, Dice: 0.9303, Acc: 0.9922
  Val   - Loss: 0.0313, Dice: 0.8828, Acc: 0.9892
Epoch 34/50 (20.4s)
  Train - Loss: 0.0198, Dice: 0.9319, Acc: 0.9924
  Val   - Loss: 0.0308, Dice: 0.8864, Acc: 0.9899
Epoch 35/50 (20.5s)
  Train - Loss: 0.0193, Dice: 0.9332, Acc: 0.9925
  Val   - Loss: 0.0327, Dice: 0.8866, Acc: 0.9899
Epoch 36/50 (20.5s)
  Train - Loss: 0.0189, Dice: 0.9344, Acc: 0.9927
  Val   - Loss: 0.0314, Dice: 0.8833, Acc: 0.9894
Epoch 37/50 (21.1s)
  Train - Loss: 0.0186, Dice: 0.9357, Acc: 0.9928
  Val   - Loss: 0.0322, Dice: 0.8829, Acc: 0.9897
Epoch 38/50 (21.9s)
  Train - Loss: 0.0183, Dice: 0.9366, Acc: 0.9929
  Val   - Loss: 0.0323, Dice: 0.8833, Acc: 0.9898
Epoch 39/50 (23.6s)
  Train - Loss: 0.0178, Dice: 0.9379, Acc: 0.9930
  Val   - Loss: 0.0316, Dice: 0.8865, Acc: 0.9897
Epoch 40/50 (22.1s)
  Train - Loss: 0.0175, Dice: 0.9395, Acc: 0.9932
  Val   - Loss: 0.0324, Dice: 0.8879, Acc: 0.9900
  ✓ Best model saved (Val Dice: 0.8879)
Epoch 41/50 (22.0s)
  Train - Loss: 0.0173, Dice: 0.9399, Acc: 0.9932
  Val   - Loss: 0.0322, Dice: 0.8876, Acc: 0.9899
Epoch 42/50 (21.7s)
  Train - Loss: 0.0169, Dice: 0.9412, Acc: 0.9934
  Val   - Loss: 0.0328, Dice: 0.8851, Acc: 0.9897
Epoch 43/50 (21.4s)
  Train - Loss: 0.0168, Dice: 0.9410, Acc: 0.9934
  Val   - Loss: 0.0327, Dice: 0.8867, Acc: 0.9899
Epoch 44/50 (20.8s)
  Train - Loss: 0.0166, Dice: 0.9418, Acc: 0.9935
  Val   - Loss: 0.0326, Dice: 0.8851, Acc: 0.9898
Epoch 45/50 (20.1s)
  Train - Loss: 0.0165, Dice: 0.9422, Acc: 0.9935
  Val   - Loss: 0.0331, Dice: 0.8868, Acc: 0.9900
Epoch 46/50 (20.4s)
  Train - Loss: 0.0163, Dice: 0.9427, Acc: 0.9936
  Val   - Loss: 0.0333, Dice: 0.8841, Acc: 0.9898
Epoch 47/50 (20.6s)
  Train - Loss: 0.0162, Dice: 0.9429, Acc: 0.9936
  Val   - Loss: 0.0331, Dice: 0.8848, Acc: 0.9898
Epoch 48/50 (20.0s)
  Train - Loss: 0.0160, Dice: 0.9440, Acc: 0.9937
  Val   - Loss: 0.0336, Dice: 0.8834, Acc: 0.9897
Epoch 49/50 (20.7s)
  Train - Loss: 0.0160, Dice: 0.9437, Acc: 0.9937
  Val   - Loss: 0.0331, Dice: 0.8848, Acc: 0.9897
Epoch 50/50 (21.1s)
  Train - Loss: 0.0161, Dice: 0.9436, Acc: 0.9937
  Val   - Loss: 0.0332, Dice: 0.8845, Acc: 0.9897
================================================================================
Training complete! Total time: 17.4 minutes
Best validation Dice: 0.8879

Evaluating on test set...
Test Results:
  Dice:        0.9031
  Accuracy:    0.9897
  Sensitivity: 0.8701
  Specificity: 0.9967
  Precision:   0.9387

✅ Results saved to checkpoints/binary_v3/fold_2/results.json
================================================================================

✅ Fold training complete!
