/mnt/bigdata/capstone/.env/lib/python3.12/site-packages/torch_geometric/typing.py:68: UserWarning: An issue occurred while importing 'pyg-lib'. Disabling its usage. Stacktrace: /mnt/bigdata/capstone/.env/lib/python3.12/site-packages/libpyg.so: undefined symbol: _ZN2at4_ops11multinomial4callERKNS_6TensorElbSt8optionalINS_9GeneratorEE
  warnings.warn(f"An issue occurred while importing 'pyg-lib'. "
/mnt/bigdata/capstone/.env/lib/python3.12/site-packages/torch_geometric/typing.py:124: UserWarning: An issue occurred while importing 'torch-sparse'. Disabling its usage. Stacktrace: /mnt/bigdata/capstone/.env/lib/python3.12/site-packages/libpyg.so: undefined symbol: _ZN2at4_ops11multinomial4callERKNS_6TensorElbSt8optionalINS_9GeneratorEE
  warnings.warn(f"An issue occurred while importing 'torch-sparse'. "
================================================================================
TRAINING FOLD 4
================================================================================
📁 Using paths from config:
   Fold dir: /mnt/bigdata/capstone/brats_gnn_segmentation/data/cv_folds_v2
   Output dir: checkpoints/binary_v3
Using device: cuda

Loading fold data...
Creating datasets...
📊 Dataset initialized: 61275 graphs from 720 patients
📊 Dataset initialized: 6872 graphs from 80 patients
📊 Dataset initialized: 17162 graphs from 200 patients

Dataset sizes:
  Train: 61275 graphs
  Val:   6872 graphs
  Test:  17162 graphs
W0306 02:40:42.541000 214343 torch/_inductor/utils.py:1436] [0/0] Not enough SMs to use max_autotune_gemm mode
  Input features: 15

Initializing model...
  Total parameters: 439,041
  torch.compile() enabled (default mode)

Starting training for 50 epochs...
================================================================================
Epoch 1/50 (30.2s)
  Train - Loss: 0.1977, Dice: 0.4115, Acc: 0.9552
  Val   - Loss: 0.0768, Dice: 0.7235, Acc: 0.9747
  ✓ Best model saved (Val Dice: 0.7235)
Epoch 2/50 (22.2s)
  Train - Loss: 0.0611, Dice: 0.8051, Acc: 0.9800
  Val   - Loss: 0.0531, Dice: 0.8264, Acc: 0.9826
  ✓ Best model saved (Val Dice: 0.8264)
Epoch 3/50 (22.1s)
  Train - Loss: 0.0494, Dice: 0.8470, Acc: 0.9840
  Val   - Loss: 0.0466, Dice: 0.8578, Acc: 0.9852
  ✓ Best model saved (Val Dice: 0.8578)
Epoch 4/50 (22.0s)
  Train - Loss: 0.0436, Dice: 0.8645, Acc: 0.9857
  Val   - Loss: 0.0474, Dice: 0.8674, Acc: 0.9849
  ✓ Best model saved (Val Dice: 0.8674)
Epoch 5/50 (22.1s)
  Train - Loss: 0.0414, Dice: 0.8705, Acc: 0.9863
  Val   - Loss: 0.0445, Dice: 0.8698, Acc: 0.9855
  ✓ Best model saved (Val Dice: 0.8698)
Epoch 6/50 (22.2s)
  Train - Loss: 0.0388, Dice: 0.8780, Acc: 0.9870
  Val   - Loss: 0.0409, Dice: 0.8717, Acc: 0.9867
  ✓ Best model saved (Val Dice: 0.8717)
Epoch 7/50 (22.0s)
  Train - Loss: 0.0375, Dice: 0.8816, Acc: 0.9874
  Val   - Loss: 0.0374, Dice: 0.8876, Acc: 0.9877
  ✓ Best model saved (Val Dice: 0.8876)
Epoch 8/50 (22.0s)
  Train - Loss: 0.0362, Dice: 0.8850, Acc: 0.9877
  Val   - Loss: 0.0377, Dice: 0.8890, Acc: 0.9881
  ✓ Best model saved (Val Dice: 0.8890)
Epoch 9/50 (22.3s)
  Train - Loss: 0.0353, Dice: 0.8876, Acc: 0.9880
  Val   - Loss: 0.0398, Dice: 0.8844, Acc: 0.9875
Epoch 10/50 (22.1s)
  Train - Loss: 0.0345, Dice: 0.8894, Acc: 0.9882
  Val   - Loss: 0.0372, Dice: 0.8914, Acc: 0.9883
  ✓ Best model saved (Val Dice: 0.8914)
Epoch 11/50 (22.1s)
  Train - Loss: 0.0335, Dice: 0.8923, Acc: 0.9885
  Val   - Loss: 0.0527, Dice: 0.8421, Acc: 0.9843
Epoch 12/50 (22.3s)
  Train - Loss: 0.0329, Dice: 0.8936, Acc: 0.9886
  Val   - Loss: 0.0404, Dice: 0.8797, Acc: 0.9871
Epoch 13/50 (22.4s)
  Train - Loss: 0.0321, Dice: 0.8955, Acc: 0.9888
  Val   - Loss: 0.0356, Dice: 0.8872, Acc: 0.9881
Epoch 14/50 (22.0s)
  Train - Loss: 0.0312, Dice: 0.8980, Acc: 0.9891
  Val   - Loss: 0.0534, Dice: 0.8209, Acc: 0.9825
Epoch 15/50 (22.1s)
  Train - Loss: 0.0307, Dice: 0.8992, Acc: 0.9892
  Val   - Loss: 0.0402, Dice: 0.8832, Acc: 0.9868
Epoch 16/50 (22.4s)
  Train - Loss: 0.0300, Dice: 0.9020, Acc: 0.9895
  Val   - Loss: 0.0370, Dice: 0.8935, Acc: 0.9885
  ✓ Best model saved (Val Dice: 0.8935)
Epoch 17/50 (22.3s)
  Train - Loss: 0.0293, Dice: 0.9034, Acc: 0.9896
  Val   - Loss: 0.0442, Dice: 0.8560, Acc: 0.9853
Epoch 18/50 (22.3s)
  Train - Loss: 0.0288, Dice: 0.9056, Acc: 0.9898
  Val   - Loss: 0.0439, Dice: 0.8558, Acc: 0.9853
Epoch 19/50 (22.1s)
  Train - Loss: 0.0281, Dice: 0.9064, Acc: 0.9899
  Val   - Loss: 0.0364, Dice: 0.8996, Acc: 0.9887
  ✓ Best model saved (Val Dice: 0.8996)
Epoch 20/50 (22.0s)
  Train - Loss: 0.0275, Dice: 0.9081, Acc: 0.9901
  Val   - Loss: 0.0348, Dice: 0.9024, Acc: 0.9891
  ✓ Best model saved (Val Dice: 0.9024)
Epoch 21/50 (21.9s)
  Train - Loss: 0.0269, Dice: 0.9094, Acc: 0.9902
  Val   - Loss: 0.0375, Dice: 0.8884, Acc: 0.9881
Epoch 22/50 (22.0s)
  Train - Loss: 0.0263, Dice: 0.9112, Acc: 0.9904
  Val   - Loss: 0.0442, Dice: 0.8841, Acc: 0.9870
Epoch 23/50 (22.2s)
  Train - Loss: 0.0258, Dice: 0.9122, Acc: 0.9905
  Val   - Loss: 0.0364, Dice: 0.8983, Acc: 0.9890
Epoch 24/50 (22.2s)
  Train - Loss: 0.0253, Dice: 0.9137, Acc: 0.9907
  Val   - Loss: 0.0412, Dice: 0.8870, Acc: 0.9881
Epoch 25/50 (21.9s)
  Train - Loss: 0.0247, Dice: 0.9152, Acc: 0.9908
  Val   - Loss: 0.0362, Dice: 0.8977, Acc: 0.9890
Epoch 26/50 (22.0s)
  Train - Loss: 0.0241, Dice: 0.9172, Acc: 0.9910
  Val   - Loss: 0.0382, Dice: 0.8883, Acc: 0.9880
Epoch 27/50 (21.9s)
  Train - Loss: 0.0236, Dice: 0.9187, Acc: 0.9912
  Val   - Loss: 0.0346, Dice: 0.9035, Acc: 0.9894
  ✓ Best model saved (Val Dice: 0.9035)
Epoch 28/50 (21.9s)
  Train - Loss: 0.0230, Dice: 0.9203, Acc: 0.9914
  Val   - Loss: 0.0358, Dice: 0.9016, Acc: 0.9892
Epoch 29/50 (23.7s)
  Train - Loss: 0.0224, Dice: 0.9224, Acc: 0.9916
  Val   - Loss: 0.0364, Dice: 0.9003, Acc: 0.9892
Epoch 30/50 (21.8s)
  Train - Loss: 0.0218, Dice: 0.9237, Acc: 0.9917
  Val   - Loss: 0.0386, Dice: 0.9000, Acc: 0.9891
Epoch 31/50 (22.4s)
  Train - Loss: 0.0214, Dice: 0.9254, Acc: 0.9919
  Val   - Loss: 0.0388, Dice: 0.8918, Acc: 0.9885
Epoch 32/50 (21.9s)
  Train - Loss: 0.0209, Dice: 0.9268, Acc: 0.9920
  Val   - Loss: 0.0377, Dice: 0.8987, Acc: 0.9890
Epoch 33/50 (22.0s)
  Train - Loss: 0.0205, Dice: 0.9274, Acc: 0.9921
  Val   - Loss: 0.0398, Dice: 0.8990, Acc: 0.9890
Epoch 34/50 (21.8s)
  Train - Loss: 0.0200, Dice: 0.9289, Acc: 0.9922
  Val   - Loss: 0.0377, Dice: 0.9017, Acc: 0.9892
Epoch 35/50 (21.9s)
  Train - Loss: 0.0196, Dice: 0.9310, Acc: 0.9925
  Val   - Loss: 0.0443, Dice: 0.8926, Acc: 0.9885
Epoch 36/50 (21.7s)
  Train - Loss: 0.0191, Dice: 0.9317, Acc: 0.9925
  Val   - Loss: 0.0384, Dice: 0.9012, Acc: 0.9892
Epoch 37/50 (22.0s)
  Train - Loss: 0.0188, Dice: 0.9328, Acc: 0.9926
  Val   - Loss: 0.0400, Dice: 0.8997, Acc: 0.9890
Epoch 38/50 (21.8s)
  Train - Loss: 0.0184, Dice: 0.9343, Acc: 0.9928
  Val   - Loss: 0.0401, Dice: 0.8989, Acc: 0.9889
Epoch 39/50 (21.9s)
  Train - Loss: 0.0180, Dice: 0.9349, Acc: 0.9929
  Val   - Loss: 0.0423, Dice: 0.8980, Acc: 0.9890
Epoch 40/50 (21.9s)
  Train - Loss: 0.0177, Dice: 0.9367, Acc: 0.9931
  Val   - Loss: 0.0410, Dice: 0.8977, Acc: 0.9889
Epoch 41/50 (21.9s)
  Train - Loss: 0.0174, Dice: 0.9371, Acc: 0.9931
  Val   - Loss: 0.0405, Dice: 0.9014, Acc: 0.9892
Epoch 42/50 (21.8s)
  Train - Loss: 0.0172, Dice: 0.9384, Acc: 0.9932
  Val   - Loss: 0.0418, Dice: 0.9011, Acc: 0.9891
Epoch 43/50 (21.9s)
  Train - Loss: 0.0169, Dice: 0.9393, Acc: 0.9933
  Val   - Loss: 0.0425, Dice: 0.8981, Acc: 0.9889
Epoch 44/50 (22.0s)
  Train - Loss: 0.0168, Dice: 0.9392, Acc: 0.9933
  Val   - Loss: 0.0422, Dice: 0.8989, Acc: 0.9890
Epoch 45/50 (21.9s)
  Train - Loss: 0.0166, Dice: 0.9401, Acc: 0.9934
  Val   - Loss: 0.0427, Dice: 0.8981, Acc: 0.9889
Epoch 46/50 (21.7s)
  Train - Loss: 0.0166, Dice: 0.9405, Acc: 0.9935
  Val   - Loss: 0.0430, Dice: 0.8999, Acc: 0.9890
Epoch 47/50 (22.1s)
  Train - Loss: 0.0163, Dice: 0.9410, Acc: 0.9935
  Val   - Loss: 0.0433, Dice: 0.8963, Acc: 0.9888
Epoch 48/50 (21.8s)
  Train - Loss: 0.0163, Dice: 0.9416, Acc: 0.9936
  Val   - Loss: 0.0422, Dice: 0.8999, Acc: 0.9890
Epoch 49/50 (21.7s)
  Train - Loss: 0.0163, Dice: 0.9413, Acc: 0.9935
  Val   - Loss: 0.0423, Dice: 0.8994, Acc: 0.9890
Epoch 50/50 (21.8s)
  Train - Loss: 0.0162, Dice: 0.9411, Acc: 0.9935
  Val   - Loss: 0.0436, Dice: 0.8974, Acc: 0.9888
================================================================================
Training complete! Total time: 18.5 minutes
Best validation Dice: 0.9035

Evaluating on test set...
Test Results:
  Dice:        0.9047
  Accuracy:    0.9898
  Sensitivity: 0.8718
  Specificity: 0.9967
  Precision:   0.9401

✅ Results saved to checkpoints/binary_v3/fold_4/results.json
================================================================================

✅ Fold training complete!
