/mnt/bigdata/capstone/.env/lib/python3.12/site-packages/torch_geometric/typing.py:68: UserWarning: An issue occurred while importing 'pyg-lib'. Disabling its usage. Stacktrace: /mnt/bigdata/capstone/.env/lib/python3.12/site-packages/libpyg.so: undefined symbol: _ZN2at4_ops11multinomial4callERKNS_6TensorElbSt8optionalINS_9GeneratorEE
  warnings.warn(f"An issue occurred while importing 'pyg-lib'. "
/mnt/bigdata/capstone/.env/lib/python3.12/site-packages/torch_geometric/typing.py:124: UserWarning: An issue occurred while importing 'torch-sparse'. Disabling its usage. Stacktrace: /mnt/bigdata/capstone/.env/lib/python3.12/site-packages/libpyg.so: undefined symbol: _ZN2at4_ops11multinomial4callERKNS_6TensorElbSt8optionalINS_9GeneratorEE
  warnings.warn(f"An issue occurred while importing 'torch-sparse'. "
================================================================================
TRAINING FOLD 1
================================================================================
📁 Using paths from config:
   Fold dir: /mnt/bigdata/capstone/brats_gnn_segmentation/data/cv_folds_v2
   Output dir: checkpoints/binary_v3
Using device: cuda

Loading fold data...
Creating datasets...
📊 Dataset initialized: 61603 graphs from 720 patients
📊 Dataset initialized: 6744 graphs from 80 patients
📊 Dataset initialized: 16962 graphs from 200 patients

Dataset sizes:
  Train: 61603 graphs
  Val:   6744 graphs
  Test:  16962 graphs
W0306 01:46:19.647000 207162 torch/_inductor/utils.py:1436] [0/0] Not enough SMs to use max_autotune_gemm mode
  Input features: 15

Initializing model...
  Total parameters: 439,041
  torch.compile() enabled (default mode)

Starting training for 50 epochs...
================================================================================
Epoch 1/50 (28.1s)
  Train - Loss: 0.1979, Dice: 0.4083, Acc: 0.9549
  Val   - Loss: 0.0656, Dice: 0.7632, Acc: 0.9783
  ✓ Best model saved (Val Dice: 0.7632)
Epoch 2/50 (20.5s)
  Train - Loss: 0.0614, Dice: 0.8048, Acc: 0.9799
  Val   - Loss: 0.0414, Dice: 0.8612, Acc: 0.9859
  ✓ Best model saved (Val Dice: 0.8612)
Epoch 3/50 (20.4s)
  Train - Loss: 0.0487, Dice: 0.8494, Acc: 0.9841
  Val   - Loss: 0.0441, Dice: 0.8532, Acc: 0.9852
Epoch 4/50 (20.4s)
  Train - Loss: 0.0430, Dice: 0.8667, Acc: 0.9858
  Val   - Loss: 0.0480, Dice: 0.8201, Acc: 0.9829
Epoch 5/50 (20.6s)
  Train - Loss: 0.0410, Dice: 0.8720, Acc: 0.9864
  Val   - Loss: 0.0426, Dice: 0.8432, Acc: 0.9850
Epoch 6/50 (21.2s)
  Train - Loss: 0.0392, Dice: 0.8770, Acc: 0.9869
  Val   - Loss: 0.0490, Dice: 0.8389, Acc: 0.9847
Epoch 7/50 (20.1s)
  Train - Loss: 0.0375, Dice: 0.8817, Acc: 0.9874
  Val   - Loss: 0.0362, Dice: 0.8811, Acc: 0.9880
  ✓ Best model saved (Val Dice: 0.8811)
Epoch 8/50 (20.5s)
  Train - Loss: 0.0365, Dice: 0.8853, Acc: 0.9877
  Val   - Loss: 0.0437, Dice: 0.8445, Acc: 0.9852
Epoch 9/50 (20.0s)
  Train - Loss: 0.0355, Dice: 0.8870, Acc: 0.9879
  Val   - Loss: 0.0367, Dice: 0.8890, Acc: 0.9883
  ✓ Best model saved (Val Dice: 0.8890)
Epoch 10/50 (20.4s)
  Train - Loss: 0.0347, Dice: 0.8899, Acc: 0.9882
  Val   - Loss: 0.0370, Dice: 0.8872, Acc: 0.9880
Epoch 11/50 (20.7s)
  Train - Loss: 0.0336, Dice: 0.8921, Acc: 0.9884
  Val   - Loss: 0.0380, Dice: 0.8771, Acc: 0.9876
Epoch 12/50 (20.5s)
  Train - Loss: 0.0329, Dice: 0.8935, Acc: 0.9886
  Val   - Loss: 0.0348, Dice: 0.8851, Acc: 0.9884
Epoch 13/50 (20.8s)
  Train - Loss: 0.0320, Dice: 0.8965, Acc: 0.9889
  Val   - Loss: 0.0337, Dice: 0.8915, Acc: 0.9890
  ✓ Best model saved (Val Dice: 0.8915)
Epoch 14/50 (20.5s)
  Train - Loss: 0.0313, Dice: 0.8986, Acc: 0.9891
  Val   - Loss: 0.0364, Dice: 0.8845, Acc: 0.9884
Epoch 15/50 (20.7s)
  Train - Loss: 0.0305, Dice: 0.9001, Acc: 0.9892
  Val   - Loss: 0.0345, Dice: 0.8925, Acc: 0.9887
  ✓ Best model saved (Val Dice: 0.8925)
Epoch 16/50 (21.3s)
  Train - Loss: 0.0297, Dice: 0.9028, Acc: 0.9895
  Val   - Loss: 0.0359, Dice: 0.8908, Acc: 0.9887
Epoch 17/50 (21.0s)
  Train - Loss: 0.0292, Dice: 0.9044, Acc: 0.9897
  Val   - Loss: 0.0332, Dice: 0.8954, Acc: 0.9886
  ✓ Best model saved (Val Dice: 0.8954)
Epoch 18/50 (20.7s)
  Train - Loss: 0.0285, Dice: 0.9064, Acc: 0.9899
  Val   - Loss: 0.0426, Dice: 0.8679, Acc: 0.9871
Epoch 19/50 (21.0s)
  Train - Loss: 0.0279, Dice: 0.9078, Acc: 0.9900
  Val   - Loss: 0.0330, Dice: 0.8911, Acc: 0.9889
Epoch 20/50 (20.7s)
  Train - Loss: 0.0272, Dice: 0.9094, Acc: 0.9902
  Val   - Loss: 0.0453, Dice: 0.8589, Acc: 0.9864
Epoch 21/50 (20.0s)
  Train - Loss: 0.0268, Dice: 0.9100, Acc: 0.9902
  Val   - Loss: 0.0348, Dice: 0.8924, Acc: 0.9890
Epoch 22/50 (19.9s)
  Train - Loss: 0.0261, Dice: 0.9121, Acc: 0.9904
  Val   - Loss: 0.0351, Dice: 0.8912, Acc: 0.9889
Epoch 23/50 (20.0s)
  Train - Loss: 0.0254, Dice: 0.9142, Acc: 0.9907
  Val   - Loss: 0.0357, Dice: 0.8892, Acc: 0.9887
Epoch 24/50 (19.9s)
  Train - Loss: 0.0248, Dice: 0.9157, Acc: 0.9908
  Val   - Loss: 0.0379, Dice: 0.8856, Acc: 0.9884
Epoch 25/50 (20.2s)
  Train - Loss: 0.0243, Dice: 0.9170, Acc: 0.9910
  Val   - Loss: 0.0378, Dice: 0.8794, Acc: 0.9879
Epoch 26/50 (20.2s)
  Train - Loss: 0.0239, Dice: 0.9183, Acc: 0.9911
  Val   - Loss: 0.0389, Dice: 0.8782, Acc: 0.9878
Epoch 27/50 (20.2s)
  Train - Loss: 0.0232, Dice: 0.9201, Acc: 0.9913
  Val   - Loss: 0.0357, Dice: 0.8958, Acc: 0.9893
  ✓ Best model saved (Val Dice: 0.8958)
Epoch 28/50 (20.4s)
  Train - Loss: 0.0227, Dice: 0.9213, Acc: 0.9914
  Val   - Loss: 0.0344, Dice: 0.8962, Acc: 0.9891
  ✓ Best model saved (Val Dice: 0.8962)
Epoch 29/50 (22.2s)
  Train - Loss: 0.0224, Dice: 0.9218, Acc: 0.9915
  Val   - Loss: 0.0354, Dice: 0.8949, Acc: 0.9888
Epoch 30/50 (20.2s)
  Train - Loss: 0.0217, Dice: 0.9242, Acc: 0.9917
  Val   - Loss: 0.0344, Dice: 0.8974, Acc: 0.9891
  ✓ Best model saved (Val Dice: 0.8974)
Epoch 31/50 (20.0s)
  Train - Loss: 0.0212, Dice: 0.9260, Acc: 0.9919
  Val   - Loss: 0.0373, Dice: 0.8867, Acc: 0.9885
Epoch 32/50 (19.9s)
  Train - Loss: 0.0208, Dice: 0.9273, Acc: 0.9920
  Val   - Loss: 0.0382, Dice: 0.8890, Acc: 0.9886
Epoch 33/50 (20.3s)
  Train - Loss: 0.0201, Dice: 0.9294, Acc: 0.9923
  Val   - Loss: 0.0377, Dice: 0.8889, Acc: 0.9886
Epoch 34/50 (20.5s)
  Train - Loss: 0.0198, Dice: 0.9302, Acc: 0.9923
  Val   - Loss: 0.0377, Dice: 0.8908, Acc: 0.9885
Epoch 35/50 (20.2s)
  Train - Loss: 0.0194, Dice: 0.9319, Acc: 0.9925
  Val   - Loss: 0.0388, Dice: 0.8915, Acc: 0.9890
Epoch 36/50 (20.3s)
  Train - Loss: 0.0189, Dice: 0.9326, Acc: 0.9926
  Val   - Loss: 0.0394, Dice: 0.8905, Acc: 0.9889
Epoch 37/50 (20.5s)
  Train - Loss: 0.0185, Dice: 0.9343, Acc: 0.9928
  Val   - Loss: 0.0373, Dice: 0.8918, Acc: 0.9887
Epoch 38/50 (20.2s)
  Train - Loss: 0.0181, Dice: 0.9355, Acc: 0.9929
  Val   - Loss: 0.0398, Dice: 0.8913, Acc: 0.9888
Epoch 39/50 (20.3s)
  Train - Loss: 0.0178, Dice: 0.9362, Acc: 0.9930
  Val   - Loss: 0.0383, Dice: 0.8952, Acc: 0.9891
Epoch 40/50 (20.2s)
  Train - Loss: 0.0174, Dice: 0.9380, Acc: 0.9932
  Val   - Loss: 0.0392, Dice: 0.8933, Acc: 0.9889
Epoch 41/50 (20.0s)
  Train - Loss: 0.0171, Dice: 0.9388, Acc: 0.9933
  Val   - Loss: 0.0390, Dice: 0.8956, Acc: 0.9892
Epoch 42/50 (20.2s)
  Train - Loss: 0.0170, Dice: 0.9390, Acc: 0.9933
  Val   - Loss: 0.0397, Dice: 0.8932, Acc: 0.9889
Epoch 43/50 (20.4s)
  Train - Loss: 0.0167, Dice: 0.9399, Acc: 0.9934
  Val   - Loss: 0.0392, Dice: 0.8947, Acc: 0.9890
Epoch 44/50 (20.3s)
  Train - Loss: 0.0166, Dice: 0.9405, Acc: 0.9934
  Val   - Loss: 0.0397, Dice: 0.8956, Acc: 0.9891
Epoch 45/50 (20.0s)
  Train - Loss: 0.0164, Dice: 0.9412, Acc: 0.9935
  Val   - Loss: 0.0404, Dice: 0.8930, Acc: 0.9889
Epoch 46/50 (20.3s)
  Train - Loss: 0.0162, Dice: 0.9418, Acc: 0.9936
  Val   - Loss: 0.0404, Dice: 0.8928, Acc: 0.9889
Epoch 47/50 (20.2s)
  Train - Loss: 0.0161, Dice: 0.9422, Acc: 0.9936
  Val   - Loss: 0.0399, Dice: 0.8941, Acc: 0.9890
Epoch 48/50 (20.4s)
  Train - Loss: 0.0160, Dice: 0.9429, Acc: 0.9937
  Val   - Loss: 0.0406, Dice: 0.8929, Acc: 0.9889
Epoch 49/50 (20.2s)
  Train - Loss: 0.0160, Dice: 0.9426, Acc: 0.9937
  Val   - Loss: 0.0402, Dice: 0.8939, Acc: 0.9890
Epoch 50/50 (20.4s)
  Train - Loss: 0.0160, Dice: 0.9427, Acc: 0.9937
  Val   - Loss: 0.0405, Dice: 0.8930, Acc: 0.9889
================================================================================
Training complete! Total time: 17.1 minutes
Best validation Dice: 0.8974

Evaluating on test set...
Test Results:
  Dice:        0.9048
  Accuracy:    0.9898
  Sensitivity: 0.8679
  Specificity: 0.9970
  Precision:   0.9450

✅ Results saved to checkpoints/binary_v3/fold_1/results.json
================================================================================

✅ Fold training complete!
