This is pdfTeX, Version 3.141592653-2.6-1.40.25 (TeX Live 2023/Debian) (preloaded format=pdflatex 2025.11.24)  14 MAR 2026 06:03
entering extended mode
 restricted \write18 enabled.
 %&-line parsing enabled.
**main.tex
(./main.tex
LaTeX2e <2023-11-01> patch level 1
L3 programming layer <2024-01-22>
(/usr/share/texlive/texmf-dist/tex/latex/base/article.cls
Document Class: article 2023/05/17 v1.4n Standard LaTeX document class
(/usr/share/texlive/texmf-dist/tex/latex/base/size10.clo
File: size10.clo 2023/05/17 v1.4n Standard LaTeX file (size option)
)
\c@part=\count187
\c@section=\count188
\c@subsection=\count189
\c@subsubsection=\count190
\c@paragraph=\count191
\c@subparagraph=\count192
\c@figure=\count193
\c@table=\count194
\abovecaptionskip=\skip48
\belowcaptionskip=\skip49
\bibindent=\dimen140
)
(/usr/share/texlive/texmf-dist/tex/latex/base/inputenc.sty
Package: inputenc 2021/02/14 v1.3d Input encoding file
\inpenc@prehook=\toks17
\inpenc@posthook=\toks18
)
(/usr/share/texlive/texmf-dist/tex/latex/setspace/setspace.sty
Package: setspace 2022/12/04 v6.7b set line spacing
)
(/usr/share/texlive/texmf-dist/tex/latex/amsmath/amsmath.sty
Package: amsmath 2023/05/13 v2.17o AMS math features
\@mathmargin=\skip50

For additional information on amsmath, use the `?' option.
(/usr/share/texlive/texmf-dist/tex/latex/amsmath/amstext.sty
Package: amstext 2021/08/26 v2.01 AMS text

(/usr/share/texlive/texmf-dist/tex/latex/amsmath/amsgen.sty
File: amsgen.sty 1999/11/30 v2.0 generic functions
\@emptytoks=\toks19
\ex@=\dimen141
))
(/usr/share/texlive/texmf-dist/tex/latex/amsmath/amsbsy.sty
Package: amsbsy 1999/11/29 v1.2d Bold Symbols
\pmbraise@=\dimen142
)
(/usr/share/texlive/texmf-dist/tex/latex/amsmath/amsopn.sty
Package: amsopn 2022/04/08 v2.04 operator names
)
\inf@bad=\count195
LaTeX Info: Redefining \frac on input line 234.
\uproot@=\count196
\leftroot@=\count197
LaTeX Info: Redefining \overline on input line 399.
LaTeX Info: Redefining \colon on input line 410.
\classnum@=\count198
\DOTSCASE@=\count199
LaTeX Info: Redefining \ldots on input line 496.
LaTeX Info: Redefining \dots on input line 499.
LaTeX Info: Redefining \cdots on input line 620.
\Mathstrutbox@=\box51
\strutbox@=\box52
LaTeX Info: Redefining \big on input line 722.
LaTeX Info: Redefining \Big on input line 723.
LaTeX Info: Redefining \bigg on input line 724.
LaTeX Info: Redefining \Bigg on input line 725.
\big@size=\dimen143
LaTeX Font Info:    Redeclaring font encoding OML on input line 743.
LaTeX Font Info:    Redeclaring font encoding OMS on input line 744.
\macc@depth=\count266
LaTeX Info: Redefining \bmod on input line 905.
LaTeX Info: Redefining \pmod on input line 910.
LaTeX Info: Redefining \smash on input line 940.
LaTeX Info: Redefining \relbar on input line 970.
LaTeX Info: Redefining \Relbar on input line 971.
\c@MaxMatrixCols=\count267
\dotsspace@=\muskip16
\c@parentequation=\count268
\dspbrk@lvl=\count269
\tag@help=\toks20
\row@=\count270
\column@=\count271
\maxfields@=\count272
\andhelp@=\toks21
\eqnshift@=\dimen144
\alignsep@=\dimen145
\tagshift@=\dimen146
\tagwidth@=\dimen147
\totwidth@=\dimen148
\lineht@=\dimen149
\@envbody=\toks22
\multlinegap=\skip51
\multlinetaggap=\skip52
\mathdisplay@stack=\toks23
LaTeX Info: Redefining \[ on input line 2953.
LaTeX Info: Redefining \] on input line 2954.
)
(/usr/share/texlive/texmf-dist/tex/latex/amsfonts/amssymb.sty
Package: amssymb 2013/01/14 v3.01 AMS font symbols

(/usr/share/texlive/texmf-dist/tex/latex/amsfonts/amsfonts.sty
Package: amsfonts 2013/01/14 v3.01 Basic AMSFonts support
\symAMSa=\mathgroup4
\symAMSb=\mathgroup5
LaTeX Font Info:    Redeclaring math symbol \hbar on input line 98.
LaTeX Font Info:    Overwriting math alphabet `\mathfrak' in version `bold'
(Font)                  U/euf/m/n --> U/euf/b/n on input line 106.
))
(/usr/share/texlive/texmf-dist/tex/latex/acronym/acronym.sty
Package: acronym 2020/04/17 v1.47 Support for acronyms (Tobias Oetiker)

(/usr/share/texlive/texmf-dist/tex/latex/bigfoot/suffix.sty
Package: suffix 2006/07/15 1.5a Variant command support
)
(/usr/share/texlive/texmf-dist/tex/generic/xstring/xstring.sty
(/usr/share/texlive/texmf-dist/tex/generic/xstring/xstring.tex
\xs_counta=\count273
\xs_countb=\count274
)
Package: xstring 2023/08/22 v1.86 String manipulations (CT)
)
\AC@clearlist=\toks24
)
(/usr/share/texlive/texmf-dist/tex/latex/tools/tabularx.sty
Package: tabularx 2023/07/08 v2.11c `tabularx' package (DPC)

(/usr/share/texlive/texmf-dist/tex/latex/tools/array.sty
Package: array 2023/10/16 v2.5g Tabular extension package (FMi)
\col@sep=\dimen150
\ar@mcellbox=\box53
\extrarowheight=\dimen151
\NC@list=\toks25
\extratabsurround=\skip53
\backup@length=\skip54
\ar@cellbox=\box54
)
\TX@col@width=\dimen152
\TX@old@table=\dimen153
\TX@old@col=\dimen154
\TX@target=\dimen155
\TX@delta=\dimen156
\TX@cols=\count275
\TX@ftn=\toks26
)
(/usr/share/texlive/texmf-dist/tex/latex/xcolor/xcolor.sty
Package: xcolor 2023/11/15 v3.01 LaTeX color extensions (UK)

(/usr/share/texlive/texmf-dist/tex/latex/graphics-cfg/color.cfg
File: color.cfg 2016/01/02 v1.6 sample color configuration
)
Package xcolor Info: Driver file: pdftex.def on input line 274.

(/usr/share/texlive/texmf-dist/tex/latex/graphics-def/pdftex.def
File: pdftex.def 2022/09/22 v1.2b Graphics/color driver for pdftex
)
(/usr/share/texlive/texmf-dist/tex/latex/graphics/mathcolor.ltx)
Package xcolor Info: Model `cmy' substituted by `cmy0' on input line 1350.
Package xcolor Info: Model `hsb' substituted by `rgb' on input line 1354.
Package xcolor Info: Model `RGB' extended on input line 1366.
Package xcolor Info: Model `HTML' substituted by `rgb' on input line 1368.
Package xcolor Info: Model `Hsb' substituted by `hsb' on input line 1369.
Package xcolor Info: Model `tHsb' substituted by `hsb' on input line 1370.
Package xcolor Info: Model `HSB' substituted by `hsb' on input line 1371.
Package xcolor Info: Model `Gray' substituted by `gray' on input line 1372.
Package xcolor Info: Model `wave' substituted by `hsb' on input line 1373.
)
(/usr/share/texlive/texmf-dist/tex/latex/colortbl/colortbl.sty
Package: colortbl 2022/06/20 v1.0f Color table columns (DPC)
\everycr=\toks27
\minrowclearance=\skip55
\rownum=\count276
)
(/usr/share/texlive/texmf-dist/tex/latex/graphics/graphicx.sty
Package: graphicx 2021/09/16 v1.2d Enhanced LaTeX Graphics (DPC,SPQR)

(/usr/share/texlive/texmf-dist/tex/latex/graphics/keyval.sty
Package: keyval 2022/05/29 v1.15 key=value parser (DPC)
\KV@toks@=\toks28
)
(/usr/share/texlive/texmf-dist/tex/latex/graphics/graphics.sty
Package: graphics 2022/03/10 v1.4e Standard LaTeX Graphics (DPC,SPQR)

(/usr/share/texlive/texmf-dist/tex/latex/graphics/trig.sty
Package: trig 2021/08/11 v1.11 sin cos tan (DPC)
)
(/usr/share/texlive/texmf-dist/tex/latex/graphics-cfg/graphics.cfg
File: graphics.cfg 2016/06/04 v1.11 sample graphics configuration
)
Package graphics Info: Driver file: pdftex.def on input line 107.
)
\Gin@req@height=\dimen157
\Gin@req@width=\dimen158
)
(/usr/share/texlive/texmf-dist/tex/latex/sectsty/sectsty.sty
Package: sectsty 2002/02/25 v2.0.2 Commands to change all sectional heading sty
les


LaTeX Warning: Command \underbar  has changed.
               Check if current package is valid.


LaTeX Warning: Command \underline  has changed.
               Check if current package is valid.

) (/usr/share/texlive/texmf-dist/tex/latex/algorithm2e/algorithm2e.sty
Package: algorithm2e 2017/07/18 v5.2 algorithms environments
\c@AlgoLine=\count277

(/usr/share/texlive/texmf-dist/tex/latex/base/ifthen.sty
Package: ifthen 2022/04/13 v1.1d Standard LaTeX ifthen package (DPC)
)
\algocf@hangindent=\skip56

(/usr/share/texlive/texmf-dist/tex/latex/ifoddpage/ifoddpage.sty
Package: ifoddpage 2022/10/18 v1.2 Conditionals for odd/even page detection
\c@checkoddpage=\count278
)
(/usr/share/texlive/texmf-dist/tex/latex/tools/xspace.sty
Package: xspace 2014/10/28 v1.13 Space after command names (DPC,MH)
)
(/usr/share/texlive/texmf-dist/tex/latex/relsize/relsize.sty
Package: relsize 2013/03/29 ver 4.1
)
\skiptotal=\skip57
\skiplinenumber=\skip58
\skiprule=\skip59
\skiphlne=\skip60
\skiptext=\skip61
\skiplength=\skip62
\algomargin=\skip63
\skipalgocfslide=\skip64
\algowidth=\dimen159
\inoutsize=\dimen160
\inoutindent=\dimen161
\interspacetitleruled=\dimen162
\interspacealgoruled=\dimen163
\interspacetitleboxruled=\dimen164
\algocf@ruledwidth=\skip65
\algocf@inoutbox=\box55
\algocf@inputbox=\box56
\AlCapSkip=\skip66
\AlCapHSkip=\skip67
\algoskipindent=\skip68
\algocf@nlbox=\box57
\algocf@hangingbox=\box58
\algocf@untilbox=\box59
\algocf@skipuntil=\skip69
\algocf@capbox=\box60
\algocf@lcaptionbox=\skip70
\algoheightruledefault=\skip71
\algoheightrule=\skip72
\algotitleheightruledefault=\skip73
\algotitleheightrule=\skip74
\c@algocfline=\count279
\c@algocfproc=\count280
\c@algocf=\count281
\algocf@algoframe=\box61
\algocf@algobox=\box62
)
(/usr/share/texlive/texmf-dist/tex/latex/natbib/natbib.sty
Package: natbib 2010/09/13 8.31b (PWD, AO)
\bibhang=\skip75
\bibsep=\skip76
LaTeX Info: Redefining \cite on input line 694.
\c@NAT@ctr=\count282
)
(/usr/share/texlive/texmf-dist/tex/latex/hyperref/hyperref.sty
Package: hyperref 2024-01-20 v7.01h Hypertext links for LaTeX

(/usr/share/texlive/texmf-dist/tex/generic/iftex/iftex.sty
Package: iftex 2022/02/03 v1.0f TeX engine tests
)
(/usr/share/texlive/texmf-dist/tex/latex/kvsetkeys/kvsetkeys.sty
Package: kvsetkeys 2022-10-05 v1.19 Key value parser (HO)
)
(/usr/share/texlive/texmf-dist/tex/generic/kvdefinekeys/kvdefinekeys.sty
Package: kvdefinekeys 2019-12-19 v1.6 Define keys (HO)
)
(/usr/share/texlive/texmf-dist/tex/generic/pdfescape/pdfescape.sty
Package: pdfescape 2019/12/09 v1.15 Implements pdfTeX's escape features (HO)

(/usr/share/texlive/texmf-dist/tex/generic/ltxcmds/ltxcmds.sty
Package: ltxcmds 2023-12-04 v1.26 LaTeX kernel commands for general use (HO)
)
(/usr/share/texlive/texmf-dist/tex/generic/pdftexcmds/pdftexcmds.sty
Package: pdftexcmds 2020-06-27 v0.33 Utility functions of pdfTeX for LuaTeX (HO
)

(/usr/share/texlive/texmf-dist/tex/generic/infwarerr/infwarerr.sty
Package: infwarerr 2019/12/03 v1.5 Providing info/warning/error messages (HO)
)
Package pdftexcmds Info: \pdf@primitive is available.
Package pdftexcmds Info: \pdf@ifprimitive is available.
Package pdftexcmds Info: \pdfdraftmode found.
))
(/usr/share/texlive/texmf-dist/tex/latex/hycolor/hycolor.sty
Package: hycolor 2020-01-27 v1.10 Color options for hyperref/bookmark (HO)
)
(/usr/share/texlive/texmf-dist/tex/latex/auxhook/auxhook.sty
Package: auxhook 2019-12-17 v1.6 Hooks for auxiliary files (HO)
)
(/usr/share/texlive/texmf-dist/tex/latex/hyperref/nameref.sty
Package: nameref 2023-11-26 v2.56 Cross-referencing by name of section

(/usr/share/texlive/texmf-dist/tex/latex/refcount/refcount.sty
Package: refcount 2019/12/15 v3.6 Data extraction from label references (HO)
)
(/usr/share/texlive/texmf-dist/tex/generic/gettitlestring/gettitlestring.sty
Package: gettitlestring 2019/12/15 v1.6 Cleanup title references (HO)

(/usr/share/texlive/texmf-dist/tex/latex/kvoptions/kvoptions.sty
Package: kvoptions 2022-06-15 v3.15 Key value format for package options (HO)
))
\c@section@level=\count283
)
(/usr/share/texlive/texmf-dist/tex/latex/etoolbox/etoolbox.sty
Package: etoolbox 2020/10/05 v2.5k e-TeX tools for LaTeX (JAW)
\etb@tempcnta=\count284
)
\@linkdim=\dimen165
\Hy@linkcounter=\count285
\Hy@pagecounter=\count286

(/usr/share/texlive/texmf-dist/tex/latex/hyperref/pd1enc.def
File: pd1enc.def 2024-01-20 v7.01h Hyperref: PDFDocEncoding definition (HO)
Now handling font encoding PD1 ...
... no UTF-8 mapping file for font encoding PD1
)
(/usr/share/texlive/texmf-dist/tex/generic/intcalc/intcalc.sty
Package: intcalc 2019/12/15 v1.3 Expandable calculations with integers (HO)
)
\Hy@SavedSpaceFactor=\count287

(/usr/share/texlive/texmf-dist/tex/latex/hyperref/puenc.def
File: puenc.def 2024-01-20 v7.01h Hyperref: PDF Unicode definition (HO)
Now handling font encoding PU ...
... no UTF-8 mapping file for font encoding PU
)
Package hyperref Info: Hyper figures OFF on input line 4179.
Package hyperref Info: Link nesting OFF on input line 4184.
Package hyperref Info: Hyper index ON on input line 4187.
Package hyperref Info: Plain pages OFF on input line 4194.
Package hyperref Info: Backreferencing OFF on input line 4199.
Package hyperref Info: Implicit mode ON; LaTeX internals redefined.
Package hyperref Info: Bookmarks ON on input line 4446.
\c@Hy@tempcnt=\count288

(/usr/share/texlive/texmf-dist/tex/latex/url/url.sty
\Urlmuskip=\muskip17
Package: url 2013/09/16  ver 3.4  Verb mode for urls, etc.
)
LaTeX Info: Redefining \url on input line 4784.
\XeTeXLinkMargin=\dimen166

(/usr/share/texlive/texmf-dist/tex/generic/bitset/bitset.sty
Package: bitset 2019/12/09 v1.3 Handle bit-vector datatype (HO)

(/usr/share/texlive/texmf-dist/tex/generic/bigintcalc/bigintcalc.sty
Package: bigintcalc 2019/12/15 v1.5 Expandable calculations on big integers (HO
)
))
\Fld@menulength=\count289
\Field@Width=\dimen167
\Fld@charsize=\dimen168
Package hyperref Info: Hyper figures OFF on input line 6063.
Package hyperref Info: Link nesting OFF on input line 6068.
Package hyperref Info: Hyper index ON on input line 6071.
Package hyperref Info: backreferencing OFF on input line 6078.
Package hyperref Info: Link coloring OFF on input line 6083.
Package hyperref Info: Link coloring with OCG OFF on input line 6088.
Package hyperref Info: PDF/A mode OFF on input line 6093.

(/usr/share/texlive/texmf-dist/tex/latex/base/atbegshi-ltx.sty
Package: atbegshi-ltx 2021/01/10 v1.0c Emulation of the original atbegshi
package with kernel methods
)
\Hy@abspage=\count290
\c@Item=\count291
\c@Hfootnote=\count292
)
Package hyperref Info: Driver (autodetected): hpdftex.

(/usr/share/texlive/texmf-dist/tex/latex/hyperref/hpdftex.def
File: hpdftex.def 2024-01-20 v7.01h Hyperref driver for pdfTeX

(/usr/share/texlive/texmf-dist/tex/latex/base/atveryend-ltx.sty
Package: atveryend-ltx 2020/08/19 v1.0a Emulation of the original atveryend pac
kage
with kernel methods
)
\Fld@listcount=\count293
\c@bookmark@seq@number=\count294

(/usr/share/texlive/texmf-dist/tex/latex/rerunfilecheck/rerunfilecheck.sty
Package: rerunfilecheck 2022-07-10 v1.10 Rerun checks for auxiliary files (HO)

(/usr/share/texlive/texmf-dist/tex/generic/uniquecounter/uniquecounter.sty
Package: uniquecounter 2019/12/15 v1.4 Provide unlimited unique counter (HO)
)
Package uniquecounter Info: New unique counter `rerunfilecheck' on input line 2
85.
)
\Hy@SectionHShift=\skip77
)
Package hyperref Info: Option `colorlinks' set `true' on input line 33.

(/usr/share/texlive/texmf-dist/tex/latex/geometry/geometry.sty
Package: geometry 2020/01/02 v5.9 Page Geometry

(/usr/share/texlive/texmf-dist/tex/generic/iftex/ifvtex.sty
Package: ifvtex 2019/10/25 v1.7 ifvtex legacy package. Use iftex instead.
)
\Gm@cnth=\count295
\Gm@cntv=\count296
\c@Gm@tempcnt=\count297
\Gm@bindingoffset=\dimen169
\Gm@wd@mp=\dimen170
\Gm@odd@mp=\dimen171
\Gm@even@mp=\dimen172
\Gm@layoutwidth=\dimen173
\Gm@layoutheight=\dimen174
\Gm@layouthoffset=\dimen175
\Gm@layoutvoffset=\dimen176
\Gm@dimlist=\toks29
)
(/usr/share/texlive/texmf-dist/tex/latex/l3backend/l3backend-pdftex.def
File: l3backend-pdftex.def 2024-01-04 L3 backend support: PDF output (pdfTeX)
\l__color_backend_stack_int=\count298
\l__pdf_internal_box=\box63
)
(./main.aux)
\openout1 = `main.aux'.

LaTeX Font Info:    Checking defaults for OML/cmm/m/it on input line 36.
LaTeX Font Info:    ... okay on input line 36.
LaTeX Font Info:    Checking defaults for OMS/cmsy/m/n on input line 36.
LaTeX Font Info:    ... okay on input line 36.
LaTeX Font Info:    Checking defaults for OT1/cmr/m/n on input line 36.
LaTeX Font Info:    ... okay on input line 36.
LaTeX Font Info:    Checking defaults for T1/cmr/m/n on input line 36.
LaTeX Font Info:    ... okay on input line 36.
LaTeX Font Info:    Checking defaults for TS1/cmr/m/n on input line 36.
LaTeX Font Info:    ... okay on input line 36.
LaTeX Font Info:    Checking defaults for OMX/cmex/m/n on input line 36.
LaTeX Font Info:    ... okay on input line 36.
LaTeX Font Info:    Checking defaults for U/cmr/m/n on input line 36.
LaTeX Font Info:    ... okay on input line 36.
LaTeX Font Info:    Checking defaults for PD1/pdf/m/n on input line 36.
LaTeX Font Info:    ... okay on input line 36.
LaTeX Font Info:    Checking defaults for PU/pdf/m/n on input line 36.
LaTeX Font Info:    ... okay on input line 36.
 (/usr/share/texlive/texmf-dist/tex/context/base/mkii/supp-pdf.mkii
[Loading MPS to PDF converter (version 2006.09.02).]
\scratchcounter=\count299
\scratchdimen=\dimen177
\scratchbox=\box64
\nofMPsegments=\count300
\nofMParguments=\count301
\everyMPshowfont=\toks30
\MPscratchCnt=\count302
\MPscratchDim=\dimen178
\MPnumerator=\count303
\makeMPintoPDFobject=\count304
\everyMPtoPDFconversion=\toks31
) (/usr/share/texlive/texmf-dist/tex/latex/epstopdf-pkg/epstopdf-base.sty
Package: epstopdf-base 2020-01-24 v2.11 Base part for package epstopdf
Package epstopdf-base Info: Redefining graphics rule for `.eps' on input line 4
85.

(/usr/share/texlive/texmf-dist/tex/latex/latexconfig/epstopdf-sys.cfg
File: epstopdf-sys.cfg 2010/07/13 v1.3 Configuration of (r)epstopdf for TeX Liv
e
))
Package hyperref Info: Link coloring ON on input line 36.

(./main.out) (./main.out)
\@outlinefile=\write3
\openout3 = `main.out'.


*geometry* driver: auto-detecting
*geometry* detected driver: pdftex
*geometry* verbose mode - [ preamble ] result:
* driver: pdftex
* paper: a4paper
* layout: <same size as paper>
* layoutoffset:(h,v)=(0.0pt,0.0pt)
* modes: 
* h-part:(L,W,R)=(85.35826pt, 426.79135pt, 85.35826pt)
* v-part:(T,H,B)=(85.35826pt, 688.5567pt, 71.13188pt)
* \paperwidth=597.50787pt
* \paperheight=845.04684pt
* \textwidth=426.79135pt
* \textheight=688.5567pt
* \oddsidemargin=13.08827pt
* \evensidemargin=13.08827pt
* \topmargin=-23.91173pt
* \headheight=12.0pt
* \headsep=25.0pt
* \topskip=10.0pt
* \footskip=30.0pt
* \marginparwidth=65.0pt
* \marginparsep=11.0pt
* \columnsep=10.0pt
* \skip\footins=9.0pt plus 4.0pt minus 2.0pt
* \hoffset=0.0pt
* \voffset=0.0pt
* \mag=1000
* \@twocolumnfalse
* \@twosidefalse
* \@mparswitchfalse
* \@reversemarginfalse
* (1in=72.27pt=25.4mm, 1cm=28.453pt)

LaTeX Font Info:    Trying to load font information for U+msa on input line 55.

(/usr/share/texlive/texmf-dist/tex/latex/amsfonts/umsa.fd
File: umsa.fd 2013/01/14 v3.01 AMS symbols A
)
LaTeX Font Info:    Trying to load font information for U+msb on input line 55.


(/usr/share/texlive/texmf-dist/tex/latex/amsfonts/umsb.fd
File: umsb.fd 2013/01/14 v3.01 AMS symbols B
)
<BUBT-Logo.png, id=345, 412.54124pt x 529.98pt>
File: BUBT-Logo.png Graphic file (type png)
<use BUBT-Logo.png>
Package pdftex.def Info: BUBT-Logo.png  used on input line 69.
(pdftex.def)             Requested size: 82.50677pt x 105.99411pt.
 [1

{/var/lib/texmf/fonts/map/pdftex/updmap/pdftex.map}{/usr/share/texmf/fonts/enc/
dvips/cm-super/cm-super-ts1.enc} <./BUBT-Logo.png>]

LaTeX Font Warning: Font shape `OT1/cmr/bx/n' in size <16> not available
(Font)              size <17.28> substituted on input line 83.

[2] [3

] [4

] [5

]
Overfull \hbox (13.16257pt too wide) in paragraph at lines 185--186
[]\OT1/cmr/m/n/12 These re-sults demon-strate that graph neu-ral net-works de-l
iver a com-pelling accuracy-
 []


Overfull \hbox (8.01941pt too wide) in paragraph at lines 185--186
\OT1/cmr/m/n/12 efficiency trade-off for med-i-cal im-age seg-men-ta-tion, en-a
bling de-ploy-ment on consumer-
 []

[6

] [7]

LaTeX Warning: Hyper reference `acro:3D' on page viii undefined on input line 1
95.


LaTeX Warning: Hyper reference `acro:3D' on page viii undefined on input line 1
95.


LaTeX Warning: Hyper reference `acro:ABET' on page viii undefined on input line
 196.


LaTeX Warning: Hyper reference `acro:ABET' on page viii undefined on input line
 196.


LaTeX Warning: Hyper reference `acro:AI' on page viii undefined on input line 1
97.


LaTeX Warning: Hyper reference `acro:AI' on page viii undefined on input line 1
97.


LaTeX Warning: Hyper reference `acro:BAETE' on page viii undefined on input lin
e 198.


LaTeX Warning: Hyper reference `acro:BAETE' on page viii undefined on input lin
e 198.


LaTeX Warning: Hyper reference `acro:BraTS' on page viii undefined on input lin
e 199.


LaTeX Warning: Hyper reference `acro:BraTS' on page viii undefined on input lin
e 199.


LaTeX Warning: Hyper reference `acro:CE' on page viii undefined on input line 2
00.


LaTeX Warning: Hyper reference `acro:CE' on page viii undefined on input line 2
00.


LaTeX Warning: Hyper reference `acro:CNN' on page viii undefined on input line 
201.


LaTeX Warning: Hyper reference `acro:CNN' on page viii undefined on input line 
201.


LaTeX Warning: Hyper reference `acro:CPU' on page viii undefined on input line 
202.


LaTeX Warning: Hyper reference `acro:CPU' on page viii undefined on input line 
202.


LaTeX Warning: Hyper reference `acro:CT' on page viii undefined on input line 2
03.


LaTeX Warning: Hyper reference `acro:CT' on page viii undefined on input line 2
03.


LaTeX Warning: Hyper reference `acro:CUDA' on page viii undefined on input line
 204.


LaTeX Warning: Hyper reference `acro:CUDA' on page viii undefined on input line
 204.


LaTeX Warning: Hyper reference `acro:CV' on page viii undefined on input line 2
05.


LaTeX Warning: Hyper reference `acro:CV' on page viii undefined on input line 2
05.


LaTeX Warning: Hyper reference `acro:DICOM' on page viii undefined on input lin
e 206.


LaTeX Warning: Hyper reference `acro:DICOM' on page viii undefined on input lin
e 206.


LaTeX Warning: Hyper reference `acro:FDA' on page viii undefined on input line 
207.


LaTeX Warning: Hyper reference `acro:FDA' on page viii undefined on input line 
207.


LaTeX Warning: Hyper reference `acro:FLAIR' on page viii undefined on input lin
e 208.


LaTeX Warning: Hyper reference `acro:FLAIR' on page viii undefined on input lin
e 208.


LaTeX Warning: Hyper reference `acro:GAT' on page viii undefined on input line 
209.


LaTeX Warning: Hyper reference `acro:GAT' on page viii undefined on input line 
209.


LaTeX Warning: Hyper reference `acro:GDPR' on page viii undefined on input line
 210.


LaTeX Warning: Hyper reference `acro:GDPR' on page viii undefined on input line
 210.


LaTeX Warning: Hyper reference `acro:GE' on page viii undefined on input line 2
11.


LaTeX Warning: Hyper reference `acro:GE' on page viii undefined on input line 2
11.


LaTeX Warning: Hyper reference `acro:GNN' on page viii undefined on input line 
212.


LaTeX Warning: Hyper reference `acro:GNN' on page viii undefined on input line 
212.


LaTeX Warning: Hyper reference `acro:GPU' on page viii undefined on input line 
213.


LaTeX Warning: Hyper reference `acro:GPU' on page viii undefined on input line 
213.


LaTeX Warning: Hyper reference `acro:GraphSAGE' on page viii undefined on input
 line 214.


LaTeX Warning: Hyper reference `acro:GraphSAGE' on page viii undefined on input
 line 214.


LaTeX Warning: Hyper reference `acro:HIPAA' on page viii undefined on input lin
e 215.


LaTeX Warning: Hyper reference `acro:HIPAA' on page viii undefined on input lin
e 215.


LaTeX Warning: Hyper reference `acro:HPC' on page viii undefined on input line 
216.


LaTeX Warning: Hyper reference `acro:HPC' on page viii undefined on input line 
216.


LaTeX Warning: Hyper reference `acro:LGG' on page viii undefined on input line 
217.


LaTeX Warning: Hyper reference `acro:LGG' on page viii undefined on input line 
217.

[8

]

LaTeX Warning: Hyper reference `acro:ML' on page ix undefined on input line 218
.


LaTeX Warning: Hyper reference `acro:ML' on page ix undefined on input line 218
.


LaTeX Warning: Hyper reference `acro:MRI' on page ix undefined on input line 21
9.


LaTeX Warning: Hyper reference `acro:MRI' on page ix undefined on input line 21
9.


LaTeX Warning: Hyper reference `acro:NIfTI' on page ix undefined on input line 
220.


LaTeX Warning: Hyper reference `acro:NIfTI' on page ix undefined on input line 
220.


LaTeX Warning: Hyper reference `acro:PACS' on page ix undefined on input line 2
21.


LaTeX Warning: Hyper reference `acro:PACS' on page ix undefined on input line 2
21.


LaTeX Warning: Hyper reference `acro:ReLU' on page ix undefined on input line 2
22.


LaTeX Warning: Hyper reference `acro:ReLU' on page ix undefined on input line 2
22.


LaTeX Warning: Hyper reference `acro:RTX' on page ix undefined on input line 22
3.


LaTeX Warning: Hyper reference `acro:RTX' on page ix undefined on input line 22
3.


LaTeX Warning: Hyper reference `acro:SLIC' on page ix undefined on input line 2
24.


LaTeX Warning: Hyper reference `acro:SLIC' on page ix undefined on input line 2
24.


LaTeX Warning: Hyper reference `acro:T1' on page ix undefined on input line 225
.


LaTeX Warning: Hyper reference `acro:T1' on page ix undefined on input line 225
.


LaTeX Warning: Hyper reference `acro:T1ce' on page ix undefined on input line 2
26.


LaTeX Warning: Hyper reference `acro:T1ce' on page ix undefined on input line 2
26.


LaTeX Warning: Hyper reference `acro:T2' on page ix undefined on input line 227
.


LaTeX Warning: Hyper reference `acro:T2' on page ix undefined on input line 227
.


LaTeX Warning: Hyper reference `acro:TCGA' on page ix undefined on input line 2
28.


LaTeX Warning: Hyper reference `acro:TCGA' on page ix undefined on input line 2
28.


LaTeX Warning: Hyper reference `acro:U-Net' on page ix undefined on input line 
229.


LaTeX Warning: Hyper reference `acro:U-Net' on page ix undefined on input line 
229.


LaTeX Warning: Hyper reference `acro:VRAM' on page ix undefined on input line 2
30.


LaTeX Warning: Hyper reference `acro:VRAM' on page ix undefined on input line 2
30.


LaTeX Warning: Hyper reference `acro:WHO' on page ix undefined on input line 23
1.


LaTeX Warning: Hyper reference `acro:WHO' on page ix undefined on input line 23
1.

[9] (./main.toc [10

] [11] [12])
\tf@toc=\write4
\openout4 = `main.toc'.

 [13]

LaTeX Font Warning: Font shape `OT1/cmr/bx/n' in size <20> not available
(Font)              size <20.74> substituted on input line 245.


pdfTeX warning (ext4): destination with the same identifier (name{page.1}) has 
been already used, duplicate ignored
<to be read again> 
                   \relax 
l.260 
       [1

] [2] [3]
Overfull \hbox (0.1809pt too wide) in paragraph at lines 288--289
[]\OT1/cmr/m/n/12 Implement en-sem-ble meth-ods to ex-plore up-per per-for-manc
e bounds and demon-
 []

[4]
Overfull \hbox (0.30064pt too wide) in paragraph at lines 320--321
[]\OT1/cmr/bx/n/12 Methodological Ad-vance-ment: \OT1/cmr/m/n/12 We demon-strat
e that graph-based ap-proaches
 []

[5]
Overfull \hbox (2.31935pt too wide) in paragraph at lines 342--343
[]\OT1/cmr/bx/n/12 Comprehensive Val-i-da-tion Frame-work: \OT1/cmr/m/n/12 Pati
ent-level strat-i-fied 5-fold splits
 []

[6] [7]
Overfull \hbox (1.6322pt too wide) in paragraph at lines 362--363
\OT1/cmr/m/n/12 soft-ware en-gi-neer-ing (Py-Torch Ge-o-met-ric, CUDA op-ti-miz
a-tion, NIfTI/DICOM stan-
 []

[8] [9]
Overfull \hbox (11.60965pt too wide) in paragraph at lines 388--389
\OT1/cmr/m/n/12 stripping al-go-rithms, graph the-ory mes-sage pass-ing and at-
ten-tion mech-a-nisms, patient-
 []

[10] [11] [12] [13

]
Overfull \hbox (15.83554pt too wide) in paragraph at lines 440--441
\OT1/cmr/m/n/12 Recent works have ex-plored vi-sion trans-form-ers for med-i-ca
l seg-men-ta-tion. Hatamizadeh
 []

[14] [15] [16] [17]
Overfull \hbox (4.72733pt too wide) in paragraph at lines 498--499
\OT1/cmr/m/n/12 cre-ate de-ploy-ment bar-ri-ers that limit clin-i-cal im-pact. 
Graph neu-ral net-works, through
 []

[18] [19] [20


]
Overfull \hbox (0.95348pt too wide) in paragraph at lines 519--520
[]\OT1/cmr/bx/n/12 Phase 1: Data Pre-pro-cess-ing \OT1/cmr/m/n/12 stan-dard-ize
s the BraTS 2021 dataset [[]] through
 []


Overfull \hbox (12.10881pt too wide) in paragraph at lines 523--524
[]\OT1/cmr/bx/n/12 Phase 3: Fea-ture En-gi-neer-ing \OT1/cmr/m/n/12 ex-tracts d
omain-specific fea-tures with-out ground-
 []

[21] [22] [23] [24]
Overfull \hbox (8.7909pt too wide) in paragraph at lines 617--618
\OT1/cmr/m/n/12 each MRI modal-ity to stan-dard-ize in-ten-sity dis-tri-bu-tion
s across pa-tients: $\OML/cmm/m/it/12 x[] \OT1/cmr/m/n/12 =
 []

[25] [26]

LaTeX Warning: Reference `sec:feature_extraction' on page 27 undefined on input
 line 651.

[27] [28] [29] [30]
Overfull \hbox (9.45114pt too wide) in paragraph at lines 746--747
[]\OT1/cmr/bx/n/12 Reproducibility: \OT1/cmr/m/n/12 De-ter-min-is-tic train-ing
 with man-ual seed 42 for Python, NumPy,
 []


Overfull \hbox (14.99118pt too wide) in paragraph at lines 746--747
\OT1/cmr/m/n/12 Py-Torch, and CUDA. En-vi-ron-ment vari-ables set: \OT1/cmtt/m/
n/12 CUBLAS[]WORKSPACE[]CONFIG=:4096:8\OT1/cmr/m/n/12 ,
 []


LaTeX Warning: Reference `sec:training_protocol' on page 31 undefined on input 
line 750.

[31] [32]
LaTeX Font Info:    Font shape `OT1/cmtt/bx/n' in size <12> not available
(Font)              Font shape `OT1/cmtt/m/n' tried instead on input line 785.
 [33] [34] [35


] [36]
<fig_A_cv_performance.jpg, id=775, 1324.95pt x 814.04124pt>
File: fig_A_cv_performance.jpg Graphic file (type jpg)
<use fig_A_cv_performance.jpg>
Package pdftex.def Info: fig_A_cv_performance.jpg  used on input line 882.
(pdftex.def)             Requested size: 392.64725pt x 241.23315pt.
 [37] [38 <./fig_A_cv_performance.jpg>] [39]
<fig_E_ensemble_vs_individual.jpg, id=792, 1490.56876pt x 815.045pt>
File: fig_E_ensemble_vs_individual.jpg Graphic file (type jpg)
<use fig_E_ensemble_vs_individual.jpg>
Package pdftex.def Info: fig_E_ensemble_vs_individual.jpg  used on input line 9
87.
(pdftex.def)             Requested size: 375.57846pt x 205.36507pt.

[40] [41 <./fig_E_ensemble_vs_individual.jpg>] [42]
Overfull \hbox (11.2827pt too wide) in paragraph at lines 1049--1049
 []|\OT1/cmr/bx/n/10 Speedup/Reduction| 
 []

[43]
<fig_D_speed_memory.jpg, id=820, 1923.185pt x 754.82pt>
File: fig_D_speed_memory.jpg Graphic file (type jpg)
<use fig_D_speed_memory.jpg>
Package pdftex.def Info: fig_D_speed_memory.jpg  used on input line 1061.
(pdftex.def)             Requested size: 426.79135pt x 167.50061pt.
<fig_B_efficiency_bubble.jpg, id=823, 1340.00626pt x 889.3225pt>
File: fig_B_efficiency_bubble.jpg Graphic file (type jpg)
<use fig_B_efficiency_bubble.jpg>
Package pdftex.def Info: fig_B_efficiency_bubble.jpg  used on input line 1072.
(pdftex.def)             Requested size: 375.57846pt x 249.25285pt.
 [44 <./fig_D_speed_memory.jpg>] [45 <./fig_B_efficiency_bubble.jpg>]
Overfull \hbox (9.24895pt too wide) in paragraph at lines 1109--1110
\OT1/cmr/m/n/12 power con-sump-tion, im-por-tant for sus-tain-able health-care 
AI and battery-powered
 []

[46]
<fig_F_ablation.jpg, id=844, 1491.5725pt x 814.04124pt>
File: fig_F_ablation.jpg Graphic file (type jpg)
<use fig_F_ablation.jpg>
Package pdftex.def Info: fig_F_ablation.jpg  used on input line 1170.
(pdftex.def)             Requested size: 375.57846pt x 204.97551pt.
 [47]
Overfull \hbox (13.54956pt too wide) in paragraph at lines 1188--1189
[]\OT1/cmr/bx/n/12 Architecture (Graph-SAGE vs. GAT): \OT1/cmr/m/n/12 Graph At-
ten-tion Net-work [[]] achieves
 []

[48 <./fig_F_ablation.jpg>]
Overfull \hbox (0.695pt too wide) in paragraph at lines 1190--1191
[]\OT1/cmr/bx/n/12 Design Ra-tio-nale: \OT1/cmr/m/n/12 Un-der the ef-fi-ciency 
con-straints of this work (6GB VRAM,
 []

<worst_BraTS2021_01405_z108.jpg, id=857, 1627.07875pt x 426.59375pt>
File: worst_BraTS2021_01405_z108.jpg Graphic file (type jpg)
<use worst_BraTS2021_01405_z108.jpg>
Package pdftex.def Info: worst_BraTS2021_01405_z108.jpg  used on input line 120
0.
(pdftex.def)             Requested size: 409.72255pt x 107.42278pt.

Overfull \hbox (19.28935pt too wide) in paragraph at lines 1209--1211
[]\OT1/cmr/bx/n/12 Worst cases (Dice $\OMS/cmsy/m/n/12 ^^Y$ \OT1/cmr/bx/n/12 0%
): \OT1/cmr/m/n/12 Three pa-tients | BraTS2021[]01405, BraTS2021[]01366,
 []

[49 <./worst_BraTS2021_01405_z108.jpg>]
<median_BraTS2021_00209_z059.jpg, id=863, 1627.07875pt x 426.59375pt>
File: median_BraTS2021_00209_z059.jpg Graphic file (type jpg)
<use median_BraTS2021_00209_z059.jpg>
Package pdftex.def Info: median_BraTS2021_00209_z059.jpg  used on input line 12
14.
(pdftex.def)             Requested size: 409.72255pt x 107.42278pt.
<best_BraTS2021_01594_z097.jpg, id=864, 1627.07875pt x 426.59375pt>
File: best_BraTS2021_01594_z097.jpg Graphic file (type jpg)
<use best_BraTS2021_01594_z097.jpg>
Package pdftex.def Info: best_BraTS2021_01594_z097.jpg  used on input line 1229
.
(pdftex.def)             Requested size: 409.72255pt x 107.42278pt.
 [50 <./median_BraTS2021_00209_z059.jpg> <./best_BraTS2021_01594_z097.jpg>]
<fig_G_dice_distribution.jpg, id=871, 1883.035pt x 754.82pt>
File: fig_G_dice_distribution.jpg Graphic file (type jpg)
<use fig_G_dice_distribution.jpg>
Package pdftex.def Info: fig_G_dice_distribution.jpg  used on input line 1258.
(pdftex.def)             Requested size: 426.79135pt x 171.0826pt.
 [51]
<fig_C_generalisation.jpg, id=876, 1861.95625pt x 728.7225pt>
File: fig_C_generalisation.jpg Graphic file (type jpg)
<use fig_C_generalisation.jpg>
Package pdftex.def Info: fig_C_generalisation.jpg  used on input line 1305.
(pdftex.def)             Requested size: 426.79135pt x 167.03555pt.
 [52 <./fig_G_dice_distribution.jpg>]
[53 <./fig_C_generalisation.jpg>] [54] [55]
Overfull \hbox (3.11948pt too wide) in paragraph at lines 1358--1359
\OT1/cmr/m/n/12 Direct com-par-i-son across seg-men-ta-tion paradigms re-quires
 care: the dom-i-nant BraTS
 []

[56] [57]
Overfull \hbox (2.29552pt too wide) in paragraph at lines 1460--1461
\OT1/cmr/m/n/12 posed graph-based seg-men-ta-tion ap-proach. Cross-validation r
e-sults (90.02% $\OMS/cmsy/m/n/12 ^^F$ \OT1/cmr/m/n/12 0.74%
 []

[58] [59] [60


]
Overfull \hbox (0.62459pt too wide) in paragraph at lines 1486--1487
\OT1/cmr/bx/n/12 ISO/IEC 25010 Soft-ware Qual-ity Model: \OT1/cmr/m/n/12 Our im
-ple-men-ta-tion pri-or-i-tizes main-
 []

[61] [62] [63]
Overfull \hbox (8.53474pt too wide) in paragraph at lines 1531--1532
[]\OT1/cmr/bx/n/12 Skill Aug-men-ta-tion: \OT1/cmr/m/n/12 AI as-sis-tance may h
elp less-experienced ra-di-ol-o-gists achieve
 []

[64] [65] [66]
Overfull \hbox (3.69754pt too wide) in paragraph at lines 1587--1588
[]\OT1/cmr/bx/n/12 Regulatory Ap-proval: \OT1/cmr/m/n/12 Med-i-cal AI de-vices 
re-quire FDA 510(k) clear-ance (USA),
 []


Overfull \hbox (11.74771pt too wide) in paragraph at lines 1589--1590
[]\OT1/cmr/bx/n/12 Reimbursement Un-cer-tainty: \OT1/cmr/m/n/12 Health-care re-
im-burse-ment poli-cies for AI-assisted
 []


Overfull \hbox (4.80045pt too wide) in paragraph at lines 1597--1598
[]\OT1/cmr/bx/n/12 Reproducibility Bar-ri-ers: \OT1/cmr/m/n/12 Many pub-lished 
med-i-cal AI re-sults lack code, trained
 []

[67]
Overfull \hbox (9.317pt too wide) in paragraph at lines 1618--1619
\OT1/cmr/m/n/12 spe-cific data struc-tures (torch[]geometric.data.Data) and mes
sage-passing APIs. While
 []


Overfull \hbox (4.49445pt too wide) in paragraph at lines 1618--1619
\OT1/cmr/m/n/12 en-abling ef-fi-cient graph op-er-a-tions, framework-specific i
m-ple-men-ta-tions re-duce porta-
 []

[68] [69] [70] [71] [72] [73


] [74] [75] [76] (./main.bbl [77


] [78]) [79]
(./main.aux)
 ***********
LaTeX2e <2023-11-01> patch level 1
L3 programming layer <2024-01-22>
 ***********


LaTeX Font Warning: Size substitutions with differences
(Font)              up to 1.28pt have occurred.


LaTeX Warning: There were undefined references.

Package rerunfilecheck Info: File `main.out' has not changed.
(rerunfilecheck)             Checksum: C1620436DBFD27543121AC6799459EF2;15835.
 ) 
Here is how much of TeX's memory you used:
 13514 strings out of 474222
 204679 string characters out of 5748732
 1942975 words of memory out of 5000000
 35301 multiletter control sequences out of 15000+600000
 569852 words of font info for 81 fonts, out of 8000000 for 9000
 1141 hyphenation exceptions out of 8191
 75i,12n,79p,1727b,644s stack positions out of 10000i,1000n,20000p,200000b,200000s
</usr/share/texlive/texmf-dist/fonts/type1/public/amsfonts/cm/cmbx10.pfb></us
r/share/texlive/texmf-dist/fonts/type1/public/amsfonts/cm/cmbx12.pfb></usr/shar
e/texlive/texmf-dist/fonts/type1/public/amsfonts/cm/cmex10.pfb></usr/share/texl
ive/texmf-dist/fonts/type1/public/amsfonts/cm/cmmi10.pfb></usr/share/texlive/te
xmf-dist/fonts/type1/public/amsfonts/cm/cmmi12.pfb></usr/share/texlive/texmf-di
st/fonts/type1/public/amsfonts/cm/cmmi8.pfb></usr/share/texlive/texmf-dist/font
s/type1/public/amsfonts/cm/cmr10.pfb></usr/share/texlive/texmf-dist/fonts/type1
/public/amsfonts/cm/cmr12.pfb></usr/share/texlive/texmf-dist/fonts/type1/public
/amsfonts/cm/cmr7.pfb></usr/share/texlive/texmf-dist/fonts/type1/public/amsfont
s/cm/cmr8.pfb></usr/share/texlive/texmf-dist/fonts/type1/public/amsfonts/cm/cmr
9.pfb></usr/share/texlive/texmf-dist/fonts/type1/public/amsfonts/cm/cmsy10.pfb>
</usr/share/texlive/texmf-dist/fonts/type1/public/amsfonts/cm/cmsy6.pfb></usr/s
hare/texlive/texmf-dist/fonts/type1/public/amsfonts/cm/cmsy7.pfb></usr/share/te
xlive/texmf-dist/fonts/type1/public/amsfonts/cm/cmsy8.pfb></usr/share/texlive/t
exmf-dist/fonts/type1/public/amsfonts/cm/cmsy9.pfb></usr/share/texlive/texmf-di
st/fonts/type1/public/amsfonts/cm/cmti10.pfb></usr/share/texlive/texmf-dist/fon
ts/type1/public/amsfonts/cm/cmti12.pfb></usr/share/texlive/texmf-dist/fonts/typ
e1/public/amsfonts/cm/cmti8.pfb></usr/share/texlive/texmf-dist/fonts/type1/publ
ic/amsfonts/cm/cmtt12.pfb></usr/share/texlive/texmf-dist/fonts/type1/public/ams
fonts/cm/cmtt8.pfb></usr/share/texmf/fonts/type1/public/cm-super/sfbx1200.pfb><
/usr/share/texmf/fonts/type1/public/cm-super/sfrm1200.pfb>
Output written on main.pdf (92 pages, 1556819 bytes).
PDF statistics:
 1192 PDF objects out of 1200 (max. 8388607)
 1020 compressed objects within 11 object streams
 276 named destinations out of 1000 (max. 500000)
 736 words of extra memory for PDF output out of 10000 (max. 10000000)

