Training started at Wed Nov 26 12:57:58 PM +06 2025
📁 Loaded 5 folds from data/cv_folds/all_folds.json

================================================================================
Training U-Net Baseline - Fold 0
================================================================================

Device: cuda
📊 Volume dataset: 900 patients
📊 Volume dataset: 100 patients
📊 Volume dataset: 251 patients
Model parameters: 1,403,265
Epoch 1/50 | Train: loss=1.3101 dice=0.5426 | Val: loss=1.1854 dice=0.7678 | Time: 169.8s
Epoch 2/50 | Train: loss=1.1851 dice=0.7434 | Val: loss=1.1220 dice=0.8224 | Time: 165.9s
Epoch 3/50 | Train: loss=1.1366 dice=0.7662 | Val: loss=1.0733 dice=0.8084 | Time: 165.4s
Epoch 4/50 | Train: loss=1.0831 dice=0.7814 | Val: loss=1.0308 dice=0.8411 | Time: 164.9s
Epoch 5/50 | Train: loss=1.0103 dice=0.7726 | Val: loss=0.9558 dice=0.8295 | Time: 164.8s
Epoch 6/50 | Train: loss=0.9057 dice=0.8041 | Val: loss=0.8175 dice=0.8324 | Time: 165.4s
Epoch 7/50 | Train: loss=0.7512 dice=0.8150 | Val: loss=0.6705 dice=0.8228 | Time: 164.4s
Epoch 8/50 | Train: loss=0.6074 dice=0.8232 | Val: loss=0.5036 dice=0.8433 | Time: 167.8s
Epoch 9/50 | Train: loss=0.4521 dice=0.8377 | Val: loss=0.4510 dice=0.7711 | Time: 162.5s
Epoch 10/50 | Train: loss=0.3390 dice=0.8366 | Val: loss=0.3187 dice=0.8290 | Time: 163.8s
Epoch 11/50 | Train: loss=0.2828 dice=0.8422 | Val: loss=0.2173 dice=0.8716 | Time: 164.5s
Epoch 12/50 | Train: loss=0.2398 dice=0.8493 | Val: loss=0.2183 dice=0.8512 | Time: 164.1s
Epoch 13/50 | Train: loss=0.2130 dice=0.8598 | Val: loss=0.2226 dice=0.8368 | Time: 164.7s
Epoch 14/50 | Train: loss=0.2217 dice=0.8480 | Val: loss=0.1727 dice=0.8865 | Time: 164.2s
Epoch 15/50 | Train: loss=0.2082 dice=0.8514 | Val: loss=0.1737 dice=0.8747 | Time: 164.5s
Epoch 16/50 | Train: loss=0.1835 dice=0.8675 | Val: loss=0.1810 dice=0.8680 | Time: 163.7s
Epoch 17/50 | Train: loss=0.1883 dice=0.8602 | Val: loss=0.1853 dice=0.8553 | Time: 164.4s
Epoch 18/50 | Train: loss=0.1666 dice=0.8766 | Val: loss=0.1709 dice=0.8799 | Time: 164.0s
Epoch 19/50 | Train: loss=0.1396 dice=0.9042 | Val: loss=0.1586 dice=0.8850 | Time: 163.6s
Epoch 20/50 | Train: loss=0.1526 dice=0.8854 | Val: loss=0.1759 dice=0.8786 | Time: 164.5s
Epoch 21/50 | Train: loss=0.1567 dice=0.8830 | Val: loss=0.1496 dice=0.8899 | Time: 163.9s
Epoch 22/50 | Train: loss=0.1594 dice=0.8783 | Val: loss=0.1642 dice=0.8777 | Time: 164.2s
Epoch 23/50 | Train: loss=0.1542 dice=0.8814 | Val: loss=0.1600 dice=0.8782 | Time: 163.6s
Epoch 24/50 | Train: loss=0.1410 dice=0.8941 | Val: loss=0.2006 dice=0.8528 | Time: 164.5s
Epoch 25/50 | Train: loss=0.1649 dice=0.8730 | Val: loss=0.1314 dice=0.9041 | Time: 164.0s
Epoch 26/50 | Train: loss=0.1561 dice=0.8783 | Val: loss=0.1495 dice=0.8835 | Time: 163.0s
Epoch 27/50 | Train: loss=0.1417 dice=0.8906 | Val: loss=0.1175 dice=0.9156 | Time: 164.0s
Epoch 28/50 | Train: loss=0.1324 dice=0.9007 | Val: loss=0.1254 dice=0.9125 | Time: 163.9s
Epoch 29/50 | Train: loss=0.1431 dice=0.8864 | Val: loss=0.1703 dice=0.8671 | Time: 164.0s
Epoch 30/50 | Train: loss=0.1508 dice=0.8834 | Val: loss=0.1376 dice=0.9016 | Time: 163.5s
Epoch 31/50 | Train: loss=0.1391 dice=0.8961 | Val: loss=0.1439 dice=0.8906 | Time: 163.6s
Epoch 32/50 | Train: loss=0.1279 dice=0.9030 | Val: loss=0.1553 dice=0.8800 | Time: 163.9s
Epoch 33/50 | Train: loss=0.1305 dice=0.8995 | Val: loss=0.1392 dice=0.8922 | Time: 164.2s
Epoch 34/50 | Train: loss=0.1348 dice=0.8943 | Val: loss=0.1343 dice=0.8985 | Time: 164.4s
Epoch 35/50 | Train: loss=0.1342 dice=0.8946 | Val: loss=0.1147 dice=0.9174 | Time: 164.4s
Epoch 36/50 | Train: loss=0.1267 dice=0.9037 | Val: loss=0.1567 dice=0.8742 | Time: 165.0s
Epoch 37/50 | Train: loss=0.1283 dice=0.9012 | Val: loss=0.1677 dice=0.8765 | Time: 164.8s
Epoch 38/50 | Train: loss=0.1217 dice=0.9070 | Val: loss=0.1113 dice=0.9227 | Time: 163.5s
Epoch 39/50 | Train: loss=0.1349 dice=0.8923 | Val: loss=0.1439 dice=0.8837 | Time: 163.9s
Epoch 40/50 | Train: loss=0.1281 dice=0.9018 | Val: loss=0.1388 dice=0.8898 | Time: 162.8s
Epoch 41/50 | Train: loss=0.1033 dice=0.9214 | Val: loss=0.0983 dice=0.9325 | Time: 164.2s
Epoch 42/50 | Train: loss=0.1184 dice=0.9079 | Val: loss=0.1222 dice=0.9063 | Time: 164.4s
Epoch 43/50 | Train: loss=0.1124 dice=0.9145 | Val: loss=0.1226 dice=0.9112 | Time: 163.9s
Epoch 44/50 | Train: loss=0.1478 dice=0.8813 | Val: loss=0.1288 dice=0.8993 | Time: 165.0s
Epoch 45/50 | Train: loss=0.1120 dice=0.9144 | Val: loss=0.1132 dice=0.9172 | Time: 164.3s
Epoch 46/50 | Train: loss=0.1270 dice=0.9000 | Val: loss=0.1227 dice=0.9093 | Time: 162.5s
Epoch 47/50 | Train: loss=0.1122 dice=0.9116 | Val: loss=0.1223 dice=0.9095 | Time: 163.7s
Epoch 48/50 | Train: loss=0.1127 dice=0.9136 | Val: loss=0.1224 dice=0.9109 | Time: 164.3s
Epoch 49/50 | Train: loss=0.1127 dice=0.9119 | Val: loss=0.1064 dice=0.9239 | Time: 163.2s
Epoch 50/50 | Train: loss=0.1274 dice=0.8995 | Val: loss=0.1200 dice=0.9110 | Time: 163.5s

📊 Evaluating on test set...

✅ Fold 0 completed!
   Best Val Dice: 0.9325 (epoch 41)
   Test Dice: 0.8908
   Training time: 136.9 minutes

✅ Fold 0 completed in 137 minutes

📁 Loaded 5 folds from data/cv_folds/all_folds.json

================================================================================
Training U-Net Baseline - Fold 1
================================================================================

Device: cuda
📊 Volume dataset: 901 patients
📊 Volume dataset: 100 patients
📊 Volume dataset: 250 patients
Model parameters: 1,403,265
Epoch 1/50 | Train: loss=1.6410 dice=0.1226 | Val: loss=1.5369 dice=0.1379 | Time: 165.7s
Epoch 2/50 | Train: loss=1.5061 dice=0.2430 | Val: loss=1.4515 dice=0.3305 | Time: 164.2s
Epoch 3/50 | Train: loss=1.4678 dice=0.3957 | Val: loss=1.4137 dice=0.5492 | Time: 165.0s
Epoch 4/50 | Train: loss=1.4261 dice=0.5540 | Val: loss=1.3752 dice=0.6735 | Time: 164.9s
Epoch 5/50 | Train: loss=1.3597 dice=0.6969 | Val: loss=1.3033 dice=0.8209 | Time: 164.8s
Epoch 6/50 | Train: loss=1.2625 dice=0.7716 | Val: loss=1.2000 dice=0.7683 | Time: 166.1s
Epoch 7/50 | Train: loss=1.1310 dice=0.8173 | Val: loss=1.0720 dice=0.7257 | Time: 165.1s
Epoch 8/50 | Train: loss=0.9837 dice=0.8120 | Val: loss=0.8644 dice=0.8671 | Time: 165.4s
Epoch 9/50 | Train: loss=0.8145 dice=0.8236 | Val: loss=0.7104 dice=0.8822 | Time: 165.2s
Epoch 10/50 | Train: loss=0.6329 dice=0.8283 | Val: loss=0.6074 dice=0.8486 | Time: 165.4s
Epoch 11/50 | Train: loss=0.4406 dice=0.8353 | Val: loss=0.4549 dice=0.8246 | Time: 164.4s
Epoch 12/50 | Train: loss=0.3457 dice=0.8428 | Val: loss=0.3224 dice=0.8195 | Time: 164.6s
Epoch 13/50 | Train: loss=0.2817 dice=0.8397 | Val: loss=0.2740 dice=0.8230 | Time: 164.7s
Epoch 14/50 | Train: loss=0.2343 dice=0.8583 | Val: loss=0.2330 dice=0.8394 | Time: 165.9s
Epoch 15/50 | Train: loss=0.2216 dice=0.8554 | Val: loss=0.2600 dice=0.8280 | Time: 164.8s
Epoch 16/50 | Train: loss=0.2052 dice=0.8621 | Val: loss=0.2025 dice=0.8944 | Time: 164.9s
Epoch 17/50 | Train: loss=0.1784 dice=0.8765 | Val: loss=0.1577 dice=0.8864 | Time: 164.5s
Epoch 18/50 | Train: loss=0.1947 dice=0.8613 | Val: loss=0.1922 dice=0.8607 | Time: 164.6s
Epoch 19/50 | Train: loss=0.1657 dice=0.8818 | Val: loss=0.2065 dice=0.8402 | Time: 164.6s
Epoch 20/50 | Train: loss=0.1851 dice=0.8639 | Val: loss=0.1672 dice=0.8768 | Time: 164.7s
Epoch 21/50 | Train: loss=0.1898 dice=0.8592 | Val: loss=0.2181 dice=0.8229 | Time: 164.0s
Epoch 22/50 | Train: loss=0.1678 dice=0.8774 | Val: loss=0.1645 dice=0.8733 | Time: 164.1s
Epoch 23/50 | Train: loss=0.1491 dice=0.8897 | Val: loss=0.1720 dice=0.8688 | Time: 164.1s
Epoch 24/50 | Train: loss=0.1611 dice=0.8799 | Val: loss=0.1499 dice=0.8827 | Time: 164.6s
Epoch 25/50 | Train: loss=0.1698 dice=0.8710 | Val: loss=0.1764 dice=0.8622 | Time: 165.1s
Epoch 26/50 | Train: loss=0.1483 dice=0.8885 | Val: loss=0.1667 dice=0.8641 | Time: 164.6s

⏹️  Early stopping at epoch 26

📊 Evaluating on test set...

✅ Fold 1 completed!
   Best Val Dice: 0.8944 (epoch 16)
   Test Dice: 0.9081
   Training time: 71.4 minutes

✅ Fold 1 completed in 72 minutes

📁 Loaded 5 folds from data/cv_folds/all_folds.json

================================================================================
Training U-Net Baseline - Fold 2
================================================================================

Device: cuda
📊 Volume dataset: 901 patients
📊 Volume dataset: 100 patients
📊 Volume dataset: 250 patients
Model parameters: 1,403,265
Epoch 1/50 | Train: loss=1.6400 dice=0.1358 | Val: loss=1.5373 dice=0.2512 | Time: 164.5s
Epoch 2/50 | Train: loss=1.5101 dice=0.3298 | Val: loss=1.5168 dice=0.4314 | Time: 165.4s
Epoch 3/50 | Train: loss=1.4661 dice=0.5037 | Val: loss=1.4328 dice=0.6126 | Time: 165.6s
Epoch 4/50 | Train: loss=1.4229 dice=0.6232 | Val: loss=1.3519 dice=0.8005 | Time: 166.6s
Epoch 5/50 | Train: loss=1.3613 dice=0.7029 | Val: loss=1.3081 dice=0.7397 | Time: 165.7s
Epoch 6/50 | Train: loss=1.2574 dice=0.7834 | Val: loss=1.1832 dice=0.8204 | Time: 164.8s
Epoch 7/50 | Train: loss=1.1389 dice=0.7907 | Val: loss=1.0446 dice=0.8252 | Time: 165.0s
Epoch 8/50 | Train: loss=0.9667 dice=0.8059 | Val: loss=0.9436 dice=0.6963 | Time: 166.2s
Epoch 9/50 | Train: loss=0.8115 dice=0.8152 | Val: loss=0.6864 dice=0.8728 | Time: 169.1s
Epoch 10/50 | Train: loss=0.6206 dice=0.8301 | Val: loss=0.5142 dice=0.8796 | Time: 165.9s
Epoch 11/50 | Train: loss=0.4515 dice=0.8303 | Val: loss=0.3442 dice=0.8808 | Time: 164.9s
Epoch 12/50 | Train: loss=0.3204 dice=0.8525 | Val: loss=0.2838 dice=0.8657 | Time: 166.1s
Epoch 13/50 | Train: loss=0.2812 dice=0.8441 | Val: loss=0.2209 dice=0.8620 | Time: 165.0s
Epoch 14/50 | Train: loss=0.2297 dice=0.8585 | Val: loss=0.1695 dice=0.8916 | Time: 165.1s
Epoch 15/50 | Train: loss=0.1920 dice=0.8760 | Val: loss=0.2090 dice=0.8530 | Time: 164.6s
Epoch 16/50 | Train: loss=0.1859 dice=0.8741 | Val: loss=0.1641 dice=0.8883 | Time: 165.4s
Epoch 17/50 | Train: loss=0.1566 dice=0.8928 | Val: loss=0.1686 dice=0.8909 | Time: 164.6s
Epoch 18/50 | Train: loss=0.1797 dice=0.8716 | Val: loss=0.2094 dice=0.8367 | Time: 165.3s
Epoch 19/50 | Train: loss=0.2259 dice=0.8273 | Val: loss=0.1883 dice=0.8554 | Time: 165.7s
Epoch 20/50 | Train: loss=0.1772 dice=0.8738 | Val: loss=0.1399 dice=0.8985 | Time: 166.0s
Epoch 21/50 | Train: loss=0.1709 dice=0.8731 | Val: loss=0.1521 dice=0.8953 | Time: 166.5s
Epoch 22/50 | Train: loss=0.1504 dice=0.8905 | Val: loss=0.1628 dice=0.8755 | Time: 166.0s
Epoch 23/50 | Train: loss=0.1665 dice=0.8746 | Val: loss=0.1353 dice=0.9079 | Time: 165.4s
Epoch 24/50 | Train: loss=0.1634 dice=0.8804 | Val: loss=0.1325 dice=0.9026 | Time: 165.9s
Epoch 25/50 | Train: loss=0.1413 dice=0.8942 | Val: loss=0.1470 dice=0.8939 | Time: 165.9s
Epoch 26/50 | Train: loss=0.1534 dice=0.8830 | Val: loss=0.1498 dice=0.8824 | Time: 166.2s
Epoch 27/50 | Train: loss=0.1480 dice=0.8881 | Val: loss=0.1333 dice=0.9043 | Time: 166.5s
Epoch 28/50 | Train: loss=0.1653 dice=0.8797 | Val: loss=0.1445 dice=0.8897 | Time: 165.7s
Epoch 29/50 | Train: loss=0.1440 dice=0.8890 | Val: loss=0.1105 dice=0.9218 | Time: 165.2s
Epoch 30/50 | Train: loss=0.1384 dice=0.8945 | Val: loss=0.1161 dice=0.9145 | Time: 165.5s
Epoch 31/50 | Train: loss=0.1593 dice=0.8770 | Val: loss=0.1569 dice=0.8765 | Time: 165.7s
Epoch 32/50 | Train: loss=0.1524 dice=0.8808 | Val: loss=0.1279 dice=0.9083 | Time: 165.8s
Epoch 33/50 | Train: loss=0.1439 dice=0.8906 | Val: loss=0.1157 dice=0.9188 | Time: 165.5s
Epoch 34/50 | Train: loss=0.1550 dice=0.8778 | Val: loss=0.1074 dice=0.9197 | Time: 165.7s
Epoch 35/50 | Train: loss=0.1247 dice=0.9084 | Val: loss=0.1305 dice=0.9009 | Time: 165.1s
Epoch 36/50 | Train: loss=0.1331 dice=0.8967 | Val: loss=0.1693 dice=0.8578 | Time: 165.3s
Epoch 37/50 | Train: loss=0.1274 dice=0.9017 | Val: loss=0.1054 dice=0.9254 | Time: 165.7s
Epoch 38/50 | Train: loss=0.1348 dice=0.8994 | Val: loss=0.1263 dice=0.9026 | Time: 165.0s
Epoch 39/50 | Train: loss=0.1419 dice=0.8881 | Val: loss=0.1615 dice=0.9114 | Time: 165.7s
Epoch 40/50 | Train: loss=0.1327 dice=0.8966 | Val: loss=0.1003 dice=0.9263 | Time: 165.5s
Epoch 41/50 | Train: loss=0.1226 dice=0.9050 | Val: loss=0.0934 dice=0.9332 | Time: 165.3s
Epoch 42/50 | Train: loss=0.1167 dice=0.9126 | Val: loss=0.1047 dice=0.9248 | Time: 166.0s
Epoch 43/50 | Train: loss=0.1268 dice=0.9025 | Val: loss=0.1122 dice=0.9176 | Time: 166.2s
Epoch 44/50 | Train: loss=0.1111 dice=0.9167 | Val: loss=0.1689 dice=0.8527 | Time: 166.3s
Epoch 45/50 | Train: loss=0.1139 dice=0.9143 | Val: loss=0.0974 dice=0.9285 | Time: 165.6s
Epoch 46/50 | Train: loss=0.1047 dice=0.9210 | Val: loss=0.1304 dice=0.8951 | Time: 165.7s
Epoch 47/50 | Train: loss=0.1195 dice=0.9085 | Val: loss=0.0927 dice=0.9323 | Time: 165.5s
Epoch 48/50 | Train: loss=0.1215 dice=0.9073 | Val: loss=0.0925 dice=0.9344 | Time: 164.7s
Epoch 49/50 | Train: loss=0.1268 dice=0.9035 | Val: loss=0.1073 dice=0.9203 | Time: 166.0s
Epoch 50/50 | Train: loss=0.1181 dice=0.9106 | Val: loss=0.1465 dice=0.8850 | Time: 165.6s

📊 Evaluating on test set...

✅ Fold 2 completed!
   Best Val Dice: 0.9344 (epoch 48)
   Test Dice: 0.8808
   Training time: 138.0 minutes

✅ Fold 2 completed in 138 minutes

📁 Loaded 5 folds from data/cv_folds/all_folds.json

================================================================================
Training U-Net Baseline - Fold 3
================================================================================

Device: cuda
📊 Volume dataset: 901 patients
📊 Volume dataset: 100 patients
📊 Volume dataset: 250 patients
Model parameters: 1,403,265
Epoch 1/50 | Train: loss=1.3888 dice=0.4554 | Val: loss=1.3226 dice=0.5916 | Time: 164.7s
Epoch 2/50 | Train: loss=1.2890 dice=0.7251 | Val: loss=1.2558 dice=0.8270 | Time: 164.7s
Epoch 3/50 | Train: loss=1.2476 dice=0.7588 | Val: loss=1.2251 dice=0.7496 | Time: 162.7s
Epoch 4/50 | Train: loss=1.2004 dice=0.7642 | Val: loss=1.1535 dice=0.8328 | Time: 164.3s
Epoch 5/50 | Train: loss=1.1343 dice=0.7850 | Val: loss=1.0348 dice=0.8467 | Time: 162.5s
Epoch 6/50 | Train: loss=1.0183 dice=0.8034 | Val: loss=0.9511 dice=0.7839 | Time: 163.3s
Epoch 7/50 | Train: loss=0.8982 dice=0.8045 | Val: loss=0.8400 dice=0.7204 | Time: 165.8s
Epoch 8/50 | Train: loss=0.7617 dice=0.7784 | Val: loss=0.6354 dice=0.8632 | Time: 163.7s
Epoch 9/50 | Train: loss=0.5635 dice=0.8295 | Val: loss=0.4411 dice=0.8691 | Time: 164.2s
Epoch 10/50 | Train: loss=0.3894 dice=0.8453 | Val: loss=0.3060 dice=0.8733 | Time: 163.4s
Epoch 11/50 | Train: loss=0.3132 dice=0.8351 | Val: loss=0.3244 dice=0.8278 | Time: 167.7s
Epoch 12/50 | Train: loss=0.2902 dice=0.8167 | Val: loss=0.2706 dice=0.8232 | Time: 165.7s
Epoch 13/50 | Train: loss=0.2582 dice=0.8271 | Val: loss=0.3585 dice=0.7085 | Time: 165.8s
Epoch 14/50 | Train: loss=0.2274 dice=0.8441 | Val: loss=0.2196 dice=0.8378 | Time: 167.4s
Epoch 15/50 | Train: loss=0.2031 dice=0.8577 | Val: loss=0.1593 dice=0.8791 | Time: 164.8s
Epoch 16/50 | Train: loss=0.2033 dice=0.8518 | Val: loss=0.1616 dice=0.8832 | Time: 166.6s
Epoch 17/50 | Train: loss=0.1908 dice=0.8603 | Val: loss=0.1427 dice=0.8998 | Time: 164.7s
Epoch 18/50 | Train: loss=0.1844 dice=0.8659 | Val: loss=0.1976 dice=0.8400 | Time: 165.2s
Epoch 19/50 | Train: loss=0.1722 dice=0.8695 | Val: loss=0.1774 dice=0.8670 | Time: 164.6s
Epoch 20/50 | Train: loss=0.1886 dice=0.8536 | Val: loss=0.1315 dice=0.9089 | Time: 164.2s
Epoch 21/50 | Train: loss=0.1616 dice=0.8820 | Val: loss=0.1754 dice=0.8629 | Time: 163.8s
Epoch 22/50 | Train: loss=0.1743 dice=0.8679 | Val: loss=0.1947 dice=0.8411 | Time: 163.5s
Epoch 23/50 | Train: loss=0.1735 dice=0.8677 | Val: loss=0.1811 dice=0.8911 | Time: 165.3s
Epoch 24/50 | Train: loss=0.1553 dice=0.8801 | Val: loss=0.1116 dice=0.9181 | Time: 164.8s
Epoch 25/50 | Train: loss=0.1370 dice=0.8968 | Val: loss=0.1574 dice=0.8840 | Time: 164.2s
Epoch 26/50 | Train: loss=0.1700 dice=0.8698 | Val: loss=0.1280 dice=0.9032 | Time: 164.7s
Epoch 27/50 | Train: loss=0.1602 dice=0.8734 | Val: loss=0.1519 dice=0.8837 | Time: 164.4s
Epoch 28/50 | Train: loss=0.1600 dice=0.8766 | Val: loss=0.1371 dice=0.8913 | Time: 163.0s
Epoch 29/50 | Train: loss=0.1459 dice=0.8915 | Val: loss=0.1650 dice=0.8594 | Time: 164.8s
Epoch 30/50 | Train: loss=0.1356 dice=0.8976 | Val: loss=0.1400 dice=0.8883 | Time: 164.7s
Epoch 31/50 | Train: loss=0.1412 dice=0.8895 | Val: loss=0.1408 dice=0.8888 | Time: 164.0s
Epoch 32/50 | Train: loss=0.1447 dice=0.8886 | Val: loss=0.1683 dice=0.8633 | Time: 163.6s
Epoch 33/50 | Train: loss=0.1687 dice=0.8660 | Val: loss=0.1710 dice=0.8585 | Time: 164.7s
Epoch 34/50 | Train: loss=0.1533 dice=0.8815 | Val: loss=0.1872 dice=0.8800 | Time: 163.8s

⏹️  Early stopping at epoch 34

📊 Evaluating on test set...

✅ Fold 3 completed!
   Best Val Dice: 0.9181 (epoch 24)
   Test Dice: 0.8889
   Training time: 93.3 minutes

✅ Fold 3 completed in 93 minutes

📁 Loaded 5 folds from data/cv_folds/all_folds.json

================================================================================
Training U-Net Baseline - Fold 4
================================================================================

Device: cuda
📊 Volume dataset: 901 patients
📊 Volume dataset: 100 patients
📊 Volume dataset: 250 patients
Model parameters: 1,403,265
Epoch 1/50 | Train: loss=1.3884 dice=0.4139 | Val: loss=1.2839 dice=0.6620 | Time: 165.5s
Epoch 2/50 | Train: loss=1.2729 dice=0.7279 | Val: loss=1.2263 dice=0.8509 | Time: 163.7s
Epoch 3/50 | Train: loss=1.2520 dice=0.7751 | Val: loss=1.2101 dice=0.7939 | Time: 164.4s
Epoch 4/50 | Train: loss=1.2060 dice=0.7764 | Val: loss=1.1819 dice=0.8290 | Time: 164.9s
Epoch 5/50 | Train: loss=1.1327 dice=0.8188 | Val: loss=1.0603 dice=0.8476 | Time: 164.2s
Epoch 6/50 | Train: loss=1.0548 dice=0.8132 | Val: loss=1.0152 dice=0.8511 | Time: 163.4s
Epoch 7/50 | Train: loss=0.9680 dice=0.7687 | Val: loss=0.9456 dice=0.8086 | Time: 164.8s
Epoch 8/50 | Train: loss=0.8206 dice=0.8153 | Val: loss=0.7441 dice=0.8334 | Time: 162.2s
Epoch 9/50 | Train: loss=0.6608 dice=0.8157 | Val: loss=0.8026 dice=0.6154 | Time: 164.0s
Epoch 10/50 | Train: loss=0.5060 dice=0.8135 | Val: loss=0.5932 dice=0.6173 | Time: 163.9s
Epoch 11/50 | Train: loss=0.4164 dice=0.7852 | Val: loss=0.3698 dice=0.8139 | Time: 163.0s
Epoch 12/50 | Train: loss=0.2845 dice=0.8419 | Val: loss=0.2700 dice=0.8330 | Time: 164.0s
Epoch 13/50 | Train: loss=0.2690 dice=0.8263 | Val: loss=0.2817 dice=0.8222 | Time: 163.7s
Epoch 14/50 | Train: loss=0.2454 dice=0.8331 | Val: loss=0.2133 dice=0.8318 | Time: 164.0s
Epoch 15/50 | Train: loss=0.1939 dice=0.8677 | Val: loss=0.1683 dice=0.8889 | Time: 163.6s
Epoch 16/50 | Train: loss=0.1926 dice=0.8641 | Val: loss=0.1735 dice=0.8768 | Time: 164.2s
Epoch 17/50 | Train: loss=0.1917 dice=0.8604 | Val: loss=0.1860 dice=0.8630 | Time: 163.8s
Epoch 18/50 | Train: loss=0.1757 dice=0.8710 | Val: loss=0.1564 dice=0.8876 | Time: 163.0s
Epoch 19/50 | Train: loss=0.1954 dice=0.8544 | Val: loss=0.1694 dice=0.8697 | Time: 163.6s
Epoch 20/50 | Train: loss=0.1945 dice=0.8504 | Val: loss=0.1622 dice=0.8832 | Time: 163.6s
Epoch 21/50 | Train: loss=0.1952 dice=0.8502 | Val: loss=0.1747 dice=0.8678 | Time: 162.8s
Epoch 22/50 | Train: loss=0.1645 dice=0.8759 | Val: loss=0.1643 dice=0.8766 | Time: 162.7s
Epoch 23/50 | Train: loss=0.1594 dice=0.8848 | Val: loss=0.1524 dice=0.8792 | Time: 163.8s
Epoch 24/50 | Train: loss=0.1412 dice=0.8961 | Val: loss=0.1375 dice=0.9006 | Time: 167.4s
Epoch 25/50 | Train: loss=0.1685 dice=0.8697 | Val: loss=0.1373 dice=0.9037 | Time: 164.7s
Epoch 26/50 | Train: loss=0.1800 dice=0.8613 | Val: loss=0.1793 dice=0.8650 | Time: 165.3s
Epoch 27/50 | Train: loss=0.1662 dice=0.8743 | Val: loss=0.1773 dice=0.8586 | Time: 163.9s
Epoch 28/50 | Train: loss=0.1720 dice=0.8656 | Val: loss=0.1728 dice=0.8628 | Time: 163.4s
Epoch 29/50 | Train: loss=0.1428 dice=0.8914 | Val: loss=0.1582 dice=0.8753 | Time: 162.4s
Epoch 30/50 | Train: loss=0.1628 dice=0.8738 | Val: loss=0.1761 dice=0.8714 | Time: 163.0s
Epoch 31/50 | Train: loss=0.1614 dice=0.8724 | Val: loss=0.1292 dice=0.9010 | Time: 163.2s
Epoch 32/50 | Train: loss=0.1228 dice=0.9105 | Val: loss=0.1478 dice=0.8872 | Time: 162.8s
Epoch 33/50 | Train: loss=0.1461 dice=0.8910 | Val: loss=0.1256 dice=0.9052 | Time: 163.5s
Epoch 34/50 | Train: loss=0.1429 dice=0.8901 | Val: loss=0.1558 dice=0.8823 | Time: 162.3s
Epoch 35/50 | Train: loss=0.1554 dice=0.8781 | Val: loss=0.1454 dice=0.9208 | Time: 162.7s
Epoch 36/50 | Train: loss=0.1590 dice=0.8747 | Val: loss=0.1704 dice=0.8587 | Time: 163.2s
Epoch 37/50 | Train: loss=0.1381 dice=0.8946 | Val: loss=0.1240 dice=0.9053 | Time: 162.8s
Epoch 38/50 | Train: loss=0.1382 dice=0.8927 | Val: loss=0.2026 dice=0.8277 | Time: 163.1s
Epoch 39/50 | Train: loss=0.1231 dice=0.9064 | Val: loss=0.1107 dice=0.9209 | Time: 163.2s
Epoch 40/50 | Train: loss=0.1358 dice=0.9016 | Val: loss=0.1622 dice=0.8689 | Time: 164.5s
Epoch 41/50 | Train: loss=0.1258 dice=0.9030 | Val: loss=0.1322 dice=0.9096 | Time: 164.0s
Epoch 42/50 | Train: loss=0.1130 dice=0.9143 | Val: loss=0.0897 dice=0.9360 | Time: 163.7s
Epoch 43/50 | Train: loss=0.1329 dice=0.9009 | Val: loss=0.1704 dice=0.8618 | Time: 164.0s
Epoch 44/50 | Train: loss=0.1192 dice=0.9084 | Val: loss=0.1504 dice=0.8839 | Time: 162.7s
Epoch 45/50 | Train: loss=0.1339 dice=0.8974 | Val: loss=0.1162 dice=0.9118 | Time: 162.9s
Epoch 46/50 | Train: loss=0.1338 dice=0.8948 | Val: loss=0.1547 dice=0.8759 | Time: 163.5s
Epoch 47/50 | Train: loss=0.1223 dice=0.9044 | Val: loss=0.1215 dice=0.9101 | Time: 163.5s
Epoch 48/50 | Train: loss=0.1191 dice=0.9072 | Val: loss=0.1256 dice=0.9062 | Time: 163.8s
Epoch 49/50 | Train: loss=0.1231 dice=0.9053 | Val: loss=0.1266 dice=0.9067 | Time: 163.6s
Epoch 50/50 | Train: loss=0.1134 dice=0.9151 | Val: loss=0.1391 dice=0.8911 | Time: 163.6s

📊 Evaluating on test set...

✅ Fold 4 completed!
   Best Val Dice: 0.9360 (epoch 42)
   Test Dice: 0.8984
   Training time: 136.4 minutes

✅ Fold 4 completed in 137 minutes

