This is pdfTeX, Version 3.141592653-2.6-1.40.27 (TeX Live 2025) (preloaded format=pdflatex 2025.10.27)  13 MAR 2026 17:53
entering extended mode
 \write18 enabled.
 %&-line parsing enabled.
**main.tex
(./main.tex
LaTeX2e <2025-06-01> patch level 1
L3 programming layer <2025-05-26>
(/usr/local/texlive/2025/texmf-dist/tex/latex/base/article.cls
Document Class: article 2025/01/22 v1.4n Standard LaTeX document class
(/usr/local/texlive/2025/texmf-dist/tex/latex/base/size10.clo
File: size10.clo 2025/01/22 v1.4n Standard LaTeX file (size option)
)
\c@part=\count275
\c@section=\count276
\c@subsection=\count277
\c@subsubsection=\count278
\c@paragraph=\count279
\c@subparagraph=\count280
\c@figure=\count281
\c@table=\count282
\abovecaptionskip=\skip49
\belowcaptionskip=\skip50
\bibindent=\dimen148
) (/usr/local/texlive/2025/texmf-dist/tex/latex/base/inputenc.sty
Package: inputenc 2024/02/08 v1.3d Input encoding file
\inpenc@prehook=\toks17
\inpenc@posthook=\toks18
) (/usr/local/texlive/2025/texmf-dist/tex/latex/setspace/setspace.sty
Package: setspace 2022/12/04 v6.7b set line spacing
) (/usr/local/texlive/2025/texmf-dist/tex/latex/amsmath/amsmath.sty
Package: amsmath 2025/05/18 v2.17x AMS math features
\@mathmargin=\skip51
For additional information on amsmath, use the `?' option.
(/usr/local/texlive/2025/texmf-dist/tex/latex/amsmath/amstext.sty
Package: amstext 2024/11/17 v2.01 AMS text
(/usr/local/texlive/2025/texmf-dist/tex/latex/amsmath/amsgen.sty
File: amsgen.sty 1999/11/30 v2.0 generic functions
\@emptytoks=\toks19
\ex@=\dimen149
)) (/usr/local/texlive/2025/texmf-dist/tex/latex/amsmath/amsbsy.sty
Package: amsbsy 1999/11/29 v1.2d Bold Symbols
\pmbraise@=\dimen150
) (/usr/local/texlive/2025/texmf-dist/tex/latex/amsmath/amsopn.sty
Package: amsopn 2022/04/08 v2.04 operator names
)
\inf@bad=\count283
LaTeX Info: Redefining \frac on input line 233.
\uproot@=\count284
\leftroot@=\count285
LaTeX Info: Redefining \overline on input line 398.
LaTeX Info: Redefining \colon on input line 409.
\classnum@=\count286
\DOTSCASE@=\count287
LaTeX Info: Redefining \ldots on input line 495.
LaTeX Info: Redefining \dots on input line 498.
LaTeX Info: Redefining \cdots on input line 619.
\Mathstrutbox@=\box53
\strutbox@=\box54
LaTeX Info: Redefining \big on input line 721.
LaTeX Info: Redefining \Big on input line 722.
LaTeX Info: Redefining \bigg on input line 723.
LaTeX Info: Redefining \Bigg on input line 724.
\big@size=\dimen151
LaTeX Font Info:    Redeclaring font encoding OML on input line 742.
LaTeX Font Info:    Redeclaring font encoding OMS on input line 743.
\macc@depth=\count288
LaTeX Info: Redefining \bmod on input line 904.
LaTeX Info: Redefining \pmod on input line 909.
LaTeX Info: Redefining \smash on input line 939.
LaTeX Info: Redefining \relbar on input line 969.
LaTeX Info: Redefining \Relbar on input line 970.
\c@MaxMatrixCols=\count289
\dotsspace@=\muskip17
\c@parentequation=\count290
\dspbrk@lvl=\count291
\tag@help=\toks20
\row@=\count292
\column@=\count293
\maxfields@=\count294
\andhelp@=\toks21
\eqnshift@=\dimen152
\alignsep@=\dimen153
\tagshift@=\dimen154
\tagwidth@=\dimen155
\totwidth@=\dimen156
\lineht@=\dimen157
\@envbody=\toks22
\multlinegap=\skip52
\multlinetaggap=\skip53
\mathdisplay@stack=\toks23
LaTeX Info: Redefining \[ on input line 2949.
LaTeX Info: Redefining \] on input line 2950.
) (/usr/local/texlive/2025/texmf-dist/tex/latex/amsfonts/amssymb.sty
Package: amssymb 2013/01/14 v3.01 AMS font symbols
(/usr/local/texlive/2025/texmf-dist/tex/latex/amsfonts/amsfonts.sty
Package: amsfonts 2013/01/14 v3.01 Basic AMSFonts support
\symAMSa=\mathgroup4
\symAMSb=\mathgroup5
LaTeX Font Info:    Redeclaring math symbol \hbar on input line 98.
LaTeX Font Info:    Overwriting math alphabet `\mathfrak' in version `bold'
(Font)                  U/euf/m/n --> U/euf/b/n on input line 106.
)) (/usr/local/texlive/2025/texmf-dist/tex/latex/acronym/acronym.sty
Package: acronym 2025/01/17 v1.50 Support for acronyms (Tobias Oetiker)
(/usr/local/texlive/2025/texmf-dist/tex/latex/bigfoot/suffix.sty
Package: suffix 2006/07/15 1.5a Variant command support
) (/usr/local/texlive/2025/texmf-dist/tex/generic/xstring/xstring.sty (/usr/local/texlive/2025/texmf-dist/tex/generic/xstring/xstring.tex
\xs_counta=\count295
\xs_countb=\count296
)
Package: xstring 2023/08/22 v1.86 String manipulations (CT)
)
\AC@clearlist=\toks24
) (/usr/local/texlive/2025/texmf-dist/tex/latex/tools/tabularx.sty
Package: tabularx 2023/12/11 v2.12a `tabularx' package (DPC)
(/usr/local/texlive/2025/texmf-dist/tex/latex/tools/array.sty
Package: array 2025/06/08 v2.6j Tabular extension package (FMi)
\col@sep=\dimen158
\ar@mcellbox=\box55
\extrarowheight=\dimen159
\NC@list=\toks25
\extratabsurround=\skip54
\backup@length=\skip55
\ar@cellbox=\box56
)
\TX@col@width=\dimen160
\TX@old@table=\dimen161
\TX@old@col=\dimen162
\TX@target=\dimen163
\TX@delta=\dimen164
\TX@cols=\count297
\TX@ftn=\toks26
) (/usr/local/texlive/2025/texmf-dist/tex/latex/xcolor/xcolor.sty
Package: xcolor 2024/09/29 v3.02 LaTeX color extensions (UK)
(/usr/local/texlive/2025/texmf-dist/tex/latex/graphics-cfg/color.cfg
File: color.cfg 2016/01/02 v1.6 sample color configuration
)
Package xcolor Info: Driver file: pdftex.def on input line 274.
(/usr/local/texlive/2025/texmf-dist/tex/latex/graphics-def/pdftex.def
File: pdftex.def 2024/04/13 v1.2c Graphics/color driver for pdftex
) (/usr/local/texlive/2025/texmf-dist/tex/latex/graphics/mathcolor.ltx)
Package xcolor Info: Model `cmy' substituted by `cmy0' on input line 1349.
Package xcolor Info: Model `hsb' substituted by `rgb' on input line 1353.
Package xcolor Info: Model `RGB' extended on input line 1365.
Package xcolor Info: Model `HTML' substituted by `rgb' on input line 1367.
Package xcolor Info: Model `Hsb' substituted by `hsb' on input line 1368.
Package xcolor Info: Model `tHsb' substituted by `hsb' on input line 1369.
Package xcolor Info: Model `HSB' substituted by `hsb' on input line 1370.
Package xcolor Info: Model `Gray' substituted by `gray' on input line 1371.
Package xcolor Info: Model `wave' substituted by `hsb' on input line 1372.
) (/usr/local/texlive/2025/texmf-dist/tex/latex/colortbl/colortbl.sty
Package: colortbl 2024/10/29 v1.0k Color table columns (DPC)
\everycr=\toks27
\minrowclearance=\skip56
\rownum=\count298
) (/usr/local/texlive/2025/texmf-dist/tex/latex/graphics/graphicx.sty
Package: graphicx 2024/12/31 v1.2e Enhanced LaTeX Graphics (DPC,SPQR)
(/usr/local/texlive/2025/texmf-dist/tex/latex/graphics/keyval.sty
Package: keyval 2022/05/29 v1.15 key=value parser (DPC)
\KV@toks@=\toks28
) (/usr/local/texlive/2025/texmf-dist/tex/latex/graphics/graphics.sty
Package: graphics 2024/08/06 v1.4g Standard LaTeX Graphics (DPC,SPQR)
(/usr/local/texlive/2025/texmf-dist/tex/latex/graphics/trig.sty
Package: trig 2023/12/02 v1.11 sin cos tan (DPC)
) (/usr/local/texlive/2025/texmf-dist/tex/latex/graphics-cfg/graphics.cfg
File: graphics.cfg 2016/06/04 v1.11 sample graphics configuration
)
Package graphics Info: Driver file: pdftex.def on input line 106.
)
\Gin@req@height=\dimen165
\Gin@req@width=\dimen166
) (/usr/local/texlive/2025/texmf-dist/tex/latex/sectsty/sectsty.sty
Package: sectsty 2002/02/25 v2.0.2 Commands to change all sectional heading styles

LaTeX Warning: Command \underbar  has changed.
               Check if current package is valid.


LaTeX Warning: Command \underline  has changed.
               Check if current package is valid.

) (/usr/local/texlive/2025/texmf-dist/tex/latex/algorithm2e/algorithm2e.sty
Package: algorithm2e 2017/07/18 v5.2 algorithms environments
\c@AlgoLine=\count299
(/usr/local/texlive/2025/texmf-dist/tex/latex/base/ifthen.sty
Package: ifthen 2024/03/16 v1.1e Standard LaTeX ifthen package (DPC)
)
\algocf@hangindent=\skip57
(/usr/local/texlive/2025/texmf-dist/tex/latex/ifoddpage/ifoddpage.sty
Package: ifoddpage 2022/10/18 v1.2 Conditionals for odd/even page detection
\c@checkoddpage=\count300
) (/usr/local/texlive/2025/texmf-dist/tex/latex/tools/xspace.sty
Package: xspace 2014/10/28 v1.13 Space after command names (DPC,MH)
) (/usr/local/texlive/2025/texmf-dist/tex/latex/relsize/relsize.sty
Package: relsize 2013/03/29 ver 4.1
)
\skiptotal=\skip58
\skiplinenumber=\skip59
\skiprule=\skip60
\skiphlne=\skip61
\skiptext=\skip62
\skiplength=\skip63
\algomargin=\skip64
\skipalgocfslide=\skip65
\algowidth=\dimen167
\inoutsize=\dimen168
\inoutindent=\dimen169
\interspacetitleruled=\dimen170
\interspacealgoruled=\dimen171
\interspacetitleboxruled=\dimen172
\algocf@ruledwidth=\skip66
\algocf@inoutbox=\box57
\algocf@inputbox=\box58
\AlCapSkip=\skip67
\AlCapHSkip=\skip68
\algoskipindent=\skip69
\algocf@nlbox=\box59
\algocf@hangingbox=\box60
\algocf@untilbox=\box61
\algocf@skipuntil=\skip70
\algocf@capbox=\box62
\algocf@lcaptionbox=\skip71
\algoheightruledefault=\skip72
\algoheightrule=\skip73
\algotitleheightruledefault=\skip74
\algotitleheightrule=\skip75
\c@algocfline=\count301
\c@algocfproc=\count302
\c@algocf=\count303
\algocf@algoframe=\box63
\algocf@algobox=\box64
) (/usr/local/texlive/2025/texmf-dist/tex/latex/biblatex/biblatex.sty
Package: biblatex 2024/03/21 v3.20 programmable bibliographies (PK/MW)
(/usr/local/texlive/2025/texmf-dist/tex/generic/pdftexcmds/pdftexcmds.sty
Package: pdftexcmds 2020-06-27 v0.33 Utility functions of pdfTeX for LuaTeX (HO)
(/usr/local/texlive/2025/texmf-dist/tex/generic/infwarerr/infwarerr.sty
Package: infwarerr 2019/12/03 v1.5 Providing info/warning/error messages (HO)
) (/usr/local/texlive/2025/texmf-dist/tex/generic/iftex/iftex.sty
Package: iftex 2024/12/12 v1.0g TeX engine tests
) (/usr/local/texlive/2025/texmf-dist/tex/generic/ltxcmds/ltxcmds.sty
Package: ltxcmds 2023-12-04 v1.26 LaTeX kernel commands for general use (HO)
)
Package pdftexcmds Info: \pdf@primitive is available.
Package pdftexcmds Info: \pdf@ifprimitive is available.
Package pdftexcmds Info: \pdfdraftmode found.
) (/usr/local/texlive/2025/texmf-dist/tex/latex/etoolbox/etoolbox.sty
Package: etoolbox 2025/02/11 v2.5l e-TeX tools for LaTeX (JAW)
\etb@tempcnta=\count304
) (/usr/local/texlive/2025/texmf-dist/tex/latex/kvoptions/kvoptions.sty
Package: kvoptions 2022-06-15 v3.15 Key value format for package options (HO)
(/usr/local/texlive/2025/texmf-dist/tex/latex/kvsetkeys/kvsetkeys.sty
Package: kvsetkeys 2022-10-05 v1.19 Key value parser (HO)
)) (/usr/local/texlive/2025/texmf-dist/tex/latex/logreq/logreq.sty
Package: logreq 2010/08/04 v1.0 xml request logger
\lrq@indent=\count305
(/usr/local/texlive/2025/texmf-dist/tex/latex/logreq/logreq.def
File: logreq.def 2010/08/04 v1.0 logreq spec v1.0
)) (/usr/local/texlive/2025/texmf-dist/tex/latex/url/url.sty
\Urlmuskip=\muskip18
Package: url 2013/09/16  ver 3.4  Verb mode for urls, etc.
)
\c@tabx@nest=\count306
\c@listtotal=\count307
\c@listcount=\count308
\c@liststart=\count309
\c@liststop=\count310
\c@citecount=\count311
\c@citetotal=\count312
\c@multicitecount=\count313
\c@multicitetotal=\count314
\c@instcount=\count315
\c@maxnames=\count316
\c@minnames=\count317
\c@maxitems=\count318
\c@minitems=\count319
\c@citecounter=\count320
\c@maxcitecounter=\count321
\c@savedcitecounter=\count322
\c@uniquelist=\count323
\c@uniquename=\count324
\c@refsection=\count325
\c@refsegment=\count326
\c@maxextratitle=\count327
\c@maxextratitleyear=\count328
\c@maxextraname=\count329
\c@maxextradate=\count330
\c@maxextraalpha=\count331
\c@abbrvpenalty=\count332
\c@highnamepenalty=\count333
\c@lownamepenalty=\count334
\c@maxparens=\count335
\c@parenlevel=\count336
\blx@tempcnta=\count337
\blx@tempcntb=\count338
\blx@tempcntc=\count339
\c@blx@maxsection=\count340
\blx@maxsegment@0=\count341
\blx@notetype=\count342
\blx@parenlevel@text=\count343
\blx@parenlevel@foot=\count344
\blx@sectionciteorder@0=\count345
\blx@sectionciteorderinternal@0=\count346
\blx@entrysetcounter=\count347
\blx@biblioinstance=\count348
\labelnumberwidth=\skip76
\labelalphawidth=\skip77
\biblabelsep=\skip78
\bibitemsep=\skip79
\bibnamesep=\skip80
\bibinitsep=\skip81
\bibparsep=\skip82
\bibhang=\skip83
\blx@bcfin=\read2
\blx@bcfout=\write3
\blx@langwohyphens=\language90
\c@mincomprange=\count349
\c@maxcomprange=\count350
\c@mincompwidth=\count351
Package biblatex Info: Trying to load biblatex default data model...
Package biblatex Info: ... file 'blx-dm.def' found.
(/usr/local/texlive/2025/texmf-dist/tex/latex/biblatex/blx-dm.def
File: blx-dm.def 2024/03/21 v3.20 biblatex datamodel (PK/MW)
)
Package biblatex Info: Trying to load biblatex custom data model...
Package biblatex Info: ... file 'biblatex-dm.cfg' not found.
\c@afterword=\count352
\c@savedafterword=\count353
\c@annotator=\count354
\c@savedannotator=\count355
\c@author=\count356
\c@savedauthor=\count357
\c@bookauthor=\count358
\c@savedbookauthor=\count359
\c@commentator=\count360
\c@savedcommentator=\count361
\c@editor=\count362
\c@savededitor=\count363
\c@editora=\count364
\c@savededitora=\count365
\c@editorb=\count366
\c@savededitorb=\count367
\c@editorc=\count368
\c@savededitorc=\count369
\c@foreword=\count370
\c@savedforeword=\count371
\c@holder=\count372
\c@savedholder=\count373
\c@introduction=\count374
\c@savedintroduction=\count375
\c@namea=\count376
\c@savednamea=\count377
\c@nameb=\count378
\c@savednameb=\count379
\c@namec=\count380
\c@savednamec=\count381
\c@translator=\count382
\c@savedtranslator=\count383
\c@shortauthor=\count384
\c@savedshortauthor=\count385
\c@shorteditor=\count386
\c@savedshorteditor=\count387
\c@labelname=\count388
\c@savedlabelname=\count389
\c@institution=\count390
\c@savedinstitution=\count391
\c@lista=\count392
\c@savedlista=\count393
\c@listb=\count394
\c@savedlistb=\count395
\c@listc=\count396
\c@savedlistc=\count397
\c@listd=\count398
\c@savedlistd=\count399
\c@liste=\count400
\c@savedliste=\count401
\c@listf=\count402
\c@savedlistf=\count403
\c@location=\count404
\c@savedlocation=\count405
\c@organization=\count406
\c@savedorganization=\count407
\c@origlocation=\count408
\c@savedoriglocation=\count409
\c@origpublisher=\count410
\c@savedorigpublisher=\count411
\c@publisher=\count412
\c@savedpublisher=\count413
\c@language=\count414
\c@savedlanguage=\count415
\c@origlanguage=\count416
\c@savedoriglanguage=\count417
\c@pageref=\count418
\c@savedpageref=\count419
\shorthandwidth=\skip84
\shortjournalwidth=\skip85
\shortserieswidth=\skip86
\shorttitlewidth=\skip87
\shortauthorwidth=\skip88
\shorteditorwidth=\skip89
\locallabelnumberwidth=\skip90
\locallabelalphawidth=\skip91
\localshorthandwidth=\skip92
\localshortjournalwidth=\skip93
\localshortserieswidth=\skip94
\localshorttitlewidth=\skip95
\localshortauthorwidth=\skip96
\localshorteditorwidth=\skip97
Package biblatex Info: Trying to load compatibility code...
Package biblatex Info: ... file 'blx-compat.def' found.
(/usr/local/texlive/2025/texmf-dist/tex/latex/biblatex/blx-compat.def
File: blx-compat.def 2024/03/21 v3.20 biblatex compatibility (PK/MW)
)
Package biblatex Info: Trying to load generic definitions...
Package biblatex Info: ... file 'biblatex.def' found.
(/usr/local/texlive/2025/texmf-dist/tex/latex/biblatex/biblatex.def
File: biblatex.def 2024/03/21 v3.20 biblatex compatibility (PK/MW)
\c@textcitecount=\count420
\c@textcitetotal=\count421
\c@textcitemaxnames=\count422
\c@biburlbigbreakpenalty=\count423
\c@biburlbreakpenalty=\count424
\c@biburlnumpenalty=\count425
\c@biburlucpenalty=\count426
\c@biburllcpenalty=\count427
\biburlbigskip=\muskip19
\biburlnumskip=\muskip20
\biburlucskip=\muskip21
\biburllcskip=\muskip22
\c@smartand=\count428
)
Package biblatex Info: Trying to load bibliography style 'numeric'...
Package biblatex Info: ... file 'numeric.bbx' found.
(/usr/local/texlive/2025/texmf-dist/tex/latex/biblatex/bbx/numeric.bbx
File: numeric.bbx 2024/03/21 v3.20 biblatex bibliography style (PK/MW)
Package biblatex Info: Trying to load bibliography style 'standard'...
Package biblatex Info: ... file 'standard.bbx' found.
(/usr/local/texlive/2025/texmf-dist/tex/latex/biblatex/bbx/standard.bbx
File: standard.bbx 2024/03/21 v3.20 biblatex bibliography style (PK/MW)
\c@bbx:relatedcount=\count429
\c@bbx:relatedtotal=\count430
))
Package biblatex Info: Trying to load citation style 'numeric'...
Package biblatex Info: ... file 'numeric.cbx' found.
(/usr/local/texlive/2025/texmf-dist/tex/latex/biblatex/cbx/numeric.cbx
File: numeric.cbx 2024/03/21 v3.20 biblatex citation style (PK/MW)
Package biblatex Info: Redefining '\cite'.
Package biblatex Info: Redefining '\parencite'.
Package biblatex Info: Redefining '\footcite'.
Package biblatex Info: Redefining '\footcitetext'.
Package biblatex Info: Redefining '\smartcite'.
Package biblatex Info: Redefining '\supercite'.
Package biblatex Info: Redefining '\textcite'.
Package biblatex Info: Redefining '\textcites'.
Package biblatex Info: Redefining '\cites'.
Package biblatex Info: Redefining '\parencites'.
Package biblatex Info: Redefining '\smartcites'.
)
Package biblatex Info: Trying to load configuration file...
Package biblatex Info: ... file 'biblatex.cfg' found.
(/usr/local/texlive/2025/texmf-dist/tex/latex/biblatex/biblatex.cfg
File: biblatex.cfg 
)
Package biblatex Info: Input encoding 'utf8' detected.
Package biblatex Info: Document encoding is UTF8 ....
(/usr/local/texlive/2025/texmf-dist/tex/latex/l3kernel/expl3.sty
Package: expl3 2025-05-26 L3 programming layer (loader) 
(/usr/local/texlive/2025/texmf-dist/tex/latex/l3backend/l3backend-pdftex.def
File: l3backend-pdftex.def 2025-04-14 L3 backend support: PDF output (pdfTeX)
\l__color_backend_stack_int=\count431
))
Package biblatex Info: ... and expl3
(biblatex)             2025-05-26 L3 programming layer (loader) 
(biblatex)             is new enough (at least 2020/04/06),
(biblatex)             setting 'casechanger=expl3'.
(/usr/local/texlive/2025/texmf-dist/tex/latex/biblatex/blx-case-expl3.sty (/usr/local/texlive/2025/texmf-dist/tex/latex/l3packages/xparse/xparse.sty
Package: xparse 2024-08-16 L3 Experimental document command parser
)
Package: blx-case-expl3 2024/03/21 v3.20 expl3 case changing code for biblatex
)) (/usr/local/texlive/2025/texmf-dist/tex/latex/hyperref/hyperref.sty
Package: hyperref 2025-05-20 v7.01m Hypertext links for LaTeX
(/usr/local/texlive/2025/texmf-dist/tex/generic/kvdefinekeys/kvdefinekeys.sty
Package: kvdefinekeys 2019-12-19 v1.6 Define keys (HO)
) (/usr/local/texlive/2025/texmf-dist/tex/generic/pdfescape/pdfescape.sty
Package: pdfescape 2019/12/09 v1.15 Implements pdfTeX's escape features (HO)
) (/usr/local/texlive/2025/texmf-dist/tex/latex/hycolor/hycolor.sty
Package: hycolor 2020-01-27 v1.10 Color options for hyperref/bookmark (HO)
) (/usr/local/texlive/2025/texmf-dist/tex/latex/hyperref/nameref.sty
Package: nameref 2023-11-26 v2.56 Cross-referencing by name of section
(/usr/local/texlive/2025/texmf-dist/tex/latex/refcount/refcount.sty
Package: refcount 2019/12/15 v3.6 Data extraction from label references (HO)
) (/usr/local/texlive/2025/texmf-dist/tex/generic/gettitlestring/gettitlestring.sty
Package: gettitlestring 2019/12/15 v1.6 Cleanup title references (HO)
)
\c@section@level=\count432
) (/usr/local/texlive/2025/texmf-dist/tex/generic/stringenc/stringenc.sty
Package: stringenc 2019/11/29 v1.12 Convert strings between diff. encodings (HO)
)
\@linkdim=\dimen173
\Hy@linkcounter=\count433
\Hy@pagecounter=\count434
(/usr/local/texlive/2025/texmf-dist/tex/latex/hyperref/pd1enc.def
File: pd1enc.def 2025-05-20 v7.01m Hyperref: PDFDocEncoding definition (HO)
Now handling font encoding PD1 ...
... no UTF-8 mapping file for font encoding PD1
) (/usr/local/texlive/2025/texmf-dist/tex/generic/intcalc/intcalc.sty
Package: intcalc 2019/12/15 v1.3 Expandable calculations with integers (HO)
)
\Hy@SavedSpaceFactor=\count435
(/usr/local/texlive/2025/texmf-dist/tex/latex/hyperref/puenc.def
File: puenc.def 2025-05-20 v7.01m Hyperref: PDF Unicode definition (HO)
Now handling font encoding PU ...
... no UTF-8 mapping file for font encoding PU
)
Package hyperref Info: Hyper figures OFF on input line 4157.
Package hyperref Info: Link nesting OFF on input line 4162.
Package hyperref Info: Hyper index ON on input line 4165.
Package hyperref Info: Plain pages OFF on input line 4172.
Package hyperref Info: Backreferencing OFF on input line 4177.
Package hyperref Info: Implicit mode ON; LaTeX internals redefined.
Package hyperref Info: Bookmarks ON on input line 4424.
\c@Hy@tempcnt=\count436
LaTeX Info: Redefining \url on input line 4763.
\XeTeXLinkMargin=\dimen174
(/usr/local/texlive/2025/texmf-dist/tex/generic/bitset/bitset.sty
Package: bitset 2019/12/09 v1.3 Handle bit-vector datatype (HO)
(/usr/local/texlive/2025/texmf-dist/tex/generic/bigintcalc/bigintcalc.sty
Package: bigintcalc 2019/12/15 v1.5 Expandable calculations on big integers (HO)
))
\Fld@menulength=\count437
\Field@Width=\dimen175
\Fld@charsize=\dimen176
Package hyperref Info: Hyper figures OFF on input line 6042.
Package hyperref Info: Link nesting OFF on input line 6047.
Package hyperref Info: Hyper index ON on input line 6050.
Package hyperref Info: backreferencing OFF on input line 6057.
Package hyperref Info: Link coloring OFF on input line 6062.
Package hyperref Info: Link coloring with OCG OFF on input line 6067.
Package hyperref Info: PDF/A mode OFF on input line 6072.
(/usr/local/texlive/2025/texmf-dist/tex/latex/base/atbegshi-ltx.sty
Package: atbegshi-ltx 2021/01/10 v1.0c Emulation of the original atbegshi
package with kernel methods
)
\Hy@abspage=\count438
\c@Item=\count439
\c@Hfootnote=\count440
)
Package hyperref Info: Driver (autodetected): hpdftex.
(/usr/local/texlive/2025/texmf-dist/tex/latex/hyperref/hpdftex.def
File: hpdftex.def 2025-05-20 v7.01m Hyperref driver for pdfTeX
\Fld@listcount=\count441
\c@bookmark@seq@number=\count442
(/usr/local/texlive/2025/texmf-dist/tex/latex/rerunfilecheck/rerunfilecheck.sty
Package: rerunfilecheck 2022-07-10 v1.10 Rerun checks for auxiliary files (HO)
(/usr/local/texlive/2025/texmf-dist/tex/latex/base/atveryend-ltx.sty
Package: atveryend-ltx 2020/08/19 v1.0a Emulation of the original atveryend package
with kernel methods
) (/usr/local/texlive/2025/texmf-dist/tex/generic/uniquecounter/uniquecounter.sty
Package: uniquecounter 2019/12/15 v1.4 Provide unlimited unique counter (HO)
)
Package uniquecounter Info: New unique counter `rerunfilecheck' on input line 285.
)
\Hy@SectionHShift=\skip98
)
Package hyperref Info: Option `colorlinks' set `true' on input line 35.
(/usr/local/texlive/2025/texmf-dist/tex/latex/geometry/geometry.sty
Package: geometry 2020/01/02 v5.9 Page Geometry
(/usr/local/texlive/2025/texmf-dist/tex/generic/iftex/ifvtex.sty
Package: ifvtex 2019/10/25 v1.7 ifvtex legacy package. Use iftex instead.
)
\Gm@cnth=\count443
\Gm@cntv=\count444
\c@Gm@tempcnt=\count445
\Gm@bindingoffset=\dimen177
\Gm@wd@mp=\dimen178
\Gm@odd@mp=\dimen179
\Gm@even@mp=\dimen180
\Gm@layoutwidth=\dimen181
\Gm@layoutheight=\dimen182
\Gm@layouthoffset=\dimen183
\Gm@layoutvoffset=\dimen184
\Gm@dimlist=\toks29
)
\@quotelevel=\count446
\@quotereset=\count447
(./output.aux)
\openout1 = `output.aux'.

LaTeX Font Info:    Checking defaults for OML/cmm/m/it on input line 38.
LaTeX Font Info:    ... okay on input line 38.
LaTeX Font Info:    Checking defaults for OMS/cmsy/m/n on input line 38.
LaTeX Font Info:    ... okay on input line 38.
LaTeX Font Info:    Checking defaults for OT1/cmr/m/n on input line 38.
LaTeX Font Info:    ... okay on input line 38.
LaTeX Font Info:    Checking defaults for T1/cmr/m/n on input line 38.
LaTeX Font Info:    ... okay on input line 38.
LaTeX Font Info:    Checking defaults for TS1/cmr/m/n on input line 38.
LaTeX Font Info:    ... okay on input line 38.
LaTeX Font Info:    Checking defaults for OMX/cmex/m/n on input line 38.
LaTeX Font Info:    ... okay on input line 38.
LaTeX Font Info:    Checking defaults for U/cmr/m/n on input line 38.
LaTeX Font Info:    ... okay on input line 38.
LaTeX Font Info:    Checking defaults for PD1/pdf/m/n on input line 38.
LaTeX Font Info:    ... okay on input line 38.
LaTeX Font Info:    Checking defaults for PU/pdf/m/n on input line 38.
LaTeX Font Info:    ... okay on input line 38.
(/usr/local/texlive/2025/texmf-dist/tex/context/base/mkii/supp-pdf.mkii
[Loading MPS to PDF converter (version 2006.09.02).]
\scratchcounter=\count448
\scratchdimen=\dimen185
\scratchbox=\box65
\nofMPsegments=\count449
\nofMParguments=\count450
\everyMPshowfont=\toks30
\MPscratchCnt=\count451
\MPscratchDim=\dimen186
\MPnumerator=\count452
\makeMPintoPDFobject=\count453
\everyMPtoPDFconversion=\toks31
) (/usr/local/texlive/2025/texmf-dist/tex/latex/epstopdf-pkg/epstopdf-base.sty
Package: epstopdf-base 2020-01-24 v2.11 Base part for package epstopdf
Package epstopdf-base Info: Redefining graphics rule for `.eps' on input line 485.
(/usr/local/texlive/2025/texmf-dist/tex/latex/latexconfig/epstopdf-sys.cfg
File: epstopdf-sys.cfg 2010/07/13 v1.3 Configuration of (r)epstopdf for TeX Live
))
Package biblatex Info: Trying to load language 'english'...
Package biblatex Info: ... file 'english.lbx' found.
(/usr/local/texlive/2025/texmf-dist/tex/latex/biblatex/lbx/english.lbx
File: english.lbx 2024/03/21 v3.20 biblatex localization (PK/MW)
)
Package biblatex Info: Input encoding 'utf8' detected.
Package biblatex Info: Automatic encoding selection.
(biblatex)             Assuming data encoding 'utf8'.
\openout3 = `output.bcf'.

Package biblatex Info: Trying to load bibliographic data...
Package biblatex Info: ... file 'output.bbl' found.
(./output.bbl)
Package biblatex Info: Reference section=0 on input line 38.
Package biblatex Info: Reference segment=0 on input line 38.
Package hyperref Info: Link coloring ON on input line 38.
(./output.out) (./output.out)
\@outlinefile=\write4
\openout4 = `output.out'.

*geometry* driver: auto-detecting
*geometry* detected driver: pdftex
*geometry* verbose mode - [ preamble ] result:
* driver: pdftex
* paper: a4paper
* layout: <same size as paper>
* layoutoffset:(h,v)=(0.0pt,0.0pt)
* modes: 
* h-part:(L,W,R)=(85.35826pt, 426.79135pt, 85.35826pt)
* v-part:(T,H,B)=(85.35826pt, 688.5567pt, 71.13188pt)
* \paperwidth=597.50787pt
* \paperheight=845.04684pt
* \textwidth=426.79135pt
* \textheight=688.5567pt
* \oddsidemargin=13.08827pt
* \evensidemargin=13.08827pt
* \topmargin=-23.91173pt
* \headheight=12.0pt
* \headsep=25.0pt
* \topskip=10.0pt
* \footskip=30.0pt
* \marginparwidth=65.0pt
* \marginparsep=11.0pt
* \columnsep=10.0pt
* \skip\footins=9.0pt plus 4.0pt minus 2.0pt
* \hoffset=0.0pt
* \voffset=0.0pt
* \mag=1000
* \@twocolumnfalse
* \@twosidefalse
* \@mparswitchfalse
* \@reversemarginfalse
* (1in=72.27pt=25.4mm, 1cm=28.453pt)

(./cover_page.tex
LaTeX Font Info:    Trying to load font information for U+msa on input line 18.
(/usr/local/texlive/2025/texmf-dist/tex/latex/amsfonts/umsa.fd
File: umsa.fd 2013/01/14 v3.01 AMS symbols A
)
LaTeX Font Info:    Trying to load font information for U+msb on input line 18.
(/usr/local/texlive/2025/texmf-dist/tex/latex/amsfonts/umsb.fd
File: umsb.fd 2013/01/14 v3.01 AMS symbols B
)
<image/BUBT-Logo.png, id=345, 412.54124pt x 529.98pt>
File: image/BUBT-Logo.png Graphic file (type png)
<use image/BUBT-Logo.png>
Package pdftex.def Info: image/BUBT-Logo.png  used on input line 32.
(pdftex.def)             Requested size: 82.50677pt x 105.99411pt.


[1

{/usr/local/texlive/2025/texmf-var/fonts/map/pdftex/updmap/pdftex.map}{/usr/local/texlive/2025/texmf-dist/fonts/enc/dvips/cm-super/cm-super-ts1.enc} <./image/BUBT-Logo.png>]) (./Declaration.tex

LaTeX Font Warning: Font shape `OT1/cmr/bx/n' in size <16> not available
(Font)              size <17.28> substituted on input line 2.

)

[2] (./Approval.tex)

[3

] (./Dedication.tex)

[4

] (./Acknowledgement.tex)

[5

] (./Abstruct.tex
Overfull \hbox (13.16257pt too wide) in paragraph at lines 11--12
[]\OT1/cmr/m/n/12 These re-sults demon-strate that graph neu-ral net-works de-liver a com-pelling accuracy-
 []


Overfull \hbox (8.01941pt too wide) in paragraph at lines 11--12
\OT1/cmr/m/n/12 efficiency trade-off for med-i-cal im-age seg-men-ta-tion, en-abling de-ploy-ment on consumer-
 []



[6

])

[7] (./Acronyms.tex

LaTeX Warning: Hyper reference `acro:3D' on page viii undefined on input line 4.


LaTeX Warning: Hyper reference `acro:3D' on page viii undefined on input line 4.


LaTeX Warning: Hyper reference `acro:ABET' on page viii undefined on input line 5.


LaTeX Warning: Hyper reference `acro:ABET' on page viii undefined on input line 5.


LaTeX Warning: Hyper reference `acro:AI' on page viii undefined on input line 6.


LaTeX Warning: Hyper reference `acro:AI' on page viii undefined on input line 6.


LaTeX Warning: Hyper reference `acro:BAETE' on page viii undefined on input line 7.


LaTeX Warning: Hyper reference `acro:BAETE' on page viii undefined on input line 7.


LaTeX Warning: Hyper reference `acro:BraTS' on page viii undefined on input line 8.


LaTeX Warning: Hyper reference `acro:BraTS' on page viii undefined on input line 8.


LaTeX Warning: Hyper reference `acro:CE' on page viii undefined on input line 9.


LaTeX Warning: Hyper reference `acro:CE' on page viii undefined on input line 9.


LaTeX Warning: Hyper reference `acro:CNN' on page viii undefined on input line 10.


LaTeX Warning: Hyper reference `acro:CNN' on page viii undefined on input line 10.


LaTeX Warning: Hyper reference `acro:CPU' on page viii undefined on input line 11.


LaTeX Warning: Hyper reference `acro:CPU' on page viii undefined on input line 11.


LaTeX Warning: Hyper reference `acro:CT' on page viii undefined on input line 12.


LaTeX Warning: Hyper reference `acro:CT' on page viii undefined on input line 12.


LaTeX Warning: Hyper reference `acro:CUDA' on page viii undefined on input line 13.


LaTeX Warning: Hyper reference `acro:CUDA' on page viii undefined on input line 13.


LaTeX Warning: Hyper reference `acro:CV' on page viii undefined on input line 14.


LaTeX Warning: Hyper reference `acro:CV' on page viii undefined on input line 14.


LaTeX Warning: Hyper reference `acro:DICOM' on page viii undefined on input line 15.


LaTeX Warning: Hyper reference `acro:DICOM' on page viii undefined on input line 15.


LaTeX Warning: Hyper reference `acro:FDA' on page viii undefined on input line 16.


LaTeX Warning: Hyper reference `acro:FDA' on page viii undefined on input line 16.


LaTeX Warning: Hyper reference `acro:FLAIR' on page viii undefined on input line 17.


LaTeX Warning: Hyper reference `acro:FLAIR' on page viii undefined on input line 17.


LaTeX Warning: Hyper reference `acro:GAT' on page viii undefined on input line 18.


LaTeX Warning: Hyper reference `acro:GAT' on page viii undefined on input line 18.


LaTeX Warning: Hyper reference `acro:GDPR' on page viii undefined on input line 19.


LaTeX Warning: Hyper reference `acro:GDPR' on page viii undefined on input line 19.


LaTeX Warning: Hyper reference `acro:GE' on page viii undefined on input line 20.


LaTeX Warning: Hyper reference `acro:GE' on page viii undefined on input line 20.


LaTeX Warning: Hyper reference `acro:GNN' on page viii undefined on input line 21.


LaTeX Warning: Hyper reference `acro:GNN' on page viii undefined on input line 21.


LaTeX Warning: Hyper reference `acro:GPU' on page viii undefined on input line 22.


LaTeX Warning: Hyper reference `acro:GPU' on page viii undefined on input line 22.


LaTeX Warning: Hyper reference `acro:GraphSAGE' on page viii undefined on input line 23.


LaTeX Warning: Hyper reference `acro:GraphSAGE' on page viii undefined on input line 23.


LaTeX Warning: Hyper reference `acro:HIPAA' on page viii undefined on input line 24.


LaTeX Warning: Hyper reference `acro:HIPAA' on page viii undefined on input line 24.


LaTeX Warning: Hyper reference `acro:HPC' on page viii undefined on input line 25.


LaTeX Warning: Hyper reference `acro:HPC' on page viii undefined on input line 25.


LaTeX Warning: Hyper reference `acro:LGG' on page viii undefined on input line 26.


LaTeX Warning: Hyper reference `acro:LGG' on page viii undefined on input line 26.



[8

]

LaTeX Warning: Hyper reference `acro:ML' on page ix undefined on input line 27.


LaTeX Warning: Hyper reference `acro:ML' on page ix undefined on input line 27.


LaTeX Warning: Hyper reference `acro:MRI' on page ix undefined on input line 28.


LaTeX Warning: Hyper reference `acro:MRI' on page ix undefined on input line 28.


LaTeX Warning: Hyper reference `acro:NIfTI' on page ix undefined on input line 29.


LaTeX Warning: Hyper reference `acro:NIfTI' on page ix undefined on input line 29.


LaTeX Warning: Hyper reference `acro:PACS' on page ix undefined on input line 30.


LaTeX Warning: Hyper reference `acro:PACS' on page ix undefined on input line 30.


LaTeX Warning: Hyper reference `acro:ReLU' on page ix undefined on input line 31.


LaTeX Warning: Hyper reference `acro:ReLU' on page ix undefined on input line 31.


LaTeX Warning: Hyper reference `acro:RTX' on page ix undefined on input line 32.


LaTeX Warning: Hyper reference `acro:RTX' on page ix undefined on input line 32.


LaTeX Warning: Hyper reference `acro:SLIC' on page ix undefined on input line 33.


LaTeX Warning: Hyper reference `acro:SLIC' on page ix undefined on input line 33.


LaTeX Warning: Hyper reference `acro:T1' on page ix undefined on input line 34.


LaTeX Warning: Hyper reference `acro:T1' on page ix undefined on input line 34.


LaTeX Warning: Hyper reference `acro:T1ce' on page ix undefined on input line 35.


LaTeX Warning: Hyper reference `acro:T1ce' on page ix undefined on input line 35.


LaTeX Warning: Hyper reference `acro:T2' on page ix undefined on input line 36.


LaTeX Warning: Hyper reference `acro:T2' on page ix undefined on input line 36.


LaTeX Warning: Hyper reference `acro:TCGA' on page ix undefined on input line 37.


LaTeX Warning: Hyper reference `acro:TCGA' on page ix undefined on input line 37.


LaTeX Warning: Hyper reference `acro:U-Net' on page ix undefined on input line 38.


LaTeX Warning: Hyper reference `acro:U-Net' on page ix undefined on input line 38.


LaTeX Warning: Hyper reference `acro:VRAM' on page ix undefined on input line 39.


LaTeX Warning: Hyper reference `acro:VRAM' on page ix undefined on input line 39.


LaTeX Warning: Hyper reference `acro:WHO' on page ix undefined on input line 40.


LaTeX Warning: Hyper reference `acro:WHO' on page ix undefined on input line 40.

)

[9] (./output.toc

[10

]

[11]

[12])
\tf@toc=\write5
\openout5 = `output.toc'.



[13] (./chapter1.tex

LaTeX Font Warning: Font shape `OT1/cmr/bx/n' in size <20> not available
(Font)              size <20.74> substituted on input line 2.




pdfTeX warning (ext4): destination with the same identifier (name{page.1}) has been already used, duplicate ignored
<to be read again> 
                   \relax 
l.17 
      [1

]

[2]

[3]
Overfull \hbox (0.1809pt too wide) in paragraph at lines 45--46
[]\OT1/cmr/m/n/12 Implement en-sem-ble meth-ods to ex-plore up-per per-for-mance bounds and demon-
 []



[4]
Overfull \hbox (0.30064pt too wide) in paragraph at lines 77--78
[]\OT1/cmr/bx/n/12 Methodological Ad-vance-ment: \OT1/cmr/m/n/12 We demon-strate that graph-based ap-proaches
 []



[5]
Overfull \hbox (2.31935pt too wide) in paragraph at lines 99--100
[]\OT1/cmr/bx/n/12 Comprehensive Val-i-da-tion Frame-work: \OT1/cmr/m/n/12 Patient-level strat-i-fied 5-fold splits
 []



[6]

[7]
Overfull \hbox (1.6322pt too wide) in paragraph at lines 119--120
\OT1/cmr/m/n/12 soft-ware en-gi-neer-ing (Py-Torch Ge-o-met-ric, CUDA op-ti-miza-tion, NIfTI/DICOM stan-
 []



[8]

[9]
Overfull \hbox (11.60965pt too wide) in paragraph at lines 145--146
\OT1/cmr/m/n/12 stripping al-go-rithms, graph the-ory mes-sage pass-ing and at-ten-tion mech-a-nisms, patient-
 []



[10]

[11])

[12] (./chapter2.tex

[13

]
Overfull \hbox (15.83554pt too wide) in paragraph at lines 25--26
\OT1/cmr/m/n/12 Recent works have ex-plored vi-sion trans-form-ers for med-i-cal seg-men-ta-tion. Hatamizadeh
 []



[14]
Overfull \hbox (14.78242pt too wide) in paragraph at lines 45--46
[]\OT1/cmr/bx/n/12 Point Cloud Rep-re-sen-ta-tions: \OT1/cmr/m/n/12 Voxel-to-point sam-pling com-bined with PointNet-
 []



[15]

[16]
Overfull \hbox (4.72733pt too wide) in paragraph at lines 81--82
\OT1/cmr/m/n/12 cre-ate de-ploy-ment bar-ri-ers that limit clin-i-cal im-pact. Graph neu-ral net-works, through
 []



[17]) (./chapter3.tex

[18


]
Overfull \hbox (12.10881pt too wide) in paragraph at lines 22--23
[]\OT1/cmr/bx/n/12 Phase 3: Fea-ture En-gi-neer-ing \OT1/cmr/m/n/12 ex-tracts domain-specific fea-tures with-out ground-
 []



[19]

[20]

[21]
Overfull \hbox (8.7909pt too wide) in paragraph at lines 116--117
\OT1/cmr/m/n/12 each MRI modal-ity to stan-dard-ize in-ten-sity dis-tri-bu-tions across pa-tients: $\OML/cmm/m/it/12 x[] \OT1/cmr/m/n/12 =
 []



[22]

[23]

[24]

[25]

[26]

[27]
Overfull \hbox (9.45114pt too wide) in paragraph at lines 243--244
[]\OT1/cmr/bx/n/12 Reproducibility: \OT1/cmr/m/n/12 De-ter-min-is-tic train-ing with man-ual seed 42 for Python, NumPy,
 []


Overfull \hbox (14.99118pt too wide) in paragraph at lines 243--244
\OT1/cmr/m/n/12 Py-Torch, and CUDA. En-vi-ron-ment vari-ables set: \OT1/cmtt/m/n/12 CUBLAS[]WORKSPACE[]CONFIG=:4096:8\OT1/cmr/m/n/12 ,
 []



[28]

[29]

[30]) (./chapter4.tex

[31


]

[32]
<figures/fig_A_cv_performance.png, id=715, 636.2169pt x 390.7398pt>
File: figures/fig_A_cv_performance.png Graphic file (type png)
<use figures/fig_A_cv_performance.png>
Package pdftex.def Info: figures/fig_A_cv_performance.png  used on input line 86.
(pdftex.def)             Requested size: 392.64725pt x 241.15912pt.


[33 <./figures/fig_A_cv_performance.png>]

[34]
<figures/fig_E_ensemble_vs_individual.png, id=729, 715.473pt x 391.4625pt>
File: figures/fig_E_ensemble_vs_individual.png Graphic file (type png)
<use figures/fig_E_ensemble_vs_individual.png>
Package pdftex.def Info: figures/fig_E_ensemble_vs_individual.png  used on input line 191.
(pdftex.def)             Requested size: 375.57846pt x 205.49101pt.


[35]

[36 <./figures/fig_E_ensemble_vs_individual.png>]

[37]

[38]
Overfull \hbox (11.2827pt too wide) in paragraph at lines 256--256
 []|\OT1/cmr/bx/n/10 Speedup/Reduction| 
 []

<figures/fig_D_speed_memory.png, id=754, 923.1288pt x 362.5545pt>
File: figures/fig_D_speed_memory.png Graphic file (type png)
<use figures/fig_D_speed_memory.png>
Package pdftex.def Info: figures/fig_D_speed_memory.png  used on input line 266.
(pdftex.def)             Requested size: 426.79135pt x 167.61798pt.
<figures/fig_B_efficiency_bubble.png, id=755, 643.203pt x 426.8748pt>
File: figures/fig_B_efficiency_bubble.png Graphic file (type png)
<use figures/fig_B_efficiency_bubble.png>
Package pdftex.def Info: figures/fig_B_efficiency_bubble.png  used on input line 277.
(pdftex.def)             Requested size: 375.57846pt x 249.26154pt.


[39]

[40 <./figures/fig_D_speed_memory.png> <./figures/fig_B_efficiency_bubble.png>]

[41]
Overfull \hbox (9.24895pt too wide) in paragraph at lines 314--315
\OT1/cmr/m/n/12 power con-sump-tion, im-por-tant for sus-tain-able health-care AI and battery-powered
 []

<figures/fig_F_ablation.png, id=778, 716.1957pt x 390.9807pt>
File: figures/fig_F_ablation.png Graphic file (type png)
<use figures/fig_F_ablation.png>
Package pdftex.def Info: figures/fig_F_ablation.png  used on input line 349.
(pdftex.def)             Requested size: 375.57846pt x 205.0293pt.


[42]

[43 <./figures/fig_F_ablation.png>]
<failure_cases/worst_BraTS2021_01405_z108.png, id=793, 1562.4774pt x 410.4936pt>
File: failure_cases/worst_BraTS2021_01405_z108.png Graphic file (type png)
<use failure_cases/worst_BraTS2021_01405_z108.png>
Package pdftex.def Info: failure_cases/worst_BraTS2021_01405_z108.png  used on input line 378.
(pdftex.def)             Requested size: 409.72255pt x 107.6403pt.

Overfull \hbox (19.28935pt too wide) in paragraph at lines 387--389
[]\OT1/cmr/bx/n/12 Worst cases (Dice $\OMS/cmsy/m/n/12 ^^Y$ \OT1/cmr/bx/n/12 0%): \OT1/cmr/m/n/12 Three pa-tients | BraTS2021[]01405, BraTS2021[]01366,
 []

<failure_cases/median_BraTS2021_00209_z059.png, id=794, 1562.4774pt x 410.4936pt>
File: failure_cases/median_BraTS2021_00209_z059.png Graphic file (type png)
<use failure_cases/median_BraTS2021_00209_z059.png>
Package pdftex.def Info: failure_cases/median_BraTS2021_00209_z059.png  used on input line 392.
(pdftex.def)             Requested size: 409.72255pt x 107.6403pt.


[44 <./failure_cases/worst_BraTS2021_01405_z108.png>]
<failure_cases/best_BraTS2021_01594_z097.png, id=801, 1562.4774pt x 410.4936pt>
File: failure_cases/best_BraTS2021_01594_z097.png Graphic file (type png)
<use failure_cases/best_BraTS2021_01594_z097.png>
Package pdftex.def Info: failure_cases/best_BraTS2021_01594_z097.png  used on input line 407.
(pdftex.def)             Requested size: 409.72255pt x 107.6403pt.


[45 <./failure_cases/median_BraTS2021_00209_z059.png> <./failure_cases/best_BraTS2021_01594_z097.png>]
<figures/fig_G_dice_distribution.png, id=810, 903.8568pt 