\BOOKMARK [1][-]{section*.1}{\376\377\000D\000e\000c\000l\000a\000r\000a\000t\000i\000o\000n}{}% 1
\BOOKMARK [1][-]{section*.2}{\376\377\000A\000p\000p\000r\000o\000v\000a\000l}{}% 2
\BOOKMARK [1][-]{section*.3}{\376\377\000D\000e\000d\000i\000c\000a\000t\000i\000o\000n}{}% 3
\BOOKMARK [1][-]{section*.4}{\376\377\000A\000c\000k\000n\000o\000w\000l\000e\000d\000g\000e\000m\000e\000n\000t}{}% 4
\BOOKMARK [1][-]{section*.5}{\376\377\000A\000b\000s\000t\000r\000a\000c\000t}{}% 5
\BOOKMARK [1][-]{section*.6}{\376\377\000L\000i\000s\000t\000\040\000o\000f\000\040\000A\000b\000b\000r\000e\000v\000i\000a\000t\000i\000o\000n\000s\000\040\000a\000n\000d\000\040\000A\000c\000r\000o\000n\000y\000m\000s}{}% 6
\BOOKMARK [1][-]{section.1}{\376\377\000I\000n\000t\000r\000o\000d\000u\000c\000t\000i\000o\000n}{}% 7
\BOOKMARK [2][-]{subsection.1.1}{\376\377\000P\000r\000o\000b\000l\000e\000m\000\040\000S\000t\000a\000t\000e\000m\000e\000n\000t}{section.1}% 8
\BOOKMARK [2][-]{subsection.1.2}{\376\377\000P\000r\000o\000b\000l\000e\000m\000\040\000B\000a\000c\000k\000g\000r\000o\000u\000n\000d}{section.1}% 9
\BOOKMARK [2][-]{subsection.1.3}{\376\377\000R\000e\000s\000e\000a\000r\000c\000h\000\040\000O\000b\000j\000e\000c\000t\000i\000v\000e\000s}{section.1}% 10
\BOOKMARK [2][-]{subsection.1.4}{\376\377\000M\000o\000t\000i\000v\000a\000t\000i\000o\000n\000s}{section.1}% 11
\BOOKMARK [2][-]{subsection.1.5}{\376\377\000S\000i\000g\000n\000i\000f\000i\000c\000a\000n\000c\000e\000\040\000o\000f\000\040\000t\000h\000e\000\040\000R\000e\000s\000e\000a\000r\000c\000h}{section.1}% 12
\BOOKMARK [2][-]{subsection.1.6}{\376\377\000R\000e\000s\000e\000a\000r\000c\000h\000\040\000C\000o\000n\000t\000r\000i\000b\000u\000t\000i\000o\000n}{section.1}% 13
\BOOKMARK [2][-]{subsection.1.7}{\376\377\000C\000o\000m\000p\000l\000e\000x\000\040\000E\000n\000g\000i\000n\000e\000e\000r\000i\000n\000g\000\040\000A\000n\000a\000l\000y\000s\000i\000s}{section.1}% 14
\BOOKMARK [3][-]{subsubsection.1.7.1}{\376\377\000C\000o\000m\000p\000l\000e\000x\000\040\000E\000n\000g\000i\000n\000e\000e\000r\000i\000n\000g\000\040\000P\000r\000o\000b\000l\000e\000m\000s\000\040\000\050\000P\0001\000-\000P\0007\000\051}{subsection.1.7}% 15
\BOOKMARK [3][-]{subsubsection.1.7.2}{\376\377\000C\000o\000m\000p\000l\000e\000x\000\040\000E\000n\000g\000i\000n\000e\000e\000r\000i\000n\000g\000\040\000A\000c\000t\000i\000v\000i\000t\000i\000e\000s\000\040\000\050\000A\0001\000-\000A\0005\000\051}{subsection.1.7}% 16
\BOOKMARK [2][-]{subsection.1.8}{\376\377\000T\000h\000e\000s\000i\000s\000/\000P\000r\000o\000j\000e\000c\000t\000\040\000O\000r\000g\000a\000n\000i\000z\000a\000t\000i\000o\000n}{section.1}% 17
\BOOKMARK [1][-]{section.2}{\376\377\000B\000a\000c\000k\000g\000r\000o\000u\000n\000d\000\040\000S\000t\000u\000d\000y\000\040\000a\000n\000d\000\040\000L\000i\000t\000e\000r\000a\000t\000u\000r\000e\000\040\000R\000e\000v\000i\000e\000w}{}% 18
\BOOKMARK [2][-]{subsection.2.1}{\376\377\000E\000v\000o\000l\000u\000t\000i\000o\000n\000\040\000o\000f\000\040\000M\000e\000d\000i\000c\000a\000l\000\040\000I\000m\000a\000g\000e\000\040\000S\000e\000g\000m\000e\000n\000t\000a\000t\000i\000o\000n}{section.2}% 19
\BOOKMARK [3][-]{subsubsection.2.1.1}{\376\377\000C\000l\000a\000s\000s\000i\000c\000a\000l\000\040\000A\000p\000p\000r\000o\000a\000c\000h\000e\000s}{subsection.2.1}% 20
\BOOKMARK [3][-]{subsubsection.2.1.2}{\376\377\000T\000h\000e\000\040\000C\000N\000N\000\040\000R\000e\000v\000o\000l\000u\000t\000i\000o\000n\000:\000\040\000U\000-\000N\000e\000t\000\040\000a\000n\000d\000\040\000I\000t\000s\000\040\000V\000a\000r\000i\000a\000n\000t\000s}{subsection.2.1}% 21
\BOOKMARK [3][-]{subsubsection.2.1.3}{\376\377\000T\000r\000a\000n\000s\000f\000o\000r\000m\000e\000r\000-\000B\000a\000s\000e\000d\000\040\000A\000r\000c\000h\000i\000t\000e\000c\000t\000u\000r\000e\000s}{subsection.2.1}% 22
\BOOKMARK [2][-]{subsection.2.2}{\376\377\000G\000r\000a\000p\000h\000\040\000N\000e\000u\000r\000a\000l\000\040\000N\000e\000t\000w\000o\000r\000k\000s\000\040\000i\000n\000\040\000M\000e\000d\000i\000c\000a\000l\000\040\000I\000m\000a\000g\000i\000n\000g}{section.2}% 23
\BOOKMARK [3][-]{subsubsection.2.2.1}{\376\377\000F\000u\000n\000d\000a\000m\000e\000n\000t\000a\000l\000s\000\040\000o\000f\000\040\000G\000r\000a\000p\000h\000\040\000R\000e\000p\000r\000e\000s\000e\000n\000t\000a\000t\000i\000o\000n\000\040\000L\000e\000a\000r\000n\000i\000n\000g}{subsection.2.2}% 24
\BOOKMARK [3][-]{subsubsection.2.2.2}{\376\377\000S\000u\000p\000e\000r\000p\000i\000x\000e\000l\000\040\000S\000e\000g\000m\000e\000n\000t\000a\000t\000i\000o\000n}{subsection.2.2}% 25
\BOOKMARK [3][-]{subsubsection.2.2.3}{\376\377\000G\000r\000a\000p\000h\000-\000B\000a\000s\000e\000d\000\040\000M\000e\000d\000i\000c\000a\000l\000\040\000S\000e\000g\000m\000e\000n\000t\000a\000t\000i\000o\000n\000:\000\040\000E\000x\000i\000s\000t\000i\000n\000g\000\040\000W\000o\000r\000k}{subsection.2.2}% 26
\BOOKMARK [2][-]{subsection.2.3}{\376\377\000R\000e\000s\000e\000a\000r\000c\000h\000\040\000G\000a\000p\000\040\000a\000n\000d\000\040\000M\000o\000t\000i\000v\000a\000t\000i\000o\000n}{section.2}% 27
\BOOKMARK [3][-]{subsubsection.2.3.1}{\376\377\000T\000h\000e\000\040\000E\000f\000f\000i\000c\000i\000e\000n\000c\000y\000-\000A\000c\000c\000u\000r\000a\000c\000y\000\040\000D\000i\000l\000e\000m\000m\000a}{subsection.2.3}% 28
\BOOKMARK [3][-]{subsubsection.2.3.2}{\376\377\000U\000n\000e\000x\000p\000l\000o\000r\000e\000d\000\040\000G\000N\000N\000\040\000P\000o\000t\000e\000n\000t\000i\000a\000l}{subsection.2.3}% 29
\BOOKMARK [2][-]{subsection.2.4}{\376\377\000P\000o\000s\000i\000t\000i\000o\000n\000i\000n\000g\000\040\000T\000h\000i\000s\000\040\000W\000o\000r\000k}{section.2}% 30
\BOOKMARK [1][-]{section.3}{\376\377\000R\000e\000s\000e\000a\000r\000c\000h\000\040\000M\000e\000t\000h\000o\000d\000o\000l\000o\000g\000y}{}% 31
\BOOKMARK [2][-]{subsection.3.1}{\376\377\000P\000r\000o\000p\000o\000s\000e\000d\000\040\000F\000r\000a\000m\000e\000w\000o\000r\000k}{section.3}% 32
\BOOKMARK [2][-]{subsection.3.2}{\376\377\000D\000a\000t\000a\000\040\000S\000e\000t\000\040\000A\000n\000a\000l\000y\000s\000i\000s}{section.3}% 33
\BOOKMARK [3][-]{subsubsection.3.2.1}{\376\377\000D\000a\000t\000a\000\040\000C\000o\000l\000l\000e\000c\000t\000i\000o\000n\000\040\000\046\000\040\000P\000r\000e\000p\000r\000o\000c\000e\000s\000s\000i\000n\000g}{subsection.3.2}% 34
\BOOKMARK [3][-]{subsubsection.3.2.2}{\376\377\000F\000e\000a\000t\000u\000r\000e\000\040\000E\000n\000g\000i\000n\000e\000e\000r\000i\000n\000g\000\040\000a\000n\000d\000\040\000S\000e\000l\000e\000c\000t\000i\000o\000n}{subsection.3.2}% 35
\BOOKMARK [2][-]{subsection.3.3}{\376\377\000A\000l\000g\000o\000r\000i\000t\000h\000m\000/\000\040\000M\000o\000d\000e\000l\000\040\000A\000n\000a\000l\000y\000s\000i\000s}{section.3}% 36
\BOOKMARK [3][-]{subsubsection.3.3.1}{\376\377\000G\000r\000a\000p\000h\000\040\000C\000o\000n\000s\000t\000r\000u\000c\000t\000i\000o\000n\000\040\000A\000l\000g\000o\000r\000i\000t\000h\000m}{subsection.3.3}% 37
\BOOKMARK [3][-]{subsubsection.3.3.2}{\376\377\000G\000r\000a\000p\000h\000S\000A\000G\000E\000\040\000A\000r\000c\000h\000i\000t\000e\000c\000t\000u\000r\000e}{subsection.3.3}% 38
\BOOKMARK [3][-]{subsubsection.3.3.3}{\376\377\000T\000r\000a\000i\000n\000i\000n\000g\000\040\000P\000r\000o\000t\000o\000c\000o\000l}{subsection.3.3}% 39
\BOOKMARK [3][-]{subsubsection.3.3.4}{\376\377\000E\000n\000s\000e\000m\000b\000l\000e\000\040\000S\000t\000r\000a\000t\000e\000g\000y}{subsection.3.3}% 40
\BOOKMARK [3][-]{subsubsection.3.3.5}{\376\377\000E\000v\000a\000l\000u\000a\000t\000i\000o\000n\000\040\000M\000e\000t\000r\000i\000c\000s}{subsection.3.3}% 41
\BOOKMARK [2][-]{subsection.3.4}{\376\377\000I\000m\000p\000l\000e\000m\000e\000n\000t\000a\000t\000i\000o\000n\000\040\000D\000e\000t\000a\000i\000l\000s}{section.3}% 42
\BOOKMARK [1][-]{section.4}{\376\377\000E\000x\000p\000e\000r\000i\000m\000e\000n\000t\000a\000l\000\040\000R\000e\000s\000u\000l\000t\000s\000\040\000a\000n\000d\000\040\000A\000n\000a\000l\000y\000s\000i\000s}{}% 43
\BOOKMARK [2][-]{subsection.4.1}{\376\377\000E\000n\000v\000i\000r\000o\000n\000m\000e\000n\000t\000\040\000S\000e\000t\000u\000p}{section.4}% 44
\BOOKMARK [2][-]{subsection.4.2}{\376\377\000C\000r\000o\000s\000s\000-\000V\000a\000l\000i\000d\000a\000t\000i\000o\000n\000\040\000P\000e\000r\000f\000o\000r\000m\000a\000n\000c\000e}{section.4}% 45
\BOOKMARK [3][-]{subsubsection.4.2.1}{\376\377\000I\000n\000d\000i\000v\000i\000d\000u\000a\000l\000\040\000F\000o\000l\000d\000\040\000R\000e\000s\000u\000l\000t\000s}{subsection.4.2}% 46
\BOOKMARK [3][-]{subsubsection.4.2.2}{\376\377\000S\000e\000c\000o\000n\000d\000a\000r\000y\000\040\000M\000e\000t\000r\000i\000c\000s}{subsection.4.2}% 47
\BOOKMARK [2][-]{subsection.4.3}{\376\377\000E\000n\000s\000e\000m\000b\000l\000e\000\040\000P\000e\000r\000f\000o\000r\000m\000a\000n\000c\000e}{section.4}% 48
\BOOKMARK [3][-]{subsubsection.4.3.1}{\376\377\000E\000n\000s\000e\000m\000b\000l\000e\000\040\000S\000t\000r\000a\000t\000e\000g\000y\000\040\000a\000n\000d\000\040\000R\000e\000s\000u\000l\000t\000s}{subsection.4.3}% 49
\BOOKMARK [2][-]{subsection.4.4}{\376\377\000E\000f\000f\000i\000c\000i\000e\000n\000c\000y\000\040\000B\000e\000n\000c\000h\000m\000a\000r\000k\000i\000n\000g}{section.4}% 50
\BOOKMARK [3][-]{subsubsection.4.4.1}{\376\377\000B\000a\000s\000e\000l\000i\000n\000e\000\040\000C\000o\000m\000p\000a\000r\000i\000s\000o\000n}{subsection.4.4}% 51
\BOOKMARK [3][-]{subsubsection.4.4.2}{\376\377\000C\000l\000i\000n\000i\000c\000a\000l\000\040\000D\000e\000p\000l\000o\000y\000m\000e\000n\000t\000\040\000I\000m\000p\000l\000i\000c\000a\000t\000i\000o\000n\000s}{subsection.4.4}% 52
\BOOKMARK [2][-]{subsection.4.5}{\376\377\000A\000b\000l\000a\000t\000i\000o\000n\000\040\000S\000t\000u\000d\000i\000e\000s}{section.4}% 53
\BOOKMARK [3][-]{subsubsection.4.5.1}{\376\377\000N\000e\000t\000w\000o\000r\000k\000\040\000D\000e\000p\000t\000h\000\040\000A\000n\000a\000l\000y\000s\000i\000s}{subsection.4.5}% 54
\BOOKMARK [3][-]{subsubsection.4.5.2}{\376\377\000B\000a\000t\000c\000h\000\040\000S\000i\000z\000e\000\040\000S\000e\000n\000s\000i\000t\000i\000v\000i\000t\000y}{subsection.4.5}% 55
\BOOKMARK [2][-]{subsection.4.6}{\376\377\000Q\000u\000a\000l\000i\000t\000a\000t\000i\000v\000e\000\040\000A\000n\000a\000l\000y\000s\000i\000s}{section.4}% 56
\BOOKMARK [2][-]{subsection.4.7}{\376\377\000K\000e\000y\000\040\000F\000i\000n\000d\000i\000n\000g\000s\000\040\000a\000n\000d\000\040\000D\000i\000s\000c\000u\000s\000s\000i\000o\000n\000s}{section.4}% 57
\BOOKMARK [3][-]{subsubsection.4.7.1}{\376\377\000P\000r\000i\000m\000a\000r\000y\000\040\000C\000o\000n\000t\000r\000i\000b\000u\000t\000i\000o\000n\000s\000\040\000V\000a\000l\000i\000d\000a\000t\000e\000d}{subsection.4.7}% 58
\BOOKMARK [3][-]{subsubsection.4.7.2}{\376\377\000L\000i\000m\000i\000t\000a\000t\000i\000o\000n\000s\000\040\000a\000n\000d\000\040\000C\000o\000n\000s\000t\000r\000a\000i\000n\000t\000s}{subsection.4.7}% 59
\BOOKMARK [2][-]{subsection.4.8}{\376\377\000C\000o\000m\000p\000a\000r\000i\000s\000o\000n\000\040\000w\000i\000t\000h\000\040\000S\000t\000a\000t\000e\000-\000o\000f\000-\000t\000h\000e\000-\000A\000r\000t\000\040\000M\000e\000t\000h\000o\000d\000s}{section.4}% 60
\BOOKMARK [1][-]{section.5}{\376\377\000S\000t\000a\000n\000d\000a\000r\000d\000s\000,\000\040\000C\000o\000n\000s\000t\000r\000a\000i\000n\000t\000s\000,\000\040\000a\000n\000d\000\040\000M\000i\000l\000e\000s\000t\000o\000n\000e\000s}{}% 61
\BOOKMARK [2][-]{subsection.5.1}{\376\377\000S\000u\000s\000t\000a\000i\000n\000a\000b\000i\000l\000i\000t\000y\000\040\000S\000t\000a\000n\000d\000a\000r\000d\000s}{section.5}% 62
\BOOKMARK [3][-]{subsubsection.5.1.1}{\376\377\000S\000o\000f\000t\000w\000a\000r\000e\000\040\000D\000e\000v\000e\000l\000o\000p\000m\000e\000n\000t\000\040\000S\000t\000a\000n\000d\000a\000r\000d\000s}{subsection.5.1}% 63
\BOOKMARK [3][-]{subsubsection.5.1.2}{\376\377\000D\000a\000t\000a\000\040\000M\000a\000n\000a\000g\000e\000m\000e\000n\000t\000\040\000S\000t\000a\000n\000d\000a\000r\000d\000s}{subsection.5.1}% 64
\BOOKMARK [3][-]{subsubsection.5.1.3}{\376\377\000E\000n\000v\000i\000r\000o\000n\000m\000e\000n\000t\000a\000l\000\040\000S\000u\000s\000t\000a\000i\000n\000a\000b\000i\000l\000i\000t\000y}{subsection.5.1}% 65
\BOOKMARK [2][-]{subsection.5.2}{\376\377\000I\000m\000p\000a\000c\000t\000s\000\040\000o\000n\000\040\000S\000o\000c\000i\000e\000t\000y}{section.5}% 66
\BOOKMARK [3][-]{subsubsection.5.2.1}{\376\377\000H\000e\000a\000l\000t\000h\000c\000a\000r\000e\000\040\000A\000c\000c\000e\000s\000s\000i\000b\000i\000l\000i\000t\000y}{subsection.5.2}% 67
\BOOKMARK [3][-]{subsubsection.5.2.2}{\376\377\000C\000l\000i\000n\000i\000c\000a\000l\000\040\000W\000o\000r\000k\000f\000l\000o\000w\000\040\000I\000n\000t\000e\000g\000r\000a\000t\000i\000o\000n}{subsection.5.2}% 68
\BOOKMARK [3][-]{subsubsection.5.2.3}{\376\377\000D\000i\000a\000g\000n\000o\000s\000t\000i\000c\000\040\000E\000q\000u\000i\000t\000y}{subsection.5.2}% 69
\BOOKMARK [2][-]{subsection.5.3}{\376\377\000E\000t\000h\000i\000c\000s}{section.5}% 70
\BOOKMARK [3][-]{subsubsection.5.3.1}{\376\377\000A\000l\000g\000o\000r\000i\000t\000h\000m\000i\000c\000\040\000F\000a\000i\000r\000n\000e\000s\000s\000\040\000a\000n\000d\000\040\000B\000i\000a\000s}{subsection.5.3}% 71
\BOOKMARK [3][-]{subsubsection.5.3.2}{\376\377\000P\000r\000i\000v\000a\000c\000y\000\040\000a\000n\000d\000\040\000D\000a\000t\000a\000\040\000P\000r\000o\000t\000e\000c\000t\000i\000o\000n}{subsection.5.3}% 72
\BOOKMARK [3][-]{subsubsection.5.3.3}{\376\377\000C\000l\000i\000n\000i\000c\000a\000l\000\040\000A\000c\000c\000o\000u\000n\000t\000a\000b\000i\000l\000i\000t\000y}{subsection.5.3}% 73
\BOOKMARK [3][-]{subsubsection.5.3.4}{\376\377\000I\000n\000f\000o\000r\000m\000e\000d\000\040\000C\000o\000n\000s\000e\000n\000t}{subsection.5.3}% 74
\BOOKMARK [2][-]{subsection.5.4}{\376\377\000C\000h\000a\000l\000l\000e\000n\000g\000e\000s}{section.5}% 75
\BOOKMARK [3][-]{subsubsection.5.4.1}{\376\377\000T\000e\000c\000h\000n\000i\000c\000a\000l\000\040\000C\000h\000a\000l\000l\000e\000n\000g\000e\000s}{subsection.5.4}% 76
\BOOKMARK [3][-]{subsubsection.5.4.2}{\376\377\000O\000p\000e\000r\000a\000t\000i\000o\000n\000a\000l\000\040\000C\000h\000a\000l\000l\000e\000n\000g\000e\000s}{subsection.5.4}% 77
\BOOKMARK [3][-]{subsubsection.5.4.3}{\376\377\000V\000a\000l\000i\000d\000a\000t\000i\000o\000n\000\040\000C\000h\000a\000l\000l\000e\000n\000g\000e\000s}{subsection.5.4}% 78
\BOOKMARK [2][-]{subsection.5.5}{\376\377\000C\000o\000n\000s\000t\000r\000a\000i\000n\000t\000s}{section.5}% 79
\BOOKMARK [3][-]{subsubsection.5.5.1}{\376\377\000D\000e\000s\000i\000g\000n\000\040\000C\000o\000n\000s\000t\000r\000a\000i\000n\000t\000s}{subsection.5.5}% 80
\BOOKMARK [3][-]{subsubsection.5.5.2}{\376\377\000C\000o\000m\000p\000o\000n\000e\000n\000t\000\040\000C\000o\000n\000s\000t\000r\000a\000i\000n\000t\000s}{subsection.5.5}% 81
\BOOKMARK [3][-]{subsubsection.5.5.3}{\376\377\000B\000u\000d\000g\000e\000t\000\040\000C\000o\000n\000s\000t\000r\000a\000i\000n\000t\000s}{subsection.5.5}% 82
\BOOKMARK [2][-]{subsection.5.6}{\376\377\000T\000i\000m\000e\000l\000i\000n\000e\000\040\000a\000n\000d\000\040\000G\000a\000n\000t\000t\000\040\000C\000h\000a\000r\000t}{section.5}% 83
\BOOKMARK [1][-]{section.6}{\376\377\000C\000o\000n\000c\000l\000u\000s\000i\000o\000n}{}% 84
\BOOKMARK [2][-]{subsection.6.1}{\376\377\000L\000i\000m\000i\000t\000a\000t\000i\000o\000n\000s}{section.6}% 85
\BOOKMARK [2][-]{subsection.6.2}{\376\377\000F\000u\000t\000u\000r\000e\000\040\000W\000o\000r\000k\000s\000\040\000a\000n\000d\000\040\000D\000i\000r\000e\000c\000t\000i\000o\000n}{section.6}% 86
