This is pdfTeX, Version 3.141592653-2.6-1.40.25 (TeX Live 2023/Debian) (preloaded format=pdflatex 2025.11.24)  5 MAR 2026 05:21
entering extended mode
 restricted \write18 enabled.
 %&-line parsing enabled.
**main.tex
(./main.tex
LaTeX2e <2023-11-01> patch level 1
L3 programming layer <2024-01-22>
(/usr/share/texlive/texmf-dist/tex/latex/base/article.cls
Document Class: article 2023/05/17 v1.4n Standard LaTeX document class
(/usr/share/texlive/texmf-dist/tex/latex/base/size10.clo
File: size10.clo 2023/05/17 v1.4n Standard LaTeX file (size option)
)
\c@part=\count187
\c@section=\count188
\c@subsection=\count189
\c@subsubsection=\count190
\c@paragraph=\count191
\c@subparagraph=\count192
\c@figure=\count193
\c@table=\count194
\abovecaptionskip=\skip48
\belowcaptionskip=\skip49
\bibindent=\dimen140
)
(/usr/share/texlive/texmf-dist/tex/latex/base/inputenc.sty
Package: inputenc 2021/02/14 v1.3d Input encoding file
\inpenc@prehook=\toks17
\inpenc@posthook=\toks18
)
(/usr/share/texlive/texmf-dist/tex/latex/setspace/setspace.sty
Package: setspace 2022/12/04 v6.7b set line spacing
)
(/usr/share/texlive/texmf-dist/tex/latex/amsmath/amsmath.sty
Package: amsmath 2023/05/13 v2.17o AMS math features
\@mathmargin=\skip50

For additional information on amsmath, use the `?' option.
(/usr/share/texlive/texmf-dist/tex/latex/amsmath/amstext.sty
Package: amstext 2021/08/26 v2.01 AMS text

(/usr/share/texlive/texmf-dist/tex/latex/amsmath/amsgen.sty
File: amsgen.sty 1999/11/30 v2.0 generic functions
\@emptytoks=\toks19
\ex@=\dimen141
))
(/usr/share/texlive/texmf-dist/tex/latex/amsmath/amsbsy.sty
Package: amsbsy 1999/11/29 v1.2d Bold Symbols
\pmbraise@=\dimen142
)
(/usr/share/texlive/texmf-dist/tex/latex/amsmath/amsopn.sty
Package: amsopn 2022/04/08 v2.04 operator names
)
\inf@bad=\count195
LaTeX Info: Redefining \frac on input line 234.
\uproot@=\count196
\leftroot@=\count197
LaTeX Info: Redefining \overline on input line 399.
LaTeX Info: Redefining \colon on input line 410.
\classnum@=\count198
\DOTSCASE@=\count199
LaTeX Info: Redefining \ldots on input line 496.
LaTeX Info: Redefining \dots on input line 499.
LaTeX Info: Redefining \cdots on input line 620.
\Mathstrutbox@=\box51
\strutbox@=\box52
LaTeX Info: Redefining \big on input line 722.
LaTeX Info: Redefining \Big on input line 723.
LaTeX Info: Redefining \bigg on input line 724.
LaTeX Info: Redefining \Bigg on input line 725.
\big@size=\dimen143
LaTeX Font Info:    Redeclaring font encoding OML on input line 743.
LaTeX Font Info:    Redeclaring font encoding OMS on input line 744.
\macc@depth=\count266
LaTeX Info: Redefining \bmod on input line 905.
LaTeX Info: Redefining \pmod on input line 910.
LaTeX Info: Redefining \smash on input line 940.
LaTeX Info: Redefining \relbar on input line 970.
LaTeX Info: Redefining \Relbar on input line 971.
\c@MaxMatrixCols=\count267
\dotsspace@=\muskip16
\c@parentequation=\count268
\dspbrk@lvl=\count269
\tag@help=\toks20
\row@=\count270
\column@=\count271
\maxfields@=\count272
\andhelp@=\toks21
\eqnshift@=\dimen144
\alignsep@=\dimen145
\tagshift@=\dimen146
\tagwidth@=\dimen147
\totwidth@=\dimen148
\lineht@=\dimen149
\@envbody=\toks22
\multlinegap=\skip51
\multlinetaggap=\skip52
\mathdisplay@stack=\toks23
LaTeX Info: Redefining \[ on input line 2953.
LaTeX Info: Redefining \] on input line 2954.
)
(/usr/share/texlive/texmf-dist/tex/latex/amsfonts/amssymb.sty
Package: amssymb 2013/01/14 v3.01 AMS font symbols

(/usr/share/texlive/texmf-dist/tex/latex/amsfonts/amsfonts.sty
Package: amsfonts 2013/01/14 v3.01 Basic AMSFonts support
\symAMSa=\mathgroup4
\symAMSb=\mathgroup5
LaTeX Font Info:    Redeclaring math symbol \hbar on input line 98.
LaTeX Font Info:    Overwriting math alphabet `\mathfrak' in version `bold'
(Font)                  U/euf/m/n --> U/euf/b/n on input line 106.
))
(/usr/share/texlive/texmf-dist/tex/latex/acronym/acronym.sty
Package: acronym 2020/04/17 v1.47 Support for acronyms (Tobias Oetiker)

(/usr/share/texlive/texmf-dist/tex/latex/bigfoot/suffix.sty
Package: suffix 2006/07/15 1.5a Variant command support
)
(/usr/share/texlive/texmf-dist/tex/generic/xstring/xstring.sty
(/usr/share/texlive/texmf-dist/tex/generic/xstring/xstring.tex
\xs_counta=\count273
\xs_countb=\count274
)
Package: xstring 2023/08/22 v1.86 String manipulations (CT)
)
\AC@clearlist=\toks24
)
(/usr/share/texlive/texmf-dist/tex/latex/tools/tabularx.sty
Package: tabularx 2023/07/08 v2.11c `tabularx' package (DPC)

(/usr/share/texlive/texmf-dist/tex/latex/tools/array.sty
Package: array 2023/10/16 v2.5g Tabular extension package (FMi)
\col@sep=\dimen150
\ar@mcellbox=\box53
\extrarowheight=\dimen151
\NC@list=\toks25
\extratabsurround=\skip53
\backup@length=\skip54
\ar@cellbox=\box54
)
\TX@col@width=\dimen152
\TX@old@table=\dimen153
\TX@old@col=\dimen154
\TX@target=\dimen155
\TX@delta=\dimen156
\TX@cols=\count275
\TX@ftn=\toks26
)
(/usr/share/texlive/texmf-dist/tex/latex/xcolor/xcolor.sty
Package: xcolor 2023/11/15 v3.01 LaTeX color extensions (UK)

(/usr/share/texlive/texmf-dist/tex/latex/graphics-cfg/color.cfg
File: color.cfg 2016/01/02 v1.6 sample color configuration
)
Package xcolor Info: Driver file: pdftex.def on input line 274.

(/usr/share/texlive/texmf-dist/tex/latex/graphics-def/pdftex.def
File: pdftex.def 2022/09/22 v1.2b Graphics/color driver for pdftex
)
(/usr/share/texlive/texmf-dist/tex/latex/graphics/mathcolor.ltx)
Package xcolor Info: Model `cmy' substituted by `cmy0' on input line 1350.
Package xcolor Info: Model `hsb' substituted by `rgb' on input line 1354.
Package xcolor Info: Model `RGB' extended on input line 1366.
Package xcolor Info: Model `HTML' substituted by `rgb' on input line 1368.
Package xcolor Info: Model `Hsb' substituted by `hsb' on input line 1369.
Package xcolor Info: Model `tHsb' substituted by `hsb' on input line 1370.
Package xcolor Info: Model `HSB' substituted by `hsb' on input line 1371.
Package xcolor Info: Model `Gray' substituted by `gray' on input line 1372.
Package xcolor Info: Model `wave' substituted by `hsb' on input line 1373.
)
(/usr/share/texlive/texmf-dist/tex/latex/colortbl/colortbl.sty
Package: colortbl 2022/06/20 v1.0f Color table columns (DPC)
\everycr=\toks27
\minrowclearance=\skip55
\rownum=\count276
)
(/usr/share/texlive/texmf-dist/tex/latex/sectsty/sectsty.sty
Package: sectsty 2002/02/25 v2.0.2 Commands to change all sectional heading sty
les


LaTeX Warning: Command \underbar  has changed.
               Check if current package is valid.


LaTeX Warning: Command \underline  has changed.
               Check if current package is valid.

) (/usr/share/texlive/texmf-dist/tex/latex/algorithm2e/algorithm2e.sty
Package: algorithm2e 2017/07/18 v5.2 algorithms environments
\c@AlgoLine=\count277

(/usr/share/texlive/texmf-dist/tex/latex/base/ifthen.sty
Package: ifthen 2022/04/13 v1.1d Standard LaTeX ifthen package (DPC)
)
\algocf@hangindent=\skip56

(/usr/share/texlive/texmf-dist/tex/latex/ifoddpage/ifoddpage.sty
Package: ifoddpage 2022/10/18 v1.2 Conditionals for odd/even page detection
\c@checkoddpage=\count278
)
(/usr/share/texlive/texmf-dist/tex/latex/tools/xspace.sty
Package: xspace 2014/10/28 v1.13 Space after command names (DPC,MH)
)
(/usr/share/texlive/texmf-dist/tex/latex/relsize/relsize.sty
Package: relsize 2013/03/29 ver 4.1
)
\skiptotal=\skip57
\skiplinenumber=\skip58
\skiprule=\skip59
\skiphlne=\skip60
\skiptext=\skip61
\skiplength=\skip62
\algomargin=\skip63
\skipalgocfslide=\skip64
\algowidth=\dimen157
\inoutsize=\dimen158
\inoutindent=\dimen159
\interspacetitleruled=\dimen160
\interspacealgoruled=\dimen161
\interspacetitleboxruled=\dimen162
\algocf@ruledwidth=\skip65
\algocf@inoutbox=\box55
\algocf@inputbox=\box56
\AlCapSkip=\skip66
\AlCapHSkip=\skip67
\algoskipindent=\skip68
\algocf@nlbox=\box57
\algocf@hangingbox=\box58
\algocf@untilbox=\box59
\algocf@skipuntil=\skip69
\algocf@capbox=\box60
\algocf@lcaptionbox=\skip70
\algoheightruledefault=\skip71
\algoheightrule=\skip72
\algotitleheightruledefault=\skip73
\algotitleheightrule=\skip74
\c@algocfline=\count279
\c@algocfproc=\count280
\c@algocf=\count281
\algocf@algoframe=\box61
\algocf@algobox=\box62
)
(/usr/share/texlive/texmf-dist/tex/latex/biblatex/biblatex.sty
Package: biblatex 2023/03/05 v3.19 programmable bibliographies (PK/MW)

(/usr/share/texlive/texmf-dist/tex/generic/pdftexcmds/pdftexcmds.sty
Package: pdftexcmds 2020-06-27 v0.33 Utility functions of pdfTeX for LuaTeX (HO
)

(/usr/share/texlive/texmf-dist/tex/generic/infwarerr/infwarerr.sty
Package: infwarerr 2019/12/03 v1.5 Providing info/warning/error messages (HO)
)
(/usr/share/texlive/texmf-dist/tex/generic/iftex/iftex.sty
Package: iftex 2022/02/03 v1.0f TeX engine tests
)
(/usr/share/texlive/texmf-dist/tex/generic/ltxcmds/ltxcmds.sty
Package: ltxcmds 2023-12-04 v1.26 LaTeX kernel commands for general use (HO)
)
Package pdftexcmds Info: \pdf@primitive is available.
Package pdftexcmds Info: \pdf@ifprimitive is available.
Package pdftexcmds Info: \pdfdraftmode found.
)
(/usr/share/texlive/texmf-dist/tex/latex/etoolbox/etoolbox.sty
Package: etoolbox 2020/10/05 v2.5k e-TeX tools for LaTeX (JAW)
\etb@tempcnta=\count282
)
(/usr/share/texlive/texmf-dist/tex/latex/graphics/keyval.sty
Package: keyval 2022/05/29 v1.15 key=value parser (DPC)
\KV@toks@=\toks28
)
(/usr/share/texlive/texmf-dist/tex/latex/kvoptions/kvoptions.sty
Package: kvoptions 2022-06-15 v3.15 Key value format for package options (HO)

(/usr/share/texlive/texmf-dist/tex/latex/kvsetkeys/kvsetkeys.sty
Package: kvsetkeys 2022-10-05 v1.19 Key value parser (HO)
))
(/usr/share/texlive/texmf-dist/tex/latex/logreq/logreq.sty
Package: logreq 2010/08/04 v1.0 xml request logger
\lrq@indent=\count283

(/usr/share/texlive/texmf-dist/tex/latex/logreq/logreq.def
File: logreq.def 2010/08/04 v1.0 logreq spec v1.0
))
(/usr/share/texlive/texmf-dist/tex/latex/url/url.sty
\Urlmuskip=\muskip17
Package: url 2013/09/16  ver 3.4  Verb mode for urls, etc.
)
\c@tabx@nest=\count284
\c@listtotal=\count285
\c@listcount=\count286
\c@liststart=\count287
\c@liststop=\count288
\c@citecount=\count289
\c@citetotal=\count290
\c@multicitecount=\count291
\c@multicitetotal=\count292
\c@instcount=\count293
\c@maxnames=\count294
\c@minnames=\count295
\c@maxitems=\count296
\c@minitems=\count297
\c@citecounter=\count298
\c@maxcitecounter=\count299
\c@savedcitecounter=\count300
\c@uniquelist=\count301
\c@uniquename=\count302
\c@refsection=\count303
\c@refsegment=\count304
\c@maxextratitle=\count305
\c@maxextratitleyear=\count306
\c@maxextraname=\count307
\c@maxextradate=\count308
\c@maxextraalpha=\count309
\c@abbrvpenalty=\count310
\c@highnamepenalty=\count311
\c@lownamepenalty=\count312
\c@maxparens=\count313
\c@parenlevel=\count314
\blx@tempcnta=\count315
\blx@tempcntb=\count316
\blx@tempcntc=\count317
\c@blx@maxsection=\count318
\blx@maxsegment@0=\count319
\blx@notetype=\count320
\blx@parenlevel@text=\count321
\blx@parenlevel@foot=\count322
\blx@sectionciteorder@0=\count323
\blx@sectionciteorderinternal@0=\count324
\blx@entrysetcounter=\count325
\blx@biblioinstance=\count326
\labelnumberwidth=\skip75
\labelalphawidth=\skip76
\biblabelsep=\skip77
\bibitemsep=\skip78
\bibnamesep=\skip79
\bibinitsep=\skip80
\bibparsep=\skip81
\bibhang=\skip82
\blx@bcfin=\read2
\blx@bcfout=\write3
\blx@langwohyphens=\language89
\c@mincomprange=\count327
\c@maxcomprange=\count328
\c@mincompwidth=\count329
Package biblatex Info: Trying to load biblatex default data model...
Package biblatex Info: ... file 'blx-dm.def' found.

(/usr/share/texlive/texmf-dist/tex/latex/biblatex/blx-dm.def
File: blx-dm.def 2023/03/05 v3.19 biblatex localization (PK/MW)
)
Package biblatex Info: Trying to load biblatex custom data model...
Package biblatex Info: ... file 'biblatex-dm.cfg' not found.
\c@afterword=\count330
\c@savedafterword=\count331
\c@annotator=\count332
\c@savedannotator=\count333
\c@author=\count334
\c@savedauthor=\count335
\c@bookauthor=\count336
\c@savedbookauthor=\count337
\c@commentator=\count338
\c@savedcommentator=\count339
\c@editor=\count340
\c@savededitor=\count341
\c@editora=\count342
\c@savededitora=\count343
\c@editorb=\count344
\c@savededitorb=\count345
\c@editorc=\count346
\c@savededitorc=\count347
\c@foreword=\count348
\c@savedforeword=\count349
\c@holder=\count350
\c@savedholder=\count351
\c@introduction=\count352
\c@savedintroduction=\count353
\c@namea=\count354
\c@savednamea=\count355
\c@nameb=\count356
\c@savednameb=\count357
\c@namec=\count358
\c@savednamec=\count359
\c@translator=\count360
\c@savedtranslator=\count361
\c@shortauthor=\count362
\c@savedshortauthor=\count363
\c@shorteditor=\count364
\c@savedshorteditor=\count365
\c@labelname=\count366
\c@savedlabelname=\count367
\c@institution=\count368
\c@savedinstitution=\count369
\c@lista=\count370
\c@savedlista=\count371
\c@listb=\count372
\c@savedlistb=\count373
\c@listc=\count374
\c@savedlistc=\count375
\c@listd=\count376
\c@savedlistd=\count377
\c@liste=\count378
\c@savedliste=\count379
\c@listf=\count380
\c@savedlistf=\count381
\c@location=\count382
\c@savedlocation=\count383
\c@organization=\count384
\c@savedorganization=\count385
\c@origlocation=\count386
\c@savedoriglocation=\count387
\c@origpublisher=\count388
\c@savedorigpublisher=\count389
\c@publisher=\count390
\c@savedpublisher=\count391
\c@language=\count392
\c@savedlanguage=\count393
\c@origlanguage=\count394
\c@savedoriglanguage=\count395
\c@pageref=\count396
\c@savedpageref=\count397
\shorthandwidth=\skip83
\shortjournalwidth=\skip84
\shortserieswidth=\skip85
\shorttitlewidth=\skip86
\shortauthorwidth=\skip87
\shorteditorwidth=\skip88
\locallabelnumberwidth=\skip89
\locallabelalphawidth=\skip90
\localshorthandwidth=\skip91
\localshortjournalwidth=\skip92
\localshortserieswidth=\skip93
\localshorttitlewidth=\skip94
\localshortauthorwidth=\skip95
\localshorteditorwidth=\skip96
Package biblatex Info: Trying to load compatibility code...
Package biblatex Info: ... file 'blx-compat.def' found.

(/usr/share/texlive/texmf-dist/tex/latex/biblatex/blx-compat.def
File: blx-compat.def 2023/03/05 v3.19 biblatex compatibility (PK/MW)
)
Package biblatex Info: Trying to load generic definitions...
Package biblatex Info: ... file 'biblatex.def' found.

(/usr/share/texlive/texmf-dist/tex/latex/biblatex/biblatex.def
File: biblatex.def 2023/03/05 v3.19 biblatex compatibility (PK/MW)
\c@textcitecount=\count398
\c@textcitetotal=\count399
\c@textcitemaxnames=\count400
\c@biburlbigbreakpenalty=\count401
\c@biburlbreakpenalty=\count402
\c@biburlnumpenalty=\count403
\c@biburlucpenalty=\count404
\c@biburllcpenalty=\count405
\biburlbigskip=\muskip18
\biburlnumskip=\muskip19
\biburlucskip=\muskip20
\biburllcskip=\muskip21
\c@smartand=\count406
)
Package biblatex Info: Trying to load bibliography style 'numeric'...
Package biblatex Info: ... file 'numeric.bbx' found.

(/usr/share/texlive/texmf-dist/tex/latex/biblatex/bbx/numeric.bbx
File: numeric.bbx 2023/03/05 v3.19 biblatex bibliography style (PK/MW)
Package biblatex Info: Trying to load bibliography style 'standard'...
Package biblatex Info: ... file 'standard.bbx' found.

(/usr/share/texlive/texmf-dist/tex/latex/biblatex/bbx/standard.bbx
File: standard.bbx 2023/03/05 v3.19 biblatex bibliography style (PK/MW)
\c@bbx:relatedcount=\count407
\c@bbx:relatedtotal=\count408
))
Package biblatex Info: Trying to load citation style 'numeric'...
Package biblatex Info: ... file 'numeric.cbx' found.

(/usr/share/texlive/texmf-dist/tex/latex/biblatex/cbx/numeric.cbx
File: numeric.cbx 2023/03/05 v3.19 biblatex citation style (PK/MW)
Package biblatex Info: Redefining '\cite'.
Package biblatex Info: Redefining '\parencite'.
Package biblatex Info: Redefining '\footcite'.
Package biblatex Info: Redefining '\footcitetext'.
Package biblatex Info: Redefining '\smartcite'.
Package biblatex Info: Redefining '\supercite'.
Package biblatex Info: Redefining '\textcite'.
Package biblatex Info: Redefining '\textcites'.
Package biblatex Info: Redefining '\cites'.
Package biblatex Info: Redefining '\parencites'.
Package biblatex Info: Redefining '\smartcites'.
)
Package biblatex Info: Trying to load configuration file...
Package biblatex Info: ... file 'biblatex.cfg' found.

(/usr/share/texlive/texmf-dist/tex/latex/biblatex/biblatex.cfg
File: biblatex.cfg 
)
Package biblatex Info: Input encoding 'utf8' detected.
Package biblatex Info: Document encoding is UTF8 ....

(/usr/share/texlive/texmf-dist/tex/latex/l3kernel/expl3.sty
Package: expl3 2024-01-22 L3 programming layer (loader) 

(/usr/share/texlive/texmf-dist/tex/latex/l3backend/l3backend-pdftex.def
File: l3backend-pdftex.def 2024-01-04 L3 backend support: PDF output (pdfTeX)
\l__color_backend_stack_int=\count409
\l__pdf_internal_box=\box63
))
Package biblatex Info: ... and expl3
(biblatex)             2024-01-22 L3 programming layer (loader) 
(biblatex)             is new enough (at least 2020/04/06),
(biblatex)             setting 'casechanger=expl3'.

(/usr/share/texlive/texmf-dist/tex/latex/biblatex/blx-case-expl3.sty
(/usr/share/texlive/texmf-dist/tex/latex/l3packages/xparse/xparse.sty
Package: xparse 2023-10-10 L3 Experimental document command parser
)
Package: blx-case-expl3 2023/03/05 v3.19 expl3 case changing code for biblatex
))
(/usr/share/texlive/texmf-dist/tex/latex/hyperref/hyperref.sty
Package: hyperref 2024-01-20 v7.01h Hypertext links for LaTeX

(/usr/share/texlive/texmf-dist/tex/generic/kvdefinekeys/kvdefinekeys.sty
Package: kvdefinekeys 2019-12-19 v1.6 Define keys (HO)
)
(/usr/share/texlive/texmf-dist/tex/generic/pdfescape/pdfescape.sty
Package: pdfescape 2019/12/09 v1.15 Implements pdfTeX's escape features (HO)
)
(/usr/share/texlive/texmf-dist/tex/latex/hycolor/hycolor.sty
Package: hycolor 2020-01-27 v1.10 Color options for hyperref/bookmark (HO)
)
(/usr/share/texlive/texmf-dist/tex/latex/auxhook/auxhook.sty
Package: auxhook 2019-12-17 v1.6 Hooks for auxiliary files (HO)
)
(/usr/share/texlive/texmf-dist/tex/latex/hyperref/nameref.sty
Package: nameref 2023-11-26 v2.56 Cross-referencing by name of section

(/usr/share/texlive/texmf-dist/tex/latex/refcount/refcount.sty
Package: refcount 2019/12/15 v3.6 Data extraction from label references (HO)
)
(/usr/share/texlive/texmf-dist/tex/generic/gettitlestring/gettitlestring.sty
Package: gettitlestring 2019/12/15 v1.6 Cleanup title references (HO)
)
\c@section@level=\count410
)
\@linkdim=\dimen163
\Hy@linkcounter=\count411
\Hy@pagecounter=\count412

(/usr/share/texlive/texmf-dist/tex/latex/hyperref/pd1enc.def
File: pd1enc.def 2024-01-20 v7.01h Hyperref: PDFDocEncoding definition (HO)
Now handling font encoding PD1 ...
... no UTF-8 mapping file for font encoding PD1
)
(/usr/share/texlive/texmf-dist/tex/generic/intcalc/intcalc.sty
Package: intcalc 2019/12/15 v1.3 Expandable calculations with integers (HO)
)
\Hy@SavedSpaceFactor=\count413

(/usr/share/texlive/texmf-dist/tex/latex/hyperref/puenc.def
File: puenc.def 2024-01-20 v7.01h Hyperref: PDF Unicode definition (HO)
Now handling font encoding PU ...
... no UTF-8 mapping file for font encoding PU
)
Package hyperref Info: Hyper figures OFF on input line 4179.
Package hyperref Info: Link nesting OFF on input line 4184.
Package hyperref Info: Hyper index ON on input line 4187.
Package hyperref Info: Plain pages OFF on input line 4194.
Package hyperref Info: Backreferencing OFF on input line 4199.
Package hyperref Info: Implicit mode ON; LaTeX internals redefined.
Package hyperref Info: Bookmarks ON on input line 4446.
\c@Hy@tempcnt=\count414
LaTeX Info: Redefining \url on input line 4784.
\XeTeXLinkMargin=\dimen164

(/usr/share/texlive/texmf-dist/tex/generic/bitset/bitset.sty
Package: bitset 2019/12/09 v1.3 Handle bit-vector datatype (HO)

(/usr/share/texlive/texmf-dist/tex/generic/bigintcalc/bigintcalc.sty
Package: bigintcalc 2019/12/15 v1.5 Expandable calculations on big integers (HO
)
))
\Fld@menulength=\count415
\Field@Width=\dimen165
\Fld@charsize=\dimen166
Package hyperref Info: Hyper figures OFF on input line 6063.
Package hyperref Info: Link nesting OFF on input line 6068.
Package hyperref Info: Hyper index ON on input line 6071.
Package hyperref Info: backreferencing OFF on input line 6078.
Package hyperref Info: Link coloring OFF on input line 6083.
Package hyperref Info: Link coloring with OCG OFF on input line 6088.
Package hyperref Info: PDF/A mode OFF on input line 6093.

(/usr/share/texlive/texmf-dist/tex/latex/base/atbegshi-ltx.sty
Package: atbegshi-ltx 2021/01/10 v1.0c Emulation of the original atbegshi
package with kernel methods
)
\Hy@abspage=\count416
\c@Item=\count417
\c@Hfootnote=\count418
)
Package hyperref Info: Driver (autodetected): hpdftex.

(/usr/share/texlive/texmf-dist/tex/latex/hyperref/hpdftex.def
File: hpdftex.def 2024-01-20 v7.01h Hyperref driver for pdfTeX

(/usr/share/texlive/texmf-dist/tex/latex/base/atveryend-ltx.sty
Package: atveryend-ltx 2020/08/19 v1.0a Emulation of the original atveryend pac
kage
with kernel methods
)
\Fld@listcount=\count419
\c@bookmark@seq@number=\count420

(/usr/share/texlive/texmf-dist/tex/latex/rerunfilecheck/rerunfilecheck.sty
Package: rerunfilecheck 2022-07-10 v1.10 Rerun checks for auxiliary files (HO)

(/usr/share/texlive/texmf-dist/tex/generic/uniquecounter/uniquecounter.sty
Package: uniquecounter 2019/12/15 v1.4 Provide unlimited unique counter (HO)
)
Package uniquecounter Info: New unique counter `rerunfilecheck' on input line 2
85.
)
\Hy@SectionHShift=\skip97
)
Package hyperref Info: Option `colorlinks' set `true' on input line 33.

(/usr/share/texlive/texmf-dist/tex/latex/geometry/geometry.sty
Package: geometry 2020/01/02 v5.9 Page Geometry

(/usr/share/texlive/texmf-dist/tex/generic/iftex/ifvtex.sty
Package: ifvtex 2019/10/25 v1.7 ifvtex legacy package. Use iftex instead.
)
\Gm@cnth=\count421
\Gm@cntv=\count422
\c@Gm@tempcnt=\count423
\Gm@bindingoffset=\dimen167
\Gm@wd@mp=\dimen168
\Gm@odd@mp=\dimen169
\Gm@even@mp=\dimen170
\Gm@layoutwidth=\dimen171
\Gm@layoutheight=\dimen172
\Gm@layouthoffset=\dimen173
\Gm@layoutvoffset=\dimen174
\Gm@dimlist=\toks29
)
\@quotelevel=\count424
\@quotereset=\count425
 (./main.aux)
\openout1 = `main.aux'.

LaTeX Font Info:    Checking defaults for OML/cmm/m/it on input line 36.
LaTeX Font Info:    ... okay on input line 36.
LaTeX Font Info:    Checking defaults for OMS/cmsy/m/n on input line 36.
LaTeX Font Info:    ... okay on input line 36.
LaTeX Font Info:    Checking defaults for OT1/cmr/m/n on input line 36.
LaTeX Font Info:    ... okay on input line 36.
LaTeX Font Info:    Checking defaults for T1/cmr/m/n on input line 36.
LaTeX Font Info:    ... okay on input line 36.
LaTeX Font Info:    Checking defaults for TS1/cmr/m/n on input line 36.
LaTeX Font Info:    ... okay on input line 36.
LaTeX Font Info:    Checking defaults for OMX/cmex/m/n on input line 36.
LaTeX Font Info:    ... okay on input line 36.
LaTeX Font Info:    Checking defaults for U/cmr/m/n on input line 36.
LaTeX Font Info:    ... okay on input line 36.
LaTeX Font Info:    Checking defaults for PD1/pdf/m/n on input line 36.
LaTeX Font Info:    ... okay on input line 36.
LaTeX Font Info:    Checking defaults for PU/pdf/m/n on input line 36.
LaTeX Font Info:    ... okay on input line 36.

(/usr/share/texlive/texmf-dist/tex/context/base/mkii/supp-pdf.mkii
[Loading MPS to PDF converter (version 2006.09.02).]
\scratchcounter=\count426
\scratchdimen=\dimen175
\scratchbox=\box64
\nofMPsegments=\count427
\nofMParguments=\count428
\everyMPshowfont=\toks30
\MPscratchCnt=\count429
\MPscratchDim=\dimen176
\MPnumerator=\count430
\makeMPintoPDFobject=\count431
\everyMPtoPDFconversion=\toks31
)
Package biblatex Info: Trying to load language 'english'...
Package biblatex Info: ... file 'english.lbx' found.
 (/usr/share/texlive/texmf-dist/tex/latex/biblatex/lbx/english.lbx
File: english.lbx 2023/03/05 v3.19 biblatex localization (PK/MW)
)
Package biblatex Info: Input encoding 'utf8' detected.
Package biblatex Info: Automatic encoding selection.
(biblatex)             Assuming data encoding 'utf8'.
\openout3 = `main.bcf'.

Package biblatex Info: Trying to load bibliographic data...
Package biblatex Info: ... file 'main.bbl' found.

(./main.bbl)
Package biblatex Info: Reference section=0 on input line 36.
Package biblatex Info: Reference segment=0 on input line 36.
Package hyperref Info: Link coloring ON on input line 36.
 (./main.out) (./main.out)
\@outlinefile=\write4
\openout4 = `main.out'.


*geometry* driver: auto-detecting
*geometry* detected driver: pdftex
*geometry* verbose mode - [ preamble ] result:
* driver: pdftex
* paper: a4paper
* layout: <same size as paper>
* layoutoffset:(h,v)=(0.0pt,0.0pt)
* modes: 
* h-part:(L,W,R)=(85.35826pt, 426.79135pt, 85.35826pt)
* v-part:(T,H,B)=(85.35826pt, 688.5567pt, 71.13188pt)
* \paperwidth=597.50787pt
* \paperheight=845.04684pt
* \textwidth=426.79135pt
* \textheight=688.5567pt
* \oddsidemargin=13.08827pt
* \evensidemargin=13.08827pt
* \topmargin=-23.91173pt
* \headheight=12.0pt
* \headsep=25.0pt
* \topskip=10.0pt
* \footskip=30.0pt
* \marginparwidth=65.0pt
* \marginparsep=11.0pt
* \columnsep=10.0pt
* \skip\footins=9.0pt plus 4.0pt minus 2.0pt
* \hoffset=0.0pt
* \voffset=0.0pt
* \mag=1000
* \@twocolumnfalse
* \@twosidefalse
* \@mparswitchfalse
* \@reversemarginfalse
* (1in=72.27pt=25.4mm, 1cm=28.453pt)

(./cover_page.tex
LaTeX Font Info:    Trying to load font information for U+msa on input line 18.

 (/usr/share/texlive/texmf-dist/tex/latex/amsfonts/umsa.fd
File: umsa.fd 2013/01/14 v3.01 AMS symbols A
)
LaTeX Font Info:    Trying to load font information for U+msb on input line 18.


(/usr/share/texlive/texmf-dist/tex/latex/amsfonts/umsb.fd
File: umsb.fd 2013/01/14 v3.01 AMS symbols B
)
! Undefined control sequence.
l.32 \includegraphics
                     [scale=0.2]{image/BUBT-Logo.png}
The control sequence at the end of the top line
of your error message was never \def'ed. If you have
misspelled it (e.g., `\hobx'), type `I' and the correct
spelling (e.g., `I\hbox'). Otherwise just continue,
and I'll forget about whatever was undefined.

[1

{/var/lib/texmf/fonts/map/pdftex/updmap/pdftex.map}{/usr/share/texmf/fonts/enc/
dvips/cm-super/cm-super-ts1.enc}]) (./Declaration.tex

LaTeX Font Warning: Font shape `OT1/cmr/bx/n' in size <16> not available
(Font)              size <17.28> substituted on input line 2.

) [2] (./Approval.tex) [3

] (./Dedication.tex) [4

] (./Acknowledgement.tex)
[5

] (./Abstruct.tex) [6

] [7] (./Acronyms.tex

LaTeX Warning: Hyper reference `acro:3D' on page viii undefined on input line 4
.


LaTeX Warning: Hyper reference `acro:3D' on page viii undefined on input line 4
.


LaTeX Warning: Hyper reference `acro:ABET' on page viii undefined on input line
 5.


LaTeX Warning: Hyper reference `acro:ABET' on page viii undefined on input line
 5.


LaTeX Warning: Hyper reference `acro:AI' on page viii undefined on input line 6
.


LaTeX Warning: Hyper reference `acro:AI' on page viii undefined on input line 6
.


LaTeX Warning: Hyper reference `acro:BAETE' on page viii undefined on input lin
e 7.


LaTeX Warning: Hyper reference `acro:BAETE' on page viii undefined on input lin
e 7.


LaTeX Warning: Hyper reference `acro:BraTS' on page viii undefined on input lin
e 8.


LaTeX Warning: Hyper reference `acro:BraTS' on page viii undefined on input lin
e 8.


LaTeX Warning: Hyper reference `acro:CE' on page viii undefined on input line 9
.


LaTeX Warning: Hyper reference `acro:CE' on page viii undefined on input line 9
.


LaTeX Warning: Hyper reference `acro:CNN' on page viii undefined on input line 
10.


LaTeX Warning: Hyper reference `acro:CNN' on page viii undefined on input line 
10.


LaTeX Warning: Hyper reference `acro:CPU' on page viii undefined on input line 
11.


LaTeX Warning: Hyper reference `acro:CPU' on page viii undefined on input line 
11.


LaTeX Warning: Hyper reference `acro:CT' on page viii undefined on input line 1
2.


LaTeX Warning: Hyper reference `acro:CT' on page viii undefined on input line 1
2.


LaTeX Warning: Hyper reference `acro:CUDA' on page viii undefined on input line
 13.


LaTeX Warning: Hyper reference `acro:CUDA' on page viii undefined on input line
 13.


LaTeX Warning: Hyper reference `acro:CV' on page viii undefined on input line 1
4.


LaTeX Warning: Hyper reference `acro:CV' on page viii undefined on input line 1
4.


LaTeX Warning: Hyper reference `acro:DICOM' on page viii undefined on input lin
e 15.


LaTeX Warning: Hyper reference `acro:DICOM' on page viii undefined on input lin
e 15.


LaTeX Warning: Hyper reference `acro:FDA' on page viii undefined on input line 
16.


LaTeX Warning: Hyper reference `acro:FDA' on page viii undefined on input line 
16.


LaTeX Warning: Hyper reference `acro:FLAIR' on page viii undefined on input lin
e 17.


LaTeX Warning: Hyper reference `acro:FLAIR' on page viii undefined on input lin
e 17.


LaTeX Warning: Hyper reference `acro:GAT' on page viii undefined on input line 
18.


LaTeX Warning: Hyper reference `acro:GAT' on page viii undefined on input line 
18.


LaTeX Warning: Hyper reference `acro:GDPR' on page viii undefined on input line
 19.


LaTeX Warning: Hyper reference `acro:GDPR' on page viii undefined on input line
 19.


LaTeX Warning: Hyper reference `acro:GE' on page viii undefined on input line 2
0.


LaTeX Warning: Hyper reference `acro:GE' on page viii undefined on input line 2
0.


LaTeX Warning: Hyper reference `acro:GNN' on page viii undefined on input line 
21.


LaTeX Warning: Hyper reference `acro:GNN' on page viii undefined on input line 
21.


LaTeX Warning: Hyper reference `acro:GPU' on page viii undefined on input line 
22.


LaTeX Warning: Hyper reference `acro:GPU' on page viii undefined on input line 
22.


LaTeX Warning: Hyper reference `acro:GraphSAGE' on page viii undefined on input
 line 23.


LaTeX Warning: Hyper reference `acro:GraphSAGE' on page viii undefined on input
 line 23.


LaTeX Warning: Hyper reference `acro:HIPAA' on page viii undefined on input lin
e 24.


LaTeX Warning: Hyper reference `acro:HIPAA' on page viii undefined on input lin
e 24.


LaTeX Warning: Hyper reference `acro:HPC' on page viii undefined on input line 
25.


LaTeX Warning: Hyper reference `acro:HPC' on page viii undefined on input line 
25.


LaTeX Warning: Hyper reference `acro:LGG' on page viii undefined on input line 
26.


LaTeX Warning: Hyper reference `acro:LGG' on page viii undefined on input line 
26.

[8

]

LaTeX Warning: Hyper reference `acro:ML' on page ix undefined on input line 27.



LaTeX Warning: Hyper reference `acro:ML' on page ix undefined on input line 27.



LaTeX Warning: Hyper reference `acro:MRI' on page ix undefined on input line 28
.


LaTeX Warning: Hyper reference `acro:MRI' on page ix undefined on input line 28
.


LaTeX Warning: Hyper reference `acro:NIfTI' on page ix undefined on input line 
29.


LaTeX Warning: Hyper reference `acro:NIfTI' on page ix undefined on input line 
29.


LaTeX Warning: Hyper reference `acro:PACS' on page ix undefined on input line 3
0.


LaTeX Warning: Hyper reference `acro:PACS' on page ix undefined on input line 3
0.


LaTeX Warning: Hyper reference `acro:ReLU' on page ix undefined on input line 3
1.


LaTeX Warning: Hyper reference `acro:ReLU' on page ix undefined on input line 3
1.


LaTeX Warning: Hyper reference `acro:RTX' on page ix undefined on input line 32
.


LaTeX Warning: Hyper reference `acro:RTX' on page ix undefined on input line 32
.


LaTeX Warning: Hyper reference `acro:SLIC' on page ix undefined on input line 3
3.


LaTeX Warning: Hyper reference `acro:SLIC' on page ix undefined on input line 3
3.


LaTeX Warning: Hyper reference `acro:T1' on page ix undefined on input line 34.



LaTeX Warning: Hyper reference `acro:T1' on page ix undefined on input line 34.



LaTeX Warning: Hyper reference `acro:T1ce' on page ix undefined on input line 3
5.


LaTeX Warning: Hyper reference `acro:T1ce' on page ix undefined on input line 3
5.


LaTeX Warning: Hyper reference `acro:T2' on page ix undefined on input line 36.



LaTeX Warning: Hyper reference `acro:T2' on page ix undefined on input line 36.



LaTeX Warning: Hyper reference `acro:TCGA' on page ix undefined on input line 3
7.


LaTeX Warning: Hyper reference `acro:TCGA' on page ix undefined on input line 3
7.


LaTeX Warning: Hyper reference `acro:U-Net' on page ix undefined on input line 
38.


LaTeX Warning: Hyper reference `acro:U-Net' on page ix undefined on input line 
38.


LaTeX Warning: Hyper reference `acro:VRAM' on page ix undefined on input line 3
9.


LaTeX Warning: Hyper reference `acro:VRAM' on page ix undefined on input line 3
9.


LaTeX Warning: Hyper reference `acro:WHO' on page ix undefined on input line 40
.


LaTeX Warning: Hyper reference `acro:WHO' on page ix undefined on input line 40
.

) [9] (./main.toc [10

] [11] [12])
\tf@toc=\write5
\openout5 = `main.toc'.

 [13] (./chapter1.tex

LaTeX Font Warning: Font shape `OT1/cmr/bx/n' in size <20> not available
(Font)              size <20.74> substituted on input line 2.


pdfTeX warning (ext4): destination with the same identifier (name{page.1}) has 
been already used, duplicate ignored
<to be read again> 
                   \relax 
l.17 
      [1

] [2] [3]
Overfull \hbox (0.1809pt too wide) in paragraph at lines 45--46
[]\OT1/cmr/m/n/12 Implement en-sem-ble meth-ods to ex-plore up-per per-for-manc
e bounds and demon-
 []

[4]
Overfull \hbox (0.30064pt too wide) in paragraph at lines 77--78
[]\OT1/cmr/bx/n/12 Methodological Ad-vance-ment: \OT1/cmr/m/n/12 We demon-strat
e that graph-based ap-proaches
 []

[5]
Overfull \hbox (2.31935pt too wide) in paragraph at lines 99--100
[]\OT1/cmr/bx/n/12 Comprehensive Val-i-da-tion Frame-work: \OT1/cmr/m/n/12 Pati
ent-level strat-i-fied 5-fold splits
 []

[6] [7]
Overfull \hbox (1.6322pt too wide) in paragraph at lines 119--120
\OT1/cmr/m/n/12 soft-ware en-gi-neer-ing (Py-Torch Ge-o-met-ric, CUDA op-ti-miz
a-tion, NIfTI/DICOM stan-
 []

[8] [9]
Overfull \hbox (11.60965pt too wide) in paragraph at lines 145--146
\OT1/cmr/m/n/12 stripping al-go-rithms, graph the-ory mes-sage pass-ing and at-
ten-tion mech-a-nisms, patient-
 []

[10] [11]) [12] (./chapter2.tex [13

]
Overfull \hbox (15.83554pt too wide) in paragraph at lines 25--26
\OT1/cmr/m/n/12 Recent works have ex-plored vi-sion trans-form-ers for med-i-ca
l seg-men-ta-tion. Hatamizadeh
 []

[14]
Overfull \hbox (14.78242pt too wide) in paragraph at lines 45--46
[]\OT1/cmr/bx/n/12 Point Cloud Rep-re-sen-ta-tions: \OT1/cmr/m/n/12 Voxel-to-po
int sam-pling com-bined with PointNet-
 []

[15] [16]
Overfull \hbox (4.72733pt too wide) in paragraph at lines 81--82
\OT1/cmr/m/n/12 cre-ate de-ploy-ment bar-ri-ers that limit clin-i-cal im-pact. 
Graph neu-ral net-works, through
 []

[17]) (./chapter3.tex [18


]
Overfull \hbox (12.10881pt too wide) in paragraph at lines 22--23
[]\OT1/cmr/bx/n/12 Phase 3: Fea-ture En-gi-neer-ing \OT1/cmr/m/n/12 ex-tracts d
omain-specific fea-tures with-out ground-
 []

[19] [20]
Overfull \hbox (8.7909pt too wide) in paragraph at lines 95--96
\OT1/cmr/m/n/12 each MRI modal-ity to stan-dard-ize in-ten-sity dis-tri-bu-tion
s across pa-tients: $\OML/cmm/m/it/12 x[] \OT1/cmr/m/n/12 =
 []

[21] [22] [23] [24] [25]

LaTeX Warning: Reference `sec:ablation' on page 26 undefined on input line 186.



Overfull \hbox (9.45114pt too wide) in paragraph at lines 192--193
[]\OT1/cmr/bx/n/12 Reproducibility: \OT1/cmr/m/n/12 De-ter-min-is-tic train-ing
 with man-ual seed 42 for Python, NumPy,
 []


Overfull \hbox (14.99118pt too wide) in paragraph at lines 192--193
\OT1/cmr/m/n/12 Py-Torch, and CUDA. En-vi-ron-ment vari-ables set: \OT1/cmtt/m/
n/12 CUBLAS[]WORKSPACE[]CONFIG=:4096:8\OT1/cmr/m/n/12 ,
 []

[26] [27] [28]) (./chapter4.tex [29


] [30] [31] [32]
Overfull \hbox (14.0427pt too wide) in paragraph at lines 154--155
[]\OT1/cmr/bx/n/12 Results: \OT1/cmr/m/n/12 The en-sem-ble achieves \OT1/cmr/bx
/n/12 92.92% Dice co-ef-fi-cient\OT1/cmr/m/n/12 , rep-re-sent-ing a \OT1/cmr/bx
/n/12 +2.53%
 []

[33]
Overfull \hbox (11.2827pt too wide) in paragraph at lines 220--220
 []|\OT1/cmr/bx/n/10 Speedup/Reduction| 
 []

[34] [35]
Overfull \hbox (9.24895pt too wide) in paragraph at lines 253--254
\OT1/cmr/m/n/12 power con-sump-tion, im-por-tant for sus-tain-able health-care 
AI and battery-powered
 []


Overfull \hbox (4.94781pt too wide) in paragraph at lines 286--287
[]\OT1/cmr/bx/n/12 Note on Ab-la-tion Dice Val-ues: \OT1/cmr/m/n/12 The ab-la-t
ion study re-ports lower Dice (84.03%)
 []

[36] [37] [38]
Overfull \hbox (7.85986pt too wide) in paragraph at lines 349--350
[]\OT1/cmr/bx/n/12 Boundary Ac-cu-racy: \OT1/cmr/m/n/12 Model pre-dic-tions clo
sely fol-low ir-reg-u-lar tu-mour bound-
 []

[39] [40]
Underfull \hbox (badness 1472) in paragraph at lines 403--403
[]\OT1/cmr/m/n/10 Table 8: []Comparison with State-of-the-Art Meth-ods on BraTS
 2021. Dice scores for
 []

[41]
Overfull \hbox (2.29552pt too wide) in paragraph at lines 447--448
\OT1/cmr/m/n/12 posed graph-based seg-men-ta-tion ap-proach. Cross-validation r
e-sults (90.39% $\OMS/cmsy/m/n/12 ^^F$ \OT1/cmr/m/n/12 0.69%
 []

[42]) (./chapter5.tex [43


]
Overfull \hbox (0.62459pt too wide) in paragraph at lines 23--24
\OT1/cmr/bx/n/12 ISO/IEC 25010 Soft-ware Qual-ity Model: \OT1/cmr/m/n/12 Our im
-ple-men-ta-tion pri-or-i-tizes main-
 []

[44] [45]
Overfull \hbox (8.53474pt too wide) in paragraph at lines 68--69
[]\OT1/cmr/bx/n/12 Skill Aug-men-ta-tion: \OT1/cmr/m/n/12 AI as-sis-tance may h
elp less-experienced ra-di-ol-o-gists achieve
 []

[46] [47] [48]
Overfull \hbox (3.69754pt too wide) in paragraph at lines 124--125
[]\OT1/cmr/bx/n/12 Regulatory Ap-proval: \OT1/cmr/m/n/12 Med-i-cal AI de-vices 
re-quire FDA 510(k) clear-ance (USA),
 []

[49]
Overfull \hbox (11.74771pt too wide) in paragraph at lines 126--127
[]\OT1/cmr/bx/n/12 Reimbursement Un-cer-tainty: \OT1/cmr/m/n/12 Health-care re-
im-burse-ment poli-cies for AI-assisted
 []


Overfull \hbox (4.80045pt too wide) in paragraph at lines 134--135
[]\OT1/cmr/bx/n/12 Reproducibility Bar-ri-ers: \OT1/cmr/m/n/12 Many pub-lished 
med-i-cal AI re-sults lack code, trained
 []

[50]
Overfull \hbox (9.317pt too wide) in paragraph at lines 155--156
\OT1/cmr/m/n/12 spe-cific data struc-tures (torch[]geometric.data.Data) and mes
sage-passing APIs. While
 []


Overfull \hbox (4.49445pt too wide) in paragraph at lines 155--156
\OT1/cmr/m/n/12 en-abling ef-fi-cient graph op-er-a-tions, framework-specific i
m-ple-men-ta-tions re-duce porta-
 []

[51] [52] [53] [54] [55]) (./chapter6.tex [56


] [57]) [58] [59


] (./main.aux)
 ***********
LaTeX2e <2023-11-01> patch level 1
L3 programming layer <2024-01-22>
 ***********


LaTeX Font Warning: Size substitutions with differences
(Font)              up to 1.28pt have occurred.


LaTeX Warning: There were undefined references.

Package rerunfilecheck Info: File `main.out' has not changed.
(rerunfilecheck)             Checksum: 2BFCBE480EF2C5EAA171DDAB4AAF2C7C;15837.
Package logreq Info: Writing requests to 'main.run.xml'.
\openout1 = `main.run.xml'.

 ) 
Here is how much of TeX's memory you used:
 19820 strings out of 474222
 336343 string characters out of 5748732
 1939975 words of memory out of 5000000
 41592 multiletter control sequences out of 15000+600000
 567787 words of font info for 73 fonts, out of 8000000 for 9000
 1141 hyphenation exceptions out of 8191
 66i,12n,81p,1414b,1221s stack positions out of 10000i,1000n,20000p,200000b,200000s
</usr/share/texlive/texmf-dist/fonts/type1/public/amsfonts/cm/cmbx10.pfb></us
r/share/texlive/texmf-dist/fonts/type1/public/amsfonts/cm/cmbx12.pfb></usr/shar
e/texlive/texmf-dist/fonts/type1/public/amsfonts/cm/cmex10.pfb></usr/share/texl
ive/texmf-dist/fonts/type1/public/amsfonts/cm/cmmi12.pfb></usr/share/texlive/te
xmf-dist/fonts/type1/public/amsfonts/cm/cmmi8.pfb></usr/share/texlive/texmf-dis
t/fonts/type1/public/amsfonts/cm/cmr10.pfb></usr/share/texlive/texmf-dist/fonts
/type1/public/amsfonts/cm/cmr12.pfb></usr/share/texlive/texmf-dist/fonts/type1/
public/amsfonts/cm/cmr7.pfb></usr/share/texlive/texmf-dist/fonts/type1/public/a
msfonts/cm/cmr8.pfb></usr/share/texlive/texmf-dist/fonts/type1/public/amsfonts/
cm/cmsy10.pfb></usr/share/texlive/texmf-dist/fonts/type1/public/amsfonts/cm/cms
y8.pfb></usr/share/texlive/texmf-dist/fonts/type1/public/amsfonts/cm/cmti10.pfb
></usr/share/texlive/texmf-dist/fonts/type1/public/amsfonts/cm/cmti12.pfb></usr
/share/texlive/texmf-dist/fonts/type1/public/amsfonts/cm/cmtt12.pfb></usr/share
/texmf/fonts/type1/public/cm-super/sfbx1200.pfb></usr/share/texmf/fonts/type1/p
ublic/cm-super/sfrm1200.pfb>
Output written on main.pdf (72 pages, 359701 bytes).
PDF statistics:
 965 PDF objects out of 1000 (max. 8388607)
 850 compressed objects within 9 object streams
 232 named destinations out of 1000 (max. 500000)
 689 words of extra memory for PDF output out of 10000 (max. 10000000)

