/mnt/bigdata/capstone/.env/lib/python3.12/site-packages/torch_geometric/typing.py:68: UserWarning: An issue occurred while importing 'pyg-lib'. Disabling its usage. Stacktrace: /mnt/bigdata/capstone/.env/lib/python3.12/site-packages/libpyg.so: undefined symbol: _ZN2at4_ops11multinomial4callERKNS_6TensorElbSt8optionalINS_9GeneratorEE
  warnings.warn(f"An issue occurred while importing 'pyg-lib'. "
/mnt/bigdata/capstone/.env/lib/python3.12/site-packages/torch_geometric/typing.py:124: UserWarning: An issue occurred while importing 'torch-sparse'. Disabling its usage. Stacktrace: /mnt/bigdata/capstone/.env/lib/python3.12/site-packages/libpyg.so: undefined symbol: _ZN2at4_ops11multinomial4callERKNS_6TensorElbSt8optionalINS_9GeneratorEE
  warnings.warn(f"An issue occurred while importing 'torch-sparse'. "
/mnt/bigdata/capstone/.env/lib/python3.12/site-packages/torch/utils/data/dataloader.py:627: UserWarning: This DataLoader will create 4 worker processes in total. Our suggested max number of worker in current system is 3, which is smaller than what this DataLoader is going to create. Please be aware that excessive worker creation might get DataLoader running slow or even freeze, lower the worker number to avoid potential slowness/freeze if necessary.
  warnings.warn(
================================================================================
TRAINING FOLD 3
================================================================================
Using device: cuda

Loading fold data...
Creating datasets...
📊 Dataset initialized: 76708 graphs from 901 patients
📊 Dataset initialized: 8493 graphs from 100 patients
📊 Dataset initialized: 21651 graphs from 250 patients

Dataset sizes:
  Train: 76708 graphs
  Val:   8493 graphs
  Test:  21651 graphs
  Input features: 15

Initializing model...
  Total parameters: 439,041

Starting training for 50 epochs...
================================================================================
Epoch 1/50 (761.3s)
  Train - Loss: 0.2009, Dice: 0.4063, Acc: 0.9549
  Val   - Loss: 0.0730, Dice: 0.7325, Acc: 0.9775
  ✓ Best model saved (Val Dice: 0.7325)
Epoch 2/50 (769.7s)
  Train - Loss: 0.0609, Dice: 0.8081, Acc: 0.9802
  Val   - Loss: 0.0483, Dice: 0.8548, Acc: 0.9864
  ✓ Best model saved (Val Dice: 0.8548)
Epoch 3/50 (771.6s)
  Train - Loss: 0.0485, Dice: 0.8490, Acc: 0.9841
  Val   - Loss: 0.0392, Dice: 0.8815, Acc: 0.9884
  ✓ Best model saved (Val Dice: 0.8815)
Epoch 4/50 (774.7s)
  Train - Loss: 0.0427, Dice: 0.8672, Acc: 0.9859
  Val   - Loss: 0.0440, Dice: 0.8684, Acc: 0.9875
Epoch 5/50 (771.4s)
  Train - Loss: 0.0402, Dice: 0.8737, Acc: 0.9865
  Val   - Loss: 0.0388, Dice: 0.8772, Acc: 0.9884
Epoch 6/50 (769.4s)
  Train - Loss: 0.0383, Dice: 0.8791, Acc: 0.9871
  Val   - Loss: 0.0355, Dice: 0.8894, Acc: 0.9894
  ✓ Best model saved (Val Dice: 0.8894)
Epoch 7/50 (772.7s)
  Train - Loss: 0.0368, Dice: 0.8839, Acc: 0.9876
  Val   - Loss: 0.0388, Dice: 0.8682, Acc: 0.9876
Epoch 8/50 (771.7s)
  Train - Loss: 0.0355, Dice: 0.8876, Acc: 0.9880
  Val   - Loss: 0.0314, Dice: 0.9019, Acc: 0.9904
  ✓ Best model saved (Val Dice: 0.9019)
Epoch 9/50 (773.2s)
  Train - Loss: 0.0347, Dice: 0.8897, Acc: 0.9882
  Val   - Loss: 0.0333, Dice: 0.9026, Acc: 0.9900
  ✓ Best model saved (Val Dice: 0.9026)
Epoch 10/50 (771.1s)
  Train - Loss: 0.0336, Dice: 0.8928, Acc: 0.9885
  Val   - Loss: 0.0305, Dice: 0.9098, Acc: 0.9909
  ✓ Best model saved (Val Dice: 0.9098)
Epoch 11/50 (768.2s)
  Train - Loss: 0.0329, Dice: 0.8942, Acc: 0.9886
  Val   - Loss: 0.0330, Dice: 0.8919, Acc: 0.9896
Epoch 12/50 (774.0s)
  Train - Loss: 0.0320, Dice: 0.8964, Acc: 0.9889
  Val   - Loss: 0.0382, Dice: 0.8654, Acc: 0.9875
Epoch 13/50 (774.6s)
  Train - Loss: 0.0312, Dice: 0.8984, Acc: 0.9891
  Val   - Loss: 0.0359, Dice: 0.8740, Acc: 0.9882
Epoch 14/50 (770.1s)
  Train - Loss: 0.0306, Dice: 0.9008, Acc: 0.9893
  Val   - Loss: 0.0292, Dice: 0.9110, Acc: 0.9911
  ✓ Best model saved (Val Dice: 0.9110)
Epoch 15/50 (775.1s)
  Train - Loss: 0.0299, Dice: 0.9026, Acc: 0.9895
  Val   - Loss: 0.0341, Dice: 0.8916, Acc: 0.9896
Epoch 16/50 (775.2s)
  Train - Loss: 0.0294, Dice: 0.9036, Acc: 0.9896
  Val   - Loss: 0.0292, Dice: 0.9113, Acc: 0.9912
  ✓ Best model saved (Val Dice: 0.9113)
Epoch 17/50 (772.8s)
  Train - Loss: 0.0285, Dice: 0.9063, Acc: 0.9899
  Val   - Loss: 0.0300, Dice: 0.9083, Acc: 0.9909
Epoch 18/50 (770.8s)
  Train - Loss: 0.0279, Dice: 0.9072, Acc: 0.9900
  Val   - Loss: 0.0287, Dice: 0.9106, Acc: 0.9910
Epoch 19/50 (771.9s)
  Train - Loss: 0.0275, Dice: 0.9088, Acc: 0.9901
  Val   - Loss: 0.0311, Dice: 0.9047, Acc: 0.9907
Epoch 20/50 (774.2s)
  Train - Loss: 0.0269, Dice: 0.9101, Acc: 0.9903
  Val   - Loss: 0.0286, Dice: 0.9120, Acc: 0.9913
  ✓ Best model saved (Val Dice: 0.9120)
Epoch 21/50 (774.1s)
  Train - Loss: 0.0264, Dice: 0.9123, Acc: 0.9905
  Val   - Loss: 0.0320, Dice: 0.8986, Acc: 0.9902
Epoch 22/50 (772.0s)
  Train - Loss: 0.0259, Dice: 0.9131, Acc: 0.9906
  Val   - Loss: 0.0306, Dice: 0.9062, Acc: 0.9908
Epoch 23/50 (774.8s)
  Train - Loss: 0.0254, Dice: 0.9141, Acc: 0.9907
  Val   - Loss: 0.0324, Dice: 0.8976, Acc: 0.9901
Epoch 24/50 (767.4s)
  Train - Loss: 0.0249, Dice: 0.9150, Acc: 0.9908
  Val   - Loss: 0.0321, Dice: 0.9095, Acc: 0.9910
Epoch 25/50 (772.3s)
  Train - Loss: 0.0244, Dice: 0.9170, Acc: 0.9910
  Val   - Loss: 0.0295, Dice: 0.9117, Acc: 0.9912
Epoch 26/50 (772.4s)
  Train - Loss: 0.0239, Dice: 0.9186, Acc: 0.9911
  Val   - Loss: 0.0310, Dice: 0.9085, Acc: 0.9910
Epoch 27/50 (770.7s)
  Train - Loss: 0.0235, Dice: 0.9194, Acc: 0.9912
  Val   - Loss: 0.0293, Dice: 0.9141, Acc: 0.9914
  ✓ Best model saved (Val Dice: 0.9141)
Epoch 28/50 (771.7s)
  Train - Loss: 0.0229, Dice: 0.9210, Acc: 0.9914
  Val   - Loss: 0.0315, Dice: 0.9122, Acc: 0.9913
Epoch 29/50 (768.6s)
  Train - Loss: 0.0224, Dice: 0.9219, Acc: 0.9915
  Val   - Loss: 0.0297, Dice: 0.9142, Acc: 0.9914
  ✓ Best model saved (Val Dice: 0.9142)
Epoch 30/50 (768.4s)
  Train - Loss: 0.0218, Dice: 0.9244, Acc: 0.9918
  Val   - Loss: 0.0316, Dice: 0.9121, Acc: 0.9912
Epoch 31/50 (771.8s)
  Train - Loss: 0.0215, Dice: 0.9247, Acc: 0.9918
  Val   - Loss: 0.0308, Dice: 0.9135, Acc: 0.9914
Epoch 32/50 (773.4s)
  Train - Loss: 0.0211, Dice: 0.9263, Acc: 0.9919
  Val   - Loss: 0.0317, Dice: 0.9123, Acc: 0.9912
Epoch 33/50 (772.9s)
  Train - Loss: 0.0206, Dice: 0.9274, Acc: 0.9921
  Val   - Loss: 0.0323, Dice: 0.9140, Acc: 0.9914
Epoch 34/50 (774.4s)
  Train - Loss: 0.0203, Dice: 0.9288, Acc: 0.9922
  Val   - Loss: 0.0324, Dice: 0.9128, Acc: 0.9913
Epoch 35/50 (773.7s)
  Train - Loss: 0.0198, Dice: 0.9299, Acc: 0.9923
  Val   - Loss: 0.0318, Dice: 0.9125, Acc: 0.9912
Epoch 36/50 (772.6s)
  Train - Loss: 0.0195, Dice: 0.9308, Acc: 0.9924
  Val   - Loss: 0.0334, Dice: 0.9086, Acc: 0.9910
Epoch 37/50 (770.3s)
  Train - Loss: 0.0192, Dice: 0.9316, Acc: 0.9925
  Val   - Loss: 0.0329, Dice: 0.9144, Acc: 0.9914
  ✓ Best model saved (Val Dice: 0.9144)
Epoch 38/50 (771.2s)
  Train - Loss: 0.0186, Dice: 0.9336, Acc: 0.9927
  Val   - Loss: 0.0335, Dice: 0.9099, Acc: 0.9911
Epoch 39/50 (767.7s)
  Train - Loss: 0.0185, Dice: 0.9342, Acc: 0.9928
  Val   - Loss: 0.0351, Dice: 0.9091, Acc: 0.9911
Epoch 40/50 (768.5s)
  Train - Loss: 0.0182, Dice: 0.9348, Acc: 0.9928
  Val   - Loss: 0.0332, Dice: 0.9155, Acc: 0.9915
  ✓ Best model saved (Val Dice: 0.9155)
Epoch 41/50 (773.7s)
  Train - Loss: 0.0180, Dice: 0.9359, Acc: 0.9930
  Val   - Loss: 0.0333, Dice: 0.9145, Acc: 0.9914
Epoch 42/50 (765.9s)
  Train - Loss: 0.0176, Dice: 0.9366, Acc: 0.9930
  Val   - Loss: 0.0332, Dice: 0.9141, Acc: 0.9914
Epoch 43/50 (786.7s)
  Train - Loss: 0.0174, Dice: 0.9374, Acc: 0.9931
  Val   - Loss: 0.0337, Dice: 0.9145, Acc: 0.9914
Epoch 44/50 (776.7s)
  Train - Loss: 0.0173, Dice: 0.9381, Acc: 0.9932
  Val   - Loss: 0.0345, Dice: 0.9115, Acc: 0.9912
Epoch 45/50 (775.2s)
  Train - Loss: 0.0173, Dice: 0.9379, Acc: 0.9932
  Val   - Loss: 0.0354, Dice: 0.9112, Acc: 0.9911
Epoch 46/50 (779.7s)
  Train - Loss: 0.0171, Dice: 0.9391, Acc: 0.9933
  Val   - Loss: 0.0354, Dice: 0.9125, Acc: 0.9913
Epoch 47/50 (775.3s)
  Train - Loss: 0.0170, Dice: 0.9391, Acc: 0.9933
  Val   - Loss: 0.0357, Dice: 0.9112, Acc: 0.9912
Epoch 48/50 (779.4s)
  Train - Loss: 0.0169, Dice: 0.9391, Acc: 0.9933
  Val   - Loss: 0.0347, Dice: 0.9135, Acc: 0.9913
Epoch 49/50 (771.1s)
  Train - Loss: 0.0168, Dice: 0.9394, Acc: 0.9933
  Val   - Loss: 0.0356, Dice: 0.9109, Acc: 0.9911
Epoch 50/50 (722.9s)
  Train - Loss: 0.0169, Dice: 0.9392, Acc: 0.9933
  Val   - Loss: 0.0353, Dice: 0.9125, Acc: 0.9913
================================================================================
Training complete! Total time: 642.8 minutes
Best validation Dice: 0.9155

Evaluating on test set...
Test Results:
  Dice:        0.9068
  Accuracy:    0.9900
  Sensitivity: 0.8692
  Specificity: 0.9972
  Precision:   0.9479

✅ Results saved to checkpoints/cv_experiments/fold_3/results.json
================================================================================

✅ Fold training complete!
