nohup: ignoring input
/mnt/bigdata/capstone/.env/lib/python3.12/site-packages/torch_geometric/typing.py:68: UserWarning: An issue occurred while importing 'pyg-lib'. Disabling its usage. Stacktrace: /mnt/bigdata/capstone/.env/lib/python3.12/site-packages/libpyg.so: undefined symbol: _ZN2at4_ops11multinomial4callERKNS_6TensorElbSt8optionalINS_9GeneratorEE
  warnings.warn(f"An issue occurred while importing 'pyg-lib'. "
/mnt/bigdata/capstone/.env/lib/python3.12/site-packages/torch_geometric/typing.py:124: UserWarning: An issue occurred while importing 'torch-sparse'. Disabling its usage. Stacktrace: /mnt/bigdata/capstone/.env/lib/python3.12/site-packages/libpyg.so: undefined symbol: _ZN2at4_ops11multinomial4callERKNS_6TensorElbSt8optionalINS_9GeneratorEE
  warnings.warn(f"An issue occurred while importing 'torch-sparse'. "
================================================================================
TRAINING FOLD 0
================================================================================
Using device: cuda

Loading fold data...
Creating datasets...
📊 Dataset initialized: 76679 graphs from 900 patients
📊 Dataset initialized: 8629 graphs from 100 patients
📊 Dataset initialized: 21544 graphs from 251 patients

Dataset sizes:
  Train: 76679 graphs
  Val:   8629 graphs
  Test:  21544 graphs
  Input features: 15

Initializing model...
  Total parameters: 439,041

Starting training for 50 epochs...
================================================================================
Epoch 1/50 (348.5s)
  Train - Loss: 0.2643, Dice: 0.2131, Acc: 0.9490
  Val   - Loss: 0.1085, Dice: 0.5753, Acc: 0.9634
  ✓ Best model saved (Val Dice: 0.5753)
Epoch 2/50 (349.4s)
  Train - Loss: 0.0741, Dice: 0.7635, Acc: 0.9766
  Val   - Loss: 0.0504, Dice: 0.8390, Acc: 0.9832
  ✓ Best model saved (Val Dice: 0.8390)
Epoch 3/50 (349.5s)
  Train - Loss: 0.0489, Dice: 0.8440, Acc: 0.9839
  Val   - Loss: 0.0446, Dice: 0.8608, Acc: 0.9853
  ✓ Best model saved (Val Dice: 0.8608)
Epoch 4/50 (349.6s)
  Train - Loss: 0.0409, Dice: 0.8702, Acc: 0.9864
  Val   - Loss: 0.0464, Dice: 0.8643, Acc: 0.9843
  ✓ Best model saved (Val Dice: 0.8643)
Epoch 5/50 (348.5s)
  Train - Loss: 0.0378, Dice: 0.8799, Acc: 0.9874
  Val   - Loss: 0.0391, Dice: 0.8745, Acc: 0.9869
  ✓ Best model saved (Val Dice: 0.8745)
Epoch 6/50 (347.4s)
  Train - Loss: 0.0360, Dice: 0.8845, Acc: 0.9879
  Val   - Loss: 0.0422, Dice: 0.8544, Acc: 0.9852
Epoch 7/50 (349.5s)
  Train - Loss: 0.0345, Dice: 0.8890, Acc: 0.9883
  Val   - Loss: 0.0365, Dice: 0.8824, Acc: 0.9871
  ✓ Best model saved (Val Dice: 0.8824)
Epoch 8/50 (349.4s)
  Train - Loss: 0.0331, Dice: 0.8925, Acc: 0.9887
  Val   - Loss: 0.0446, Dice: 0.8465, Acc: 0.9848
Epoch 9/50 (349.8s)
  Train - Loss: 0.0324, Dice: 0.8948, Acc: 0.9889
  Val   - Loss: 0.0356, Dice: 0.8920, Acc: 0.9883
  ✓ Best model saved (Val Dice: 0.8920)
Epoch 10/50 (348.7s)
  Train - Loss: 0.0317, Dice: 0.8965, Acc: 0.9891
  Val   - Loss: 0.0354, Dice: 0.8905, Acc: 0.9881
Epoch 11/50 (348.0s)
  Train - Loss: 0.0310, Dice: 0.8983, Acc: 0.9893
  Val   - Loss: 0.0343, Dice: 0.8926, Acc: 0.9882
  ✓ Best model saved (Val Dice: 0.8926)
Epoch 12/50 (349.6s)
  Train - Loss: 0.0301, Dice: 0.9011, Acc: 0.9895
  Val   - Loss: 0.0341, Dice: 0.8927, Acc: 0.9882
  ✓ Best model saved (Val Dice: 0.8927)
Epoch 13/50 (348.5s)
  Train - Loss: 0.0296, Dice: 0.9021, Acc: 0.9896
  Val   - Loss: 0.0338, Dice: 0.8922, Acc: 0.9885
Epoch 14/50 (348.8s)
  Train - Loss: 0.0292, Dice: 0.9028, Acc: 0.9897
  Val   - Loss: 0.0403, Dice: 0.8659, Acc: 0.9862
Epoch 15/50 (348.9s)
  Train - Loss: 0.0285, Dice: 0.9051, Acc: 0.9899
  Val   - Loss: 0.0334, Dice: 0.9006, Acc: 0.9892
  ✓ Best model saved (Val Dice: 0.9006)
Epoch 16/50 (349.0s)
  Train - Loss: 0.0279, Dice: 0.9069, Acc: 0.9901
  Val   - Loss: 0.0380, Dice: 0.8761, Acc: 0.9872
Epoch 17/50 (348.6s)
  Train - Loss: 0.0272, Dice: 0.9084, Acc: 0.9903
  Val   - Loss: 0.0412, Dice: 0.8592, Acc: 0.9858
Epoch 18/50 (350.4s)
  Train - Loss: 0.0268, Dice: 0.9100, Acc: 0.9905
  Val   - Loss: 0.0345, Dice: 0.8966, Acc: 0.9888
Epoch 19/50 (358.6s)
  Train - Loss: 0.0260, Dice: 0.9121, Acc: 0.9907
  Val   - Loss: 0.0328, Dice: 0.8994, Acc: 0.9892
Epoch 20/50 (358.3s)
  Train - Loss: 0.0259, Dice: 0.9118, Acc: 0.9906
  Val   - Loss: 0.0362, Dice: 0.8959, Acc: 0.9887
Epoch 21/50 (361.9s)
  Train - Loss: 0.0252, Dice: 0.9136, Acc: 0.9908
  Val   - Loss: 0.0335, Dice: 0.8971, Acc: 0.9890
Epoch 22/50 (359.0s)
  Train - Loss: 0.0249, Dice: 0.9150, Acc: 0.9909
  Val   - Loss: 0.0372, Dice: 0.8882, Acc: 0.9883
Epoch 23/50 (358.3s)
  Train - Loss: 0.0244, Dice: 0.9166, Acc: 0.9911
  Val   - Loss: 0.0324, Dice: 0.9033, Acc: 0.9895
  ✓ Best model saved (Val Dice: 0.9033)
Epoch 24/50 (357.7s)
  Train - Loss: 0.0239, Dice: 0.9178, Acc: 0.9912
  Val   - Loss: 0.0381, Dice: 0.8862, Acc: 0.9867
Epoch 25/50 (357.6s)
  Train - Loss: 0.0233, Dice: 0.9191, Acc: 0.9914
  Val   - Loss: 0.0330, Dice: 0.9018, Acc: 0.9894
Epoch 26/50 (357.9s)
  Train - Loss: 0.0230, Dice: 0.9200, Acc: 0.9915
  Val   - Loss: 0.0328, Dice: 0.9001, Acc: 0.9892
Epoch 27/50 (358.1s)
  Train - Loss: 0.0224, Dice: 0.9214, Acc: 0.9916
  Val   - Loss: 0.0346, Dice: 0.8916, Acc: 0.9886
Epoch 28/50 (358.0s)
  Train - Loss: 0.0220, Dice: 0.9232, Acc: 0.9918
  Val   - Loss: 0.0369, Dice: 0.8926, Acc: 0.9887
Epoch 29/50 (359.3s)
  Train - Loss: 0.0215, Dice: 0.9243, Acc: 0.9919
  Val   - Loss: 0.0331, Dice: 0.9017, Acc: 0.9893
Epoch 30/50 (358.7s)
  Train - Loss: 0.0212, Dice: 0.9251, Acc: 0.9920
  Val   - Loss: 0.0338, Dice: 0.9026, Acc: 0.9896
Epoch 31/50 (357.6s)
  Train - Loss: 0.0207, Dice: 0.9267, Acc: 0.9921
  Val   - Loss: 0.0364, Dice: 0.9013, Acc: 0.9893
Epoch 32/50 (357.8s)
  Train - Loss: 0.0205, Dice: 0.9269, Acc: 0.9922
  Val   - Loss: 0.0350, Dice: 0.8974, Acc: 0.9891
Epoch 33/50 (358.8s)
  Train - Loss: 0.0199, Dice: 0.9294, Acc: 0.9924
  Val   - Loss: 0.0336, Dice: 0.9033, Acc: 0.9896
Epoch 34/50 (357.3s)
  Train - Loss: 0.0195, Dice: 0.9299, Acc: 0.9925
  Val   - Loss: 0.0350, Dice: 0.9004, Acc: 0.9894
Epoch 35/50 (357.8s)
  Train - Loss: 0.0192, Dice: 0.9310, Acc: 0.9926
  Val   - Loss: 0.0343, Dice: 0.9010, Acc: 0.9894
Epoch 36/50 (356.9s)
  Train - Loss: 0.0189, Dice: 0.9320, Acc: 0.9927
  Val   - Loss: 0.0343, Dice: 0.9019, Acc: 0.9894
Epoch 37/50 (358.9s)
  Train - Loss: 0.0185, Dice: 0.9331, Acc: 0.9928
  Val   - Loss: 0.0346, Dice: 0.9006, Acc: 0.9894
Epoch 38/50 (358.8s)
  Train - Loss: 0.0182, Dice: 0.9340, Acc: 0.9929
  Val   - Loss: 0.0348, Dice: 0.9015, Acc: 0.9894
Epoch 39/50 (366.5s)
  Train - Loss: 0.0179, Dice: 0.9354, Acc: 0.9930
  Val   - Loss: 0.0357, Dice: 0.9005, Acc: 0.9893
Epoch 40/50 (365.3s)
  Train - Loss: 0.0176, Dice: 0.9360, Acc: 0.9931
  Val   - Loss: 0.0354, Dice: 0.9036, Acc: 0.9896
  ✓ Best model saved (Val Dice: 0.9036)
Epoch 41/50 (360.2s)
  Train - Loss: 0.0174, Dice: 0.9370, Acc: 0.9932
  Val   - Loss: 0.0369, Dice: 0.9005, Acc: 0.9893
Epoch 42/50 (363.2s)
  Train - Loss: 0.0172, Dice: 0.9374, Acc: 0.9932
  Val   - Loss: 0.0352, Dice: 0.9040, Acc: 0.9895
  ✓ Best model saved (Val Dice: 0.9040)
Epoch 43/50 (367.7s)
  Train - Loss: 0.0170, Dice: 0.9378, Acc: 0.9933
  Val   - Loss: 0.0371, Dice: 0.9019, Acc: 0.9894
Epoch 44/50 (363.0s)
  Train - Loss: 0.0169, Dice: 0.9386, Acc: 0.9934
  Val   - Loss: 0.0365, Dice: 0.9022, Acc: 0.9895
Epoch 45/50 (361.2s)
  Train - Loss: 0.0167, Dice: 0.9388, Acc: 0.9934
  Val   - Loss: 0.0358, Dice: 0.9019, Acc: 0.9893
Epoch 46/50 (360.0s)
  Train - Loss: 0.0166, Dice: 0.9389, Acc: 0.9934
  Val   - Loss: 0.0357, Dice: 0.9032, Acc: 0.9894
Epoch 47/50 (357.1s)
  Train - Loss: 0.0165, Dice: 0.9394, Acc: 0.9935
  Val   - Loss: 0.0362, Dice: 0.9035, Acc: 0.9896
Epoch 48/50 (360.1s)
  Train - Loss: 0.0166, Dice: 0.9394, Acc: 0.9935
  Val   - Loss: 0.0362, Dice: 0.9026, Acc: 0.9895
Epoch 49/50 (366.8s)
  Train - Loss: 0.0165, Dice: 0.9402, Acc: 0.9935
  Val   - Loss: 0.0357, Dice: 0.9041, Acc: 0.9896
  ✓ Best model saved (Val Dice: 0.9041)
Epoch 50/50 (367.8s)
  Train - Loss: 0.0165, Dice: 0.9398, Acc: 0.9935
  Val   - Loss: 0.0363, Dice: 0.9030, Acc: 0.9895
================================================================================
Training complete! Total time: 296.8 minutes
Best validation Dice: 0.9041

Evaluating on test set...
Test Results:
  Dice:        0.8934
  Accuracy:    0.9883
  Sensitivity: 0.8430
  Specificity: 0.9973
  Precision:   0.9501

✅ Results saved to checkpoints/binary_training/fold_0/results.json
================================================================================

✅ Fold training complete!
