/mnt/bigdata/capstone/.env/lib/python3.12/site-packages/torch_geometric/typing.py:68: UserWarning: An issue occurred while importing 'pyg-lib'. Disabling its usage. Stacktrace: /mnt/bigdata/capstone/.env/lib/python3.12/site-packages/libpyg.so: undefined symbol: _ZN2at4_ops11multinomial4callERKNS_6TensorElbSt8optionalINS_9GeneratorEE
  warnings.warn(f"An issue occurred while importing 'pyg-lib'. "
/mnt/bigdata/capstone/.env/lib/python3.12/site-packages/torch_geometric/typing.py:124: UserWarning: An issue occurred while importing 'torch-sparse'. Disabling its usage. Stacktrace: /mnt/bigdata/capstone/.env/lib/python3.12/site-packages/libpyg.so: undefined symbol: _ZN2at4_ops11multinomial4callERKNS_6TensorElbSt8optionalINS_9GeneratorEE
  warnings.warn(f"An issue occurred while importing 'torch-sparse'. "
/mnt/bigdata/capstone/.env/lib/python3.12/site-packages/torch/utils/data/dataloader.py:627: UserWarning: This DataLoader will create 4 worker processes in total. Our suggested max number of worker in current system is 3, which is smaller than what this DataLoader is going to create. Please be aware that excessive worker creation might get DataLoader running slow or even freeze, lower the worker number to avoid potential slowness/freeze if necessary.
  warnings.warn(
================================================================================
TRAINING FOLD 4
================================================================================
Using device: cuda

Loading fold data...
Creating datasets...
📊 Dataset initialized: 77153 graphs from 901 patients
📊 Dataset initialized: 8554 graphs from 100 patients
📊 Dataset initialized: 21145 graphs from 250 patients

Dataset sizes:
  Train: 77153 graphs
  Val:   8554 graphs
  Test:  21145 graphs
  Input features: 15

Initializing model...
  Total parameters: 439,041

Starting training for 50 epochs...
================================================================================
Epoch 1/50 (1157.5s)
  Train - Loss: 0.2010, Dice: 0.4083, Acc: 0.9549
  Val   - Loss: 0.0738, Dice: 0.7507, Acc: 0.9752
  ✓ Best model saved (Val Dice: 0.7507)
Epoch 2/50 (1162.4s)
  Train - Loss: 0.0599, Dice: 0.8097, Acc: 0.9803
  Val   - Loss: 0.0593, Dice: 0.8083, Acc: 0.9809
  ✓ Best model saved (Val Dice: 0.8083)
Epoch 3/50 (1165.7s)
  Train - Loss: 0.0478, Dice: 0.8509, Acc: 0.9842
  Val   - Loss: 0.0434, Dice: 0.8650, Acc: 0.9855
  ✓ Best model saved (Val Dice: 0.8650)
Epoch 4/50 (1165.7s)
  Train - Loss: 0.0415, Dice: 0.8711, Acc: 0.9862
  Val   - Loss: 0.0419, Dice: 0.8754, Acc: 0.9866
  ✓ Best model saved (Val Dice: 0.8754)
Epoch 5/50 (1161.1s)
  Train - Loss: 0.0391, Dice: 0.8779, Acc: 0.9869
  Val   - Loss: 0.0440, Dice: 0.8753, Acc: 0.9856
Epoch 6/50 (1165.3s)
  Train - Loss: 0.0370, Dice: 0.8844, Acc: 0.9876
  Val   - Loss: 0.0399, Dice: 0.8756, Acc: 0.9868
  ✓ Best model saved (Val Dice: 0.8756)
Epoch 7/50 (1161.0s)
  Train - Loss: 0.0358, Dice: 0.8873, Acc: 0.9879
  Val   - Loss: 0.0474, Dice: 0.8550, Acc: 0.9849
Epoch 8/50 (1161.5s)
  Train - Loss: 0.0349, Dice: 0.8897, Acc: 0.9882
  Val   - Loss: 0.0434, Dice: 0.8519, Acc: 0.9848
Epoch 9/50 (1162.7s)
  Train - Loss: 0.0339, Dice: 0.8929, Acc: 0.9885
  Val   - Loss: 0.0385, Dice: 0.8840, Acc: 0.9871
  ✓ Best model saved (Val Dice: 0.8840)
Epoch 10/50 (1162.0s)
  Train - Loss: 0.0330, Dice: 0.8943, Acc: 0.9886
  Val   - Loss: 0.0362, Dice: 0.8923, Acc: 0.9881
  ✓ Best model saved (Val Dice: 0.8923)
Epoch 11/50 (1159.7s)
  Train - Loss: 0.0323, Dice: 0.8970, Acc: 0.9889
  Val   - Loss: 0.0353, Dice: 0.8950, Acc: 0.9882
  ✓ Best model saved (Val Dice: 0.8950)
Epoch 12/50 (1161.7s)
  Train - Loss: 0.0316, Dice: 0.8983, Acc: 0.9891
  Val   - Loss: 0.0360, Dice: 0.8904, Acc: 0.9879
Epoch 13/50 (1166.9s)
  Train - Loss: 0.0310, Dice: 0.8997, Acc: 0.9892
  Val   - Loss: 0.0408, Dice: 0.8672, Acc: 0.9861
Epoch 14/50 (1161.7s)
  Train - Loss: 0.0303, Dice: 0.9016, Acc: 0.9894
  Val   - Loss: 0.0361, Dice: 0.8898, Acc: 0.9880
Epoch 15/50 (1167.5s)
  Train - Loss: 0.0297, Dice: 0.9027, Acc: 0.9895
  Val   - Loss: 0.0355, Dice: 0.8999, Acc: 0.9887
  ✓ Best model saved (Val Dice: 0.8999)
Epoch 16/50 (1163.5s)
  Train - Loss: 0.0291, Dice: 0.9050, Acc: 0.9897
  Val   - Loss: 0.0373, Dice: 0.8891, Acc: 0.9880
Epoch 17/50 (1164.3s)
  Train - Loss: 0.0287, Dice: 0.9063, Acc: 0.9899
  Val   - Loss: 0.0422, Dice: 0.8733, Acc: 0.9867
Epoch 18/50 (1164.9s)
  Train - Loss: 0.0279, Dice: 0.9079, Acc: 0.9900
  Val   - Loss: 0.0373, Dice: 0.8918, Acc: 0.9883
Epoch 19/50 (1160.1s)
  Train - Loss: 0.0275, Dice: 0.9092, Acc: 0.9902
  Val   - Loss: 0.0368, Dice: 0.8982, Acc: 0.9885
Epoch 20/50 (1159.5s)
  Train - Loss: 0.0269, Dice: 0.9107, Acc: 0.9903
  Val   - Loss: 0.0357, Dice: 0.8957, Acc: 0.9886
Epoch 21/50 (1158.8s)
  Train - Loss: 0.0265, Dice: 0.9126, Acc: 0.9905
  Val   - Loss: 0.0368, Dice: 0.8903, Acc: 0.9880
Epoch 22/50 (1165.2s)
  Train - Loss: 0.0261, Dice: 0.9130, Acc: 0.9906
  Val   - Loss: 0.0373, Dice: 0.8941, Acc: 0.9885
Epoch 23/50 (1164.1s)
  Train - Loss: 0.0254, Dice: 0.9142, Acc: 0.9907
  Val   - Loss: 0.0392, Dice: 0.8778, Acc: 0.9871
Epoch 24/50 (1167.1s)
  Train - Loss: 0.0250, Dice: 0.9154, Acc: 0.9908
  Val   - Loss: 0.0373, Dice: 0.8992, Acc: 0.9888
Epoch 25/50 (1166.4s)
  Train - Loss: 0.0244, Dice: 0.9167, Acc: 0.9909
  Val   - Loss: 0.0386, Dice: 0.8888, Acc: 0.9881
Epoch 26/50 (1162.3s)
  Train - Loss: 0.0238, Dice: 0.9184, Acc: 0.9911
  Val   - Loss: 0.0382, Dice: 0.8943, Acc: 0.9884
Epoch 27/50 (1165.8s)
  Train - Loss: 0.0234, Dice: 0.9196, Acc: 0.9912
  Val   - Loss: 0.0372, Dice: 0.8975, Acc: 0.9887
Epoch 28/50 (1156.2s)
  Train - Loss: 0.0229, Dice: 0.9214, Acc: 0.9914
  Val   - Loss: 0.0369, Dice: 0.9005, Acc: 0.9888
  ✓ Best model saved (Val Dice: 0.9005)
Epoch 29/50 (1169.0s)
  Train - Loss: 0.0224, Dice: 0.9221, Acc: 0.9915
  Val   - Loss: 0.0372, Dice: 0.8931, Acc: 0.9883
Epoch 30/50 (1160.2s)
  Train - Loss: 0.0220, Dice: 0.9239, Acc: 0.9917
  Val   - Loss: 0.0404, Dice: 0.8974, Acc: 0.9887
Epoch 31/50 (1163.0s)
  Train - Loss: 0.0216, Dice: 0.9255, Acc: 0.9919
  Val   - Loss: 0.0398, Dice: 0.8912, Acc: 0.9881
Epoch 32/50 (1165.0s)
  Train - Loss: 0.0211, Dice: 0.9263, Acc: 0.9919
  Val   - Loss: 0.0389, Dice: 0.8949, Acc: 0.9885
Epoch 33/50 (1088.9s)
  Train - Loss: 0.0207, Dice: 0.9279, Acc: 0.9921
  Val   - Loss: 0.0384, Dice: 0.8992, Acc: 0.9888
Epoch 34/50 (772.3s)
  Train - Loss: 0.0203, Dice: 0.9289, Acc: 0.9922
  Val   - Loss: 0.0379, Dice: 0.9001, Acc: 0.9889
Epoch 35/50 (766.0s)
  Train - Loss: 0.0198, Dice: 0.9302, Acc: 0.9923
  Val   - Loss: 0.0383, Dice: 0.9019, Acc: 0.9891
  ✓ Best model saved (Val Dice: 0.9019)
Epoch 36/50 (779.2s)
  Train - Loss: 0.0196, Dice: 0.9309, Acc: 0.9924
  Val   - Loss: 0.0390, Dice: 0.9020, Acc: 0.9891
  ✓ Best model saved (Val Dice: 0.9020)
Epoch 37/50 (777.8s)
  Train - Loss: 0.0192, Dice: 0.9322, Acc: 0.9926
  Val   - Loss: 0.0384, Dice: 0.8997, Acc: 0.9888
Epoch 38/50 (758.8s)
  Train - Loss: 0.0188, Dice: 0.9334, Acc: 0.9927
  Val   - Loss: 0.0385, Dice: 0.8994, Acc: 0.9887
Epoch 39/50 (728.5s)
  Train - Loss: 0.0184, Dice: 0.9345, Acc: 0.9928
  Val   - Loss: 0.0424, Dice: 0.8977, Acc: 0.9887
Epoch 40/50 (724.8s)
  Train - Loss: 0.0182, Dice: 0.9348, Acc: 0.9928
  Val   - Loss: 0.0413, Dice: 0.8970, Acc: 0.9885
Epoch 41/50 (725.5s)
  Train - Loss: 0.0179, Dice: 0.9362, Acc: 0.9930
  Val   - Loss: 0.0431, Dice: 0.8960, Acc: 0.9886
Epoch 42/50 (724.8s)
  Train - Loss: 0.0177, Dice: 0.9368, Acc: 0.9930
  Val   - Loss: 0.0430, Dice: 0.8967, Acc: 0.9885
Epoch 43/50 (725.8s)
  Train - Loss: 0.0176, Dice: 0.9371, Acc: 0.9931
  Val   - Loss: 0.0422, Dice: 0.9009, Acc: 0.9889
Epoch 44/50 (724.5s)
  Train - Loss: 0.0173, Dice: 0.9379, Acc: 0.9932
  Val   - Loss: 0.0441, Dice: 0.8925, Acc: 0.9881
Epoch 45/50 (723.8s)
  Train - Loss: 0.0172, Dice: 0.9383, Acc: 0.9932
  Val   - Loss: 0.0433, Dice: 0.8966, Acc: 0.9884
Epoch 46/50 (724.6s)
  Train - Loss: 0.0171, Dice: 0.9390, Acc: 0.9933
  Val   - Loss: 0.0435, Dice: 0.8972, Acc: 0.9886
Epoch 47/50 (724.9s)
  Train - Loss: 0.0170, Dice: 0.9390, Acc: 0.9933
  Val   - Loss: 0.0433, Dice: 0.8954, Acc: 0.9884
Epoch 48/50 (725.0s)
  Train - Loss: 0.0170, Dice: 0.9393, Acc: 0.9933
  Val   - Loss: 0.0446, Dice: 0.8956, Acc: 0.9885
Epoch 49/50 (725.2s)
  Train - Loss: 0.0170, Dice: 0.9397, Acc: 0.9934
  Val   - Loss: 0.0424, Dice: 0.8983, Acc: 0.9887
Epoch 50/50 (723.7s)
  Train - Loss: 0.0169, Dice: 0.9400, Acc: 0.9934
  Val   - Loss: 0.0438, Dice: 0.8989, Acc: 0.9888
================================================================================
Training complete! Total time: 847.7 minutes
Best validation Dice: 0.9020

Evaluating on test set...
Test Results:
  Dice:        0.9051
  Accuracy:    0.9903
  Sensitivity: 0.8711
  Specificity: 0.9970
  Precision:   0.9420

✅ Results saved to checkpoints/cv_experiments/fold_4/results.json
================================================================================

✅ Fold training complete!
