/mnt/bigdata/capstone/.env/lib/python3.12/site-packages/torch_geometric/typing.py:68: UserWarning: An issue occurred while importing 'pyg-lib'. Disabling its usage. Stacktrace: /mnt/bigdata/capstone/.env/lib/python3.12/site-packages/libpyg.so: undefined symbol: _ZN2at4_ops11multinomial4callERKNS_6TensorElbSt8optionalINS_9GeneratorEE
  warnings.warn(f"An issue occurred while importing 'pyg-lib'. "
/mnt/bigdata/capstone/.env/lib/python3.12/site-packages/torch_geometric/typing.py:124: UserWarning: An issue occurred while importing 'torch-sparse'. Disabling its usage. Stacktrace: /mnt/bigdata/capstone/.env/lib/python3.12/site-packages/libpyg.so: undefined symbol: _ZN2at4_ops11multinomial4callERKNS_6TensorElbSt8optionalINS_9GeneratorEE
  warnings.warn(f"An issue occurred while importing 'torch-sparse'. "
================================================================================
TRAINING FOLD 0
================================================================================
📁 Using paths from config:
   Fold dir: /mnt/bigdata/capstone/brats_gnn_segmentation/data/cv_folds_v2
   Output dir: /mnt/bigdata/capstone/brats_gnn_segmentation/checkpoints/binary_v2
Using device: cuda

Loading fold data...
Creating datasets...
📊 Dataset initialized: 61411 graphs from 720 patients
📊 Dataset initialized: 6819 graphs from 80 patients
📊 Dataset initialized: 17079 graphs from 200 patients

Dataset sizes:
  Train: 61411 graphs
  Val:   6819 graphs
  Test:  17079 graphs
  Input features: 15

Initializing model...
  Total parameters: 439,041

Starting training for 50 epochs...
================================================================================
