/mnt/bigdata/capstone/.env/lib/python3.12/site-packages/torch/__config__.py:9: UserWarning: CUDA initialization: CUDA unknown error - this may be due to an incorrectly set up environment, e.g. changing env variable CUDA_VISIBLE_DEVICES after program start. Setting the available devices to be zero. (Triggered internally at /pytorch/c10/cuda/CUDAFunctions.cpp:109.)
  return torch._C._show_config()
/mnt/bigdata/capstone/.env/lib/python3.12/site-packages/torch_geometric/typing.py:68: UserWarning: An issue occurred while importing 'pyg-lib'. Disabling its usage. Stacktrace: /mnt/bigdata/capstone/.env/lib/python3.12/site-packages/libpyg.so: undefined symbol: _ZN2at4_ops11multinomial4callERKNS_6TensorElbSt8optionalINS_9GeneratorEE
  warnings.warn(f"An issue occurred while importing 'pyg-lib'. "
/mnt/bigdata/capstone/.env/lib/python3.12/site-packages/torch_geometric/typing.py:124: UserWarning: An issue occurred while importing 'torch-sparse'. Disabling its usage. Stacktrace: /mnt/bigdata/capstone/.env/lib/python3.12/site-packages/libpyg.so: undefined symbol: _ZN2at4_ops11multinomial4callERKNS_6TensorElbSt8optionalINS_9GeneratorEE
  warnings.warn(f"An issue occurred while importing 'torch-sparse'. "
/mnt/bigdata/capstone/.env/lib/python3.12/site-packages/torch/utils/data/dataloader.py:666: UserWarning: 'pin_memory' argument is set as true but no accelerator is found, then device pinned memory won't be used.
  warnings.warn(warn_msg)
================================================================================
TRAINING FOLD 1
================================================================================
📁 Using paths from config:
   Fold dir: /mnt/bigdata/capstone/brats_gnn_segmentation/data/cv_folds_v2
   Output dir: /mnt/bigdata/capstone/brats_gnn_segmentation/checkpoints/binary_v2
Using device: cpu

Loading fold data...
Creating datasets...
📊 Dataset initialized: 61603 graphs from 720 patients
📊 Dataset initialized: 6744 graphs from 80 patients
📊 Dataset initialized: 16962 graphs from 200 patients

Dataset sizes:
  Train: 61603 graphs
  Val:   6744 graphs
  Test:  16962 graphs
/mnt/bigdata/capstone/.env/lib/python3.12/site-packages/torch/amp/grad_scaler.py:136: UserWarning: torch.cuda.amp.GradScaler is enabled, but CUDA is not available.  Disabling.
  warnings.warn(
  Input features: 15

Initializing model...
  Total parameters: 439,041

Starting training for 50 epochs...
================================================================================
/mnt/bigdata/capstone/.env/lib/python3.12/site-packages/torch/amp/autocast_mode.py:266: UserWarning: User provided device_type of 'cuda', but CUDA is not available. Disabling
  warnings.warn(
Epoch 1/50 (288.3s)
  Train - Loss: 0.2889, Dice: 0.1294, Acc: 0.9455
  Val   - Loss: 0.1214, Dice: 0.4766, Acc: 0.9616
  ✓ Best model saved (Val Dice: 0.4766)
Epoch 2/50 (288.1s)
  Train - Loss: 0.0891, Dice: 0.7166, Acc: 0.9722
  Val   - Loss: 0.0516, Dice: 0.8147, Acc: 0.9825
  ✓ Best model saved (Val Dice: 0.8147)
Epoch 3/50 (285.7s)
  Train - Loss: 0.0549, Dice: 0.8285, Acc: 0.9822
  Val   - Loss: 0.0453, Dice: 0.8571, Acc: 0.9859
  ✓ Best model saved (Val Dice: 0.8571)
Epoch 4/50 (286.5s)
  Train - Loss: 0.0463, Dice: 0.8575, Acc: 0.9849
  Val   - Loss: 0.0403, Dice: 0.8558, Acc: 0.9860
Epoch 5/50 (287.2s)
  Train - Loss: 0.0420, Dice: 0.8704, Acc: 0.9862
  Val   - Loss: 0.0391, Dice: 0.8795, Acc: 0.9873
  ✓ Best model saved (Val Dice: 0.8795)
Epoch 6/50 (288.8s)
  Train - Loss: 0.0397, Dice: 0.8766, Acc: 0.9868
  Val   - Loss: 0.0434, Dice: 0.8428, Acc: 0.9848
Epoch 7/50 (286.5s)
  Train - Loss: 0.0383, Dice: 0.8799, Acc: 0.9872
  Val   - Loss: 0.0469, Dice: 0.8499, Acc: 0.9856
Epoch 8/50 (287.7s)
  Train - Loss: 0.0372, Dice: 0.8836, Acc: 0.9875
  Val   - Loss: 0.0345, Dice: 0.8898, Acc: 0.9886
  ✓ Best model saved (Val Dice: 0.8898)
Epoch 9/50 (285.4s)
  Train - Loss: 0.0360, Dice: 0.8860, Acc: 0.9878
  Val   - Loss: 0.0355, Dice: 0.8832, Acc: 0.9879
Epoch 10/50 (289.3s)
  Train - Loss: 0.0351, Dice: 0.8885, Acc: 0.9880
  Val   - Loss: 0.0523, Dice: 0.8346, Acc: 0.9845
Epoch 11/50 (286.6s)
  Train - Loss: 0.0344, Dice: 0.8907, Acc: 0.9883
  Val   - Loss: 0.0377, Dice: 0.8766, Acc: 0.9877
Epoch 12/50 (287.9s)
  Train - Loss: 0.0335, Dice: 0.8932, Acc: 0.9885
  Val   - Loss: 0.0380, Dice: 0.8753, Acc: 0.9875
Epoch 13/50 (287.8s)
  Train - Loss: 0.0330, Dice: 0.8945, Acc: 0.9887
  Val   - Loss: 0.0423, Dice: 0.8561, Acc: 0.9861
Epoch 14/50 (285.1s)
  Train - Loss: 0.0323, Dice: 0.8962, Acc: 0.9888
  Val   - Loss: 0.0421, Dice: 0.8511, Acc: 0.9856
Epoch 15/50 (286.7s)
  Train - Loss: 0.0315, Dice: 0.8975, Acc: 0.9890
  Val   - Loss: 0.0403, Dice: 0.8655, Acc: 0.9868
Epoch 16/50 (288.4s)
  Train - Loss: 0.0308, Dice: 0.8996, Acc: 0.9892
  Val   - Loss: 0.0346, Dice: 0.8929, Acc: 0.9887
  ✓ Best model saved (Val Dice: 0.8929)
Epoch 17/50 (287.4s)
  Train - Loss: 0.0300, Dice: 0.9022, Acc: 0.9894
  Val   - Loss: 0.0360, Dice: 0.8866, Acc: 0.9885
Epoch 18/50 (288.2s)
  Train - Loss: 0.0294, Dice: 0.9030, Acc: 0.9895
  Val   - Loss: 0.0358, Dice: 0.8879, Acc: 0.9882
Epoch 19/50 (286.1s)
  Train - Loss: 0.0288, Dice: 0.9051, Acc: 0.9897
  Val   - Loss: 0.0331, Dice: 0.8918, Acc: 0.9890
Epoch 20/50 (285.7s)
  Train - Loss: 0.0283, Dice: 0.9065, Acc: 0.9899
  Val   - Loss: 0.0333, Dice: 0.8968, Acc: 0.9893
  ✓ Best model saved (Val Dice: 0.8968)
Epoch 21/50 (287.0s)
  Train - Loss: 0.0276, Dice: 0.9072, Acc: 0.9899
  Val   - Loss: 0.0347, Dice: 0.8944, Acc: 0.9889
Epoch 22/50 (286.5s)
  Train - Loss: 0.0270, Dice: 0.9095, Acc: 0.9902
  Val   - Loss: 0.0332, Dice: 0.8939, Acc: 0.9891
Epoch 23/50 (287.3s)
  Train - Loss: 0.0263, Dice: 0.9115, Acc: 0.9904
  Val   - Loss: 0.0365, Dice: 0.8936, Acc: 0.9891
Epoch 24/50 (287.6s)
  Train - Loss: 0.0258, Dice: 0.9130, Acc: 0.9905
  Val   - Loss: 0.0364, Dice: 0.8842, Acc: 0.9884
Epoch 25/50 (286.0s)
  Train - Loss: 0.0255, Dice: 0.9130, Acc: 0.9905
  Val   - Loss: 0.0346, Dice: 0.8965, Acc: 0.9891
Epoch 26/50 (286.2s)
  Train - Loss: 0.0249, Dice: 0.9153, Acc: 0.9908
  Val   - Loss: 0.0361, Dice: 0.8939, Acc: 0.9891
Epoch 27/50 (287.6s)
  Train - Loss: 0.0243, Dice: 0.9169, Acc: 0.9909
  Val   - Loss: 0.0339, Dice: 0.8992, Acc: 0.9894
  ✓ Best model saved (Val Dice: 0.8992)
Epoch 28/50 (285.9s)
  Train - Loss: 0.0237, Dice: 0.9187, Acc: 0.9911
  Val   - Loss: 0.0358, Dice: 0.8962, Acc: 0.9893
Epoch 29/50 (286.9s)
  Train - Loss: 0.0231, Dice: 0.9203, Acc: 0.9913
  Val   - Loss: 0.0348, Dice: 0.8988, Acc: 0.9895
Epoch 30/50 (284.5s)
  Train - Loss: 0.0228, Dice: 0.9212, Acc: 0.9914
  Val   - Loss: 0.0356, Dice: 0.8939, Acc: 0.9892
Epoch 31/50 (286.1s)
  Train - Loss: 0.0222, Dice: 0.9226, Acc: 0.9915
  Val   - Loss: 0.0386, Dice: 0.8914, Acc: 0.9890
Epoch 32/50 (286.7s)
  Train - Loss: 0.0217, Dice: 0.9243, Acc: 0.9917
  Val   - Loss: 0.0358, Dice: 0.8949, Acc: 0.9892
Epoch 33/50 (286.8s)
  Train - Loss: 0.0212, Dice: 0.9253, Acc: 0.9918
  Val   - Loss: 0.0373, Dice: 0.8931, Acc: 0.9889
Epoch 34/50 (285.6s)
  Train - Loss: 0.0208, Dice: 0.9265, Acc: 0.9920
  Val   - Loss: 0.0356, Dice: 0.8984, Acc: 0.9894
Epoch 35/50 (287.7s)
  Train - Loss: 0.0205, Dice: 0.9278, Acc: 0.9921
  Val   - Loss: 0.0367, Dice: 0.8965, Acc: 0.9892
Epoch 36/50 (286.8s)
  Train - Loss: 0.0200, Dice: 0.9292, Acc: 0.9922
  Val   - Loss: 0.0380, Dice: 0.8948, Acc: 0.9892
Epoch 37/50 (287.1s)
  Train - Loss: 0.0197, Dice: 0.9302, Acc: 0.9923
  Val   - Loss: 0.0389, Dice: 0.8951, Acc: 0.9891
Epoch 38/50 (286.9s)
  Train - Loss: 0.0193, Dice: 0.9309, Acc: 0.9924
  Val   - Loss: 0.0398, Dice: 0.8929, Acc: 0.9891
Epoch 39/50 (288.6s)
  Train - Loss: 0.0191, Dice: 0.9319, Acc: 0.9925
  Val   - Loss: 0.0386, Dice: 0.8982, Acc: 0.9893
Epoch 40/50 (286.3s)
  Train - Loss: 0.0188, Dice: 0.9336, Acc: 0.9927
  Val   - Loss: 0.0400, Dice: 0.8924, Acc: 0.9889
Epoch 41/50 (289.3s)
  Train - Loss: 0.0186, Dice: 0.9336, Acc: 0.9927
  Val   - Loss: 0.0392, Dice: 0.8975, Acc: 0.9894
Epoch 42/50 (289.2s)
  Train - Loss: 0.0183, Dice: 0.9345, Acc: 0.9928
  Val   - Loss: 0.0425, Dice: 0.8872, Acc: 0.9886
Epoch 43/50 (287.0s)
  Train - Loss: 0.0180, Dice: 0.9353, Acc: 0.9929
  Val   - Loss: 0.0399, Dice: 0.8941, Acc: 0.9891
Epoch 44/50 (287.6s)
  Train - Loss: 0.0180, Dice: 0.9359, Acc: 0.9929
  Val   - Loss: 0.0403, Dice: 0.8943, Acc: 0.9891
Epoch 45/50 (286.0s)
  Train - Loss: 0.0178, Dice: 0.9363, Acc: 0.9930
  Val   - Loss: 0.0408, Dice: 0.8941, Acc: 0.9891
Epoch 46/50 (285.8s)
  Train - Loss: 0.0177, Dice: 0.9369, Acc: 0.9931
  Val   - Loss: 0.0407, Dice: 0.8947, Acc: 0.9892
Epoch 47/50 (287.2s)
  Train - Loss: 0.0175, Dice: 0.9371, Acc: 0.9931
  Val   - Loss: 0.0404, Dice: 0.8947, Acc: 0.9892
Epoch 48/50 (286.6s)
  Train - Loss: 0.0175, Dice: 0.9370, Acc: 0.9931
  Val   - Loss: 0.0411, Dice: 0.8938, Acc: 0.9891
